
D:\WkPjt\MStory2.0\Mango-M32.Firmware\M32.Src013.ClockControl\project\RIDE\obj\led.o:     file format elf32-littlearm
D:\WkPjt\MStory2.0\Mango-M32.Firmware\M32.Src013.ClockControl\project\RIDE\obj\led.o

Disassembly of section .text.LED_On_Red:

00000000 <LED_On_Red>:
LED_On_Red():
D:\WkPjt\MStory2.0\Mango-M32.Firmware\M32.Src013.ClockControl\src/led.c:24
 * GPIO_LED3_PIN  // BLUE
 */

void LED_On_Red (void)
{
    GPIO_LED->BRR |= GPIO_LED1_PIN;
   0:	4a02      	ldr	r2, [pc, #8]	(c <LED_On_Red+0xc>)
   2:	6953      	ldr	r3, [r2, #20]
   4:	f443 7300 	orr.w	r3, r3, #512	; 0x200
   8:	6153      	str	r3, [r2, #20]
D:\WkPjt\MStory2.0\Mango-M32.Firmware\M32.Src013.ClockControl\src/led.c:25
}
   a:	4770      	bx	lr
   c:	40010c00 	.word	0x40010c00
Disassembly of section .text.LED_Off_Red:

00000000 <LED_Off_Red>:
LED_Off_Red():
D:\WkPjt\MStory2.0\Mango-M32.Firmware\M32.Src013.ClockControl\src/led.c:29

void LED_Off_Red (void)
{
    GPIO_LED->BSRR |= GPIO_LED1_PIN;
   0:	4a02      	ldr	r2, [pc, #8]	(c <LED_Off_Red+0xc>)
   2:	6913      	ldr	r3, [r2, #16]
   4:	f443 7300 	orr.w	r3, r3, #512	; 0x200
   8:	6113      	str	r3, [r2, #16]
D:\WkPjt\MStory2.0\Mango-M32.Firmware\M32.Src013.ClockControl\src/led.c:30
}
   a:	4770      	bx	lr
   c:	40010c00 	.word	0x40010c00
Disassembly of section .text.LED_On_Yellow:

00000000 <LED_On_Yellow>:
LED_On_Yellow():
D:\WkPjt\MStory2.0\Mango-M32.Firmware\M32.Src013.ClockControl\src/led.c:34

void LED_On_Yellow (void)
{
    GPIO_LED->BRR |= GPIO_LED2_PIN;
   0:	4a02      	ldr	r2, [pc, #8]	(c <LED_On_Yellow+0xc>)
   2:	6953      	ldr	r3, [r2, #20]
   4:	f043 0320 	orr.w	r3, r3, #32	; 0x20
   8:	6153      	str	r3, [r2, #20]
D:\WkPjt\MStory2.0\Mango-M32.Firmware\M32.Src013.ClockControl\src/led.c:35
}
   a:	4770      	bx	lr
   c:	40010c00 	.word	0x40010c00
Disassembly of section .text.LED_Off_Yellow:

00000000 <LED_Off_Yellow>:
LED_Off_Yellow():
D:\WkPjt\MStory2.0\Mango-M32.Firmware\M32.Src013.ClockControl\src/led.c:39

void LED_Off_Yellow (void)
{
    GPIO_LED->BSRR |= GPIO_LED2_PIN;
   0:	4a02      	ldr	r2, [pc, #8]	(c <LED_Off_Yellow+0xc>)
   2:	6913      	ldr	r3, [r2, #16]
   4:	f043 0320 	orr.w	r3, r3, #32	; 0x20
   8:	6113      	str	r3, [r2, #16]
D:\WkPjt\MStory2.0\Mango-M32.Firmware\M32.Src013.ClockControl\src/led.c:40
}
   a:	4770      	bx	lr
   c:	40010c00 	.word	0x40010c00
Disassembly of section .text.LED_On_Blue:

00000000 <LED_On_Blue>:
LED_On_Blue():
D:\WkPjt\MStory2.0\Mango-M32.Firmware\M32.Src013.ClockControl\src/led.c:44

void LED_On_Blue (void)
{
    GPIO_LED->BRR |= GPIO_LED3_PIN;
   0:	4a02      	ldr	r2, [pc, #8]	(c <LED_On_Blue+0xc>)
   2:	6953      	ldr	r3, [r2, #20]
   4:	f443 7380 	orr.w	r3, r3, #256	; 0x100
   8:	6153      	str	r3, [r2, #20]
D:\WkPjt\MStory2.0\Mango-M32.Firmware\M32.Src013.ClockControl\src/led.c:45
}
   a:	4770      	bx	lr
   c:	40010c00 	.word	0x40010c00
Disassembly of section .text.LED_Off_Blue:

00000000 <LED_Off_Blue>:
LED_Off_Blue():
D:\WkPjt\MStory2.0\Mango-M32.Firmware\M32.Src013.ClockControl\src/led.c:49

void LED_Off_Blue (void)
{
    GPIO_LED->BSRR |= GPIO_LED3_PIN;
   0:	4a02      	ldr	r2, [pc, #8]	(c <LED_Off_Blue+0xc>)
   2:	6913      	ldr	r3, [r2, #16]
   4:	f443 7380 	orr.w	r3, r3, #256	; 0x100
   8:	6113      	str	r3, [r2, #16]
D:\WkPjt\MStory2.0\Mango-M32.Firmware\M32.Src013.ClockControl\src/led.c:50
}
   a:	4770      	bx	lr
   c:	40010c00 	.word	0x40010c00
Disassembly of section .text.LED_On_All:

00000000 <LED_On_All>:
LED_On_All():
D:\WkPjt\MStory2.0\Mango-M32.Firmware\M32.Src013.ClockControl\src/led.c:53

void LED_On_All (void)
{
   0:	b510      	push	{r4, lr}
D:\WkPjt\MStory2.0\Mango-M32.Firmware\M32.Src013.ClockControl\src/led.c:54
    LED_On_Red();
   2:	f7ff fffe 	bl	0 <LED_On_All>
D:\WkPjt\MStory2.0\Mango-M32.Firmware\M32.Src013.ClockControl\src/led.c:55
    LED_On_Yellow();
   6:	f7ff fffe 	bl	0 <LED_On_All>
D:\WkPjt\MStory2.0\Mango-M32.Firmware\M32.Src013.ClockControl\src/led.c:56
    LED_On_Blue();
   a:	f7ff fffe 	bl	0 <LED_On_All>
D:\WkPjt\MStory2.0\Mango-M32.Firmware\M32.Src013.ClockControl\src/led.c:57
}
   e:	bd10      	pop	{r4, pc}
Disassembly of section .text.LED_Off_All:

00000000 <LED_Off_All>:
LED_Off_All():
D:\WkPjt\MStory2.0\Mango-M32.Firmware\M32.Src013.ClockControl\src/led.c:60

void LED_Off_All (void)
{
   0:	b510      	push	{r4, lr}
D:\WkPjt\MStory2.0\Mango-M32.Firmware\M32.Src013.ClockControl\src/led.c:61
    LED_Off_Red();
   2:	f7ff fffe 	bl	0 <LED_Off_All>
D:\WkPjt\MStory2.0\Mango-M32.Firmware\M32.Src013.ClockControl\src/led.c:62
    LED_Off_Yellow();
   6:	f7ff fffe 	bl	0 <LED_Off_All>
D:\WkPjt\MStory2.0\Mango-M32.Firmware\M32.Src013.ClockControl\src/led.c:63
    LED_Off_Blue();
   a:	f7ff fffe 	bl	0 <LED_Off_All>
D:\WkPjt\MStory2.0\Mango-M32.Firmware\M32.Src013.ClockControl\src/led.c:64
}
   e:	bd10      	pop	{r4, pc}
Disassembly of section .text.LED_OnOffAll_Mult:

00000000 <LED_OnOffAll_Mult>:
LED_OnOffAll_Mult():
D:\WkPjt\MStory2.0\Mango-M32.Firmware\M32.Src013.ClockControl\src/led.c:67

void LED_OnOffAll_Mult(uint32_t count)
{
   0:	b510      	push	{r4, lr}
   2:	4604      	mov	r4, r0
D:\WkPjt\MStory2.0\Mango-M32.Firmware\M32.Src013.ClockControl\src/led.c:68
    printf("LED_OnOffAll_Mult() Start\n");
   4:	4813      	ldr	r0, [pc, #76]	(54 <LED_OnOffAll_Mult+0x54>)
   6:	f7ff fffe 	bl	0 <puts>
   a:	e01c      	b.n	46 <LED_OnOffAll_Mult+0x46>
D:\WkPjt\MStory2.0\Mango-M32.Firmware\M32.Src013.ClockControl\src/led.c:72

    for(; count > 0; count --)
    {
        printf("count: %d\n", count);
   c:	4621      	mov	r1, r4
   e:	4812      	ldr	r0, [pc, #72]	(58 <LED_OnOffAll_Mult+0x58>)
  10:	f7ff fffe 	bl	0 <printf>
D:\WkPjt\MStory2.0\Mango-M32.Firmware\M32.Src013.ClockControl\src/led.c:74

        LED_Off_Red();
  14:	f7ff fffe 	bl	0 <LED_OnOffAll_Mult>
D:\WkPjt\MStory2.0\Mango-M32.Firmware\M32.Src013.ClockControl\src/led.c:75
        LED_On_Yellow();
  18:	f7ff fffe 	bl	0 <LED_OnOffAll_Mult>
D:\WkPjt\MStory2.0\Mango-M32.Firmware\M32.Src013.ClockControl\src/led.c:76
        LED_On_Blue();
  1c:	f7ff fffe 	bl	0 <LED_OnOffAll_Mult>
D:\WkPjt\MStory2.0\Mango-M32.Firmware\M32.Src013.ClockControl\src/led.c:77
        delay_1_second();
  20:	f7ff fffe 	bl	0 <delay_1_second>
D:\WkPjt\MStory2.0\Mango-M32.Firmware\M32.Src013.ClockControl\src/led.c:79

        LED_On_Red();
  24:	f7ff fffe 	bl	0 <LED_OnOffAll_Mult>
D:\WkPjt\MStory2.0\Mango-M32.Firmware\M32.Src013.ClockControl\src/led.c:80
        LED_Off_Yellow();
  28:	f7ff fffe 	bl	0 <LED_OnOffAll_Mult>
D:\WkPjt\MStory2.0\Mango-M32.Firmware\M32.Src013.ClockControl\src/led.c:81
        LED_On_Blue();
  2c:	f7ff fffe 	bl	0 <LED_OnOffAll_Mult>
D:\WkPjt\MStory2.0\Mango-M32.Firmware\M32.Src013.ClockControl\src/led.c:82
        delay_1_second();
  30:	f7ff fffe 	bl	0 <delay_1_second>
D:\WkPjt\MStory2.0\Mango-M32.Firmware\M32.Src013.ClockControl\src/led.c:84

        LED_On_Red();
  34:	f7ff fffe 	bl	0 <LED_OnOffAll_Mult>
D:\WkPjt\MStory2.0\Mango-M32.Firmware\M32.Src013.ClockControl\src/led.c:85
        LED_On_Yellow();
  38:	f7ff fffe 	bl	0 <LED_OnOffAll_Mult>
D:\WkPjt\MStory2.0\Mango-M32.Firmware\M32.Src013.ClockControl\src/led.c:86
        LED_Off_Blue();
  3c:	f7ff fffe 	bl	0 <LED_OnOffAll_Mult>
D:\WkPjt\MStory2.0\Mango-M32.Firmware\M32.Src013.ClockControl\src/led.c:87
        delay_1_second();
  40:	f7ff fffe 	bl	0 <delay_1_second>
D:\WkPjt\MStory2.0\Mango-M32.Firmware\M32.Src013.ClockControl\src/led.c:70

void LED_OnOffAll_Mult(uint32_t count)
{
    printf("LED_OnOffAll_Mult() Start\n");

    for(; count > 0; count --)
  44:	3c01      	subs	r4, #1
  46:	2c00      	cmp	r4, #0
  48:	d1e0      	bne.n	c <LED_OnOffAll_Mult+0xc>
D:\WkPjt\MStory2.0\Mango-M32.Firmware\M32.Src013.ClockControl\src/led.c:90
        LED_On_Yellow();
        LED_Off_Blue();
        delay_1_second();
    }

    printf("LED_OnOffAll_Mult() End\n");
  4a:	4804      	ldr	r0, [pc, #16]	(5c <LED_OnOffAll_Mult+0x5c>)
  4c:	f7ff fffe 	bl	0 <puts>
D:\WkPjt\MStory2.0\Mango-M32.Firmware\M32.Src013.ClockControl\src/led.c:91
}
  50:	bd10      	pop	{r4, pc}
  52:	46c0      	nop			(mov r8, r8)
  54:	00000000 	.word	0x00000000
  58:	0000001a 	.word	0x0000001a
  5c:	00000025 	.word	0x00000025
Disassembly of section .text.LED_Test:

00000000 <LED_Test>:
LED_Test():
D:\WkPjt\MStory2.0\Mango-M32.Firmware\M32.Src013.ClockControl\src/led.c:94

void LED_Test (void)
{
   0:	b510      	push	{r4, lr}
D:\WkPjt\MStory2.0\Mango-M32.Firmware\M32.Src013.ClockControl\src/led.c:95
    LED_Off_All();
   2:	f7ff fffe 	bl	0 <LED_Test>
D:\WkPjt\MStory2.0\Mango-M32.Firmware\M32.Src013.ClockControl\src/led.c:96
    delay_1_second();
   6:	f7ff fffe 	bl	0 <delay_1_second>
D:\WkPjt\MStory2.0\Mango-M32.Firmware\M32.Src013.ClockControl\src/led.c:97
    LED_On_All();
   a:	f7ff fffe 	bl	0 <LED_Test>
D:\WkPjt\MStory2.0\Mango-M32.Firmware\M32.Src013.ClockControl\src/led.c:98
    delay_1_second();
   e:	f7ff fffe 	bl	0 <delay_1_second>
D:\WkPjt\MStory2.0\Mango-M32.Firmware\M32.Src013.ClockControl\src/led.c:99
    LED_OnOffAll_Mult(30);
  12:	201e      	movs	r0, #30
  14:	f7ff fffe 	bl	0 <LED_Test>
D:\WkPjt\MStory2.0\Mango-M32.Firmware\M32.Src013.ClockControl\src/led.c:100
}
  18:	bd10      	pop	{r4, pc}
  1a:	46c0      	nop			(mov r8, r8)
