
D:\WkPjt\MStory2.0\Mango-M32.Firmware\M32.Src013.ClockControl\project\RIDE\obj\main.o:     file format elf32-littlearm
D:\WkPjt\MStory2.0\Mango-M32.Firmware\M32.Src013.ClockControl\project\RIDE\obj\main.o

Disassembly of section .text.System_Information:

00000000 <System_Information>:
System_Information():
D:\WkPjt\MStory2.0\Mango-M32.Firmware\M32.Src013.ClockControl\src/main.c:20

extern __IO uint32_t StartUpCounter;

void System_Information()
{
    printf("USART1->BRR : 0x%08X\n", USART1->BRR);
   0:	4b06      	ldr	r3, [pc, #24]	(1c <System_Information+0x1c>)
D:\WkPjt\MStory2.0\Mango-M32.Firmware\M32.Src013.ClockControl\src/main.c:19
/* functions */

extern __IO uint32_t StartUpCounter;

void System_Information()
{
   2:	b510      	push	{r4, lr}
D:\WkPjt\MStory2.0\Mango-M32.Firmware\M32.Src013.ClockControl\src/main.c:20
    printf("USART1->BRR : 0x%08X\n", USART1->BRR);
   4:	8919      	ldrh	r1, [r3, #8]
   6:	4806      	ldr	r0, [pc, #24]	(20 <System_Information+0x20>)
   8:	b289      	uxth	r1, r1
   a:	f7ff fffe 	bl	0 <printf>
D:\WkPjt\MStory2.0\Mango-M32.Firmware\M32.Src013.ClockControl\src/main.c:21
    printf("StartUpCounter : %d\n", StartUpCounter);
   e:	4b05      	ldr	r3, [pc, #20]	(24 <System_Information+0x24>)
  10:	4805      	ldr	r0, [pc, #20]	(28 <System_Information+0x28>)
  12:	6819      	ldr	r1, [r3, #0]
  14:	f7ff fffe 	bl	0 <printf>
D:\WkPjt\MStory2.0\Mango-M32.Firmware\M32.Src013.ClockControl\src/main.c:22
}
  18:	bd10      	pop	{r4, pc}
  1a:	46c0      	nop			(mov r8, r8)
  1c:	40013800 	.word	0x40013800
	...
  28:	00000016 	.word	0x00000016
Disassembly of section .text.main:

00000000 <main>:
main():
D:\WkPjt\MStory2.0\Mango-M32.Firmware\M32.Src013.ClockControl\src/main.c:31
 * Input  : None
 * Output : None
 * Return : None
 */
int main(void)
{
   0:	b510      	push	{r4, lr}
D:\WkPjt\MStory2.0\Mango-M32.Firmware\M32.Src013.ClockControl\src/main.c:34
    uint8_t ch;

    RCC_Configuration();
   2:	f7ff fffe 	bl	0 <RCC_Configuration>
D:\WkPjt\MStory2.0\Mango-M32.Firmware\M32.Src013.ClockControl\src/main.c:36

    RCC->APB2ENR |= RCC_APB2Periph_GPIOA;
   6:	4a26      	ldr	r2, [pc, #152]	(a0 <main+0xa0>)
   8:	6993      	ldr	r3, [r2, #24]
   a:	f043 0304 	orr.w	r3, r3, #4	; 0x4
   e:	6193      	str	r3, [r2, #24]
D:\WkPjt\MStory2.0\Mango-M32.Firmware\M32.Src013.ClockControl\src/main.c:37
    RCC->APB2ENR |= RCC_APB2Periph_GPIOB;
  10:	6993      	ldr	r3, [r2, #24]
  12:	f043 0308 	orr.w	r3, r3, #8	; 0x8
  16:	6193      	str	r3, [r2, #24]
D:\WkPjt\MStory2.0\Mango-M32.Firmware\M32.Src013.ClockControl\src/main.c:38
    RCC->APB2ENR |= RCC_APB2Periph_USART1;
  18:	6993      	ldr	r3, [r2, #24]
  1a:	f443 4380 	orr.w	r3, r3, #16384	; 0x4000
  1e:	6193      	str	r3, [r2, #24]
D:\WkPjt\MStory2.0\Mango-M32.Firmware\M32.Src013.ClockControl\src/main.c:40

    GPIO_Configuration();
  20:	f7ff fffe 	bl	0 <GPIO_Configuration>
D:\WkPjt\MStory2.0\Mango-M32.Firmware\M32.Src013.ClockControl\src/main.c:42

    USART1_Init();
  24:	f7ff fffe 	bl	0 <USART1_Init>
D:\WkPjt\MStory2.0\Mango-M32.Firmware\M32.Src013.ClockControl\src/main.c:46

    while(1)
    {
        printf("\n---------------------\n");
  28:	481e      	ldr	r0, [pc, #120]	(7c <puts+0x7c>)
  2a:	f7ff fffe 	bl	0 <puts>
D:\WkPjt\MStory2.0\Mango-M32.Firmware\M32.Src013.ClockControl\src/main.c:47
        printf("Press menu key\n");
  2e:	481e      	ldr	r0, [pc, #120]	(7c <puts+0x7c>)
  30:	f7ff fffe 	bl	0 <puts>
D:\WkPjt\MStory2.0\Mango-M32.Firmware\M32.Src013.ClockControl\src/main.c:48
        printf("---------------------\n");
  34:	481d      	ldr	r0, [pc, #116]	(78 <puts+0x78>)
  36:	f7ff fffe 	bl	0 <puts>
D:\WkPjt\MStory2.0\Mango-M32.Firmware\M32.Src013.ClockControl\src/main.c:49
        printf("0> System Information\n");
  3a:	481d      	ldr	r0, [pc, #116]	(78 <puts+0x78>)
  3c:	f7ff fffe 	bl	0 <puts>
D:\WkPjt\MStory2.0\Mango-M32.Firmware\M32.Src013.ClockControl\src/main.c:50
        printf("---------------------\n");
  40:	481a      	ldr	r0, [pc, #104]	(6c <puts+0x6c>)
  42:	f7ff fffe 	bl	0 <puts>
D:\WkPjt\MStory2.0\Mango-M32.Firmware\M32.Src013.ClockControl\src/main.c:51
        printf("1> LED Test\n");
  46:	481b      	ldr	r0, [pc, #108]	(70 <puts+0x70>)
  48:	f7ff fffe 	bl	0 <puts>
D:\WkPjt\MStory2.0\Mango-M32.Firmware\M32.Src013.ClockControl\src/main.c:52
        printf("2> KEY Test\n");
  4c:	481a      	ldr	r0, [pc, #104]	(6c <puts+0x6c>)
  4e:	f7ff fffe 	bl	0 <puts>
D:\WkPjt\MStory2.0\Mango-M32.Firmware\M32.Src013.ClockControl\src/main.c:53
        printf("3> 7-Segment Test\n");
  52:	481a      	ldr	r0, [pc, #104]	(6c <puts+0x6c>)
  54:	f7ff fffe 	bl	0 <puts>
D:\WkPjt\MStory2.0\Mango-M32.Firmware\M32.Src013.ClockControl\src/main.c:54
        printf("---------------------\n");
  58:	4814      	ldr	r0, [pc, #80]	(54 <puts+0x54>)
  5a:	f7ff fffe 	bl	0 <puts>
D:\WkPjt\MStory2.0\Mango-M32.Firmware\M32.Src013.ClockControl\src/main.c:55
        printf("x> quit\n\n");
  5e:	4818      	ldr	r0, [pc, #96]	(64 <puts+0x64>)
  60:	f7ff fffe 	bl	0 <puts>
D:\WkPjt\MStory2.0\Mango-M32.Firmware\M32.Src013.ClockControl\src/main.c:57

        ch = USART_GetCharacter(USART1);
  64:	4817      	ldr	r0, [pc, #92]	(60 <USART_GetCharacter+0x60>)
  66:	f7ff fffe 	bl	0 <USART_GetCharacter>
  6a:	4604      	mov	r4, r0
D:\WkPjt\MStory2.0\Mango-M32.Firmware\M32.Src013.ClockControl\src/main.c:58
        printf(" is selected\n\n");
  6c:	4816      	ldr	r0, [pc, #88]	(c8 <main+0xc8>)
  6e:	f7ff fffe 	bl	0 <puts>
D:\WkPjt\MStory2.0\Mango-M32.Firmware\M32.Src013.ClockControl\src/main.c:60

        switch((char)ch)
  72:	b263      	sxtb	r3, r4
  74:	3b30      	subs	r3, #48
  76:	2b03      	cmp	r3, #3
  78:	d80e      	bhi.n	98 <main+0x98>
  7a:	e8df f003 	tbb	[pc, r3]
  7e:	0502      	.short	0x0502
  80:	0b08      	.short	0x0b08
D:\WkPjt\MStory2.0\Mango-M32.Firmware\M32.Src013.ClockControl\src/main.c:63
        {
        case '0':
            System_Information();
  82:	f7ff fffe 	bl	0 <main>
  86:	e007      	b.n	12 <LED_Test+0x12>
D:\WkPjt\MStory2.0\Mango-M32.Firmware\M32.Src013.ClockControl\src/main.c:67
            break;

        case '1':
            LED_Test();
  88:	f7ff fffe 	bl	0 <LED_Test>
  8c:	e004      	b.n	c <KEY_Test+0xc>
D:\WkPjt\MStory2.0\Mango-M32.Firmware\M32.Src013.ClockControl\src/main.c:71
            break;

        case '2':
            KEY_Test();
  8e:	f7ff fffe 	bl	0 <KEY_Test>
  92:	e001      	b.n	6 <Seven_Segment_Test+0x6>
D:\WkPjt\MStory2.0\Mango-M32.Firmware\M32.Src013.ClockControl\src/main.c:75
            break;

        case '3':
            Seven_Segment_Test();
  94:	f7ff fffe 	bl	0 <Seven_Segment_Test>
D:\WkPjt\MStory2.0\Mango-M32.Firmware\M32.Src013.ClockControl\src/main.c:79
            break;
        }

        if('x' == (char)ch)
  98:	2c78      	cmp	r4, #120
  9a:	d1c5      	bne.n	28 <main+0x28>
D:\WkPjt\MStory2.0\Mango-M32.Firmware\M32.Src013.ClockControl\src/main.c:84
        {
            break;
        }
    }
}
  9c:	bd10      	pop	{r4, pc}
  9e:	46c0      	nop			(mov r8, r8)
  a0:	40021000 	.word	0x40021000
  a4:	0000002b 	.word	0x0000002b
  a8:	00000042 	.word	0x00000042
  ac:	00000051 	.word	0x00000051
  b0:	00000067 	.word	0x00000067
  b4:	0000007d 	.word	0x0000007d
  b8:	00000089 	.word	0x00000089
  bc:	00000095 	.word	0x00000095
  c0:	000000a7 	.word	0x000000a7
  c4:	40013800 	.word	0x40013800
  c8:	000000b0 	.word	0x000000b0
