Archive member included because of file (symbol)

c:/program files/raisonance/ride/arm-gcc/bin/../lib/gcc/arm-none-eabi/4.3.2/../../../../arm-none-eabi/lib/thumb2\libc.a(lib_a-printf.o)
                              D:\WkPjt\MStory2.0\Mango-M32.Firmware\M32.Src015.SysTick\project\RIDE\obj\main.o (printf)
c:/program files/raisonance/ride/arm-gcc/bin/../lib/gcc/arm-none-eabi/4.3.2/../../../../arm-none-eabi/lib/thumb2\libc.a(lib_a-puts.o)
                              D:\WkPjt\MStory2.0\Mango-M32.Firmware\M32.Src015.SysTick\project\RIDE\obj\main.o (puts)
c:/program files/raisonance/ride/arm-gcc/bin/../lib/gcc/arm-none-eabi/4.3.2/../../../../arm-none-eabi/lib/thumb2\libc.a(lib_a-strlen.o)
                              c:/program files/raisonance/ride/arm-gcc/bin/../lib/gcc/arm-none-eabi/4.3.2/../../../../arm-none-eabi/lib/thumb2\libc.a(lib_a-puts.o) (strlen)
c:/program files/raisonance/ride/arm-gcc/bin/../lib/gcc/arm-none-eabi/4.3.2/../../../../arm-none-eabi/lib/thumb2\libc.a(lib_a-vfprintf.o)
                              c:/program files/raisonance/ride/arm-gcc/bin/../lib/gcc/arm-none-eabi/4.3.2/../../../../arm-none-eabi/lib/thumb2\libc.a(lib_a-printf.o) (_vfprintf_r)
c:/program files/raisonance/ride/arm-gcc/bin/../lib/gcc/arm-none-eabi/4.3.2/../../../../arm-none-eabi/lib/thumb2\libc.a(lib_a-wsetup.o)
                              c:/program files/raisonance/ride/arm-gcc/bin/../lib/gcc/arm-none-eabi/4.3.2/../../../../arm-none-eabi/lib/thumb2\libc.a(lib_a-vfprintf.o) (__swsetup_r)
c:/program files/raisonance/ride/arm-gcc/bin/../lib/gcc/arm-none-eabi/4.3.2/../../../../arm-none-eabi/lib/thumb2\libc.a(lib_a-dtoa.o)
                              c:/program files/raisonance/ride/arm-gcc/bin/../lib/gcc/arm-none-eabi/4.3.2/../../../../arm-none-eabi/lib/thumb2\libc.a(lib_a-vfprintf.o) (_dtoa_r)
c:/program files/raisonance/ride/arm-gcc/bin/../lib/gcc/arm-none-eabi/4.3.2/../../../../arm-none-eabi/lib/thumb2\libc.a(lib_a-fflush.o)
                              c:/program files/raisonance/ride/arm-gcc/bin/../lib/gcc/arm-none-eabi/4.3.2/../../../../arm-none-eabi/lib/thumb2\libc.a(lib_a-vfprintf.o) (_fflush_r)
c:/program files/raisonance/ride/arm-gcc/bin/../lib/gcc/arm-none-eabi/4.3.2/../../../../arm-none-eabi/lib/thumb2\libc.a(lib_a-findfp.o)
                              c:/program files/raisonance/ride/arm-gcc/bin/../lib/gcc/arm-none-eabi/4.3.2/../../../../arm-none-eabi/lib/thumb2\libc.a(lib_a-printf.o) (__sinit)
c:/program files/raisonance/ride/arm-gcc/bin/../lib/gcc/arm-none-eabi/4.3.2/../../../../arm-none-eabi/lib/thumb2\libc.a(lib_a-freer.o)
                              c:/program files/raisonance/ride/arm-gcc/bin/../lib/gcc/arm-none-eabi/4.3.2/../../../../arm-none-eabi/lib/thumb2\libc.a(lib_a-wsetup.o) (_free_r)
c:/program files/raisonance/ride/arm-gcc/bin/../lib/gcc/arm-none-eabi/4.3.2/../../../../arm-none-eabi/lib/thumb2\libc.a(lib_a-fvwrite.o)
                              c:/program files/raisonance/ride/arm-gcc/bin/../lib/gcc/arm-none-eabi/4.3.2/../../../../arm-none-eabi/lib/thumb2\libc.a(lib_a-puts.o) (__sfvwrite_r)
c:/program files/raisonance/ride/arm-gcc/bin/../lib/gcc/arm-none-eabi/4.3.2/../../../../arm-none-eabi/lib/thumb2\libc.a(lib_a-fwalk.o)
                              c:/program files/raisonance/ride/arm-gcc/bin/../lib/gcc/arm-none-eabi/4.3.2/../../../../arm-none-eabi/lib/thumb2\libc.a(lib_a-fflush.o) (_fwalk_reent)
c:/program files/raisonance/ride/arm-gcc/bin/../lib/gcc/arm-none-eabi/4.3.2/../../../../arm-none-eabi/lib/thumb2\libc.a(lib_a-impure.o)
                              c:/program files/raisonance/ride/arm-gcc/bin/../lib/gcc/arm-none-eabi/4.3.2/../../../../arm-none-eabi/lib/thumb2\libc.a(lib_a-printf.o) (_impure_ptr)
c:/program files/raisonance/ride/arm-gcc/bin/../lib/gcc/arm-none-eabi/4.3.2/../../../../arm-none-eabi/lib/thumb2\libc.a(lib_a-locale.o)
                              c:/program files/raisonance/ride/arm-gcc/bin/../lib/gcc/arm-none-eabi/4.3.2/../../../../arm-none-eabi/lib/thumb2\libc.a(lib_a-vfprintf.o) (_localeconv_r)
c:/program files/raisonance/ride/arm-gcc/bin/../lib/gcc/arm-none-eabi/4.3.2/../../../../arm-none-eabi/lib/thumb2\libc.a(lib_a-makebuf.o)
                              c:/program files/raisonance/ride/arm-gcc/bin/../lib/gcc/arm-none-eabi/4.3.2/../../../../arm-none-eabi/lib/thumb2\libc.a(lib_a-wsetup.o) (__smakebuf_r)
c:/program files/raisonance/ride/arm-gcc/bin/../lib/gcc/arm-none-eabi/4.3.2/../../../../arm-none-eabi/lib/thumb2\libc.a(lib_a-malloc.o)
                              c:/program files/raisonance/ride/arm-gcc/bin/../lib/gcc/arm-none-eabi/4.3.2/../../../../arm-none-eabi/lib/thumb2\libc.a(lib_a-dtoa.o) (malloc)
c:/program files/raisonance/ride/arm-gcc/bin/../lib/gcc/arm-none-eabi/4.3.2/../../../../arm-none-eabi/lib/thumb2\libc.a(lib_a-mallocr.o)
                              c:/program files/raisonance/ride/arm-gcc/bin/../lib/gcc/arm-none-eabi/4.3.2/../../../../arm-none-eabi/lib/thumb2\libc.a(lib_a-findfp.o) (_malloc_r)
[...]
Memory Configuration

Name             Origin             Length             Attributes
RAM              0x20000000         0x00005000         xrw
FLASH            0x08000000         0x00020000         xr
FLASHPATCH       0x00000000         0x00000000         r
ENDFLASH         0x00000000         0x00000000         xr
FLASHB1          0x00000000         0x00000000         xr
EXTMEMB0         0x00000000         0x00000000         xr
EXTMEMB1         0x00000000         0x00000000         xr
EXTMEMB2         0x00000000         0x00000000         xr
EXTMEMB3         0x00000000         0x00000000         xr
*default*        0x00000000         0xffffffff

Linker script and memory map

LOAD D:\WkPjt\MStory2.0\Mango-M32.Firmware\M32.Src015.SysTick\project\RIDE\obj\main.o
LOAD D:\WkPjt\MStory2.0\Mango-M32.Firmware\M32.Src015.SysTick\project\RIDE\obj\startup_stm32f10x_md.o
LOAD D:\WkPjt\MStory2.0\Mango-M32.Firmware\M32.Src015.SysTick\project\RIDE\obj\led.o
LOAD D:\WkPjt\MStory2.0\Mango-M32.Firmware\M32.Src015.SysTick\project\RIDE\obj\key.o
LOAD D:\WkPjt\MStory2.0\Mango-M32.Firmware\M32.Src015.SysTick\project\RIDE\obj\seven_segment.o
LOAD D:\WkPjt\MStory2.0\Mango-M32.Firmware\M32.Src015.SysTick\project\RIDE\obj\hw_config.o
LOAD D:\WkPjt\MStory2.0\Mango-M32.Firmware\M32.Src015.SysTick\project\RIDE\obj\stm.o
                0x00000400                __Stack_Size = 0x400
                0x00000400                PROVIDE (_Stack_Size, __Stack_Size)
                0x20004c00                __Stack_Init = (_estack - __Stack_Size)
                0x20004c00                PROVIDE (_Stack_Init, __Stack_Init)
                0x00000100                _Minimum_Stack_Size = 0x100
                0x00000000                PROVIDE (Undefined_Handler, 0x0)
                0x00000000                PROVIDE (SWI_Handler, 0x0)
                0x00000000                PROVIDE (IRQ_Handler, 0x0)
                0x00000000                PROVIDE (Prefetch_Handler, 0x0)
                0x00000000                PROVIDE (Abort_Handler, 0x0)
                0x00000000                PROVIDE (FIQ_Handler, 0x0)
                0x00000000                PROVIDE (NMIException, 0x0)
                0x00000000                PROVIDE (NMI_Handler, 0x0)
                0x00000000                PROVIDE (HardFaultException, 0x0)
                0x00000000                PROVIDE (HardFault_Handler, 0x0)
                0x00000000                PROVIDE (MemManageException, 0x0)
                0x00000000                PROVIDE (MemManage_Handler, 0x0)
                0x00000000                PROVIDE (BusFaultException, 0x0)
                0x00000000                PROVIDE (BusFault_Handler, 0x0)
                0x00000000                PROVIDE (UsageFaultException, 0x0)
                0x00000000                PROVIDE (UsageFault_Handler, 0x0)
                0x00000000                PROVIDE (SVCHandler, 0x0)
                0x00000000                PROVIDE (SVC_Handler, 0x0)
                0x00000000                PROVIDE (DebugMonitor, 0x0)
                0x00000000                PROVIDE (DebugMon_Handler, 0x0)
                0x00000000                PROVIDE (PendSVC, 0x0)
                0x00000000                PROVIDE (PendSV_Handler, 0x0)
                0x00000000                PROVIDE (SysTickHandler, 0x0)
                0x00000000                PROVIDE (SysTick_Handler, 0x0)
                0x00000000                PROVIDE (WWDG_IRQHandler, 0x0)
                0x00000000                PROVIDE (PVD_IRQHandler, 0x0)
                0x00000000                PROVIDE (TAMPER_IRQHandler, 0x0)
                0x00000000                PROVIDE (RTC_IRQHandler, 0x0)
                0x00000000                PROVIDE (FLASH_IRQHandler, 0x0)
                0x00000000                PROVIDE (RCC_IRQHandler, 0x0)
                0x00000000                PROVIDE (EXTI0_IRQHandler, 0x0)
                0x00000000                PROVIDE (EXTI1_IRQHandler, 0x0)
                0x00000000                PROVIDE (EXTI2_IRQHandler, 0x0)
                0x00000000                PROVIDE (EXTI3_IRQHandler, 0x0)
                0x00000000                PROVIDE (EXTI4_IRQHandler, 0x0)
                0x00000000                PROVIDE (DMAChannel1_IRQHandler, 0x0)
                0x00000000                PROVIDE (DMAChannel2_IRQHandler, 0x0)
                0x00000000                PROVIDE (DMAChannel3_IRQHandler, 0x0)
                0x00000000                PROVIDE (DMAChannel4_IRQHandler, 0x0)
                0x00000000                PROVIDE (DMAChannel5_IRQHandler, 0x0)
                0x00000000                PROVIDE (DMAChannel6_IRQHandler, 0x0)
                0x00000000                PROVIDE (DMAChannel7_IRQHandler, 0x0)
                0x00000000                PROVIDE (DMA1_Channel1_IRQHandler, 0x0)
                0x00000000                PROVIDE (DMA1_Channel2_IRQHandler, 0x0)
                0x00000000                PROVIDE (DMA1_Channel3_IRQHandler, 0x0)
                0x00000000                PROVIDE (DMA1_Channel4_IRQHandler, 0x0)
                0x00000000                PROVIDE (DMA1_Channel5_IRQHandler, 0x0)
                0x00000000                PROVIDE (DMA1_Channel6_IRQHandler, 0x0)
                0x00000000                PROVIDE (DMA1_Channel7_IRQHandler, 0x0)
                0x00000000                PROVIDE (ADC_IRQHandler, 0x0)
                0x00000000                PROVIDE (ADC1_2_IRQHandler, 0x0)
                0x00000000                PROVIDE (USB_HP_CAN_TX_IRQHandler, 0x0)
                0x00000000                PROVIDE (USB_HP_CAN1_TX_IRQHandler, 0x0)
                0x00000000                PROVIDE (USB_LP_CAN_RX0_IRQHandler, 0x0)
                0x00000000                PROVIDE (USB_LP_CAN1_RX0_IRQHandler, 0x0)
                0x00000000                PROVIDE (CAN_RX1_IRQHandler, 0x0)
                0x00000000                PROVIDE (CAN1_RX1_IRQHandler, 0x0)
                0x00000000                PROVIDE (CAN_SCE_IRQHandler, 0x0)
                0x00000000                PROVIDE (CAN1_SCE_IRQHandler, 0x0)
                0x00000000                PROVIDE (EXTI9_5_IRQHandler, 0x0)
                0x00000000                PROVIDE (TIM1_BRK_IRQHandler, 0x0)
                0x00000000                PROVIDE (TIM1_UP_IRQHandler, 0x0)
                0x00000000                PROVIDE (TIM1_TRG_COM_IRQHandler, 0x0)
                0x00000000                PROVIDE (TIM1_CC_IRQHandler, 0x0)
                0x00000000                PROVIDE (TIM2_IRQHandler, 0x0)
                0x00000000                PROVIDE (TIM3_IRQHandler, 0x0)
                0x00000000                PROVIDE (TIM4_IRQHandler, 0x0)
                0x00000000                PROVIDE (I2C1_EV_IRQHandler, 0x0)
                0x00000000                PROVIDE (I2C1_ER_IRQHandler, 0x0)
                0x00000000                PROVIDE (I2C2_EV_IRQHandler, 0x0)
                0x00000000                PROVIDE (I2C2_ER_IRQHandler, 0x0)
                0x00000000                PROVIDE (SPI1_IRQHandler, 0x0)
                0x00000000                PROVIDE (SPI2_IRQHandler, 0x0)
                0x00000000                PROVIDE (USART1_IRQHandler, 0x0)
                0x00000000                PROVIDE (USART2_IRQHandler, 0x0)
                0x00000000                PROVIDE (USART3_IRQHandler, 0x0)
                0x00000000                PROVIDE (EXTI15_10_IRQHandler, 0x0)
                0x00000000                PROVIDE (RTCAlarm_IRQHandler, 0x0)
                0x00000000                PROVIDE (USBWakeUp_IRQHandler, 0x0)
                0x00000000                PROVIDE (TIM8_BRK_IRQHandler, 0x0)
                0x00000000                PROVIDE (TIM8_UP_IRQHandler, 0x0)
                0x00000000                PROVIDE (TIM8_TRG_COM_IRQHandler, 0x0)
                0x00000000                PROVIDE (TIM8_CC_IRQHandler, 0x0)
                0x00000000                PROVIDE (ADC3_IRQHandler, 0x0)
                0x00000000                PROVIDE (FSMC_IRQHandler, 0x0)
                0x00000000                PROVIDE (SDIO_IRQHandler, 0x0)
                0x00000000                PROVIDE (TIM5_IRQHandler, 0x0)
                0x00000000                PROVIDE (SPI3_IRQHandler, 0x0)
                0x00000000                PROVIDE (UART4_IRQHandler, 0x0)
                0x00000000                PROVIDE (UART5_IRQHandler, 0x0)
                0x00000000                PROVIDE (TIM6_IRQHandler, 0x0)
                0x00000000                PROVIDE (TIM7_IRQHandler, 0x0)
                0x00000000                PROVIDE (DMA2_Channel1_IRQHandler, 0x0)
                0x00000000                PROVIDE (DMA2_Channel2_IRQHandler, 0x0)
                0x00000000                PROVIDE (DMA2_Channel3_IRQHandler, 0x0)
                0x00000000                PROVIDE (DMA2_Channel4_5_IRQHandler, 0x0)
                0x42000000                PERIPH_BB_BASE = 0x42000000
                0x22000000                SRAM_BB_BASE = 0x22000000
                0x20000000                SRAM_BASE = 0x20000000
                0x40000000                PERIPH_BASE = 0x40000000
                0x40022000                PROVIDE (FLASH_BASE, 0x40022000)
                0x1ffff800                PROVIDE (OB_BASE, 0x1ffff800)
                0x40000000                APB1PERIPH_BASE = PERIPH_BASE
                0x40010000                APB2PERIPH_BASE = (PERIPH_BASE + 0x10000)
                0x40020000                AHBPERIPH_BASE = (PERIPH_BASE + 0x20000)
                0x40000000                PROVIDE (TIM2, (APB1PERIPH_BASE + 0x0))
                0x40000400                PROVIDE (TIM3, (APB1PERIPH_BASE + 0x400))
                0x40000800                PROVIDE (TIM4, (APB1PERIPH_BASE + 0x800))
                0x40002800                PROVIDE (RTC, (APB1PERIPH_BASE + 0x2800))
                0x40002c00                PROVIDE (WWDG, (APB1PERIPH_BASE + 0x2c00))
                0x40003000                PROVIDE (IWDG, (APB1PERIPH_BASE + 0x3000))
                0x40003800                PROVIDE (SPI2, (APB1PERIPH_BASE + 0x3800))
                0x40004400                PROVIDE (USART2, (APB1PERIPH_BASE + 0x4400))
                0x40004800                PROVIDE (USART3, (APB1PERIPH_BASE + 0x4800))
                0x40005400                PROVIDE (I2C1, (APB1PERIPH_BASE + 0x5400))
                0x40005800                PROVIDE (I2C2, (APB1PERIPH_BASE + 0x5800))
                0x40006400                PROVIDE (CAN, (APB1PERIPH_BASE + 0x6400))
                0x40006c00                PROVIDE (BKP, (APB1PERIPH_BASE + 0x6c00))
                0x40007000                PROVIDE (PWR, (APB1PERIPH_BASE + 0x7000))
                0x40010000                PROVIDE (AFIO, (APB2PERIPH_BASE + 0x0))
                0x40010400                PROVIDE (EXTI, (APB2PERIPH_BASE + 0x400))
                0x40010800                PROVIDE (GPIOA, (APB2PERIPH_BASE + 0x800))
                0x40010c00                PROVIDE (GPIOB, (APB2PERIPH_BASE + 0xc00))
                0x40011000                PROVIDE (GPIOC, (APB2PERIPH_BASE + 0x1000))
                0x40011400                PROVIDE (GPIOD, (APB2PERIPH_BASE + 0x1400))
                0x40011800                PROVIDE (GPIOE, (APB2PERIPH_BASE + 0x1800))
                0x40012400                PROVIDE (ADC1, (APB2PERIPH_BASE + 0x2400))
                0x40012800                PROVIDE (ADC2, (APB2PERIPH_BASE + 0x2800))
                0x40012c00                PROVIDE (TIM1, (APB2PERIPH_BASE + 0x2c00))
                0x40013000                PROVIDE (SPI1, (APB2PERIPH_BASE + 0x3000))
                0x40013800                PROVIDE (USART1, (APB2PERIPH_BASE + 0x3800))
                0x40020000                PROVIDE (DMA, (AHBPERIPH_BASE + 0x0))
                0x40020008                PROVIDE (DMA_Channel1, (AHBPERIPH_BASE + 0x8))
                0x4002001c                PROVIDE (DMA_Channel2, (AHBPERIPH_BASE + 0x1c))
                0x40020030                PROVIDE (DMA_Channel3, (AHBPERIPH_BASE + 0x30))
                0x40020044                PROVIDE (DMA_Channel4, (AHBPERIPH_BASE + 0x44))
                0x40020058                PROVIDE (DMA_Channel5, (AHBPERIPH_BASE + 0x58))
                0x4002006c                PROVIDE (DMA_Channel6, (AHBPERIPH_BASE + 0x6c))
                0x40020080                PROVIDE (DMA_Channel7, (AHBPERIPH_BASE + 0x80))
                0x40021000                PROVIDE (RCC, (AHBPERIPH_BASE + 0x1000))
                0xe000e000                SCS_BASE = 0xe000e000
                0xe000e010                PROVIDE (SysTick, (SCS_BASE + 0x10))
                0xe000e100                PROVIDE (NVIC, (SCS_BASE + 0x100))
                0xe000ed00                PROVIDE (SCB, (SCS_BASE + 0xd00))
                0x20005000                _estack = 0x20005000

.isr_vector     0x08000000      0x10c
                0x08000000                . = ALIGN (0x4)
 *(.isr_vector)
 .isr_vector    0x08000000      0x10c D:\WkPjt\MStory2.0\Mango-M32.Firmware\M32.Src015.SysTick\project\RIDE\obj\startup_stm32f10x_md.o
                0x08000000                g_pfnVectors
                0x0800010c                . = ALIGN (0x4)

.flashtext      0x0800010c        0x0
                0x0800010c                . = ALIGN (0x4)
 *(.flashtext)
                0x0800010c                . = ALIGN (0x4)

.text           0x08000110     0x6d24
                0x08000110                . = ALIGN (0x4)
 *(.text)
 .text          0x08000110       0x60 c:/program files/raisonance/ride/arm-gcc/bin/../lib/gcc/arm-none-eabi/4.3.2/../../../../arm-none-eabi/lib/thumb2\libc.a(lib_a-printf.o)
                0x08000110                printf
                0x08000144                _printf_r
 .text          0x08000170       0x68 c:/program files/raisonance/ride/arm-gcc/bin/../lib/gcc/arm-none-eabi/4.3.2/../../../../arm-none-eabi/lib/thumb2\libc.a(lib_a-puts.o)
                0x08000170                _puts_r
                0x080001c4                puts
 .text          0x080001d8       0x34 c:/program files/raisonance/ride/arm-gcc/bin/../lib/gcc/arm-none-eabi/4.3.2/../../../../arm-none-eabi/lib/thumb2\libc.a(lib_a-strlen.o)
                0x080001d8                strlen
 .text          0x0800020c     0x16fc c:/program files/raisonance/ride/arm-gcc/bin/../lib/gcc/arm-none-eabi/4.3.2/../../../../arm-none-eabi/lib/thumb2\libc.a(lib_a-vfprintf.o)
                0x08000228                _vfprintf_r
                0x080018ec                vfprintf
 .text          0x08001908      0x104 c:/program files/raisonance/ride/arm-gcc/bin/../lib/gcc/arm-none-eabi/4.3.2/../../../../arm-none-eabi/lib/thumb2\libc.a(lib_a-wsetup.o)
                0x08001908                __swsetup_r
 *fill*         0x08001a0c        0x4 00
 .text          0x08001a10      0xfa8 c:/program files/raisonance/ride/arm-gcc/bin/../lib/gcc/arm-none-eabi/4.3.2/../../../../arm-none-eabi/lib/thumb2\libc.a(lib_a-dtoa.o)
                0x08001b58                _dtoa_r
 .text          0x080029b8      0x15c c:/program files/raisonance/ride/arm-gcc/bin/../lib/gcc/arm-none-eabi/4.3.2/../../../../arm-none-eabi/lib/thumb2\libc.a(lib_a-fflush.o)
                0x08002ae4                fflush
                0x080029b8                _fflush_r
 .text          0x08002b14      0x200 c:/program files/raisonance/ride/arm-gcc/bin/../lib/gcc/arm-none-eabi/4.3.2/../../../../arm-none-eabi/lib/thumb2\libc.a(lib_a-findfp.o)
                0x08002c3c                __sinit
                0x08002b90                __sfmoreglue
                0x08002b74                _cleanup
                0x08002b64                _cleanup_r
                0x08002b48                __fp_lock_all
                0x08002b14                __sfp_lock_acquire
                0x08002bc0                __sfp
                0x08002b20                __sinit_lock_release
                0x08002b2c                __fp_unlock_all
                0x08002b18                __sfp_lock_release
                0x08002b1c                __sinit_lock_acquire
 .text          0x08002d14      0x238 c:/program files/raisonance/ride/arm-gcc/bin/../lib/gcc/arm-none-eabi/4.3.2/../../../../arm-none-eabi/lib/thumb2\libc.a(lib_a-freer.o)
                0x08002dc0                _free_r
                0x08002d14                _malloc_trim_r
 .text          0x08002f4c      0x2e8 c:/program files/raisonance/ride/arm-gcc/bin/../lib/gcc/arm-none-eabi/4.3.2/../../../../arm-none-eabi/lib/thumb2\libc.a(lib_a-fvwrite.o)
                0x08002f4c                __sfvwrite_r
 .text          0x08003234       0xb0 c:/program files/raisonance/ride/arm-gcc/bin/../lib/gcc/arm-none-eabi/4.3.2/../../../../arm-none-eabi/lib/thumb2\libc.a(lib_a-fwalk.o)
                0x0800328c                _fwalk
                0x08003234                _fwalk_reent
 .text          0x080032e4       0x74 c:/program files/raisonance/ride/arm-gcc/bin/../lib/gcc/arm-none-eabi/4.3.2/../../../../arm-none-eabi/lib/thumb2\libc.a(lib_a-locale.o)
                0x08003300                _setlocale_r
                0x080032e4                __locale_charset
                0x080032f0                _localeconv_r
                0x08003340                setlocale
                0x080032f8                localeconv
 .text          0x08003358       0xe0 c:/program files/raisonance/ride/arm-gcc/bin/../lib/gcc/arm-none-eabi/4.3.2/../../../../arm-none-eabi/lib/thumb2\libc.a(lib_a-makebuf.o)
                0x08003358                __smakebuf_r
 .text          0x08003438       0x28 c:/program files/raisonance/ride/arm-gcc/bin/../lib/gcc/arm-none-eabi/4.3.2/../../../../arm-none-eabi/lib/thumb2\libc.a(lib_a-malloc.o)
                0x0800344c                malloc
                0x08003438                free
 .text          0x08003460      0x538 c:/program files/raisonance/ride/arm-gcc/bin/../lib/gcc/arm-none-eabi/4.3.2/../../../../arm-none-eabi/lib/thumb2\libc.a(lib_a-mallocr.o)
                0x08003460                _malloc_r
 .text          0x08003998       0x80 c:/program files/raisonance/ride/arm-gcc/bin/../lib/gcc/arm-none-eabi/4.3.2/../../../../arm-none-eabi/lib/thumb2\libc.a(lib_a-memchr.o)
                0x08003998                memchr
 .text          0x08003a18       0x98 c:/program files/raisonance/ride/arm-gcc/bin/../lib/gcc/arm-none-eabi/4.3.2/../../../../arm-none-eabi/lib/thumb2\libc.a(lib_a-memcpy.o)
                0x08003a18                memcpy
 .text          0x08003ab0       0xc0 c:/program files/raisonance/ride/arm-gcc/bin/../lib/gcc/arm-none-eabi/4.3.2/../../../../arm-none-eabi/lib/thumb2\libc.a(lib_a-memmove.o)
                0x08003ab0                memmove
 .text          0x08003b70       0x88 c:/program files/raisonance/ride/arm-gcc/bin/../lib/gcc/arm-none-eabi/4.3.2/../../../../arm-none-eabi/lib/thumb2\libc.a(lib_a-memset.o)
                0x08003b70                memset
 .text          0x08003bf8        0x8 c:/program files/raisonance/ride/arm-gcc/bin/../lib/gcc/arm-none-eabi/4.3.2/../../../../arm-none-eabi/lib/thumb2\libc.a(lib_a-mlock.o)
                0x08003bfc                __malloc_unlock
                0x08003bf8                __malloc_lock
 .text          0x08003c00      0x944 c:/program files/raisonance/ride/arm-gcc/bin/../lib/gcc/arm-none-eabi/4.3.2/../../../../arm-none-eabi/lib/thumb2\libc.a(lib_a-mprec.o)
                0x08003e30                _mprec_log10
                0x08003ebc                __any_on
                0x08003f54                _Balloc
                0x08003ddc                __ratio
                0x08004368                __i2b
                0x08003d30                __b2d
                0x080044b0                __s2b
                0x08003ca8                __mcmp
                0x08003c00                __hi0bits
                0x080043fc                __pow5mult
                0x08004178                __lshift
                0x0800422c                __multiply
                0x08003fc4                __d2b
                0x08003e6c                __copybits
                0x08003ce8                __ulp
                0x0800407c                __mdiff
                0x08003c40                __lo0bits
                0x0800437c                __multadd
                0x08003f24                _Bfree
 .text          0x08004544      0x388 c:/program files/raisonance/ride/arm-gcc/bin/../lib/gcc/arm-none-eabi/4.3.2/../../../../arm-none-eabi/lib/thumb2\libc.a(lib_a-reallocr.o)
                0x08004544                _realloc_r
 .text          0x080048cc       0x24 c:/program files/raisonance/ride/arm-gcc/bin/../lib/gcc/arm-none-eabi/4.3.2/../../../../arm-none-eabi/lib/thumb2\libc.a(lib_a-s_isinfd.o)
                0x080048cc                __isinfd
 .text          0x080048f0       0x20 c:/program files/raisonance/ride/arm-gcc/bin/../lib/gcc/arm-none-eabi/4.3.2/../../../../arm-none-eabi/lib/thumb2\libc.a(lib_a-s_isnand.o)
                0x080048f0                __isnand
 .text          0x08004910       0x28 c:/program files/raisonance/ride/arm-gcc/bin/../lib/gcc/arm-none-eabi/4.3.2/../../../../arm-none-eabi/lib/thumb2\libc.a(lib_a-sbrkr.o)
                0x08004910                _sbrk_r
 .text          0x08004938       0x94 c:/program files/raisonance/ride/arm-gcc/bin/../lib/gcc/arm-none-eabi/4.3.2/../../../../arm-none-eabi/lib/thumb2\libc.a(lib_a-stdio.o)
                0x08004944                __sseek
                0x080049a8                __sread
                0x08004938                __sclose
                0x0800496c                __swrite
 .text          0x080049cc       0x50 c:/program files/raisonance/ride/arm-gcc/bin/../lib/gcc/arm-none-eabi/4.3.2/../../../../arm-none-eabi/lib/thumb2\libc.a(lib_a-strcmp.o)
                0x080049cc                strcmp
 .text          0x08004a1c       0x2c c:/program files/raisonance/ride/arm-gcc/bin/../lib/gcc/arm-none-eabi/4.3.2/../../../../arm-none-eabi/lib/thumb2\libc.a(lib_a-writer.o)
                0x08004a1c                _write_r
 .text          0x08004a48       0x5c c:/program files/raisonance/ride/arm-gcc/bin/../lib/gcc/arm-none-eabi/4.3.2/../../../../arm-none-eabi/lib/thumb2\libc.a(lib_a-callocr.o)
                0x08004a48                _calloc_r
 .text          0x08004aa4       0x28 c:/program files/raisonance/ride/arm-gcc/bin/../lib/gcc/arm-none-eabi/4.3.2/../../../../arm-none-eabi/lib/thumb2\libc.a(lib_a-closer.o)
                0x08004aa4                _close_r
 .text          0x08004acc       0xcc c:/program files/raisonance/ride/arm-gcc/bin/../lib/gcc/arm-none-eabi/4.3.2/../../../../arm-none-eabi/lib/thumb2\libc.a(lib_a-fclose.o)
                0x08004acc                _fclose_r
                0x08004b84                fclose
 .text          0x08004b98       0x2c c:/program files/raisonance/ride/arm-gcc/bin/../lib/gcc/arm-none-eabi/4.3.2/../../../../arm-none-eabi/lib/thumb2\libc.a(lib_a-fstatr.o)
                0x08004b98                _fstat_r
 .text          0x08004bc4       0x28 c:/program files/raisonance/ride/arm-gcc/bin/../lib/gcc/arm-none-eabi/4.3.2/../../../../arm-none-eabi/lib/thumb2\libc.a(lib_a-isattyr.o)
                0x08004bc4                _isatty_r
 .text          0x08004bec       0x2c c:/program files/raisonance/ride/arm-gcc/bin/../lib/gcc/arm-none-eabi/4.3.2/../../../../arm-none-eabi/lib/thumb2\libc.a(lib_a-lseekr.o)
                0x08004bec                _lseek_r
 .text          0x08004c18       0x2c c:/program files/raisonance/ride/arm-gcc/bin/../lib/gcc/arm-none-eabi/4.3.2/../../../../arm-none-eabi/lib/thumb2\libc.a(lib_a-readr.o)
                0x08004c18                _read_r
 .text          0x08004c44       0x8c c:/program files/raisonance/ride/arm-gcc/bin/../lib/gcc/arm-none-eabi/4.3.2/thumb2\libgcc.a(_udivsi3.o)
                0x08004c44                __udivsi3
                0x08004c44                __aeabi_uidiv
                0x08004cbc                __aeabi_uidivmod
 .text          0x08004cd0        0x4 c:/program files/raisonance/ride/arm-gcc/bin/../lib/gcc/arm-none-eabi/4.3.2/thumb2\libgcc.a(_dvmd_tls.o)
                0x08004cd0                __aeabi_ldiv0
                0x08004cd0                __aeabi_idiv0
 .text          0x08004cd4      0x370 c:/program files/raisonance/ride/arm-gcc/bin/../lib/gcc/arm-none-eabi/4.3.2/thumb2\libgcc.a(_arm_addsubdf3.o)
                0x08004fe8                __floatdidf
                0x08004f78                __floatsidf
                0x08004f58                __aeabi_ui2d
                0x08004cd4                __aeabi_drsub
                0x08004f9c                __extendsfdf2
                0x08004ce0                __adddf3
                0x08004f58                __floatunsidf
                0x08004ce0                __aeabi_dadd
                0x08004fd8                __aeabi_ul2d
                0x08004cdc                __aeabi_dsub
                0x08004fd8                __floatundidf
                0x08004f78                __aeabi_i2d
                0x08004fe8                __aeabi_l2d
                0x08004f9c                __aeabi_f2d
                0x08004cdc                __subdf3
 .text          0x08005044      0x424 c:/program files/raisonance/ride/arm-gcc/bin/../lib/gcc/arm-none-eabi/4.3.2/thumb2\libgcc.a(_arm_muldivdf3.o)
                0x08005298                __aeabi_ddiv
                0x08005044                __aeabi_dmul
                0x08005298                __divdf3
                0x08005044                __muldf3
 .text          0x08005468      0x10c c:/program files/raisonance/ride/arm-gcc/bin/../lib/gcc/arm-none-eabi/4.3.2/thumb2\libgcc.a(_arm_cmpdf2.o)
                0x08005538                __aeabi_dcmple
                0x08005478                __cmpdf2
                0x08005478                __eqdf2
                0x08005468                __gtdf2
                0x08005500                __aeabi_cdcmple
                0x080054f0                __aeabi_cdrcmple
                0x08005470                __ltdf2
                0x08005524                __aeabi_dcmplt
                0x08005470                __ledf2
                0x08005560                __aeabi_dcmpgt
                0x0800554c                __aeabi_dcmpge
                0x08005478                __nedf2
                0x08005510                __aeabi_dcmpeq
                0x08005500                __aeabi_cdcmpeq
                0x08005468                __gedf2
 .text          0x08005574       0x50 c:/program files/raisonance/ride/arm-gcc/bin/../lib/gcc/arm-none-eabi/4.3.2/thumb2\libgcc.a(_arm_fixdfsi.o)
                0x08005574                __fixdfsi
                0x08005574                __aeabi_d2iz
 .text          0x080055c4       0x2c c:/program files/raisonance/ride/arm-gcc/bin/../lib/gcc/arm-none-eabi/4.3.2/thumb2\libgcc.a(_aeabi_uldivmod.o)
                0x080055c4                __aeabi_uldivmod
 .text          0x080055f0       0x60 c:/program files/raisonance/ride/arm-gcc/bin/../lib/gcc/arm-none-eabi/4.3.2/thumb2\libgcc.a(bpabi.o)
                0x080055f0                __gnu_uldivmod_helper
                0x08005620                __gnu_ldivmod_helper
 .text          0x08005650      0x424 c:/program files/raisonance/ride/arm-gcc/bin/../lib/gcc/arm-none-eabi/4.3.2/thumb2\libgcc.a(_divdi3.o)
                0x08005650                __divdi3
 .text          0x08005a74      0x3e4 c:/program files/raisonance/ride/arm-gcc/bin/../lib/gcc/arm-none-eabi/4.3.2/thumb2\libgcc.a(_udivdi3.o)
                0x08005a74                __udivdi3
 .text          0x08005e58        0xc c:/program files/raisonance/ride/arm-gcc/bin/../lib/gcc/arm-none-eabi/4.3.2/../../../../arm-none-eabi/lib/thumb2\libc.a(lib_a-abort.o)
                0x08005e58                abort
 .text          0x08005e64      0x150 c:/program files/raisonance/ride/arm-gcc/bin/../lib/gcc/arm-none-eabi/4.3.2/../../../../arm-none-eabi/lib/thumb2\libc.a(lib_a-signal.o)
                0x08005f68                _signal_r
                0x08005e64                _raise_r
                0x08005f08                __sigtramp_r
                0x08005f9c                signal
                0x08005ef4                _init_signal
                0x08005ecc                _init_signal_r
                0x08005f54                __sigtramp
                0x08005eb8                raise
 .text          0x08005fb4       0x34 c:/program files/raisonance/ride/arm-gcc/bin/../lib/gcc/arm-none-eabi/4.3.2/../../../../arm-none-eabi/lib/thumb2\libc.a(lib_a-signalr.o)
                0x08005fbc                _kill_r
                0x08005fb4                _getpid_r
 *(.text.*)
 .text.DELAY_Test
                0x08005fe8       0x1c D:\WkPjt\MStory2.0\Mango-M32.Firmware\M32.Src015.SysTick\project\RIDE\obj\main.o
                0x08005fe8                DELAY_Test
 .text.System_Information
                0x08006004       0x58 D:\WkPjt\MStory2.0\Mango-M32.Firmware\M32.Src015.SysTick\project\RIDE\obj\main.o
                0x08006004                System_Information
 .text.main     0x0800605c      0x100 D:\WkPjt\MStory2.0\Mango-M32.Firmware\M32.Src015.SysTick\project\RIDE\obj\main.o
                0x0800605c                main
 .text.Reset_Handler
                0x0800615c       0x40 D:\WkPjt\MStory2.0\Mango-M32.Firmware\M32.Src015.SysTick\project\RIDE\obj\startup_stm32f10x_md.o
                0x0800615c                Reset_Handler
 .text.Default_Handler
                0x0800619c        0x2 D:\WkPjt\MStory2.0\Mango-M32.Firmware\M32.Src015.SysTick\project\RIDE\obj\startup_stm32f10x_md.o
                0x0800619c                EXTI2_IRQHandler
                0x0800619c                DebugMon_Handler
                0x0800619c                TIM1_CC_IRQHandler
                0x0800619c                HardFault_Handler
                0x0800619c                PVD_IRQHandler
                0x0800619c                PendSV_Handler
                0x0800619c                NMI_Handler
                0x0800619c                EXTI3_IRQHandler
                0x0800619c                EXTI0_IRQHandler
                0x0800619c                I2C2_EV_IRQHandler
                0x0800619c                UsageFault_Handler
                0x0800619c                ADC1_2_IRQHandler
                0x0800619c                SPI1_IRQHandler
                0x0800619c                TAMPER_IRQHandler
                0x0800619c                DMA1_Channel4_IRQHandler
                0x0800619c                USART3_IRQHandler
                0x0800619c                RTC_IRQHandler
                0x0800619c                DMA1_Channel7_IRQHandler
                0x0800619c                CAN1_RX1_IRQHandler
                0x0800619c                TIM4_IRQHandler
                0x0800619c                I2C1_EV_IRQHandler
                0x0800619c                DMA1_Channel6_IRQHandler
                0x0800619c                TIM3_IRQHandler
                0x0800619c                RCC_IRQHandler
                0x0800619c                TIM1_TRG_COM_IRQHandler
                0x0800619c                DMA1_Channel1_IRQHandler
                0x0800619c                Default_Handler
                0x0800619c                EXTI15_10_IRQHandler
                0x0800619c                EXTI9_5_IRQHandler
                0x0800619c                SPI2_IRQHandler
                0x0800619c                MemManage_Handler
                0x0800619c                SVC_Handler
                0x0800619c                DMA1_Channel5_IRQHandler
                0x0800619c                EXTI4_IRQHandler
                0x0800619c                USB_LP_CAN1_RX0_IRQHandler
                0x0800619c                USB_HP_CAN1_TX_IRQHandler
                0x0800619c                DMA1_Channel3_IRQHandler
                0x0800619c                TIM1_UP_IRQHandler
                0x0800619c                WWDG_IRQHandler
                0x0800619c                TIM2_IRQHandler
                0x0800619c                TIM1_BRK_IRQHandler
                0x0800619c                EXTI1_IRQHandler
                0x0800619c                RTCAlarm_IRQHandler
                0x0800619c                USART2_IRQHandler
                0x0800619c                I2C2_ER_IRQHandler
                0x0800619c                DMA1_Channel2_IRQHandler
                0x0800619c                CAN1_SCE_IRQHandler
                0x0800619c                FLASH_IRQHandler
                0x0800619c                BusFault_Handler
                0x0800619c                USART1_IRQHandler
                0x0800619c                I2C1_ER_IRQHandler
                0x0800619c                USBWakeUp_IRQHandler
 *fill*         0x0800619e        0x2 00
 .text.LED_On_Red
                0x080061a0       0x10 D:\WkPjt\MStory2.0\Mango-M32.Firmware\M32.Src015.SysTick\project\RIDE\obj\led.o
                0x080061a0                LED_On_Red
 .text.LED_Off_Red
                0x080061b0       0x10 D:\WkPjt\MStory2.0\Mango-M32.Firmware\M32.Src015.SysTick\project\RIDE\obj\led.o
                0x080061b0                LED_Off_Red
 .text.LED_On_Yellow
                0x080061c0       0x10 D:\WkPjt\MStory2.0\Mango-M32.Firmware\M32.Src015.SysTick\project\RIDE\obj\led.o
                0x080061c0                LED_On_Yellow
 .text.LED_Off_Yellow
                0x080061d0       0x10 D:\WkPjt\MStory2.0\Mango-M32.Firmware\M32.Src015.SysTick\project\RIDE\obj\led.o
                0x080061d0                LED_Off_Yellow
 .text.LED_On_Blue
                0x080061e0       0x10 D:\WkPjt\MStory2.0\Mango-M32.Firmware\M32.Src015.SysTick\project\RIDE\obj\led.o
                0x080061e0                LED_On_Blue
 .text.LED_Off_Blue
                0x080061f0       0x10 D:\WkPjt\MStory2.0\Mango-M32.Firmware\M32.Src015.SysTick\project\RIDE\obj\led.o
                0x080061f0                LED_Off_Blue
 .text.LED_On_All
                0x08006200       0x10 D:\WkPjt\MStory2.0\Mango-M32.Firmware\M32.Src015.SysTick\project\RIDE\obj\led.o
                0x08006200                LED_On_All
 .text.LED_Off_All
                0x08006210       0x10 D:\WkPjt\MStory2.0\Mango-M32.Firmware\M32.Src015.SysTick\project\RIDE\obj\led.o
                0x08006210                LED_Off_All
 .text.LED_OnOffAll_Mult
                0x08006220       0x60 D:\WkPjt\MStory2.0\Mango-M32.Firmware\M32.Src015.SysTick\project\RIDE\obj\led.o
                0x08006220                LED_OnOffAll_Mult
 .text.LED_Test
                0x08006280       0x1c D:\WkPjt\MStory2.0\Mango-M32.Firmware\M32.Src015.SysTick\project\RIDE\obj\led.o
                0x08006280                LED_Test
 .text.KEY_Test
                0x0800629c       0x50 D:\WkPjt\MStory2.0\Mango-M32.Firmware\M32.Src015.SysTick\project\RIDE\obj\key.o
                0x0800629c                KEY_Test
 .text.PowerOn_7_SEG
                0x080062ec       0x10 D:\WkPjt\MStory2.0\Mango-M32.Firmware\M32.Src015.SysTick\project\RIDE\obj\seven_segment.o
                0x080062ec                PowerOn_7_SEG
 .text.On_7_SEG_OnePin
                0x080062fc       0x10 D:\WkPjt\MStory2.0\Mango-M32.Firmware\M32.Src015.SysTick\project\RIDE\obj\seven_segment.o
                0x080062fc                On_7_SEG_OnePin
 .text.Off_7_SEG_OnePin
                0x0800630c       0x10 D:\WkPjt\MStory2.0\Mango-M32.Firmware\M32.Src015.SysTick\project\RIDE\obj\seven_segment.o
                0x0800630c                Off_7_SEG_OnePin
 .text.Off_7_SEG_AllPin
                0x0800631c        0xc D:\WkPjt\MStory2.0\Mango-M32.Firmware\M32.Src015.SysTick\project\RIDE\obj\seven_segment.o
                0x0800631c                Off_7_SEG_AllPin
 .text.OutPut_7_SEG_Number
                0x08006328       0x48 D:\WkPjt\MStory2.0\Mango-M32.Firmware\M32.Src015.SysTick\project\RIDE\obj\seven_segment.o
                0x08006328                OutPut_7_SEG_Number
 .text.Seven_Segment_Test
                0x08006370       0xac D:\WkPjt\MStory2.0\Mango-M32.Firmware\M32.Src015.SysTick\project\RIDE\obj\seven_segment.o
                0x08006370                Seven_Segment_Test
 .text.RCC_Configuration
                0x0800641c       0x8c D:\WkPjt\MStory2.0\Mango-M32.Firmware\M32.Src015.SysTick\project\RIDE\obj\hw_config.o
                0x0800641c                RCC_Configuration
 .text.NVIC_SetVectorTable
                0x080064a8       0x14 D:\WkPjt\MStory2.0\Mango-M32.Firmware\M32.Src015.SysTick\project\RIDE\obj\hw_config.o
                0x080064a8                NVIC_SetVectorTable
 .text.NVIC_Configuration
                0x080064bc       0x10 D:\WkPjt\MStory2.0\Mango-M32.Firmware\M32.Src015.SysTick\project\RIDE\obj\hw_config.o
                0x080064bc                NVIC_Configuration
 .text.Delay    0x080064cc       0x1c D:\WkPjt\MStory2.0\Mango-M32.Firmware\M32.Src015.SysTick\project\RIDE\obj\hw_config.o
                0x080064cc                Delay
 .text.delay_100_milli_second
                0x080064e8        0xc D:\WkPjt\MStory2.0\Mango-M32.Firmware\M32.Src015.SysTick\project\RIDE\obj\hw_config.o
                0x080064e8                delay_100_milli_second
 .text.delay_1_second
                0x080064f4        0xc D:\WkPjt\MStory2.0\Mango-M32.Firmware\M32.Src015.SysTick\project\RIDE\obj\hw_config.o
                0x080064f4                delay_1_second
 .text.TimingDelay_Decrement
                0x08006500       0x14 D:\WkPjt\MStory2.0\Mango-M32.Firmware\M32.Src015.SysTick\project\RIDE\obj\hw_config.o
                0x08006500                TimingDelay_Decrement
 .text.USART_GetCharacter
                0x08006514       0x38 D:\WkPjt\MStory2.0\Mango-M32.Firmware\M32.Src015.SysTick\project\RIDE\obj\hw_config.o
                0x08006514                USART_GetCharacter
 .text.__io_putchar
                0x0800654c       0x40 D:\WkPjt\MStory2.0\Mango-M32.Firmware\M32.Src015.SysTick\project\RIDE\obj\hw_config.o
                0x0800654c                __io_putchar
 .text.GPIO_Configuration
                0x0800658c       0x8c D:\WkPjt\MStory2.0\Mango-M32.Firmware\M32.Src015.SysTick\project\RIDE\obj\hw_config.o
                0x0800658c                GPIO_Configuration
 .text.USART1_Init
                0x08006618       0x40 D:\WkPjt\MStory2.0\Mango-M32.Firmware\M32.Src015.SysTick\project\RIDE\obj\hw_config.o
                0x08006618                USART1_Init
 .text.GPIO_ReadInputDataBit
                0x08006658        0xc D:\WkPjt\MStory2.0\Mango-M32.Firmware\M32.Src015.SysTick\project\RIDE\obj\stm.o
                0x08006658                GPIO_ReadInputDataBit
 .text.USART_SendData
                0x08006664        0x8 D:\WkPjt\MStory2.0\Mango-M32.Firmware\M32.Src015.SysTick\project\RIDE\obj\stm.o
                0x08006664                USART_SendData
 .text.USART_ReceiveData
                0x0800666c        0x8 D:\WkPjt\MStory2.0\Mango-M32.Firmware\M32.Src015.SysTick\project\RIDE\obj\stm.o
                0x0800666c                USART_ReceiveData
 .text.USART_GetFlagStatus
                0x08006674        0xc D:\WkPjt\MStory2.0\Mango-M32.Firmware\M32.Src015.SysTick\project\RIDE\obj\stm.o
                0x08006674                USART_GetFlagStatus
 .text.RCC_GetClocksFreq
                0x08006680       0x98 D:\WkPjt\MStory2.0\Mango-M32.Firmware\M32.Src015.SysTick\project\RIDE\obj\stm.o
                0x08006680                RCC_GetClocksFreq
 .text.USART_Init
                0x08006718       0x70 D:\WkPjt\MStory2.0\Mango-M32.Firmware\M32.Src015.SysTick\project\RIDE\obj\stm.o
                0x08006718                USART_Init
 .text.GPIO_Init
                0x08006788       0xa8 D:\WkPjt\MStory2.0\Mango-M32.Firmware\M32.Src015.SysTick\project\RIDE\obj\stm.o
                0x08006788                GPIO_Init
 .text.NVIC_SetPriority
                0x08006830       0x2c D:\WkPjt\MStory2.0\Mango-M32.Firmware\M32.Src015.SysTick\project\RIDE\obj\stm.o
                0x08006830                NVIC_SetPriority
 .text.SysTick_Config
                0x0800685c       0x30 D:\WkPjt\MStory2.0\Mango-M32.Firmware\M32.Src015.SysTick\project\RIDE\obj\stm.o
                0x0800685c                SysTick_Config
 .text.SysTick_Handler
                0x0800688c        0x8 D:\WkPjt\MStory2.0\Mango-M32.Firmware\M32.Src015.SysTick\project\RIDE\obj\stm.o
                0x0800688c                SysTick_Handler
 .text._read    0x08006894        0x8 C:\Program Files\Raisonance\Ride\Lib\ARM\STM32x_io_putchar_thumb.a(syscalls.o)
                0x08006894                _read
 .text._lseek   0x0800689c        0x8 C:\Program Files\Raisonance\Ride\Lib\ARM\STM32x_io_putchar_thumb.a(syscalls.o)
                0x0800689c                _lseek
 .text._close   0x080068a4        0x8 C:\Program Files\Raisonance\Ride\Lib\ARM\STM32x_io_putchar_thumb.a(syscalls.o)
                0x080068a4                _close
 .text._exit    0x080068ac        0x4 C:\Program Files\Raisonance\Ride\Lib\ARM\STM32x_io_putchar_thumb.a(syscalls.o)
                0x080068ac                _exit
 .text._kill    0x080068b0        0x8 C:\Program Files\Raisonance\Ride\Lib\ARM\STM32x_io_putchar_thumb.a(syscalls.o)
                0x080068b0                _kill
 .text._fstat   0x080068b8        0xc C:\Program Files\Raisonance\Ride\Lib\ARM\STM32x_io_putchar_thumb.a(syscalls.o)
                0x080068b8                _fstat
 .text._getpid  0x080068c4        0x8 C:\Program Files\Raisonance\Ride\Lib\ARM\STM32x_io_putchar_thumb.a(syscalls.o)
                0x080068c4                _getpid
 .text._isatty  0x080068cc        0x8 C:\Program Files\Raisonance\Ride\Lib\ARM\STM32x_io_putchar_thumb.a(syscalls.o)
                0x080068cc                _isatty
 .text._write   0x080068d4       0x20 C:\Program Files\Raisonance\Ride\Lib\ARM\STM32x_io_putchar_thumb.a(syscalls.o)
                0x080068d4                _write
 .text._sbrk    0x080068f4       0x50 C:\Program Files\Raisonance\Ride\Lib\ARM\STM32x_io_putchar_thumb.a(syscalls.o)
                0x080068f4                _sbrk
 *(.rodata)
 .rodata        0x08006944       0x20 c:/program files/raisonance/ride/arm-gcc/bin/../lib/gcc/arm-none-eabi/4.3.2/../../../../arm-none-eabi/lib/thumb2\libc.a(lib_a-vfprintf.o)
 .rodata        0x08006964       0x60 c:/program files/raisonance/ride/arm-gcc/bin/../lib/gcc/arm-none-eabi/4.3.2/../../../../arm-none-eabi/lib/thumb2\libc.a(lib_a-findfp.o)
                0x080069a4                __sf_fake_stderr
                0x08006964                __sf_fake_stdin
                0x08006984                __sf_fake_stdout
 .rodata        0x080069c4        0x4 c:/program files/raisonance/ride/arm-gcc/bin/../lib/gcc/arm-none-eabi/4.3.2/../../../../arm-none-eabi/lib/thumb2\libc.a(lib_a-impure.o)
                0x080069c4                _global_impure_ptr
 .rodata        0x080069c8       0x34 c:/program files/raisonance/ride/arm-gcc/bin/../lib/gcc/arm-none-eabi/4.3.2/../../../../arm-none-eabi/lib/thumb2\libc.a(lib_a-locale.o)
 *fill*         0x080069fc        0x4 00
 .rodata        0x08006a00      0x128 c:/program files/raisonance/ride/arm-gcc/bin/../lib/gcc/arm-none-eabi/4.3.2/../../../../arm-none-eabi/lib/thumb2\libc.a(lib_a-mprec.o)
                0x08006b00                __mprec_tinytens
                0x08006a00                __mprec_tens
                0x08006ad8                __mprec_bigtens
 .rodata        0x08006b28      0x100 c:/program files/raisonance/ride/arm-gcc/bin/../lib/gcc/arm-none-eabi/4.3.2/thumb2\libgcc.a(_clz.o)
                0x08006b28                __clz_tab
 *(.rodata*)
 .rodata.str1.1
                0x08006c28      0x128 D:\WkPjt\MStory2.0\Mango-M32.Firmware\M32.Src015.SysTick\project\RIDE\obj\main.o
                                0x13e (size before relaxing)
 .rodata.str1.1
                0x08006d50       0x3d D:\WkPjt\MStory2.0\Mango-M32.Firmware\M32.Src015.SysTick\project\RIDE\obj\led.o
 .rodata.str1.1
                0x08006d8d       0x13 D:\WkPjt\MStory2.0\Mango-M32.Firmware\M32.Src015.SysTick\project\RIDE\obj\seven_segment.o
 .rodata.str1.4
                0x08006da0        0x2 c:/program files/raisonance/ride/arm-gcc/bin/../lib/gcc/arm-none-eabi/4.3.2/../../../../arm-none-eabi/lib/thumb2\libc.a(lib_a-puts.o)
                                  0x4 (size before relaxing)
 *fill*         0x08006da2        0x2 00
 .rodata.str1.4
                0x08006da4       0x5e c:/program files/raisonance/ride/arm-gcc/bin/../lib/gcc/arm-none-eabi/4.3.2/../../../../arm-none-eabi/lib/thumb2\libc.a(lib_a-vfprintf.o)
                                 0x60 (size before relaxing)
 *fill*         0x08006e02        0x2 00
 .rodata.str1.4
                0x08006e04       0x10 c:/program files/raisonance/ride/arm-gcc/bin/../lib/gcc/arm-none-eabi/4.3.2/../../../../arm-none-eabi/lib/thumb2\libc.a(lib_a-dtoa.o)
                                 0x14 (size before relaxing)
 .rodata.str1.4
                0x08006e14        0x2 c:/program files/raisonance/ride/arm-gcc/bin/../lib/gcc/arm-none-eabi/4.3.2/../../../../arm-none-eabi/lib/thumb2\libc.a(lib_a-impure.o)
                                  0x4 (size before relaxing)
 *fill*         0x08006e16        0x2 00
 .rodata.str1.4
                0x08006e18        0xf c:/program files/raisonance/ride/arm-gcc/bin/../lib/gcc/arm-none-eabi/4.3.2/../../../../arm-none-eabi/lib/thumb2\libc.a(lib_a-locale.o)
                                 0x18 (size before relaxing)
 *fill*         0x08006e27        0x1 00
 .rodata.str1.4
                0x08006e28        0xc C:\Program Files\Raisonance\Ride\Lib\ARM\STM32x_io_putchar_thumb.a(syscalls.o)
 *(.glue_7)
 .glue_7        0x08006e34        0x0 D:\WkPjt\MStory2.0\Mango-M32.Firmware\M32.Src015.SysTick\project\RIDE\obj\main.o
 .glue_7        0x08006e34        0x0 D:\WkPjt\MStory2.0\Mango-M32.Firmware\M32.Src015.SysTick\project\RIDE\obj\startup_stm32f10x_md.o
 .glue_7        0x08006e34        0x0 D:\WkPjt\MStory2.0\Mango-M32.Firmware\M32.Src015.SysTick\project\RIDE\obj\led.o
 .glue_7        0x08006e34        0x0 D:\WkPjt\MStory2.0\Mango-M32.Firmware\M32.Src015.SysTick\project\RIDE\obj\key.o
 .glue_7        0x08006e34        0x0 D:\WkPjt\MStory2.0\Mango-M32.Firmware\M32.Src015.SysTick\project\RIDE\obj\seven_segment.o
 .glue_7        0x08006e34        0x0 D:\WkPjt\MStory2.0\Mango-M32.Firmware\M32.Src015.SysTick\project\RIDE\obj\hw_config.o
 .glue_7        0x08006e34        0x0 D:\WkPjt\MStory2.0\Mango-M32.Firmware\M32.Src015.SysTick\project\RIDE\obj\stm.o
 .glue_7        0x08006e34        0x0 c:/program files/raisonance/ride/arm-gcc/bin/../lib/gcc/arm-none-eabi/4.3.2/../../../../arm-none-eabi/lib/thumb2\libc.a(lib_a-printf.o)
 .glue_7        0x08006e34        0x0 c:/program files/raisonance/ride/arm-gcc/bin/../lib/gcc/arm-none-eabi/4.3.2/../../../../arm-none-eabi/lib/thumb2\libc.a(lib_a-puts.o)
 .glue_7        0x08006e34        0x0 c:/program files/raisonance/ride/arm-gcc/bin/../lib/gcc/arm-none-eabi/4.3.2/../../../../arm-none-eabi/lib/thumb2\libc.a(lib_a-strlen.o)
 .glue_7        0x08006e34        0x0 c:/program files/raisonance/ride/arm-gcc/bin/../lib/gcc/arm-none-eabi/4.3.2/../../../../arm-none-eabi/lib/thumb2\libc.a(lib_a-vfprintf.o)
 .glue_7        0x08006e34        0x0 c:/program files/raisonance/ride/arm-gcc/bin/../lib/gcc/arm-none-eabi/4.3.2/../../../../arm-none-eabi/lib/thumb2\libc.a(lib_a-wsetup.o)
 .glue_7        0x08006e34        0x0 c:/program files/raisonance/ride/arm-gcc/bin/../lib/gcc/arm-none-eabi/4.3.2/../../../../arm-none-eabi/lib/thumb2\libc.a(lib_a-dtoa.o)
 .glue_7        0x08006e34        0x0 c:/program files/raisonance/ride/arm-gcc/bin/../lib/gcc/arm-none-eabi/4.3.2/../../../../arm-none-eabi/lib/thumb2\libc.a(lib_a-fflush.o)
 .glue_7        0x08006e34        0x0 c:/program files/raisonance/ride/arm-gcc/bin/../lib/gcc/arm-none-eabi/4.3.2/../../../../arm-none-eabi/lib/thumb2\libc.a(lib_a-findfp.o)
 .glue_7        0x08006e34        0x0 c:/program files/raisonance/ride/arm-gcc/bin/../lib/gcc/arm-none-eabi/4.3.2/../../../../arm-none-eabi/lib/thumb2\libc.a(lib_a-freer.o)
 .glue_7        0x08006e34        0x0 c:/program files/raisonance/ride/arm-gcc/bin/../lib/gcc/arm-none-eabi/4.3.2/../../../../arm-none-eabi/lib/thumb2\libc.a(lib_a-fvwrite.o)
 .glue_7        0x08006e34        0x0 c:/program files/raisonance/ride/arm-gcc/bin/../lib/gcc/arm-none-eabi/4.3.2/../../../../arm-none-eabi/lib/thumb2\libc.a(lib_a-fwalk.o)
 .glue_7        0x08006e34        0x0 c:/program files/raisonance/ride/arm-gcc/bin/../lib/gcc/arm-none-eabi/4.3.2/../../../../arm-none-eabi/lib/thumb2\libc.a(lib_a-impure.o)
 .glue_7        0x08006e34        0x0 c:/program files/raisonance/ride/arm-gcc/bin/../lib/gcc/arm-none-eabi/4.3.2/../../../../arm-none-eabi/lib/thumb2\libc.a(lib_a-locale.o)
 .glue_7        0x08006e34        0x0 c:/program files/raisonance/ride/arm-gcc/bin/../lib/gcc/arm-none-eabi/4.3.2/../../../../arm-none-eabi/lib/thumb2\libc.a(lib_a-makebuf.o)
 .glue_7        0x08006e34        0x0 c:/program files/raisonance/ride/arm-gcc/bin/../lib/gcc/arm-none-eabi/4.3.2/../../../../arm-none-eabi/lib/thumb2\libc.a(lib_a-malloc.o)
 .glue_7        0x08006e34        0x0 c:/program files/raisonance/ride/arm-gcc/bin/../lib/gcc/arm-none-eabi/4.3.2/../../../../arm-none-eabi/lib/thumb2\libc.a(lib_a-mallocr.o)
 .glue_7        0x08006e34        0x0 c:/program files/raisonance/ride/arm-gcc/bin/../lib/gcc/arm-none-eabi/4.3.2/../../../../arm-none-eabi/lib/thumb2\libc.a(lib_a-memchr.o)
 .glue_7        0x08006e34        0x0 c:/program files/raisonance/ride/arm-gcc/bin/../lib/gcc/arm-none-eabi/4.3.2/../../../../arm-none-eabi/lib/thumb2\libc.a(lib_a-memcpy.o)
 .glue_7        0x08006e34        0x0 c:/program files/raisonance/ride/arm-gcc/bin/../lib/gcc/arm-none-eabi/4.3.2/../../../../arm-none-eabi/lib/thumb2\libc.a(lib_a-memmove.o)
 .glue_7        0x08006e34        0x0 c:/program files/raisonance/ride/arm-gcc/bin/../lib/gcc/arm-none-eabi/4.3.2/../../../../arm-none-eabi/lib/thumb2\libc.a(lib_a-memset.o)
 .glue_7        0x08006e34        0x0 c:/program files/raisonance/ride/arm-gcc/bin/../lib/gcc/arm-none-eabi/4.3.2/../../../../arm-none-eabi/lib/thumb2\libc.a(lib_a-mlock.o)
 .glue_7        0x08006e34        0x0 c:/program files/raisonance/ride/arm-gcc/bin/../lib/gcc/arm-none-eabi/4.3.2/../../../../arm-none-eabi/lib/thumb2\libc.a(lib_a-mprec.o)
 .glue_7        0x08006e34        0x0 c:/program files/raisonance/ride/arm-gcc/bin/../lib/gcc/arm-none-eabi/4.3.2/../../../../arm-none-eabi/lib/thumb2\libc.a(lib_a-reallocr.o)
 .glue_7        0x08006e34        0x0 c:/program files/raisonance/ride/arm-gcc/bin/../lib/gcc/arm-none-eabi/4.3.2/../../../../arm-none-eabi/lib/thumb2\libc.a(lib_a-s_isinfd.o)
 .glue_7        0x08006e34        0x0 c:/program files/raisonance/ride/arm-gcc/bin/../lib/gcc/arm-none-eabi/4.3.2/../../../../arm-none-eabi/lib/thumb2\libc.a(lib_a-s_isnand.o)
 .glue_7        0x08006e34        0x0 c:/program files/raisonance/ride/arm-gcc/bin/../lib/gcc/arm-none-eabi/4.3.2/../../../../arm-none-eabi/lib/thumb2\libc.a(lib_a-sbrkr.o)
 .glue_7        0x08006e34        0x0 c:/program files/raisonance/ride/arm-gcc/bin/../lib/gcc/arm-none-eabi/4.3.2/../../../../arm-none-eabi/lib/thumb2\libc.a(lib_a-stdio.o)
 .glue_7        0x08006e34        0x0 c:/program files/raisonance/ride/arm-gcc/bin/../lib/gcc/arm-none-eabi/4.3.2/../../../../arm-none-eabi/lib/thumb2\libc.a(lib_a-strcmp.o)
 .glue_7        0x08006e34        0x0 c:/program files/raisonance/ride/arm-gcc/bin/../lib/gcc/arm-none-eabi/4.3.2/../../../../arm-none-eabi/lib/thumb2\libc.a(lib_a-writer.o)
 .glue_7        0x08006e34        0x0 c:/program files/raisonance/ride/arm-gcc/bin/../lib/gcc/arm-none-eabi/4.3.2/../../../../arm-none-eabi/lib/thumb2\libc.a(lib_a-callocr.o)
 .glue_7        0x08006e34        0x0 c:/program files/raisonance/ride/arm-gcc/bin/../lib/gcc/arm-none-eabi/4.3.2/../../../../arm-none-eabi/lib/thumb2\libc.a(lib_a-closer.o)
 .glue_7        0x08006e34        0x0 c:/program files/raisonance/ride/arm-gcc/bin/../lib/gcc/arm-none-eabi/4.3.2/../../../../arm-none-eabi/lib/thumb2\libc.a(lib_a-fclose.o)
 .glue_7        0x08006e34        0x0 c:/program files/raisonance/ride/arm-gcc/bin/../lib/gcc/arm-none-eabi/4.3.2/../../../../arm-none-eabi/lib/thumb2\libc.a(lib_a-fstatr.o)
 .glue_7        0x08006e34        0x0 c:/program files/raisonance/ride/arm-gcc/bin/../lib/gcc/arm-none-eabi/4.3.2/../../../../arm-none-eabi/lib/thumb2\libc.a(lib_a-isattyr.o)
 .glue_7        0x08006e34        0x0 c:/program files/raisonance/ride/arm-gcc/bin/../lib/gcc/arm-none-eabi/4.3.2/../../../../arm-none-eabi/lib/thumb2\libc.a(lib_a-lseekr.o)
 .glue_7        0x08006e34        0x0 c:/program files/raisonance/ride/arm-gcc/bin/../lib/gcc/arm-none-eabi/4.3.2/../../../../arm-none-eabi/lib/thumb2\libc.a(lib_a-readr.o)
 .glue_7        0x08006e34        0x0 c:/program files/raisonance/ride/arm-gcc/bin/../lib/gcc/arm-none-eabi/4.3.2/../../../../arm-none-eabi/lib/thumb2\libc.a(lib_a-reent.o)
 .glue_7        0x08006e34        0x0 c:/program files/raisonance/ride/arm-gcc/bin/../lib/gcc/arm-none-eabi/4.3.2/thumb2\libgcc.a(_udivsi3.o)
 .glue_7        0x08006e34        0x0 c:/program files/raisonance/ride/arm-gcc/bin/../lib/gcc/arm-none-eabi/4.3.2/thumb2\libgcc.a(_dvmd_tls.o)
 .glue_7        0x08006e34        0x0 c:/program files/raisonance/ride/arm-gcc/bin/../lib/gcc/arm-none-eabi/4.3.2/thumb2\libgcc.a(_arm_addsubdf3.o)
 .glue_7        0x08006e34        0x0 c:/program files/raisonance/ride/arm-gcc/bin/../lib/gcc/arm-none-eabi/4.3.2/thumb2\libgcc.a(_arm_muldivdf3.o)
 .glue_7        0x08006e34        0x0 c:/program files/raisonance/ride/arm-gcc/bin/../lib/gcc/arm-none-eabi/4.3.2/thumb2\libgcc.a(_arm_cmpdf2.o)
 .glue_7        0x08006e34        0x0 c:/program files/raisonance/ride/arm-gcc/bin/../lib/gcc/arm-none-eabi/4.3.2/thumb2\libgcc.a(_arm_fixdfsi.o)
 .glue_7        0x08006e34        0x0 c:/program files/raisonance/ride/arm-gcc/bin/../lib/gcc/arm-none-eabi/4.3.2/thumb2\libgcc.a(_aeabi_uldivmod.o)
 .glue_7        0x08006e34        0x0 c:/program files/raisonance/ride/arm-gcc/bin/../lib/gcc/arm-none-eabi/4.3.2/thumb2\libgcc.a(bpabi.o)
 .glue_7        0x08006e34        0x0 c:/program files/raisonance/ride/arm-gcc/bin/../lib/gcc/arm-none-eabi/4.3.2/thumb2\libgcc.a(_divdi3.o)
 .glue_7        0x08006e34        0x0 c:/program files/raisonance/ride/arm-gcc/bin/../lib/gcc/arm-none-eabi/4.3.2/thumb2\libgcc.a(_udivdi3.o)
 .glue_7        0x08006e34        0x0 c:/program files/raisonance/ride/arm-gcc/bin/../lib/gcc/arm-none-eabi/4.3.2/thumb2\libgcc.a(_clz.o)
 .glue_7        0x08006e34        0x0 C:\Program Files\Raisonance\Ride\Lib\ARM\STM32x_io_putchar_thumb.a(syscalls.o)
 .glue_7        0x08006e34        0x0 c:/program files/raisonance/ride/arm-gcc/bin/../lib/gcc/arm-none-eabi/4.3.2/../../../../arm-none-eabi/lib/thumb2\libc.a(lib_a-abort.o)
 .glue_7        0x08006e34        0x0 c:/program files/raisonance/ride/arm-gcc/bin/../lib/gcc/arm-none-eabi/4.3.2/../../../../arm-none-eabi/lib/thumb2\libc.a(lib_a-errno.o)
 .glue_7        0x08006e34        0x0 c:/program files/raisonance/ride/arm-gcc/bin/../lib/gcc/arm-none-eabi/4.3.2/../../../../arm-none-eabi/lib/thumb2\libc.a(lib_a-signal.o)
 .glue_7        0x08006e34        0x0 c:/program files/raisonance/ride/arm-gcc/bin/../lib/gcc/arm-none-eabi/4.3.2/../../../../arm-none-eabi/lib/thumb2\libc.a(lib_a-signalr.o)
 *(.glue_7t)
 .glue_7t       0x08006e34        0x0 D:\WkPjt\MStory2.0\Mango-M32.Firmware\M32.Src015.SysTick\project\RIDE\obj\main.o
 .glue_7t       0x08006e34        0x0 D:\WkPjt\MStory2.0\Mango-M32.Firmware\M32.Src015.SysTick\project\RIDE\obj\startup_stm32f10x_md.o
 .glue_7t       0x08006e34        0x0 D:\WkPjt\MStory2.0\Mango-M32.Firmware\M32.Src015.SysTick\project\RIDE\obj\led.o
 .glue_7t       0x08006e34        0x0 D:\WkPjt\MStory2.0\Mango-M32.Firmware\M32.Src015.SysTick\project\RIDE\obj\key.o
 .glue_7t       0x08006e34        0x0 D:\WkPjt\MStory2.0\Mango-M32.Firmware\M32.Src015.SysTick\project\RIDE\obj\seven_segment.o
 .glue_7t       0x08006e34        0x0 D:\WkPjt\MStory2.0\Mango-M32.Firmware\M32.Src015.SysTick\project\RIDE\obj\hw_config.o
 .glue_7t       0x08006e34        0x0 D:\WkPjt\MStory2.0\Mango-M32.Firmware\M32.Src015.SysTick\project\RIDE\obj\stm.o
 .glue_7t       0x08006e34        0x0 c:/program files/raisonance/ride/arm-gcc/bin/../lib/gcc/arm-none-eabi/4.3.2/../../../../arm-none-eabi/lib/thumb2\libc.a(lib_a-printf.o)
 .glue_7t       0x08006e34        0x0 c:/program files/raisonance/ride/arm-gcc/bin/../lib/gcc/arm-none-eabi/4.3.2/../../../../arm-none-eabi/lib/thumb2\libc.a(lib_a-puts.o)
 .glue_7t       0x08006e34        0x0 c:/program files/raisonance/ride/arm-gcc/bin/../lib/gcc/arm-none-eabi/4.3.2/../../../../arm-none-eabi/lib/thumb2\libc.a(lib_a-strlen.o)
 .glue_7t       0x08006e34        0x0 c:/program files/raisonance/ride/arm-gcc/bin/../lib/gcc/arm-none-eabi/4.3.2/../../../../arm-none-eabi/lib/thumb2\libc.a(lib_a-vfprintf.o)
 .glue_7t       0x08006e34        0x0 c:/program files/raisonance/ride/arm-gcc/bin/../lib/gcc/arm-none-eabi/4.3.2/../../../../arm-none-eabi/lib/thumb2\libc.a(lib_a-wsetup.o)
 .glue_7t       0x08006e34        0x0 c:/program files/raisonance/ride/arm-gcc/bin/../lib/gcc/arm-none-eabi/4.3.2/../../../../arm-none-eabi/lib/thumb2\libc.a(lib_a-dtoa.o)
 .glue_7t       0x08006e34        0x0 c:/program files/raisonance/ride/arm-gcc/bin/../lib/gcc/arm-none-eabi/4.3.2/../../../../arm-none-eabi/lib/thumb2\libc.a(lib_a-fflush.o)
 .glue_7t       0x08006e34        0x0 c:/program files/raisonance/ride/arm-gcc/bin/../lib/gcc/arm-none-eabi/4.3.2/../../../../arm-none-eabi/lib/thumb2\libc.a(lib_a-findfp.o)
 .glue_7t       0x08006e34        0x0 c:/program files/raisonance/ride/arm-gcc/bin/../lib/gcc/arm-none-eabi/4.3.2/../../../../arm-none-eabi/lib/thumb2\libc.a(lib_a-freer.o)
 .glue_7t       0x08006e34        0x0 c:/program files/raisonance/ride/arm-gcc/bin/../lib/gcc/arm-none-eabi/4.3.2/../../../../arm-none-eabi/lib/thumb2\libc.a(lib_a-fvwrite.o)
 .glue_7t       0x08006e34        0x0 c:/program files/raisonance/ride/arm-gcc/bin/../lib/gcc/arm-none-eabi/4.3.2/../../../../arm-none-eabi/lib/thumb2\libc.a(lib_a-fwalk.o)
 .glue_7t       0x08006e34        0x0 c:/program files/raisonance/ride/arm-gcc/bin/../lib/gcc/arm-none-eabi/4.3.2/../../../../arm-none-eabi/lib/thumb2\libc.a(lib_a-impure.o)
 .glue_7t       0x08006e34        0x0 c:/program files/raisonance/ride/arm-gcc/bin/../lib/gcc/arm-none-eabi/4.3.2/../../../../arm-none-eabi/lib/thumb2\libc.a(lib_a-locale.o)
 .glue_7t       0x08006e34        0x0 c:/program files/raisonance/ride/arm-gcc/bin/../lib/gcc/arm-none-eabi/4.3.2/../../../../arm-none-eabi/lib/thumb2\libc.a(lib_a-makebuf.o)
 .glue_7t       0x08006e34        0x0 c:/program files/raisonance/ride/arm-gcc/bin/../lib/gcc/arm-none-eabi/4.3.2/../../../../arm-none-eabi/lib/thumb2\libc.a(lib_a-malloc.o)
 .glue_7t       0x08006e34        0x0 c:/program files/raisonance/ride/arm-gcc/bin/../lib/gcc/arm-none-eabi/4.3.2/../../../../arm-none-eabi/lib/thumb2\libc.a(lib_a-mallocr.o)
 .glue_7t       0x08006e34        0x0 c:/program files/raisonance/ride/arm-gcc/bin/../lib/gcc/arm-none-eabi/4.3.2/../../../../arm-none-eabi/lib/thumb2\libc.a(lib_a-memchr.o)
 .glue_7t       0x08006e34        0x0 c:/program files/raisonance/ride/arm-gcc/bin/../lib/gcc/arm-none-eabi/4.3.2/../../../../arm-none-eabi/lib/thumb2\libc.a(lib_a-memcpy.o)
 .glue_7t       0x08006e34        0x0 c:/program files/raisonance/ride/arm-gcc/bin/../lib/gcc/arm-none-eabi/4.3.2/../../../../arm-none-eabi/lib/thumb2\libc.a(lib_a-memmove.o)
 .glue_7t       0x08006e34        0x0 c:/program files/raisonance/ride/arm-gcc/bin/../lib/gcc/arm-none-eabi/4.3.2/../../../../arm-none-eabi/lib/thumb2\libc.a(lib_a-memset.o)
 .glue_7t       0x08006e34        0x0 c:/program files/raisonance/ride/arm-gcc/bin/../lib/gcc/arm-none-eabi/4.3.2/../../../../arm-none-eabi/lib/thumb2\libc.a(lib_a-mlock.o)
 .glue_7t       0x08006e34        0x0 c:/program files/raisonance/ride/arm-gcc/bin/../lib/gcc/arm-none-eabi/4.3.2/../../../../arm-none-eabi/lib/thumb2\libc.a(lib_a-mprec.o)
 .glue_7t       0x08006e34        0x0 c:/program files/raisonance/ride/arm-gcc/bin/../lib/gcc/arm-none-eabi/4.3.2/../../../../arm-none-eabi/lib/thumb2\libc.a(lib_a-reallocr.o)
 .glue_7t       0x08006e34        0x0 c:/program files/raisonance/ride/arm-gcc/bin/../lib/gcc/arm-none-eabi/4.3.2/../../../../arm-none-eabi/lib/thumb2\libc.a(lib_a-s_isinfd.o)
 .glue_7t       0x08006e34        0x0 c:/program files/raisonance/ride/arm-gcc/bin/../lib/gcc/arm-none-eabi/4.3.2/../../../../arm-none-eabi/lib/thumb2\libc.a(lib_a-s_isnand.o)
 .glue_7t       0x08006e34        0x0 c:/program files/raisonance/ride/arm-gcc/bin/../lib/gcc/arm-none-eabi/4.3.2/../../../../arm-none-eabi/lib/thumb2\libc.a(lib_a-sbrkr.o)
 .glue_7t       0x08006e34        0x0 c:/program files/raisonance/ride/arm-gcc/bin/../lib/gcc/arm-none-eabi/4.3.2/../../../../arm-none-eabi/lib/thumb2\libc.a(lib_a-stdio.o)
 .glue_7t       0x08006e34        0x0 c:/program files/raisonance/ride/arm-gcc/bin/../lib/gcc/arm-none-eabi/4.3.2/../../../../arm-none-eabi/lib/thumb2\libc.a(lib_a-strcmp.o)
 .glue_7t       0x08006e34        0x0 c:/program files/raisonance/ride/arm-gcc/bin/../lib/gcc/arm-none-eabi/4.3.2/../../../../arm-none-eabi/lib/thumb2\libc.a(lib_a-writer.o)
 .glue_7t       0x08006e34        0x0 c:/program files/raisonance/ride/arm-gcc/bin/../lib/gcc/arm-none-eabi/4.3.2/../../../../arm-none-eabi/lib/thumb2\libc.a(lib_a-callocr.o)
 .glue_7t       0x08006e34        0x0 c:/program files/raisonance/ride/arm-gcc/bin/../lib/gcc/arm-none-eabi/4.3.2/../../../../arm-none-eabi/lib/thumb2\libc.a(lib_a-closer.o)
 .glue_7t       0x08006e34        0x0 c:/program files/raisonance/ride/arm-gcc/bin/../lib/gcc/arm-none-eabi/4.3.2/../../../../arm-none-eabi/lib/thumb2\libc.a(lib_a-fclose.o)
 .glue_7t       0x08006e34        0x0 c:/program files/raisonance/ride/arm-gcc/bin/../lib/gcc/arm-none-eabi/4.3.2/../../../../arm-none-eabi/lib/thumb2\libc.a(lib_a-fstatr.o)
 .glue_7t       0x08006e34        0x0 c:/program files/raisonance/ride/arm-gcc/bin/../lib/gcc/arm-none-eabi/4.3.2/../../../../arm-none-eabi/lib/thumb2\libc.a(lib_a-isattyr.o)
 .glue_7t       0x08006e34        0x0 c:/program files/raisonance/ride/arm-gcc/bin/../lib/gcc/arm-none-eabi/4.3.2/../../../../arm-none-eabi/lib/thumb2\libc.a(lib_a-lseekr.o)
 .glue_7t       0x08006e34        0x0 c:/program files/raisonance/ride/arm-gcc/bin/../lib/gcc/arm-none-eabi/4.3.2/../../../../arm-none-eabi/lib/thumb2\libc.a(lib_a-readr.o)
 .glue_7t       0x08006e34        0x0 c:/program files/raisonance/ride/arm-gcc/bin/../lib/gcc/arm-none-eabi/4.3.2/../../../../arm-none-eabi/lib/thumb2\libc.a(lib_a-reent.o)
 .glue_7t       0x08006e34        0x0 c:/program files/raisonance/ride/arm-gcc/bin/../lib/gcc/arm-none-eabi/4.3.2/thumb2\libgcc.a(_udivsi3.o)
 .glue_7t       0x08006e34        0x0 c:/program files/raisonance/ride/arm-gcc/bin/../lib/gcc/arm-none-eabi/4.3.2/thumb2\libgcc.a(_dvmd_tls.o)
 .glue_7t       0x08006e34        0x0 c:/program files/raisonance/ride/arm-gcc/bin/../lib/gcc/arm-none-eabi/4.3.2/thumb2\libgcc.a(_arm_addsubdf3.o)
 .glue_7t       0x08006e34        0x0 c:/program files/raisonance/ride/arm-gcc/bin/../lib/gcc/arm-none-eabi/4.3.2/thumb2\libgcc.a(_arm_muldivdf3.o)
 .glue_7t       0x08006e34        0x0 c:/program files/raisonance/ride/arm-gcc/bin/../lib/gcc/arm-none-eabi/4.3.2/thumb2\libgcc.a(_arm_cmpdf2.o)
 .glue_7t       0x08006e34        0x0 c:/program files/raisonance/ride/arm-gcc/bin/../lib/gcc/arm-none-eabi/4.3.2/thumb2\libgcc.a(_arm_fixdfsi.o)
 .glue_7t       0x08006e34        0x0 c:/program files/raisonance/ride/arm-gcc/bin/../lib/gcc/arm-none-eabi/4.3.2/thumb2\libgcc.a(_aeabi_uldivmod.o)
 .glue_7t       0x08006e34        0x0 c:/program files/raisonance/ride/arm-gcc/bin/../lib/gcc/arm-none-eabi/4.3.2/thumb2\libgcc.a(bpabi.o)
 .glue_7t       0x08006e34        0x0 c:/program files/raisonance/ride/arm-gcc/bin/../lib/gcc/arm-none-eabi/4.3.2/thumb2\libgcc.a(_divdi3.o)
 .glue_7t       0x08006e34        0x0 c:/program files/raisonance/ride/arm-gcc/bin/../lib/gcc/arm-none-eabi/4.3.2/thumb2\libgcc.a(_udivdi3.o)
 .glue_7t       0x08006e34        0x0 c:/program files/raisonance/ride/arm-gcc/bin/../lib/gcc/arm-none-eabi/4.3.2/thumb2\libgcc.a(_clz.o)
 .glue_7t       0x08006e34        0x0 C:\Program Files\Raisonance\Ride\Lib\ARM\STM32x_io_putchar_thumb.a(syscalls.o)
 .glue_7t       0x08006e34        0x0 c:/program files/raisonance/ride/arm-gcc/bin/../lib/gcc/arm-none-eabi/4.3.2/../../../../arm-none-eabi/lib/thumb2\libc.a(lib_a-abort.o)
 .glue_7t       0x08006e34        0x0 c:/program files/raisonance/ride/arm-gcc/bin/../lib/gcc/arm-none-eabi/4.3.2/../../../../arm-none-eabi/lib/thumb2\libc.a(lib_a-errno.o)
 .glue_7t       0x08006e34        0x0 c:/program files/raisonance/ride/arm-gcc/bin/../lib/gcc/arm-none-eabi/4.3.2/../../../../arm-none-eabi/lib/thumb2\libc.a(lib_a-signal.o)
 .glue_7t       0x08006e34        0x0 c:/program files/raisonance/ride/arm-gcc/bin/../lib/gcc/arm-none-eabi/4.3.2/../../../../arm-none-eabi/lib/thumb2\libc.a(lib_a-signalr.o)
                0x08006e34                . = ALIGN (0x4)
                0x08006e34                _etext = .
                0x08006e34                _sidata = _etext

.vfp11_veneer   0x20000000        0x0
 .vfp11_veneer  0x20000000        0x0 D:\WkPjt\MStory2.0\Mango-M32.Firmware\M32.Src015.SysTick\project\RIDE\obj\main.o
 .vfp11_veneer  0x20000000        0x0 D:\WkPjt\MStory2.0\Mango-M32.Firmware\M32.Src015.SysTick\project\RIDE\obj\startup_stm32f10x_md.o
 .vfp11_veneer  0x20000000        0x0 D:\WkPjt\MStory2.0\Mango-M32.Firmware\M32.Src015.SysTick\project\RIDE\obj\led.o
 .vfp11_veneer  0x20000000        0x0 D:\WkPjt\MStory2.0\Mango-M32.Firmware\M32.Src015.SysTick\project\RIDE\obj\key.o
 .vfp11_veneer  0x20000000        0x0 D:\WkPjt\MStory2.0\Mango-M32.Firmware\M32.Src015.SysTick\project\RIDE\obj\seven_segment.o
 .vfp11_veneer  0x20000000        0x0 D:\WkPjt\MStory2.0\Mango-M32.Firmware\M32.Src015.SysTick\project\RIDE\obj\hw_config.o
 .vfp11_veneer  0x20000000        0x0 D:\WkPjt\MStory2.0\Mango-M32.Firmware\M32.Src015.SysTick\project\RIDE\obj\stm.o
 .vfp11_veneer  0x20000000        0x0 C:\Program Files\Raisonance\Ride\Lib\ARM\STM32x_io_putchar_thumb.a(syscalls.o)
 .vfp11_veneer  0x20000000        0x0 c:/program files/raisonance/ride/arm-gcc/bin/../lib/gcc/arm-none-eabi/4.3.2/../../../../arm-none-eabi/lib/thumb2\libc.a(lib_a-abort.o)
 .vfp11_veneer  0x20000000        0x0 c:/program files/raisonance/ride/arm-gcc/bin/../lib/gcc/arm-none-eabi/4.3.2/../../../../arm-none-eabi/lib/thumb2\libc.a(lib_a-errno.o)
 .vfp11_veneer  0x20000000        0x0 c:/program files/raisonance/ride/arm-gcc/bin/../lib/gcc/arm-none-eabi/4.3.2/../../../../arm-none-eabi/lib/thumb2\libc.a(lib_a-signal.o)
 .vfp11_veneer  0x20000000        0x0 c:/program files/raisonance/ride/arm-gcc/bin/../lib/gcc/arm-none-eabi/4.3.2/../../../../arm-none-eabi/lib/thumb2\libc.a(lib_a-signalr.o)

.janus_2cc_veneer
                0x20000000        0x0
 .janus_2cc_veneer
                0x20000000        0x0 D:\WkPjt\MStory2.0\Mango-M32.Firmware\M32.Src015.SysTick\project\RIDE\obj\main.o
 .janus_2cc_veneer
                0x20000000        0x0 D:\WkPjt\MStory2.0\Mango-M32.Firmware\M32.Src015.SysTick\project\RIDE\obj\startup_stm32f10x_md.o
 .janus_2cc_veneer
                0x20000000        0x0 D:\WkPjt\MStory2.0\Mango-M32.Firmware\M32.Src015.SysTick\project\RIDE\obj\led.o
 .janus_2cc_veneer
                0x20000000        0x0 D:\WkPjt\MStory2.0\Mango-M32.Firmware\M32.Src015.SysTick\project\RIDE\obj\key.o
 .janus_2cc_veneer
                0x20000000        0x0 D:\WkPjt\MStory2.0\Mango-M32.Firmware\M32.Src015.SysTick\project\RIDE\obj\seven_segment.o
 .janus_2cc_veneer
                0x20000000        0x0 D:\WkPjt\MStory2.0\Mango-M32.Firmware\M32.Src015.SysTick\project\RIDE\obj\hw_config.o
 .janus_2cc_veneer
                0x20000000        0x0 D:\WkPjt\MStory2.0\Mango-M32.Firmware\M32.Src015.SysTick\project\RIDE\obj\stm.o
 .janus_2cc_veneer
                0x20000000        0x0 C:\Program Files\Raisonance\Ride\Lib\ARM\STM32x_io_putchar_thumb.a(syscalls.o)
 .janus_2cc_veneer
                0x20000000        0x0 c:/program files/raisonance/ride/arm-gcc/bin/../lib/gcc/arm-none-eabi/4.3.2/../../../../arm-none-eabi/lib/thumb2\libc.a(lib_a-abort.o)
 .janus_2cc_veneer
                0x20000000        0x0 c:/program files/raisonance/ride/arm-gcc/bin/../lib/gcc/arm-none-eabi/4.3.2/../../../../arm-none-eabi/lib/thumb2\libc.a(lib_a-errno.o)
 .janus_2cc_veneer
                0x20000000        0x0 c:/program files/raisonance/ride/arm-gcc/bin/../lib/gcc/arm-none-eabi/4.3.2/../../../../arm-none-eabi/lib/thumb2\libc.a(lib_a-signal.o)
 .janus_2cc_veneer
                0x20000000        0x0 c:/program files/raisonance/ride/arm-gcc/bin/../lib/gcc/arm-none-eabi/4.3.2/../../../../arm-none-eabi/lib/thumb2\libc.a(lib_a-signalr.o)

.v4_bx          0x20000000        0x0
 .v4_bx         0x20000000        0x0 D:\WkPjt\MStory2.0\Mango-M32.Firmware\M32.Src015.SysTick\project\RIDE\obj\main.o
 .v4_bx         0x20000000        0x0 D:\WkPjt\MStory2.0\Mango-M32.Firmware\M32.Src015.SysTick\project\RIDE\obj\startup_stm32f10x_md.o
 .v4_bx         0x20000000        0x0 D:\WkPjt\MStory2.0\Mango-M32.Firmware\M32.Src015.SysTick\project\RIDE\obj\led.o
 .v4_bx         0x20000000        0x0 D:\WkPjt\MStory2.0\Mango-M32.Firmware\M32.Src015.SysTick\project\RIDE\obj\key.o
 .v4_bx         0x20000000        0x0 D:\WkPjt\MStory2.0\Mango-M32.Firmware\M32.Src015.SysTick\project\RIDE\obj\seven_segment.o
 .v4_bx         0x20000000        0x0 D:\WkPjt\MStory2.0\Mango-M32.Firmware\M32.Src015.SysTick\project\RIDE\obj\hw_config.o
 .v4_bx         0x20000000        0x0 D:\WkPjt\MStory2.0\Mango-M32.Firmware\M32.Src015.SysTick\project\RIDE\obj\stm.o
 .v4_bx         0x20000000        0x0 C:\Program Files\Raisonance\Ride\Lib\ARM\STM32x_io_putchar_thumb.a(syscalls.o)
 .v4_bx         0x20000000        0x0 c:/program files/raisonance/ride/arm-gcc/bin/../lib/gcc/arm-none-eabi/4.3.2/../../../../arm-none-eabi/lib/thumb2\libc.a(lib_a-abort.o)
 .v4_bx         0x20000000        0x0 c:/program files/raisonance/ride/arm-gcc/bin/../lib/gcc/arm-none-eabi/4.3.2/../../../../arm-none-eabi/lib/thumb2\libc.a(lib_a-errno.o)
 .v4_bx         0x20000000        0x0 c:/program files/raisonance/ride/arm-gcc/bin/../lib/gcc/arm-none-eabi/4.3.2/../../../../arm-none-eabi/lib/thumb2\libc.a(lib_a-signal.o)
 .v4_bx         0x20000000        0x0 c:/program files/raisonance/ride/arm-gcc/bin/../lib/gcc/arm-none-eabi/4.3.2/../../../../arm-none-eabi/lib/thumb2\libc.a(lib_a-signalr.o)

.flashpatch     0x00000000        0x0
                0x00000000                . = ALIGN (0x4)
 *(.flashpatch)
                0x00000000                . = ALIGN (0x4)

.endflash       0x00000000        0x0
                0x00000000                . = ALIGN (0x4)
 *(.endflash)
                0x00000000                . = ALIGN (0x4)

.data           0x20000000      0x518 load address 0x08006e34
                0x20000000                . = ALIGN (0x4)
                0x20000000                _sdata = .
 *(.data)
 .data          0x20000000       0x14 D:\WkPjt\MStory2.0\Mango-M32.Firmware\M32.Src015.SysTick\project\RIDE\obj\stm.o
 .data          0x20000014       0xf4 c:/program files/raisonance/ride/arm-gcc/bin/../lib/gcc/arm-none-eabi/4.3.2/../../../../arm-none-eabi/lib/thumb2\libc.a(lib_a-impure.o)
                0x20000014                _impure_ptr
 .data          0x20000108      0x410 c:/program files/raisonance/ride/arm-gcc/bin/../lib/gcc/arm-none-eabi/4.3.2/../../../../arm-none-eabi/lib/thumb2\libc.a(lib_a-mallocr.o)
                0x20000510                __malloc_sbrk_base
                0x20000108                __malloc_av_
                0x20000514                __malloc_trim_threshold
 *(.data.*)
 *(.RAMtext)
                0x20000518                . = ALIGN (0x4)
                0x20000518                _edata = .

.bss            0x20000518       0x58 load address 0x0800734c
                0x20000518                . = ALIGN (0x4)
                0x20000518                _sbss = .
 *(.bss)
 .bss           0x20000518        0x8 D:\WkPjt\MStory2.0\Mango-M32.Firmware\M32.Src015.SysTick\project\RIDE\obj\hw_config.o
                0x20000518                StartUpCounter
 .bss           0x20000520       0x34 c:/program files/raisonance/ride/arm-gcc/bin/../lib/gcc/arm-none-eabi/4.3.2/../../../../arm-none-eabi/lib/thumb2\libc.a(lib_a-mallocr.o)
                0x20000520                __malloc_top_pad
                0x2000054c                __malloc_max_sbrked_mem
                0x20000524                __malloc_current_mallinfo
                0x20000550                __malloc_max_total_mem
 .bss           0x20000554        0x4 C:\Program Files\Raisonance\Ride\Lib\ARM\STM32x_io_putchar_thumb.a(syscalls.o)
 *(COMMON)
 COMMON         0x20000558       0x14 D:\WkPjt\MStory2.0\Mango-M32.Firmware\M32.Src015.SysTick\project\RIDE\obj\main.o
                0x20000558                rcc_clocks
 COMMON         0x2000056c        0x4 c:/program files/raisonance/ride/arm-gcc/bin/../lib/gcc/arm-none-eabi/4.3.2/../../../../arm-none-eabi/lib/thumb2\libc.a(lib_a-reent.o)
                0x2000056c                errno
                0x20000570                . = ALIGN (0x4)
                0x20000570                _ebss = .
                0x20000570                PROVIDE (end, _ebss)
                0x20000570                PROVIDE (_end, _ebss)

._usrstack      0x20000570      0x100 load address 0x080073a4
                0x20000570                . = ALIGN (0x4)
                0x20000570                _susrstack = .
                0x20000670                . = (. + _Minimum_Stack_Size)
 *fill*         0x20000570      0x100 00
                0x20000670                . = ALIGN (0x4)
                0x20000670                _eusrstack = .

.b1text
 *(.b1text)
 *(.b1rodata)
 *(.b1rodata*)

.eb0text
 *(.eb0text)
 *(.eb0rodata)
 *(.eb0rodata*)

.eb1text
 *(.eb1text)
 *(.eb1rodata)
 *(.eb1rodata*)

.eb2text
 *(.eb2text)
 *(.eb2rodata)
 *(.eb2rodata*)

.eb3text
 *(.eb3text)
 *(.eb3rodata)
 *(.eb3rodata*)
                0x20000670                __exidx_start = .
                0x20000670                __exidx_end = .

/DISCARD/
 libc.a(*)
 libm.a(*)
 libgcc.a(*)

.stab
 *(.stab)

.stabstr
 *(.stabstr)

.stab.excl
 *(.stab.excl)

.stab.exclstr
 *(.stab.exclstr)

.stab.index
 *(.stab.index)

.stab.indexstr
 *(.stab.indexstr)

.comment        0x00000000      0x127
 *(.comment)
 .comment       0x00000000       0x2a D:\WkPjt\MStory2.0\Mango-M32.Firmware\M32.Src015.SysTick\project\RIDE\obj\main.o
 .comment       0x0000002a       0x2a D:\WkPjt\MStory2.0\Mango-M32.Firmware\M32.Src015.SysTick\project\RIDE\obj\led.o
 .comment       0x00000054       0x2a D:\WkPjt\MStory2.0\Mango-M32.Firmware\M32.Src015.SysTick\project\RIDE\obj\key.o
 .comment       0x0000007e       0x2a D:\WkPjt\MStory2.0\Mango-M32.Firmware\M32.Src015.SysTick\project\RIDE\obj\seven_segment.o
 .comment       0x000000a8       0x2a D:\WkPjt\MStory2.0\Mango-M32.Firmware\M32.Src015.SysTick\project\RIDE\obj\hw_config.o
 .comment       0x000000d2       0x2a D:\WkPjt\MStory2.0\Mango-M32.Firmware\M32.Src015.SysTick\project\RIDE\obj\stm.o
 .comment       0x000000fc       0x2b C:\Program Files\Raisonance\Ride\Lib\ARM\STM32x_io_putchar_thumb.a(syscalls.o)

.debug
 *(.debug)

.line
 *(.line)

.debug_srcinfo
 *(.debug_srcinfo)

.debug_sfnames
 *(.debug_sfnames)

.debug_aranges  0x00000000      0x1f8
 *(.debug_aranges)
 .debug_aranges
                0x00000000       0x30 D:\WkPjt\MStory2.0\Mango-M32.Firmware\M32.Src015.SysTick\project\RIDE\obj\main.o
 .debug_aranges
                0x00000030       0x68 D:\WkPjt\MStory2.0\Mango-M32.Firmware\M32.Src015.SysTick\project\RIDE\obj\led.o
 .debug_aranges
                0x00000098       0x20 D:\WkPjt\MStory2.0\Mango-M32.Firmware\M32.Src015.SysTick\project\RIDE\obj\key.o
 .debug_aranges
                0x000000b8       0x58 D:\WkPjt\MStory2.0\Mango-M32.Firmware\M32.Src015.SysTick\project\RIDE\obj\seven_segment.o
 .debug_aranges
                0x00000110       0x80 D:\WkPjt\MStory2.0\Mango-M32.Firmware\M32.Src015.SysTick\project\RIDE\obj\hw_config.o
 .debug_aranges
                0x00000190       0x68 D:\WkPjt\MStory2.0\Mango-M32.Firmware\M32.Src015.SysTick\project\RIDE\obj\stm.o

.debug_pubnames
                0x00000000      0x3ee
 *(.debug_pubnames)
 .debug_pubnames
                0x00000000       0x50 D:\WkPjt\MStory2.0\Mango-M32.Firmware\M32.Src015.SysTick\project\RIDE\obj\main.o
 .debug_pubnames
                0x00000050       0xb9 D:\WkPjt\MStory2.0\Mango-M32.Firmware\M32.Src015.SysTick\project\RIDE\obj\led.o
 .debug_pubnames
                0x00000109       0x1f D:\WkPjt\MStory2.0\Mango-M32.Firmware\M32.Src015.SysTick\project\RIDE\obj\key.o
 .debug_pubnames
                0x00000128       0xb8 D:\WkPjt\MStory2.0\Mango-M32.Firmware\M32.Src015.SysTick\project\RIDE\obj\seven_segment.o
 .debug_pubnames
                0x000001e0      0x132 D:\WkPjt\MStory2.0\Mango-M32.Firmware\M32.Src015.SysTick\project\RIDE\obj\hw_config.o
 .debug_pubnames
                0x00000312       0xdc D:\WkPjt\MStory2.0\Mango-M32.Firmware\M32.Src015.SysTick\project\RIDE\obj\stm.o

.debug_info     0x00000000     0x1c27
 *(.debug_info .gnu.linkonce.wi.*)
 .debug_info    0x00000000      0x2de D:\WkPjt\MStory2.0\Mango-M32.Firmware\M32.Src015.SysTick\project\RIDE\obj\main.o
 .debug_info    0x000002de      0x1cb D:\WkPjt\MStory2.0\Mango-M32.Firmware\M32.Src015.SysTick\project\RIDE\obj\led.o
 .debug_info    0x000004a9      0x127 D:\WkPjt\MStory2.0\Mango-M32.Firmware\M32.Src015.SysTick\project\RIDE\obj\key.o
 .debug_info    0x000005d0      0x32f D:\WkPjt\MStory2.0\Mango-M32.Firmware\M32.Src015.SysTick\project\RIDE\obj\seven_segment.o
 .debug_info    0x000008ff      0x7a6 D:\WkPjt\MStory2.0\Mango-M32.Firmware\M32.Src015.SysTick\project\RIDE\obj\hw_config.o
 .debug_info    0x000010a5      0xb82 D:\WkPjt\MStory2.0\Mango-M32.Firmware\M32.Src015.SysTick\project\RIDE\obj\stm.o

.debug_abbrev   0x00000000      0x6fb
 *(.debug_abbrev)
 .debug_abbrev  0x00000000       0xf5 D:\WkPjt\MStory2.0\Mango-M32.Firmware\M32.Src015.SysTick\project\RIDE\obj\main.o
 .debug_abbrev  0x000000f5       0xc2 D:\WkPjt\MStory2.0\Mango-M32.Firmware\M32.Src015.SysTick\project\RIDE\obj\led.o
 .debug_abbrev  0x000001b7       0xac D:\WkPjt\MStory2.0\Mango-M32.Firmware\M32.Src015.SysTick\project\RIDE\obj\key.o
 .debug_abbrev  0x00000263      0x131 D:\WkPjt\MStory2.0\Mango-M32.Firmware\M32.Src015.SysTick\project\RIDE\obj\seven_segment.o
 .debug_abbrev  0x00000394      0x180 D:\WkPjt\MStory2.0\Mango-M32.Firmware\M32.Src015.SysTick\project\RIDE\obj\hw_config.o
 .debug_abbrev  0x00000514      0x1e7 D:\WkPjt\MStory2.0\Mango-M32.Firmware\M32.Src015.SysTick\project\RIDE\obj\stm.o

.debug_line     0x00000000      0xbc4
 *(.debug_line)
 .debug_line    0x00000000      0x195 D:\WkPjt\MStory2.0\Mango-M32.Firmware\M32.Src015.SysTick\project\RIDE\obj\main.o
 .debug_line    0x00000195      0x1fe D:\WkPjt\MStory2.0\Mango-M32.Firmware\M32.Src015.SysTick\project\RIDE\obj\led.o
 .debug_line    0x00000393      0x150 D:\WkPjt\MStory2.0\Mango-M32.Firmware\M32.Src015.SysTick\project\RIDE\obj\key.o
 .debug_line    0x000004e3      0x201 D:\WkPjt\MStory2.0\Mango-M32.Firmware\M32.Src015.SysTick\project\RIDE\obj\seven_segment.o
 .debug_line    0x000006e4      0x275 D:\WkPjt\MStory2.0\Mango-M32.Firmware\M32.Src015.SysTick\project\RIDE\obj\hw_config.o
 .debug_line    0x00000959      0x26b D:\WkPjt\MStory2.0\Mango-M32.Firmware\M32.Src015.SysTick\project\RIDE\obj\stm.o

.debug_frame    0x00000000      0x594
 *(.debug_frame)
 .debug_frame   0x00000000       0x58 D:\WkPjt\MStory2.0\Mango-M32.Firmware\M32.Src015.SysTick\project\RIDE\obj\main.o
 .debug_frame   0x00000058       0xd0 D:\WkPjt\MStory2.0\Mango-M32.Firmware\M32.Src015.SysTick\project\RIDE\obj\led.o
 .debug_frame   0x00000128       0x28 D:\WkPjt\MStory2.0\Mango-M32.Firmware\M32.Src015.SysTick\project\RIDE\obj\key.o
 .debug_frame   0x00000150       0xb4 D:\WkPjt\MStory2.0\Mango-M32.Firmware\M32.Src015.SysTick\project\RIDE\obj\seven_segment.o
 .debug_frame   0x00000204      0x14c D:\WkPjt\MStory2.0\Mango-M32.Firmware\M32.Src015.SysTick\project\RIDE\obj\hw_config.o
 .debug_frame   0x00000350       0xe0 D:\WkPjt\MStory2.0\Mango-M32.Firmware\M32.Src015.SysTick\project\RIDE\obj\stm.o
 .debug_frame   0x00000430       0x20 c:/program files/raisonance/ride/arm-gcc/bin/../lib/gcc/arm-none-eabi/4.3.2/../../../../arm-none-eabi/lib/thumb2\libc.a(lib_a-abort.o)
 .debug_frame   0x00000450       0x20 c:/program files/raisonance/ride/arm-gcc/bin/../lib/gcc/arm-none-eabi/4.3.2/../../../../arm-none-eabi/lib/thumb2\libc.a(lib_a-errno.o)
 .debug_frame   0x00000470       0xe0 c:/program files/raisonance/ride/arm-gcc/bin/../lib/gcc/arm-none-eabi/4.3.2/../../../../arm-none-eabi/lib/thumb2\libc.a(lib_a-signal.o)
 .debug_frame   0x00000550       0x44 c:/program files/raisonance/ride/arm-gcc/bin/../lib/gcc/arm-none-eabi/4.3.2/../../../../arm-none-eabi/lib/thumb2\libc.a(lib_a-signalr.o)

.debug_str      0x00000000      0xc27
 *(.debug_str)
 .debug_str     0x00000000      0x1d8 D:\WkPjt\MStory2.0\Mango-M32.Firmware\M32.Src015.SysTick\project\RIDE\obj\main.o
                                0x211 (size before relaxing)
 .debug_str     0x000001d8       0xd2 D:\WkPjt\MStory2.0\Mango-M32.Firmware\M32.Src015.SysTick\project\RIDE\obj\led.o
                                0x170 (size before relaxing)
 .debug_str     0x000002aa       0x5e D:\WkPjt\MStory2.0\Mango-M32.Firmware\M32.Src015.SysTick\project\RIDE\obj\key.o
                                0x106 (size before relaxing)
 .debug_str     0x00000308      0x1f3 D:\WkPjt\MStory2.0\Mango-M32.Firmware\M32.Src015.SysTick\project\RIDE\obj\seven_segment.o
                                0x2d7 (size before relaxing)
 .debug_str     0x000004fb      0x249 D:\WkPjt\MStory2.0\Mango-M32.Firmware\M32.Src015.SysTick\project\RIDE\obj\hw_config.o
                                0x4b9 (size before relaxing)
 .debug_str     0x00000744      0x4e3 D:\WkPjt\MStory2.0\Mango-M32.Firmware\M32.Src015.SysTick\project\RIDE\obj\stm.o
                                0x876 (size before relaxing)

.debug_loc      0x00000000      0x6ab
 *(.debug_loc)
 .debug_loc     0x00000000       0x86 D:\WkPjt\MStory2.0\Mango-M32.Firmware\M32.Src015.SysTick\project\RIDE\obj\main.o
 .debug_loc     0x00000086       0x9a D:\WkPjt\MStory2.0\Mango-M32.Firmware\M32.Src015.SysTick\project\RIDE\obj\led.o
 .debug_loc     0x00000120       0x1f D:\WkPjt\MStory2.0\Mango-M32.Firmware\M32.Src015.SysTick\project\RIDE\obj\key.o
 .debug_loc     0x0000013f       0xc0 D:\WkPjt\MStory2.0\Mango-M32.Firmware\M32.Src015.SysTick\project\RIDE\obj\seven_segment.o
 .debug_loc     0x000001ff      0x236 D:\WkPjt\MStory2.0\Mango-M32.Firmware\M32.Src015.SysTick\project\RIDE\obj\hw_config.o
 .debug_loc     0x00000435      0x276 D:\WkPjt\MStory2.0\Mango-M32.Firmware\M32.Src015.SysTick\project\RIDE\obj\stm.o

.debug_macinfo
 *(.debug_macinfo)

.debug_weaknames
 *(.debug_weaknames)

.debug_funcnames
 *(.debug_funcnames)

.debug_typenames
 *(.debug_typenames)

.debug_varnames
 *(.debug_varnames)
LOAD C:\Program Files\Raisonance\Ride\Lib\ARM\STM32x_io_putchar_thumb.a
START GROUP
LOAD c:/program files/raisonance/ride/arm-gcc/bin/../lib/gcc/arm-none-eabi/4.3.2/thumb2\libgcc.a
LOAD c:/program files/raisonance/ride/arm-gcc/bin/../lib/gcc/arm-none-eabi/4.3.2/../../../../arm-none-eabi/lib/thumb2\libc.a
END GROUP
OUTPUT(D:\WkPjt\MStory2.0\Mango-M32.Firmware\M32.Src015.SysTick\project\RIDE\MStroy2.0.elf elf32-littlearm)

.debug_ranges   0x00000000      0x1c8
 .debug_ranges  0x00000000       0x28 D:\WkPjt\MStory2.0\Mango-M32.Firmware\M32.Src015.SysTick\project\RIDE\obj\main.o
 .debug_ranges  0x00000028       0x60 D:\WkPjt\MStory2.0\Mango-M32.Firmware\M32.Src015.SysTick\project\RIDE\obj\led.o
 .debug_ranges  0x00000088       0x18 D:\WkPjt\MStory2.0\Mango-M32.Firmware\M32.Src015.SysTick\project\RIDE\obj\key.o
 .debug_ranges  0x000000a0       0x50 D:\WkPjt\MStory2.0\Mango-M32.Firmware\M32.Src015.SysTick\project\RIDE\obj\seven_segment.o
 .debug_ranges  0x000000f0       0x78 D:\WkPjt\MStory2.0\Mango-M32.Firmware\M32.Src015.SysTick\project\RIDE\obj\hw_config.o
 .debug_ranges  0x00000168       0x60 D:\WkPjt\MStory2.0\Mango-M32.Firmware\M32.Src015.SysTick\project\RIDE\obj\stm.o

.ARM.attributes
                0x00000000       0x31
 .ARM.attributes
                0x00000000       0x31 D:\WkPjt\MStory2.0\Mango-M32.Firmware\M32.Src015.SysTick\project\RIDE\obj\main.o
 .ARM.attributes
                0x00000031       0x21 D:\WkPjt\MStory2.0\Mango-M32.Firmware\M32.Src015.SysTick\project\RIDE\obj\startup_stm32f10x_md.o
 .ARM.attributes
                0x00000052       0x31 D:\WkPjt\MStory2.0\Mango-M32.Firmware\M32.Src015.SysTick\project\RIDE\obj\led.o
 .ARM.attributes
                0x00000083       0x31 D:\WkPjt\MStory2.0\Mango-M32.Firmware\M32.Src015.SysTick\project\RIDE\obj\key.o
 .ARM.attributes
                0x000000b4       0x31 D:\WkPjt\MStory2.0\Mango-M32.Firmware\M32.Src015.SysTick\project\RIDE\obj\seven_segment.o
 .ARM.attributes
                0x000000e5       0x31 D:\WkPjt\MStory2.0\Mango-M32.Firmware\M32.Src015.SysTick\project\RIDE\obj\hw_config.o
 .ARM.attributes
                0x00000116       0x31 D:\WkPjt\MStory2.0\Mango-M32.Firmware\M32.Src015.SysTick\project\RIDE\obj\stm.o
 .ARM.attributes
                0x00000147       0x31 C:\Program Files\Raisonance\Ride\Lib\ARM\STM32x_io_putchar_thumb.a(syscalls.o)
 .ARM.attributes
                0x00000178       0x27 c:/program files/raisonance/ride/arm-gcc/bin/../lib/gcc/arm-none-eabi/4.3.2/../../../../arm-none-eabi/lib/thumb2\libc.a(lib_a-abort.o)
 .ARM.attributes
                0x0000019f       0x27 c:/program files/raisonance/ride/arm-gcc/bin/../lib/gcc/arm-none-eabi/4.3.2/../../../../arm-none-eabi/lib/thumb2\libc.a(lib_a-errno.o)
 .ARM.attributes
                0x000001c6       0x27 c:/program files/raisonance/ride/arm-gcc/bin/../lib/gcc/arm-none-eabi/4.3.2/../../../../arm-none-eabi/lib/thumb2\libc.a(lib_a-signal.o)
 .ARM.attributes
                0x000001ed       0x27 c:/program files/raisonance/ride/arm-gcc/bin/../lib/gcc/arm-none-eabi/4.3.2/../../../../arm-none-eabi/lib/thumb2\libc.a(lib_a-signalr.o)
