
D:\WkPjt\MStory2.0\Mango-Z1.Firmware\Z1.Src001.HelloWorld\project\RIDE\obj\main.o:     file format elf32-littlearm
D:\WkPjt\MStory2.0\Mango-Z1.Firmware\Z1.Src001.HelloWorld\project\RIDE\obj\main.o

Disassembly of section .text.main:

00000000 <main>:
main():
D:\WkPjt\MStory2.0\Mango-Z1.Firmware\Z1.Src001.HelloWorld\src/main.c:23
 * Input  : None
 * Output : None
 * Return : None
 */
int main(void)
{
   0:	b510      	push	{r4, lr}
D:\WkPjt\MStory2.0\Mango-Z1.Firmware\Z1.Src001.HelloWorld\src/main.c:25
    /* Enable GPIOA clock */
    RCC_APB2PeriphClockCmd(RCC_APB2Periph_GPIO_USART, ENABLE);
   2:	2004      	movs	r0, #4
   4:	2101      	movs	r1, #1
   6:	f7ff fffe 	bl	0 <RCC_APB2PeriphClockCmd>
D:\WkPjt\MStory2.0\Mango-Z1.Firmware\Z1.Src001.HelloWorld\src/main.c:28

    /* Enable USART1 clocks */
    RCC_APB2PeriphClockCmd(RCC_APB2Periph_USART1, ENABLE);
   a:	2101      	movs	r1, #1
   c:	f44f 4080 	mov.w	r0, #16384	; 0x4000
  10:	f7ff fffe 	bl	0 <RCC_APB2PeriphClockCmd>
D:\WkPjt\MStory2.0\Mango-Z1.Firmware\Z1.Src001.HelloWorld\src/main.c:31

    /* Configure the GPIO ports */
    GPIO_Configuration();
  14:	f7ff fffe 	bl	0 <GPIO_Configuration>
D:\WkPjt\MStory2.0\Mango-Z1.Firmware\Z1.Src001.HelloWorld\src/main.c:34

    /* UART initialization */
    USART1_Init();
  18:	f7ff fffe 	bl	0 <USART1_Init>
D:\WkPjt\MStory2.0\Mango-Z1.Firmware\Z1.Src001.HelloWorld\src/main.c:36

    printf("Hello World! - Mango Story 2.0\n");
  1c:	4802      	ldr	r0, [pc, #8]	(c <puts+0xc>)
  1e:	f7ff fffe 	bl	0 <puts>
D:\WkPjt\MStory2.0\Mango-Z1.Firmware\Z1.Src001.HelloWorld\src/main.c:38
    return 0;
}
  22:	2000      	movs	r0, #0
  24:	bd10      	pop	{r4, pc}
  26:	46c0      	nop			(mov r8, r8)
  28:	00000000 	.word	0x00000000
