Archive member included because of file (symbol)

c:/program files/raisonance/ride/arm-gcc/bin/../lib/gcc/arm-none-eabi/4.3.2/../../../../arm-none-eabi/lib/thumb2\libc.a(lib_a-puts.o)
                              D:\WkPjt\MStory2.0\Mango-Z1.Firmware\Z1.Src001.HelloWorld\project\RIDE\obj\main.o (puts)
c:/program files/raisonance/ride/arm-gcc/bin/../lib/gcc/arm-none-eabi/4.3.2/../../../../arm-none-eabi/lib/thumb2\libc.a(lib_a-strlen.o)
                              c:/program files/raisonance/ride/arm-gcc/bin/../lib/gcc/arm-none-eabi/4.3.2/../../../../arm-none-eabi/lib/thumb2\libc.a(lib_a-puts.o) (strlen)
c:/program files/raisonance/ride/arm-gcc/bin/../lib/gcc/arm-none-eabi/4.3.2/../../../../arm-none-eabi/lib/thumb2\libc.a(lib_a-findfp.o)
                              c:/program files/raisonance/ride/arm-gcc/bin/../lib/gcc/arm-none-eabi/4.3.2/../../../../arm-none-eabi/lib/thumb2\libc.a(lib_a-puts.o) (__sinit)
c:/program files/raisonance/ride/arm-gcc/bin/../lib/gcc/arm-none-eabi/4.3.2/../../../../arm-none-eabi/lib/thumb2\libc.a(lib_a-fvwrite.o)
                              c:/program files/raisonance/ride/arm-gcc/bin/../lib/gcc/arm-none-eabi/4.3.2/../../../../arm-none-eabi/lib/thumb2\libc.a(lib_a-puts.o) (__sfvwrite_r)
c:/program files/raisonance/ride/arm-gcc/bin/../lib/gcc/arm-none-eabi/4.3.2/../../../../arm-none-eabi/lib/thumb2\libc.a(lib_a-fwalk.o)
                              c:/program files/raisonance/ride/arm-gcc/bin/../lib/gcc/arm-none-eabi/4.3.2/../../../../arm-none-eabi/lib/thumb2\libc.a(lib_a-findfp.o) (_fwalk)
c:/program files/raisonance/ride/arm-gcc/bin/../lib/gcc/arm-none-eabi/4.3.2/../../../../arm-none-eabi/lib/thumb2\libc.a(lib_a-impure.o)
                              c:/program files/raisonance/ride/arm-gcc/bin/../lib/gcc/arm-none-eabi/4.3.2/../../../../arm-none-eabi/lib/thumb2\libc.a(lib_a-puts.o) (_impure_ptr)
c:/program files/raisonance/ride/arm-gcc/bin/../lib/gcc/arm-none-eabi/4.3.2/../../../../arm-none-eabi/lib/thumb2\libc.a(lib_a-mallocr.o)
                              c:/program files/raisonance/ride/arm-gcc/bin/../lib/gcc/arm-none-eabi/4.3.2/../../../../arm-none-eabi/lib/thumb2\libc.a(lib_a-findfp.o) (_malloc_r)
c:/program files/raisonance/ride/arm-gcc/bin/../lib/gcc/arm-none-eabi/4.3.2/../../../../arm-none-eabi/lib/thumb2\libc.a(lib_a-memchr.o)
                              c:/program files/raisonance/ride/arm-gcc/bin/../lib/gcc/arm-none-eabi/4.3.2/../../../../arm-none-eabi/lib/thumb2\libc.a(lib_a-fvwrite.o) (memchr)
c:/program files/raisonance/ride/arm-gcc/bin/../lib/gcc/arm-none-eabi/4.3.2/../../../../arm-none-eabi/lib/thumb2\libc.a(lib_a-memcpy.o)
                              c:/program files/raisonance/ride/arm-gcc/bin/../lib/gcc/arm-none-eabi/4.3.2/../../../../arm-none-eabi/lib/thumb2\libc.a(lib_a-fvwrite.o) (memcpy)
c:/program files/raisonance/ride/arm-gcc/bin/../lib/gcc/arm-none-eabi/4.3.2/../../../../arm-none-eabi/lib/thumb2\libc.a(lib_a-memmove.o)
                              c:/program files/raisonance/ride/arm-gcc/bin/../lib/gcc/arm-none-eabi/4.3.2/../../../../arm-none-eabi/lib/thumb2\libc.a(lib_a-fvwrite.o) (memmove)
c:/program files/raisonance/ride/arm-gcc/bin/../lib/gcc/arm-none-eabi/4.3.2/../../../../arm-none-eabi/lib/thumb2\libc.a(lib_a-memset.o)
                              c:/program files/raisonance/ride/arm-gcc/bin/../lib/gcc/arm-none-eabi/4.3.2/../../../../arm-none-eabi/lib/thumb2\libc.a(lib_a-findfp.o) (memset)
c:/program files/raisonance/ride/arm-gcc/bin/../lib/gcc/arm-none-eabi/4.3.2/../../../../arm-none-eabi/lib/thumb2\libc.a(lib_a-mlock.o)
                              c:/program files/raisonance/ride/arm-gcc/bin/../lib/gcc/arm-none-eabi/4.3.2/../../../../arm-none-eabi/lib/thumb2\libc.a(lib_a-mallocr.o) (__malloc_lock)
c:/program files/raisonance/ride/arm-gcc/bin/../lib/gcc/arm-none-eabi/4.3.2/../../../../arm-none-eabi/lib/thumb2\libc.a(lib_a-reallocr.o)
                              c:/program files/raisonance/ride/arm-gcc/bin/../lib/gcc/arm-none-eabi/4.3.2/../../../../arm-none-eabi/lib/thumb2\libc.a(lib_a-fvwrite.o) (_realloc_r)
c:/program files/raisonance/ride/arm-gcc/bin/../lib/gcc/arm-none-eabi/4.3.2/../../../../arm-none-eabi/lib/thumb2\libc.a(lib_a-sbrkr.o)
                              c:/program files/raisonance/ride/arm-gcc/bin/../lib/gcc/arm-none-eabi/4.3.2/../../../../arm-none-eabi/lib/thumb2\libc.a(lib_a-mallocr.o) (_sbrk_r)
c:/program files/raisonance/ride/arm-gcc/bin/../lib/gcc/arm-none-eabi/4.3.2/../../../../arm-none-eabi/lib/thumb2\libc.a(lib_a-stdio.o)
                              c:/program files/raisonance/ride/arm-gcc/bin/../lib/gcc/arm-none-eabi/4.3.2/../../../../arm-none-eabi/lib/thumb2\libc.a(lib_a-findfp.o) (__sclose)
c:/program files/raisonance/ride/arm-gcc/bin/../lib/gcc/arm-none-eabi/4.3.2/../../../../arm-none-eabi/lib/thumb2\libc.a(lib_a-writer.o)
                              c:/program files/raisonance/ride/arm-gcc/bin/../lib/gcc/arm-none-eabi/4.3.2/../../../../arm-none-eabi/lib/thumb2\libc.a(lib_a-stdio.o) (_write_r)
[...]
Memory Configuration

Name             Origin             Length             Attributes
RAM              0x20000000         0x00005000         xrw
FLASH            0x08000000         0x00020000         xr
FLASHPATCH       0x00000000         0x00000000         r
ENDFLASH         0x00000000         0x00000000         xr
FLASHB1          0x00000000         0x00000000         xr
EXTMEMB0         0x00000000         0x00000000         xr
EXTMEMB1         0x00000000         0x00000000         xr
EXTMEMB2         0x00000000         0x00000000         xr
EXTMEMB3         0x00000000         0x00000000         xr
*default*        0x00000000         0xffffffff

Linker script and memory map

LOAD D:\WkPjt\MStory2.0\Mango-Z1.Firmware\Z1.Src001.HelloWorld\project\RIDE\obj\main.o
LOAD D:\WkPjt\MStory2.0\Mango-Z1.Firmware\Z1.Src001.HelloWorld\project\RIDE\obj\hw_config.o
LOAD D:\WkPjt\MStory2.0\Mango-Z1.Firmware\Z1.Src001.HelloWorld\project\RIDE\obj\stm32f10x_rcc.o
LOAD D:\WkPjt\MStory2.0\Mango-Z1.Firmware\Z1.Src001.HelloWorld\project\RIDE\obj\stm32f10x_usart.o
LOAD D:\WkPjt\MStory2.0\Mango-Z1.Firmware\Z1.Src001.HelloWorld\project\RIDE\obj\stm32f10x_gpio.o
LOAD D:\WkPjt\MStory2.0\Mango-Z1.Firmware\Z1.Src001.HelloWorld\project\RIDE\obj\startup_stm32f10x_md.o
                0x00000400                __Stack_Size = 0x400
                0x00000400                PROVIDE (_Stack_Size, __Stack_Size)
                0x20004c00                __Stack_Init = (_estack - __Stack_Size)
                0x20004c00                PROVIDE (_Stack_Init, __Stack_Init)
                0x00000100                _Minimum_Stack_Size = 0x100
                0x00000000                PROVIDE (Undefined_Handler, 0x0)
                0x00000000                PROVIDE (SWI_Handler, 0x0)
                0x00000000                PROVIDE (IRQ_Handler, 0x0)
                0x00000000                PROVIDE (Prefetch_Handler, 0x0)
                0x00000000                PROVIDE (Abort_Handler, 0x0)
                0x00000000                PROVIDE (FIQ_Handler, 0x0)
                0x00000000                PROVIDE (NMIException, 0x0)
                0x00000000                PROVIDE (NMI_Handler, 0x0)
                0x00000000                PROVIDE (HardFaultException, 0x0)
                0x00000000                PROVIDE (HardFault_Handler, 0x0)
                0x00000000                PROVIDE (MemManageException, 0x0)
                0x00000000                PROVIDE (MemManage_Handler, 0x0)
                0x00000000                PROVIDE (BusFaultException, 0x0)
                0x00000000                PROVIDE (BusFault_Handler, 0x0)
                0x00000000                PROVIDE (UsageFaultException, 0x0)
                0x00000000                PROVIDE (UsageFault_Handler, 0x0)
                0x00000000                PROVIDE (SVCHandler, 0x0)
                0x00000000                PROVIDE (SVC_Handler, 0x0)
                0x00000000                PROVIDE (DebugMonitor, 0x0)
                0x00000000                PROVIDE (DebugMon_Handler, 0x0)
                0x00000000                PROVIDE (PendSVC, 0x0)
                0x00000000                PROVIDE (PendSV_Handler, 0x0)
                0x00000000                PROVIDE (SysTickHandler, 0x0)
                0x00000000                PROVIDE (SysTick_Handler, 0x0)
                0x00000000                PROVIDE (WWDG_IRQHandler, 0x0)
                0x00000000                PROVIDE (PVD_IRQHandler, 0x0)
                0x00000000                PROVIDE (TAMPER_IRQHandler, 0x0)
                0x00000000                PROVIDE (RTC_IRQHandler, 0x0)
                0x00000000                PROVIDE (FLASH_IRQHandler, 0x0)
                0x00000000                PROVIDE (RCC_IRQHandler, 0x0)
                0x00000000                PROVIDE (EXTI0_IRQHandler, 0x0)
                0x00000000                PROVIDE (EXTI1_IRQHandler, 0x0)
                0x00000000                PROVIDE (EXTI2_IRQHandler, 0x0)
                0x00000000                PROVIDE (EXTI3_IRQHandler, 0x0)
                0x00000000                PROVIDE (EXTI4_IRQHandler, 0x0)
                0x00000000                PROVIDE (DMAChannel1_IRQHandler, 0x0)
                0x00000000                PROVIDE (DMAChannel2_IRQHandler, 0x0)
                0x00000000                PROVIDE (DMAChannel3_IRQHandler, 0x0)
                0x00000000                PROVIDE (DMAChannel4_IRQHandler, 0x0)
                0x00000000                PROVIDE (DMAChannel5_IRQHandler, 0x0)
                0x00000000                PROVIDE (DMAChannel6_IRQHandler, 0x0)
                0x00000000                PROVIDE (DMAChannel7_IRQHandler, 0x0)
                0x00000000                PROVIDE (DMA1_Channel1_IRQHandler, 0x0)
                0x00000000                PROVIDE (DMA1_Channel2_IRQHandler, 0x0)
                0x00000000                PROVIDE (DMA1_Channel3_IRQHandler, 0x0)
                0x00000000                PROVIDE (DMA1_Channel4_IRQHandler, 0x0)
                0x00000000                PROVIDE (DMA1_Channel5_IRQHandler, 0x0)
                0x00000000                PROVIDE (DMA1_Channel6_IRQHandler, 0x0)
                0x00000000                PROVIDE (DMA1_Channel7_IRQHandler, 0x0)
                0x00000000                PROVIDE (ADC_IRQHandler, 0x0)
                0x00000000                PROVIDE (ADC1_2_IRQHandler, 0x0)
                0x00000000                PROVIDE (USB_HP_CAN_TX_IRQHandler, 0x0)
                0x00000000                PROVIDE (USB_HP_CAN1_TX_IRQHandler, 0x0)
                0x00000000                PROVIDE (USB_LP_CAN_RX0_IRQHandler, 0x0)
                0x00000000                PROVIDE (USB_LP_CAN1_RX0_IRQHandler, 0x0)
                0x00000000                PROVIDE (CAN_RX1_IRQHandler, 0x0)
                0x00000000                PROVIDE (CAN1_RX1_IRQHandler, 0x0)
                0x00000000                PROVIDE (CAN_SCE_IRQHandler, 0x0)
                0x00000000                PROVIDE (CAN1_SCE_IRQHandler, 0x0)
                0x00000000                PROVIDE (EXTI9_5_IRQHandler, 0x0)
                0x00000000                PROVIDE (TIM1_BRK_IRQHandler, 0x0)
                0x00000000                PROVIDE (TIM1_UP_IRQHandler, 0x0)
                0x00000000                PROVIDE (TIM1_TRG_COM_IRQHandler, 0x0)
                0x00000000                PROVIDE (TIM1_CC_IRQHandler, 0x0)
                0x00000000                PROVIDE (TIM2_IRQHandler, 0x0)
                0x00000000                PROVIDE (TIM3_IRQHandler, 0x0)
                0x00000000                PROVIDE (TIM4_IRQHandler, 0x0)
                0x00000000                PROVIDE (I2C1_EV_IRQHandler, 0x0)
                0x00000000                PROVIDE (I2C1_ER_IRQHandler, 0x0)
                0x00000000                PROVIDE (I2C2_EV_IRQHandler, 0x0)
                0x00000000                PROVIDE (I2C2_ER_IRQHandler, 0x0)
                0x00000000                PROVIDE (SPI1_IRQHandler, 0x0)
                0x00000000                PROVIDE (SPI2_IRQHandler, 0x0)
                0x00000000                PROVIDE (USART1_IRQHandler, 0x0)
                0x00000000                PROVIDE (USART2_IRQHandler, 0x0)
                0x00000000                PROVIDE (USART3_IRQHandler, 0x0)
                0x00000000                PROVIDE (EXTI15_10_IRQHandler, 0x0)
                0x00000000                PROVIDE (RTCAlarm_IRQHandler, 0x0)
                0x00000000                PROVIDE (USBWakeUp_IRQHandler, 0x0)
                0x00000000                PROVIDE (TIM8_BRK_IRQHandler, 0x0)
                0x00000000                PROVIDE (TIM8_UP_IRQHandler, 0x0)
                0x00000000                PROVIDE (TIM8_TRG_COM_IRQHandler, 0x0)
                0x00000000                PROVIDE (TIM8_CC_IRQHandler, 0x0)
                0x00000000                PROVIDE (ADC3_IRQHandler, 0x0)
                0x00000000                PROVIDE (FSMC_IRQHandler, 0x0)
                0x00000000                PROVIDE (SDIO_IRQHandler, 0x0)
                0x00000000                PROVIDE (TIM5_IRQHandler, 0x0)
                0x00000000                PROVIDE (SPI3_IRQHandler, 0x0)
                0x00000000                PROVIDE (UART4_IRQHandler, 0x0)
                0x00000000                PROVIDE (UART5_IRQHandler, 0x0)
                0x00000000                PROVIDE (TIM6_IRQHandler, 0x0)
                0x00000000                PROVIDE (TIM7_IRQHandler, 0x0)
                0x00000000                PROVIDE (DMA2_Channel1_IRQHandler, 0x0)
                0x00000000                PROVIDE (DMA2_Channel2_IRQHandler, 0x0)
                0x00000000                PROVIDE (DMA2_Channel3_IRQHandler, 0x0)
                0x00000000                PROVIDE (DMA2_Channel4_5_IRQHandler, 0x0)
                0x42000000                PERIPH_BB_BASE = 0x42000000
                0x22000000                SRAM_BB_BASE = 0x22000000
                0x20000000                SRAM_BASE = 0x20000000
                0x40000000                PERIPH_BASE = 0x40000000
                0x40022000                PROVIDE (FLASH_BASE, 0x40022000)
                0x1ffff800                PROVIDE (OB_BASE, 0x1ffff800)
                0x40000000                APB1PERIPH_BASE = PERIPH_BASE
                0x40010000                APB2PERIPH_BASE = (PERIPH_BASE + 0x10000)
                0x40020000                AHBPERIPH_BASE = (PERIPH_BASE + 0x20000)
                0x40000000                PROVIDE (TIM2, (APB1PERIPH_BASE + 0x0))
                0x40000400                PROVIDE (TIM3, (APB1PERIPH_BASE + 0x400))
                0x40000800                PROVIDE (TIM4, (APB1PERIPH_BASE + 0x800))
                0x40002800                PROVIDE (RTC, (APB1PERIPH_BASE + 0x2800))
                0x40002c00                PROVIDE (WWDG, (APB1PERIPH_BASE + 0x2c00))
                0x40003000                PROVIDE (IWDG, (APB1PERIPH_BASE + 0x3000))
                0x40003800                PROVIDE (SPI2, (APB1PERIPH_BASE + 0x3800))
                0x40004400                PROVIDE (USART2, (APB1PERIPH_BASE + 0x4400))
                0x40004800                PROVIDE (USART3, (APB1PERIPH_BASE + 0x4800))
                0x40005400                PROVIDE (I2C1, (APB1PERIPH_BASE + 0x5400))
                0x40005800                PROVIDE (I2C2, (APB1PERIPH_BASE + 0x5800))
                0x40006400                PROVIDE (CAN, (APB1PERIPH_BASE + 0x6400))
                0x40006c00                PROVIDE (BKP, (APB1PERIPH_BASE + 0x6c00))
                0x40007000                PROVIDE (PWR, (APB1PERIPH_BASE + 0x7000))
                0x40010000                PROVIDE (AFIO, (APB2PERIPH_BASE + 0x0))
                0x40010400                PROVIDE (EXTI, (APB2PERIPH_BASE + 0x400))
                0x40010800                PROVIDE (GPIOA, (APB2PERIPH_BASE + 0x800))
                0x40010c00                PROVIDE (GPIOB, (APB2PERIPH_BASE + 0xc00))
                0x40011000                PROVIDE (GPIOC, (APB2PERIPH_BASE + 0x1000))
                0x40011400                PROVIDE (GPIOD, (APB2PERIPH_BASE + 0x1400))
                0x40011800                PROVIDE (GPIOE, (APB2PERIPH_BASE + 0x1800))
                0x40012400                PROVIDE (ADC1, (APB2PERIPH_BASE + 0x2400))
                0x40012800                PROVIDE (ADC2, (APB2PERIPH_BASE + 0x2800))
                0x40012c00                PROVIDE (TIM1, (APB2PERIPH_BASE + 0x2c00))
                0x40013000                PROVIDE (SPI1, (APB2PERIPH_BASE + 0x3000))
                0x40013800                PROVIDE (USART1, (APB2PERIPH_BASE + 0x3800))
                0x40020000                PROVIDE (DMA, (AHBPERIPH_BASE + 0x0))
                0x40020008                PROVIDE (DMA_Channel1, (AHBPERIPH_BASE + 0x8))
                0x4002001c                PROVIDE (DMA_Channel2, (AHBPERIPH_BASE + 0x1c))
                0x40020030                PROVIDE (DMA_Channel3, (AHBPERIPH_BASE + 0x30))
                0x40020044                PROVIDE (DMA_Channel4, (AHBPERIPH_BASE + 0x44))
                0x40020058                PROVIDE (DMA_Channel5, (AHBPERIPH_BASE + 0x58))
                0x4002006c                PROVIDE (DMA_Channel6, (AHBPERIPH_BASE + 0x6c))
                0x40020080                PROVIDE (DMA_Channel7, (AHBPERIPH_BASE + 0x80))
                0x40021000                PROVIDE (RCC, (AHBPERIPH_BASE + 0x1000))
                0xe000e000                SCS_BASE = 0xe000e000
                0xe000e010                PROVIDE (SysTick, (SCS_BASE + 0x10))
                0xe000e100                PROVIDE (NVIC, (SCS_BASE + 0x100))
                0xe000ed00                PROVIDE (SCB, (SCS_BASE + 0xd00))
                0x20005000                _estack = 0x20005000

.isr_vector     0x08000000      0x10c
                0x08000000                . = ALIGN (0x4)
 *(.isr_vector)
 .isr_vector    0x08000000      0x10c D:\WkPjt\MStory2.0\Mango-Z1.Firmware\Z1.Src001.HelloWorld\project\RIDE\obj\startup_stm32f10x_md.o
                0x08000000                g_pfnVectors
                0x0800010c                . = ALIGN (0x4)

.flashtext      0x0800010c        0x0
                0x0800010c                . = ALIGN (0x4)
 *(.flashtext)
                0x0800010c                . = ALIGN (0x4)

.text           0x0800010c     0x1fac
                0x0800010c                . = ALIGN (0x4)
 *(.text)
 .text          0x0800010c       0x68 c:/program files/raisonance/ride/arm-gcc/bin/../lib/gcc/arm-none-eabi/4.3.2/../../../../arm-none-eabi/lib/thumb2\libc.a(lib_a-puts.o)
                0x0800010c                _puts_r
                0x08000160                puts
 .text          0x08000174       0x34 c:/program files/raisonance/ride/arm-gcc/bin/../lib/gcc/arm-none-eabi/4.3.2/../../../../arm-none-eabi/lib/thumb2\libc.a(lib_a-strlen.o)
                0x08000174                strlen
 .text          0x080001a8      0x200 c:/program files/raisonance/ride/arm-gcc/bin/../lib/gcc/arm-none-eabi/4.3.2/../../../../arm-none-eabi/lib/thumb2\libc.a(lib_a-findfp.o)
                0x080002d0                __sinit
                0x08000224                __sfmoreglue
                0x08000208                _cleanup
                0x080001f8                _cleanup_r
                0x080001dc                __fp_lock_all
                0x080001a8                __sfp_lock_acquire
                0x08000254                __sfp
                0x080001b4                __sinit_lock_release
                0x080001c0                __fp_unlock_all
                0x080001ac                __sfp_lock_release
                0x080001b0                __sinit_lock_acquire
 .text          0x080003a8      0x2e8 c:/program files/raisonance/ride/arm-gcc/bin/../lib/gcc/arm-none-eabi/4.3.2/../../../../arm-none-eabi/lib/thumb2\libc.a(lib_a-fvwrite.o)
                0x080003a8                __sfvwrite_r
 .text          0x08000690       0xb0 c:/program files/raisonance/ride/arm-gcc/bin/../lib/gcc/arm-none-eabi/4.3.2/../../../../arm-none-eabi/lib/thumb2\libc.a(lib_a-fwalk.o)
                0x080006e8                _fwalk
                0x08000690                _fwalk_reent
 .text          0x08000740      0x538 c:/program files/raisonance/ride/arm-gcc/bin/../lib/gcc/arm-none-eabi/4.3.2/../../../../arm-none-eabi/lib/thumb2\libc.a(lib_a-mallocr.o)
                0x08000740                _malloc_r
 .text          0x08000c78       0x80 c:/program files/raisonance/ride/arm-gcc/bin/../lib/gcc/arm-none-eabi/4.3.2/../../../../arm-none-eabi/lib/thumb2\libc.a(lib_a-memchr.o)
                0x08000c78                memchr
 .text          0x08000cf8       0x98 c:/program files/raisonance/ride/arm-gcc/bin/../lib/gcc/arm-none-eabi/4.3.2/../../../../arm-none-eabi/lib/thumb2\libc.a(lib_a-memcpy.o)
                0x08000cf8                memcpy
 .text          0x08000d90       0xc0 c:/program files/raisonance/ride/arm-gcc/bin/../lib/gcc/arm-none-eabi/4.3.2/../../../../arm-none-eabi/lib/thumb2\libc.a(lib_a-memmove.o)
                0x08000d90                memmove
 .text          0x08000e50       0x88 c:/program files/raisonance/ride/arm-gcc/bin/../lib/gcc/arm-none-eabi/4.3.2/../../../../arm-none-eabi/lib/thumb2\libc.a(lib_a-memset.o)
                0x08000e50                memset
 .text          0x08000ed8        0x8 c:/program files/raisonance/ride/arm-gcc/bin/../lib/gcc/arm-none-eabi/4.3.2/../../../../arm-none-eabi/lib/thumb2\libc.a(lib_a-mlock.o)
                0x08000edc                __malloc_unlock
                0x08000ed8                __malloc_lock
 .text          0x08000ee0      0x388 c:/program files/raisonance/ride/arm-gcc/bin/../lib/gcc/arm-none-eabi/4.3.2/../../../../arm-none-eabi/lib/thumb2\libc.a(lib_a-reallocr.o)
                0x08000ee0                _realloc_r
 .text          0x08001268       0x28 c:/program files/raisonance/ride/arm-gcc/bin/../lib/gcc/arm-none-eabi/4.3.2/../../../../arm-none-eabi/lib/thumb2\libc.a(lib_a-sbrkr.o)
                0x08001268                _sbrk_r
 .text          0x08001290       0x94 c:/program files/raisonance/ride/arm-gcc/bin/../lib/gcc/arm-none-eabi/4.3.2/../../../../arm-none-eabi/lib/thumb2\libc.a(lib_a-stdio.o)
                0x0800129c                __sseek
                0x08001300                __sread
                0x08001290                __sclose
                0x080012c4                __swrite
 .text          0x08001324       0x2c c:/program files/raisonance/ride/arm-gcc/bin/../lib/gcc/arm-none-eabi/4.3.2/../../../../arm-none-eabi/lib/thumb2\libc.a(lib_a-writer.o)
                0x08001324                _write_r
 .text          0x08001350      0x104 c:/program files/raisonance/ride/arm-gcc/bin/../lib/gcc/arm-none-eabi/4.3.2/../../../../arm-none-eabi/lib/thumb2\libc.a(lib_a-wsetup.o)
                0x08001350                __swsetup_r
 .text          0x08001454       0x28 c:/program files/raisonance/ride/arm-gcc/bin/../lib/gcc/arm-none-eabi/4.3.2/../../../../arm-none-eabi/lib/thumb2\libc.a(lib_a-closer.o)
                0x08001454                _close_r
 .text          0x0800147c       0xcc c:/program files/raisonance/ride/arm-gcc/bin/../lib/gcc/arm-none-eabi/4.3.2/../../../../arm-none-eabi/lib/thumb2\libc.a(lib_a-fclose.o)
                0x0800147c                _fclose_r
                0x08001534                fclose
 .text          0x08001548      0x15c c:/program files/raisonance/ride/arm-gcc/bin/../lib/gcc/arm-none-eabi/4.3.2/../../../../arm-none-eabi/lib/thumb2\libc.a(lib_a-fflush.o)
                0x08001674                fflush
                0x08001548                _fflush_r
 .text          0x080016a4      0x238 c:/program files/raisonance/ride/arm-gcc/bin/../lib/gcc/arm-none-eabi/4.3.2/../../../../arm-none-eabi/lib/thumb2\libc.a(lib_a-freer.o)
                0x08001750                _free_r
                0x080016a4                _malloc_trim_r
 .text          0x080018dc       0x2c c:/program files/raisonance/ride/arm-gcc/bin/../lib/gcc/arm-none-eabi/4.3.2/../../../../arm-none-eabi/lib/thumb2\libc.a(lib_a-lseekr.o)
                0x080018dc                _lseek_r
 .text          0x08001908       0xe0 c:/program files/raisonance/ride/arm-gcc/bin/../lib/gcc/arm-none-eabi/4.3.2/../../../../arm-none-eabi/lib/thumb2\libc.a(lib_a-makebuf.o)
                0x08001908                __smakebuf_r
 .text          0x080019e8       0x2c c:/program files/raisonance/ride/arm-gcc/bin/../lib/gcc/arm-none-eabi/4.3.2/../../../../arm-none-eabi/lib/thumb2\libc.a(lib_a-readr.o)
                0x080019e8                _read_r
 .text          0x08001a14       0x2c c:/program files/raisonance/ride/arm-gcc/bin/../lib/gcc/arm-none-eabi/4.3.2/../../../../arm-none-eabi/lib/thumb2\libc.a(lib_a-fstatr.o)
                0x08001a14                _fstat_r
 .text          0x08001a40       0x28 c:/program files/raisonance/ride/arm-gcc/bin/../lib/gcc/arm-none-eabi/4.3.2/../../../../arm-none-eabi/lib/thumb2\libc.a(lib_a-isattyr.o)
                0x08001a40                _isatty_r
 .text          0x08001a68        0xc c:/program files/raisonance/ride/arm-gcc/bin/../lib/gcc/arm-none-eabi/4.3.2/../../../../arm-none-eabi/lib/thumb2\libc.a(lib_a-abort.o)
                0x08001a68                abort
 .text          0x08001a74      0x150 c:/program files/raisonance/ride/arm-gcc/bin/../lib/gcc/arm-none-eabi/4.3.2/../../../../arm-none-eabi/lib/thumb2\libc.a(lib_a-signal.o)
                0x08001b78                _signal_r
                0x08001a74                _raise_r
                0x08001b18                __sigtramp_r
                0x08001bac                signal
                0x08001b04                _init_signal
                0x08001adc                _init_signal_r
                0x08001b64                __sigtramp
                0x08001ac8                raise
 .text          0x08001bc4       0x34 c:/program files/raisonance/ride/arm-gcc/bin/../lib/gcc/arm-none-eabi/4.3.2/../../../../arm-none-eabi/lib/thumb2\libc.a(lib_a-signalr.o)
                0x08001bcc                _kill_r
                0x08001bc4                _getpid_r
 *(.text.*)
 .text.main     0x08001bf8       0x2c D:\WkPjt\MStory2.0\Mango-Z1.Firmware\Z1.Src001.HelloWorld\project\RIDE\obj\main.o
                0x08001bf8                main
 .text.__io_putchar
                0x08001c24       0x40 D:\WkPjt\MStory2.0\Mango-Z1.Firmware\Z1.Src001.HelloWorld\project\RIDE\obj\hw_config.o
                0x08001c24                __io_putchar
 .text.GPIO_Configuration
                0x08001c64       0x40 D:\WkPjt\MStory2.0\Mango-Z1.Firmware\Z1.Src001.HelloWorld\project\RIDE\obj\hw_config.o
                0x08001c64                GPIO_Configuration
 .text.USART1_Init
                0x08001ca4       0x3c D:\WkPjt\MStory2.0\Mango-Z1.Firmware\Z1.Src001.HelloWorld\project\RIDE\obj\hw_config.o
                0x08001ca4                USART1_Init
 .text.RCC_GetClocksFreq
                0x08001ce0       0xcc D:\WkPjt\MStory2.0\Mango-Z1.Firmware\Z1.Src001.HelloWorld\project\RIDE\obj\stm32f10x_rcc.o
                0x08001ce0                RCC_GetClocksFreq
 .text.RCC_APB2PeriphClockCmd
                0x08001dac       0x1c D:\WkPjt\MStory2.0\Mango-Z1.Firmware\Z1.Src001.HelloWorld\project\RIDE\obj\stm32f10x_rcc.o
                0x08001dac                RCC_APB2PeriphClockCmd
 .text.USART_Cmd
                0x08001dc8       0x1c D:\WkPjt\MStory2.0\Mango-Z1.Firmware\Z1.Src001.HelloWorld\project\RIDE\obj\stm32f10x_usart.o
                0x08001dc8                USART_Cmd
 .text.USART_SendData
                0x08001de4        0x8 D:\WkPjt\MStory2.0\Mango-Z1.Firmware\Z1.Src001.HelloWorld\project\RIDE\obj\stm32f10x_usart.o
                0x08001de4                USART_SendData
 .text.USART_GetFlagStatus
                0x08001dec        0xc D:\WkPjt\MStory2.0\Mango-Z1.Firmware\Z1.Src001.HelloWorld\project\RIDE\obj\stm32f10x_usart.o
                0x08001dec                USART_GetFlagStatus
 .text.USART_Init
                0x08001df8       0x8c D:\WkPjt\MStory2.0\Mango-Z1.Firmware\Z1.Src001.HelloWorld\project\RIDE\obj\stm32f10x_usart.o
                0x08001df8                USART_Init
 .text.GPIO_Init
                0x08001e84       0xa8 D:\WkPjt\MStory2.0\Mango-Z1.Firmware\Z1.Src001.HelloWorld\project\RIDE\obj\stm32f10x_gpio.o
                0x08001e84                GPIO_Init
 .text.Reset_Handler
                0x08001f2c       0x40 D:\WkPjt\MStory2.0\Mango-Z1.Firmware\Z1.Src001.HelloWorld\project\RIDE\obj\startup_stm32f10x_md.o
                0x08001f2c                Reset_Handler
 .text.Default_Handler
                0x08001f6c        0x2 D:\WkPjt\MStory2.0\Mango-Z1.Firmware\Z1.Src001.HelloWorld\project\RIDE\obj\startup_stm32f10x_md.o
                0x08001f6c                EXTI2_IRQHandler
                0x08001f6c                DebugMon_Handler
                0x08001f6c                TIM1_CC_IRQHandler
                0x08001f6c                HardFault_Handler
                0x08001f6c                SysTick_Handler
                0x08001f6c                PVD_IRQHandler
                0x08001f6c                PendSV_Handler
                0x08001f6c                NMI_Handler
                0x08001f6c                EXTI3_IRQHandler
                0x08001f6c                EXTI0_IRQHandler
                0x08001f6c                I2C2_EV_IRQHandler
                0x08001f6c                UsageFault_Handler
                0x08001f6c                ADC1_2_IRQHandler
                0x08001f6c                SPI1_IRQHandler
                0x08001f6c                TAMPER_IRQHandler
                0x08001f6c                DMA1_Channel4_IRQHandler
                0x08001f6c                USART3_IRQHandler
                0x08001f6c                RTC_IRQHandler
                0x08001f6c                DMA1_Channel7_IRQHandler
                0x08001f6c                CAN1_RX1_IRQHandler
                0x08001f6c                TIM4_IRQHandler
                0x08001f6c                I2C1_EV_IRQHandler
                0x08001f6c                DMA1_Channel6_IRQHandler
                0x08001f6c                TIM3_IRQHandler
                0x08001f6c                RCC_IRQHandler
                0x08001f6c                TIM1_TRG_COM_IRQHandler
                0x08001f6c                DMA1_Channel1_IRQHandler
                0x08001f6c                Default_Handler
                0x08001f6c                EXTI15_10_IRQHandler
                0x08001f6c                EXTI9_5_IRQHandler
                0x08001f6c                SPI2_IRQHandler
                0x08001f6c                MemManage_Handler
                0x08001f6c                SVC_Handler
                0x08001f6c                DMA1_Channel5_IRQHandler
                0x08001f6c                EXTI4_IRQHandler
                0x08001f6c                USB_LP_CAN1_RX0_IRQHandler
                0x08001f6c                USB_HP_CAN1_TX_IRQHandler
                0x08001f6c                DMA1_Channel3_IRQHandler
                0x08001f6c                TIM1_UP_IRQHandler
                0x08001f6c                WWDG_IRQHandler
                0x08001f6c                TIM2_IRQHandler
                0x08001f6c                TIM1_BRK_IRQHandler
                0x08001f6c                EXTI1_IRQHandler
                0x08001f6c                RTCAlarm_IRQHandler
                0x08001f6c                USART2_IRQHandler
                0x08001f6c                I2C2_ER_IRQHandler
                0x08001f6c                DMA1_Channel2_IRQHandler
                0x08001f6c                CAN1_SCE_IRQHandler
                0x08001f6c                FLASH_IRQHandler
                0x08001f6c                BusFault_Handler
                0x08001f6c                USART1_IRQHandler
                0x08001f6c                I2C1_ER_IRQHandler
                0x08001f6c                USBWakeUp_IRQHandler
 *fill*         0x08001f6e        0x2 00
 .text._read    0x08001f70        0x8 C:\Program Files\Raisonance\Ride\Lib\ARM\STM32x_io_putchar_thumb.a(syscalls.o)
                0x08001f70                _read
 .text._lseek   0x08001f78        0x8 C:\Program Files\Raisonance\Ride\Lib\ARM\STM32x_io_putchar_thumb.a(syscalls.o)
                0x08001f78                _lseek
 .text._close   0x08001f80        0x8 C:\Program Files\Raisonance\Ride\Lib\ARM\STM32x_io_putchar_thumb.a(syscalls.o)
                0x08001f80                _close
 .text._exit    0x08001f88        0x4 C:\Program Files\Raisonance\Ride\Lib\ARM\STM32x_io_putchar_thumb.a(syscalls.o)
                0x08001f88                _exit
 .text._kill    0x08001f8c        0x8 C:\Program Files\Raisonance\Ride\Lib\ARM\STM32x_io_putchar_thumb.a(syscalls.o)
                0x08001f8c                _kill
 .text._fstat   0x08001f94        0xc C:\Program Files\Raisonance\Ride\Lib\ARM\STM32x_io_putchar_thumb.a(syscalls.o)
                0x08001f94                _fstat
 .text._getpid  0x08001fa0        0x8 C:\Program Files\Raisonance\Ride\Lib\ARM\STM32x_io_putchar_thumb.a(syscalls.o)
                0x08001fa0                _getpid
 .text._isatty  0x08001fa8        0x8 C:\Program Files\Raisonance\Ride\Lib\ARM\STM32x_io_putchar_thumb.a(syscalls.o)
                0x08001fa8                _isatty
 .text._write   0x08001fb0       0x20 C:\Program Files\Raisonance\Ride\Lib\ARM\STM32x_io_putchar_thumb.a(syscalls.o)
                0x08001fb0                _write
 .text._sbrk    0x08001fd0       0x50 C:\Program Files\Raisonance\Ride\Lib\ARM\STM32x_io_putchar_thumb.a(syscalls.o)
                0x08001fd0                _sbrk
 *(.rodata)
 .rodata        0x08002020       0x60 c:/program files/raisonance/ride/arm-gcc/bin/../lib/gcc/arm-none-eabi/4.3.2/../../../../arm-none-eabi/lib/thumb2\libc.a(lib_a-findfp.o)
                0x08002060                __sf_fake_stderr
                0x08002020                __sf_fake_stdin
                0x08002040                __sf_fake_stdout
 .rodata        0x08002080        0x4 c:/program files/raisonance/ride/arm-gcc/bin/../lib/gcc/arm-none-eabi/4.3.2/../../../../arm-none-eabi/lib/thumb2\libc.a(lib_a-impure.o)
                0x08002080                _global_impure_ptr
 *(.rodata*)
 .rodata.str1.1
                0x08002084       0x1f D:\WkPjt\MStory2.0\Mango-Z1.Firmware\Z1.Src001.HelloWorld\project\RIDE\obj\main.o
 *fill*         0x080020a3        0x1 00
 .rodata.str1.4
                0x080020a4        0x2 c:/program files/raisonance/ride/arm-gcc/bin/../lib/gcc/arm-none-eabi/4.3.2/../../../../arm-none-eabi/lib/thumb2\libc.a(lib_a-puts.o)
                                  0x4 (size before relaxing)
 *fill*         0x080020a6        0x2 00
 .rodata.str1.4
                0x080020a8        0x2 c:/program files/raisonance/ride/arm-gcc/bin/../lib/gcc/arm-none-eabi/4.3.2/../../../../arm-none-eabi/lib/thumb2\libc.a(lib_a-impure.o)
                                  0x4 (size before relaxing)
 *fill*         0x080020aa        0x2 00
 .rodata.str1.4
                0x080020ac        0xc C:\Program Files\Raisonance\Ride\Lib\ARM\STM32x_io_putchar_thumb.a(syscalls.o)
 *(.glue_7)
 .glue_7        0x080020b8        0x0 D:\WkPjt\MStory2.0\Mango-Z1.Firmware\Z1.Src001.HelloWorld\project\RIDE\obj\main.o
 .glue_7        0x080020b8        0x0 D:\WkPjt\MStory2.0\Mango-Z1.Firmware\Z1.Src001.HelloWorld\project\RIDE\obj\hw_config.o
 .glue_7        0x080020b8        0x0 D:\WkPjt\MStory2.0\Mango-Z1.Firmware\Z1.Src001.HelloWorld\project\RIDE\obj\stm32f10x_rcc.o
 .glue_7        0x080020b8        0x0 D:\WkPjt\MStory2.0\Mango-Z1.Firmware\Z1.Src001.HelloWorld\project\RIDE\obj\stm32f10x_usart.o
 .glue_7        0x080020b8        0x0 D:\WkPjt\MStory2.0\Mango-Z1.Firmware\Z1.Src001.HelloWorld\project\RIDE\obj\stm32f10x_gpio.o
 .glue_7        0x080020b8        0x0 D:\WkPjt\MStory2.0\Mango-Z1.Firmware\Z1.Src001.HelloWorld\project\RIDE\obj\startup_stm32f10x_md.o
 .glue_7        0x080020b8        0x0 c:/program files/raisonance/ride/arm-gcc/bin/../lib/gcc/arm-none-eabi/4.3.2/../../../../arm-none-eabi/lib/thumb2\libc.a(lib_a-puts.o)
 .glue_7        0x080020b8        0x0 c:/program files/raisonance/ride/arm-gcc/bin/../lib/gcc/arm-none-eabi/4.3.2/../../../../arm-none-eabi/lib/thumb2\libc.a(lib_a-strlen.o)
 .glue_7        0x080020b8        0x0 c:/program files/raisonance/ride/arm-gcc/bin/../lib/gcc/arm-none-eabi/4.3.2/../../../../arm-none-eabi/lib/thumb2\libc.a(lib_a-findfp.o)
 .glue_7        0x080020b8        0x0 c:/program files/raisonance/ride/arm-gcc/bin/../lib/gcc/arm-none-eabi/4.3.2/../../../../arm-none-eabi/lib/thumb2\libc.a(lib_a-fvwrite.o)
 .glue_7        0x080020b8        0x0 c:/program files/raisonance/ride/arm-gcc/bin/../lib/gcc/arm-none-eabi/4.3.2/../../../../arm-none-eabi/lib/thumb2\libc.a(lib_a-fwalk.o)
 .glue_7        0x080020b8        0x0 c:/program files/raisonance/ride/arm-gcc/bin/../lib/gcc/arm-none-eabi/4.3.2/../../../../arm-none-eabi/lib/thumb2\libc.a(lib_a-impure.o)
 .glue_7        0x080020b8        0x0 c:/program files/raisonance/ride/arm-gcc/bin/../lib/gcc/arm-none-eabi/4.3.2/../../../../arm-none-eabi/lib/thumb2\libc.a(lib_a-mallocr.o)
 .glue_7        0x080020b8        0x0 c:/program files/raisonance/ride/arm-gcc/bin/../lib/gcc/arm-none-eabi/4.3.2/../../../../arm-none-eabi/lib/thumb2\libc.a(lib_a-memchr.o)
 .glue_7        0x080020b8        0x0 c:/program files/raisonance/ride/arm-gcc/bin/../lib/gcc/arm-none-eabi/4.3.2/../../../../arm-none-eabi/lib/thumb2\libc.a(lib_a-memcpy.o)
 .glue_7        0x080020b8        0x0 c:/program files/raisonance/ride/arm-gcc/bin/../lib/gcc/arm-none-eabi/4.3.2/../../../../arm-none-eabi/lib/thumb2\libc.a(lib_a-memmove.o)
 .glue_7        0x080020b8        0x0 c:/program files/raisonance/ride/arm-gcc/bin/../lib/gcc/arm-none-eabi/4.3.2/../../../../arm-none-eabi/lib/thumb2\libc.a(lib_a-memset.o)
 .glue_7        0x080020b8        0x0 c:/program files/raisonance/ride/arm-gcc/bin/../lib/gcc/arm-none-eabi/4.3.2/../../../../arm-none-eabi/lib/thumb2\libc.a(lib_a-mlock.o)
 .glue_7        0x080020b8        0x0 c:/program files/raisonance/ride/arm-gcc/bin/../lib/gcc/arm-none-eabi/4.3.2/../../../../arm-none-eabi/lib/thumb2\libc.a(lib_a-reallocr.o)
 .glue_7        0x080020b8        0x0 c:/program files/raisonance/ride/arm-gcc/bin/../lib/gcc/arm-none-eabi/4.3.2/../../../../arm-none-eabi/lib/thumb2\libc.a(lib_a-sbrkr.o)
 .glue_7        0x080020b8        0x0 c:/program files/raisonance/ride/arm-gcc/bin/../lib/gcc/arm-none-eabi/4.3.2/../../../../arm-none-eabi/lib/thumb2\libc.a(lib_a-stdio.o)
 .glue_7        0x080020b8        0x0 c:/program files/raisonance/ride/arm-gcc/bin/../lib/gcc/arm-none-eabi/4.3.2/../../../../arm-none-eabi/lib/thumb2\libc.a(lib_a-writer.o)
 .glue_7        0x080020b8        0x0 c:/program files/raisonance/ride/arm-gcc/bin/../lib/gcc/arm-none-eabi/4.3.2/../../../../arm-none-eabi/lib/thumb2\libc.a(lib_a-wsetup.o)
 .glue_7        0x080020b8        0x0 c:/program files/raisonance/ride/arm-gcc/bin/../lib/gcc/arm-none-eabi/4.3.2/../../../../arm-none-eabi/lib/thumb2\libc.a(lib_a-closer.o)
 .glue_7        0x080020b8        0x0 c:/program files/raisonance/ride/arm-gcc/bin/../lib/gcc/arm-none-eabi/4.3.2/../../../../arm-none-eabi/lib/thumb2\libc.a(lib_a-fclose.o)
 .glue_7        0x080020b8        0x0 c:/program files/raisonance/ride/arm-gcc/bin/../lib/gcc/arm-none-eabi/4.3.2/../../../../arm-none-eabi/lib/thumb2\libc.a(lib_a-fflush.o)
 .glue_7        0x080020b8        0x0 c:/program files/raisonance/ride/arm-gcc/bin/../lib/gcc/arm-none-eabi/4.3.2/../../../../arm-none-eabi/lib/thumb2\libc.a(lib_a-freer.o)
 .glue_7        0x080020b8        0x0 c:/program files/raisonance/ride/arm-gcc/bin/../lib/gcc/arm-none-eabi/4.3.2/../../../../arm-none-eabi/lib/thumb2\libc.a(lib_a-lseekr.o)
 .glue_7        0x080020b8        0x0 c:/program files/raisonance/ride/arm-gcc/bin/../lib/gcc/arm-none-eabi/4.3.2/../../../../arm-none-eabi/lib/thumb2\libc.a(lib_a-makebuf.o)
 .glue_7        0x080020b8        0x0 c:/program files/raisonance/ride/arm-gcc/bin/../lib/gcc/arm-none-eabi/4.3.2/../../../../arm-none-eabi/lib/thumb2\libc.a(lib_a-readr.o)
 .glue_7        0x080020b8        0x0 c:/program files/raisonance/ride/arm-gcc/bin/../lib/gcc/arm-none-eabi/4.3.2/../../../../arm-none-eabi/lib/thumb2\libc.a(lib_a-reent.o)
 .glue_7        0x080020b8        0x0 c:/program files/raisonance/ride/arm-gcc/bin/../lib/gcc/arm-none-eabi/4.3.2/../../../../arm-none-eabi/lib/thumb2\libc.a(lib_a-fstatr.o)
 .glue_7        0x080020b8        0x0 c:/program files/raisonance/ride/arm-gcc/bin/../lib/gcc/arm-none-eabi/4.3.2/../../../../arm-none-eabi/lib/thumb2\libc.a(lib_a-isattyr.o)
 .glue_7        0x080020b8        0x0 C:\Program Files\Raisonance\Ride\Lib\ARM\STM32x_io_putchar_thumb.a(syscalls.o)
 .glue_7        0x080020b8        0x0 c:/program files/raisonance/ride/arm-gcc/bin/../lib/gcc/arm-none-eabi/4.3.2/../../../../arm-none-eabi/lib/thumb2\libc.a(lib_a-abort.o)
 .glue_7        0x080020b8        0x0 c:/program files/raisonance/ride/arm-gcc/bin/../lib/gcc/arm-none-eabi/4.3.2/../../../../arm-none-eabi/lib/thumb2\libc.a(lib_a-errno.o)
 .glue_7        0x080020b8        0x0 c:/program files/raisonance/ride/arm-gcc/bin/../lib/gcc/arm-none-eabi/4.3.2/../../../../arm-none-eabi/lib/thumb2\libc.a(lib_a-signal.o)
 .glue_7        0x080020b8        0x0 c:/program files/raisonance/ride/arm-gcc/bin/../lib/gcc/arm-none-eabi/4.3.2/../../../../arm-none-eabi/lib/thumb2\libc.a(lib_a-signalr.o)
 *(.glue_7t)
 .glue_7t       0x080020b8        0x0 D:\WkPjt\MStory2.0\Mango-Z1.Firmware\Z1.Src001.HelloWorld\project\RIDE\obj\main.o
 .glue_7t       0x080020b8        0x0 D:\WkPjt\MStory2.0\Mango-Z1.Firmware\Z1.Src001.HelloWorld\project\RIDE\obj\hw_config.o
 .glue_7t       0x080020b8        0x0 D:\WkPjt\MStory2.0\Mango-Z1.Firmware\Z1.Src001.HelloWorld\project\RIDE\obj\stm32f10x_rcc.o
 .glue_7t       0x080020b8        0x0 D:\WkPjt\MStory2.0\Mango-Z1.Firmware\Z1.Src001.HelloWorld\project\RIDE\obj\stm32f10x_usart.o
 .glue_7t       0x080020b8        0x0 D:\WkPjt\MStory2.0\Mango-Z1.Firmware\Z1.Src001.HelloWorld\project\RIDE\obj\stm32f10x_gpio.o
 .glue_7t       0x080020b8        0x0 D:\WkPjt\MStory2.0\Mango-Z1.Firmware\Z1.Src001.HelloWorld\project\RIDE\obj\startup_stm32f10x_md.o
 .glue_7t       0x080020b8        0x0 c:/program files/raisonance/ride/arm-gcc/bin/../lib/gcc/arm-none-eabi/4.3.2/../../../../arm-none-eabi/lib/thumb2\libc.a(lib_a-puts.o)
 .glue_7t       0x080020b8        0x0 c:/program files/raisonance/ride/arm-gcc/bin/../lib/gcc/arm-none-eabi/4.3.2/../../../../arm-none-eabi/lib/thumb2\libc.a(lib_a-strlen.o)
 .glue_7t       0x080020b8        0x0 c:/program files/raisonance/ride/arm-gcc/bin/../lib/gcc/arm-none-eabi/4.3.2/../../../../arm-none-eabi/lib/thumb2\libc.a(lib_a-findfp.o)
 .glue_7t       0x080020b8        0x0 c:/program files/raisonance/ride/arm-gcc/bin/../lib/gcc/arm-none-eabi/4.3.2/../../../../arm-none-eabi/lib/thumb2\libc.a(lib_a-fvwrite.o)
 .glue_7t       0x080020b8        0x0 c:/program files/raisonance/ride/arm-gcc/bin/../lib/gcc/arm-none-eabi/4.3.2/../../../../arm-none-eabi/lib/thumb2\libc.a(lib_a-fwalk.o)
 .glue_7t       0x080020b8        0x0 c:/program files/raisonance/ride/arm-gcc/bin/../lib/gcc/arm-none-eabi/4.3.2/../../../../arm-none-eabi/lib/thumb2\libc.a(lib_a-impure.o)
 .glue_7t       0x080020b8        0x0 c:/program files/raisonance/ride/arm-gcc/bin/../lib/gcc/arm-none-eabi/4.3.2/../../../../arm-none-eabi/lib/thumb2\libc.a(lib_a-mallocr.o)
 .glue_7t       0x080020b8        0x0 c:/program files/raisonance/ride/arm-gcc/bin/../lib/gcc/arm-none-eabi/4.3.2/../../../../arm-none-eabi/lib/thumb2\libc.a(lib_a-memchr.o)
 .glue_7t       0x080020b8        0x0 c:/program files/raisonance/ride/arm-gcc/bin/../lib/gcc/arm-none-eabi/4.3.2/../../../../arm-none-eabi/lib/thumb2\libc.a(lib_a-memcpy.o)
 .glue_7t       0x080020b8        0x0 c:/program files/raisonance/ride/arm-gcc/bin/../lib/gcc/arm-none-eabi/4.3.2/../../../../arm-none-eabi/lib/thumb2\libc.a(lib_a-memmove.o)
 .glue_7t       0x080020b8        0x0 c:/program files/raisonance/ride/arm-gcc/bin/../lib/gcc/arm-none-eabi/4.3.2/../../../../arm-none-eabi/lib/thumb2\libc.a(lib_a-memset.o)
 .glue_7t       0x080020b8        0x0 c:/program files/raisonance/ride/arm-gcc/bin/../lib/gcc/arm-none-eabi/4.3.2/../../../../arm-none-eabi/lib/thumb2\libc.a(lib_a-mlock.o)
 .glue_7t       0x080020b8        0x0 c:/program files/raisonance/ride/arm-gcc/bin/../lib/gcc/arm-none-eabi/4.3.2/../../../../arm-none-eabi/lib/thumb2\libc.a(lib_a-reallocr.o)
 .glue_7t       0x080020b8        0x0 c:/program files/raisonance/ride/arm-gcc/bin/../lib/gcc/arm-none-eabi/4.3.2/../../../../arm-none-eabi/lib/thumb2\libc.a(lib_a-sbrkr.o)
 .glue_7t       0x080020b8        0x0 c:/program files/raisonance/ride/arm-gcc/bin/../lib/gcc/arm-none-eabi/4.3.2/../../../../arm-none-eabi/lib/thumb2\libc.a(lib_a-stdio.o)
 .glue_7t       0x080020b8        0x0 c:/program files/raisonance/ride/arm-gcc/bin/../lib/gcc/arm-none-eabi/4.3.2/../../../../arm-none-eabi/lib/thumb2\libc.a(lib_a-writer.o)
 .glue_7t       0x080020b8        0x0 c:/program files/raisonance/ride/arm-gcc/bin/../lib/gcc/arm-none-eabi/4.3.2/../../../../arm-none-eabi/lib/thumb2\libc.a(lib_a-wsetup.o)
 .glue_7t       0x080020b8        0x0 c:/program files/raisonance/ride/arm-gcc/bin/../lib/gcc/arm-none-eabi/4.3.2/../../../../arm-none-eabi/lib/thumb2\libc.a(lib_a-closer.o)
 .glue_7t       0x080020b8        0x0 c:/program files/raisonance/ride/arm-gcc/bin/../lib/gcc/arm-none-eabi/4.3.2/../../../../arm-none-eabi/lib/thumb2\libc.a(lib_a-fclose.o)
 .glue_7t       0x080020b8        0x0 c:/program files/raisonance/ride/arm-gcc/bin/../lib/gcc/arm-none-eabi/4.3.2/../../../../arm-none-eabi/lib/thumb2\libc.a(lib_a-fflush.o)
 .glue_7t       0x080020b8        0x0 c:/program files/raisonance/ride/arm-gcc/bin/../lib/gcc/arm-none-eabi/4.3.2/../../../../arm-none-eabi/lib/thumb2\libc.a(lib_a-freer.o)
 .glue_7t       0x080020b8        0x0 c:/program files/raisonance/ride/arm-gcc/bin/../lib/gcc/arm-none-eabi/4.3.2/../../../../arm-none-eabi/lib/thumb2\libc.a(lib_a-lseekr.o)
 .glue_7t       0x080020b8        0x0 c:/program files/raisonance/ride/arm-gcc/bin/../lib/gcc/arm-none-eabi/4.3.2/../../../../arm-none-eabi/lib/thumb2\libc.a(lib_a-makebuf.o)
 .glue_7t       0x080020b8        0x0 c:/program files/raisonance/ride/arm-gcc/bin/../lib/gcc/arm-none-eabi/4.3.2/../../../../arm-none-eabi/lib/thumb2\libc.a(lib_a-readr.o)
 .glue_7t       0x080020b8        0x0 c:/program files/raisonance/ride/arm-gcc/bin/../lib/gcc/arm-none-eabi/4.3.2/../../../../arm-none-eabi/lib/thumb2\libc.a(lib_a-reent.o)
 .glue_7t       0x080020b8        0x0 c:/program files/raisonance/ride/arm-gcc/bin/../lib/gcc/arm-none-eabi/4.3.2/../../../../arm-none-eabi/lib/thumb2\libc.a(lib_a-fstatr.o)
 .glue_7t       0x080020b8        0x0 c:/program files/raisonance/ride/arm-gcc/bin/../lib/gcc/arm-none-eabi/4.3.2/../../../../arm-none-eabi/lib/thumb2\libc.a(lib_a-isattyr.o)
 .glue_7t       0x080020b8        0x0 C:\Program Files\Raisonance\Ride\Lib\ARM\STM32x_io_putchar_thumb.a(syscalls.o)
 .glue_7t       0x080020b8        0x0 c:/program files/raisonance/ride/arm-gcc/bin/../lib/gcc/arm-none-eabi/4.3.2/../../../../arm-none-eabi/lib/thumb2\libc.a(lib_a-abort.o)
 .glue_7t       0x080020b8        0x0 c:/program files/raisonance/ride/arm-gcc/bin/../lib/gcc/arm-none-eabi/4.3.2/../../../../arm-none-eabi/lib/thumb2\libc.a(lib_a-errno.o)
 .glue_7t       0x080020b8        0x0 c:/program files/raisonance/ride/arm-gcc/bin/../lib/gcc/arm-none-eabi/4.3.2/../../../../arm-none-eabi/lib/thumb2\libc.a(lib_a-signal.o)
 .glue_7t       0x080020b8        0x0 c:/program files/raisonance/ride/arm-gcc/bin/../lib/gcc/arm-none-eabi/4.3.2/../../../../arm-none-eabi/lib/thumb2\libc.a(lib_a-signalr.o)
                0x080020b8                . = ALIGN (0x4)
                0x080020b8                _etext = .
                0x080020b8                _sidata = _etext

.vfp11_veneer   0x20000000        0x0
 .vfp11_veneer  0x20000000        0x0 D:\WkPjt\MStory2.0\Mango-Z1.Firmware\Z1.Src001.HelloWorld\project\RIDE\obj\main.o
 .vfp11_veneer  0x20000000        0x0 D:\WkPjt\MStory2.0\Mango-Z1.Firmware\Z1.Src001.HelloWorld\project\RIDE\obj\hw_config.o
 .vfp11_veneer  0x20000000        0x0 D:\WkPjt\MStory2.0\Mango-Z1.Firmware\Z1.Src001.HelloWorld\project\RIDE\obj\stm32f10x_rcc.o
 .vfp11_veneer  0x20000000        0x0 D:\WkPjt\MStory2.0\Mango-Z1.Firmware\Z1.Src001.HelloWorld\project\RIDE\obj\stm32f10x_usart.o
 .vfp11_veneer  0x20000000        0x0 D:\WkPjt\MStory2.0\Mango-Z1.Firmware\Z1.Src001.HelloWorld\project\RIDE\obj\stm32f10x_gpio.o
 .vfp11_veneer  0x20000000        0x0 D:\WkPjt\MStory2.0\Mango-Z1.Firmware\Z1.Src001.HelloWorld\project\RIDE\obj\startup_stm32f10x_md.o
 .vfp11_veneer  0x20000000        0x0 C:\Program Files\Raisonance\Ride\Lib\ARM\STM32x_io_putchar_thumb.a(syscalls.o)
 .vfp11_veneer  0x20000000        0x0 c:/program files/raisonance/ride/arm-gcc/bin/../lib/gcc/arm-none-eabi/4.3.2/../../../../arm-none-eabi/lib/thumb2\libc.a(lib_a-abort.o)
 .vfp11_veneer  0x20000000        0x0 c:/program files/raisonance/ride/arm-gcc/bin/../lib/gcc/arm-none-eabi/4.3.2/../../../../arm-none-eabi/lib/thumb2\libc.a(lib_a-errno.o)
 .vfp11_veneer  0x20000000        0x0 c:/program files/raisonance/ride/arm-gcc/bin/../lib/gcc/arm-none-eabi/4.3.2/../../../../arm-none-eabi/lib/thumb2\libc.a(lib_a-signal.o)
 .vfp11_veneer  0x20000000        0x0 c:/program files/raisonance/ride/arm-gcc/bin/../lib/gcc/arm-none-eabi/4.3.2/../../../../arm-none-eabi/lib/thumb2\libc.a(lib_a-signalr.o)

.janus_2cc_veneer
                0x20000000        0x0
 .janus_2cc_veneer
                0x20000000        0x0 D:\WkPjt\MStory2.0\Mango-Z1.Firmware\Z1.Src001.HelloWorld\project\RIDE\obj\main.o
 .janus_2cc_veneer
                0x20000000        0x0 D:\WkPjt\MStory2.0\Mango-Z1.Firmware\Z1.Src001.HelloWorld\project\RIDE\obj\hw_config.o
 .janus_2cc_veneer
                0x20000000        0x0 D:\WkPjt\MStory2.0\Mango-Z1.Firmware\Z1.Src001.HelloWorld\project\RIDE\obj\stm32f10x_rcc.o
 .janus_2cc_veneer
                0x20000000        0x0 D:\WkPjt\MStory2.0\Mango-Z1.Firmware\Z1.Src001.HelloWorld\project\RIDE\obj\stm32f10x_usart.o
 .janus_2cc_veneer
                0x20000000        0x0 D:\WkPjt\MStory2.0\Mango-Z1.Firmware\Z1.Src001.HelloWorld\project\RIDE\obj\stm32f10x_gpio.o
 .janus_2cc_veneer
                0x20000000        0x0 D:\WkPjt\MStory2.0\Mango-Z1.Firmware\Z1.Src001.HelloWorld\project\RIDE\obj\startup_stm32f10x_md.o
 .janus_2cc_veneer
                0x20000000        0x0 C:\Program Files\Raisonance\Ride\Lib\ARM\STM32x_io_putchar_thumb.a(syscalls.o)
 .janus_2cc_veneer
                0x20000000        0x0 c:/program files/raisonance/ride/arm-gcc/bin/../lib/gcc/arm-none-eabi/4.3.2/../../../../arm-none-eabi/lib/thumb2\libc.a(lib_a-abort.o)
 .janus_2cc_veneer
                0x20000000        0x0 c:/program files/raisonance/ride/arm-gcc/bin/../lib/gcc/arm-none-eabi/4.3.2/../../../../arm-none-eabi/lib/thumb2\libc.a(lib_a-errno.o)
 .janus_2cc_veneer
                0x20000000        0x0 c:/program files/raisonance/ride/arm-gcc/bin/../lib/gcc/arm-none-eabi/4.3.2/../../../../arm-none-eabi/lib/thumb2\libc.a(lib_a-signal.o)
 .janus_2cc_veneer
                0x20000000        0x0 c:/program files/raisonance/ride/arm-gcc/bin/../lib/gcc/arm-none-eabi/4.3.2/../../../../arm-none-eabi/lib/thumb2\libc.a(lib_a-signalr.o)

.v4_bx          0x20000000        0x0
 .v4_bx         0x20000000        0x0 D:\WkPjt\MStory2.0\Mango-Z1.Firmware\Z1.Src001.HelloWorld\project\RIDE\obj\main.o
 .v4_bx         0x20000000        0x0 D:\WkPjt\MStory2.0\Mango-Z1.Firmware\Z1.Src001.HelloWorld\project\RIDE\obj\hw_config.o
 .v4_bx         0x20000000        0x0 D:\WkPjt\MStory2.0\Mango-Z1.Firmware\Z1.Src001.HelloWorld\project\RIDE\obj\stm32f10x_rcc.o
 .v4_bx         0x20000000        0x0 D:\WkPjt\MStory2.0\Mango-Z1.Firmware\Z1.Src001.HelloWorld\project\RIDE\obj\stm32f10x_usart.o
 .v4_bx         0x20000000        0x0 D:\WkPjt\MStory2.0\Mango-Z1.Firmware\Z1.Src001.HelloWorld\project\RIDE\obj\stm32f10x_gpio.o
 .v4_bx         0x20000000        0x0 D:\WkPjt\MStory2.0\Mango-Z1.Firmware\Z1.Src001.HelloWorld\project\RIDE\obj\startup_stm32f10x_md.o
 .v4_bx         0x20000000        0x0 C:\Program Files\Raisonance\Ride\Lib\ARM\STM32x_io_putchar_thumb.a(syscalls.o)
 .v4_bx         0x20000000        0x0 c:/program files/raisonance/ride/arm-gcc/bin/../lib/gcc/arm-none-eabi/4.3.2/../../../../arm-none-eabi/lib/thumb2\libc.a(lib_a-abort.o)
 .v4_bx         0x20000000        0x0 c:/program files/raisonance/ride/arm-gcc/bin/../lib/gcc/arm-none-eabi/4.3.2/../../../../arm-none-eabi/lib/thumb2\libc.a(lib_a-errno.o)
 .v4_bx         0x20000000        0x0 c:/program files/raisonance/ride/arm-gcc/bin/../lib/gcc/arm-none-eabi/4.3.2/../../../../arm-none-eabi/lib/thumb2\libc.a(lib_a-signal.o)
 .v4_bx         0x20000000        0x0 c:/program files/raisonance/ride/arm-gcc/bin/../lib/gcc/arm-none-eabi/4.3.2/../../../../arm-none-eabi/lib/thumb2\libc.a(lib_a-signalr.o)

.flashpatch     0x00000000        0x0
                0x00000000                . = ALIGN (0x4)
 *(.flashpatch)
                0x00000000                . = ALIGN (0x4)

.endflash       0x00000000        0x0
                0x00000000                . = ALIGN (0x4)
 *(.endflash)
                0x00000000                . = ALIGN (0x4)

.data           0x20000000      0x518 load address 0x080020b8
                0x20000000                . = ALIGN (0x4)
                0x20000000                _sdata = .
 *(.data)
 .data          0x20000000       0x14 D:\WkPjt\MStory2.0\Mango-Z1.Firmware\Z1.Src001.HelloWorld\project\RIDE\obj\stm32f10x_rcc.o
 .data          0x20000014       0xf4 c:/program files/raisonance/ride/arm-gcc/bin/../lib/gcc/arm-none-eabi/4.3.2/../../../../arm-none-eabi/lib/thumb2\libc.a(lib_a-impure.o)
                0x20000014                _impure_ptr
 .data          0x20000108      0x410 c:/program files/raisonance/ride/arm-gcc/bin/../lib/gcc/arm-none-eabi/4.3.2/../../../../arm-none-eabi/lib/thumb2\libc.a(lib_a-mallocr.o)
                0x20000510                __malloc_sbrk_base
                0x20000108                __malloc_av_
                0x20000514                __malloc_trim_threshold
 *(.data.*)
 *(.RAMtext)
                0x20000518                . = ALIGN (0x4)
                0x20000518                _edata = .

.bss            0x20000518       0x3c load address 0x080025d0
                0x20000518                . = ALIGN (0x4)
                0x20000518                _sbss = .
 *(.bss)
 .bss           0x20000518       0x34 c:/program files/raisonance/ride/arm-gcc/bin/../lib/gcc/arm-none-eabi/4.3.2/../../../../arm-none-eabi/lib/thumb2\libc.a(lib_a-mallocr.o)
                0x20000518                __malloc_top_pad
                0x20000544                __malloc_max_sbrked_mem
                0x2000051c                __malloc_current_mallinfo
                0x20000548                __malloc_max_total_mem
 .bss           0x2000054c        0x4 C:\Program Files\Raisonance\Ride\Lib\ARM\STM32x_io_putchar_thumb.a(syscalls.o)
 *(COMMON)
 COMMON         0x20000550        0x4 c:/program files/raisonance/ride/arm-gcc/bin/../lib/gcc/arm-none-eabi/4.3.2/../../../../arm-none-eabi/lib/thumb2\libc.a(lib_a-reent.o)
                0x20000550                errno
                0x20000554                . = ALIGN (0x4)
                0x20000554                _ebss = .
                0x20000554                PROVIDE (end, _ebss)
                0x20000554                PROVIDE (_end, _ebss)

._usrstack      0x20000554      0x100 load address 0x0800260c
                0x20000554                . = ALIGN (0x4)
                0x20000554                _susrstack = .
                0x20000654                . = (. + _Minimum_Stack_Size)
 *fill*         0x20000554      0x100 00
                0x20000654                . = ALIGN (0x4)
                0x20000654                _eusrstack = .

.b1text
 *(.b1text)
 *(.b1rodata)
 *(.b1rodata*)

.eb0text
 *(.eb0text)
 *(.eb0rodata)
 *(.eb0rodata*)

.eb1text
 *(.eb1text)
 *(.eb1rodata)
 *(.eb1rodata*)

.eb2text
 *(.eb2text)
 *(.eb2rodata)
 *(.eb2rodata*)

.eb3text
 *(.eb3text)
 *(.eb3rodata)
 *(.eb3rodata*)
                0x20000654                __exidx_start = .
                0x20000654                __exidx_end = .

/DISCARD/
 libc.a(*)
 libm.a(*)
 libgcc.a(*)

.stab
 *(.stab)

.stabstr
 *(.stabstr)

.stab.excl
 *(.stab.excl)

.stab.exclstr
 *(.stab.exclstr)

.stab.index
 *(.stab.index)

.stab.indexstr
 *(.stab.indexstr)

.comment        0x00000000       0xfd
 *(.comment)
 .comment       0x00000000       0x2a D:\WkPjt\MStory2.0\Mango-Z1.Firmware\Z1.Src001.HelloWorld\project\RIDE\obj\main.o
 .comment       0x0000002a       0x2a D:\WkPjt\MStory2.0\Mango-Z1.Firmware\Z1.Src001.HelloWorld\project\RIDE\obj\hw_config.o
 .comment       0x00000054       0x2a D:\WkPjt\MStory2.0\Mango-Z1.Firmware\Z1.Src001.HelloWorld\project\RIDE\obj\stm32f10x_rcc.o
 .comment       0x0000007e       0x2a D:\WkPjt\MStory2.0\Mango-Z1.Firmware\Z1.Src001.HelloWorld\project\RIDE\obj\stm32f10x_usart.o
 .comment       0x000000a8       0x2a D:\WkPjt\MStory2.0\Mango-Z1.Firmware\Z1.Src001.HelloWorld\project\RIDE\obj\stm32f10x_gpio.o
 .comment       0x000000d2       0x2b C:\Program Files\Raisonance\Ride\Lib\ARM\STM32x_io_putchar_thumb.a(syscalls.o)

.debug
 *(.debug)

.line
 *(.line)

.debug_srcinfo
 *(.debug_srcinfo)

.debug_sfnames
 *(.debug_sfnames)

.debug_aranges  0x00000000      0x348
 *(.debug_aranges)
 .debug_aranges
                0x00000000       0x20 D:\WkPjt\MStory2.0\Mango-Z1.Firmware\Z1.Src001.HelloWorld\project\RIDE\obj\main.o
 .debug_aranges
                0x00000020       0x30 D:\WkPjt\MStory2.0\Mango-Z1.Firmware\Z1.Src001.HelloWorld\project\RIDE\obj\hw_config.o
 .debug_aranges
                0x00000050      0x160 D:\WkPjt\MStory2.0\Mango-Z1.Firmware\Z1.Src001.HelloWorld\project\RIDE\obj\stm32f10x_rcc.o
 .debug_aranges
                0x000001b0       0xf0 D:\WkPjt\MStory2.0\Mango-Z1.Firmware\Z1.Src001.HelloWorld\project\RIDE\obj\stm32f10x_usart.o
 .debug_aranges
                0x000002a0       0xa8 D:\WkPjt\MStory2.0\Mango-Z1.Firmware\Z1.Src001.HelloWorld\project\RIDE\obj\stm32f10x_gpio.o

.debug_pubnames
                0x00000000      0x7df
 *(.debug_pubnames)
 .debug_pubnames
                0x00000000       0x1b D:\WkPjt\MStory2.0\Mango-Z1.Firmware\Z1.Src001.HelloWorld\project\RIDE\obj\main.o
 .debug_pubnames
                0x0000001b       0x4a D:\WkPjt\MStory2.0\Mango-Z1.Firmware\Z1.Src001.HelloWorld\project\RIDE\obj\hw_config.o
 .debug_pubnames
                0x00000065      0x37e D:\WkPjt\MStory2.0\Mango-Z1.Firmware\Z1.Src001.HelloWorld\project\RIDE\obj\stm32f10x_rcc.o
 .debug_pubnames
                0x000003e3      0x25f D:\WkPjt\MStory2.0\Mango-Z1.Firmware\Z1.Src001.HelloWorld\project\RIDE\obj\stm32f10x_usart.o
 .debug_pubnames
                0x00000642      0x19d D:\WkPjt\MStory2.0\Mango-Z1.Firmware\Z1.Src001.HelloWorld\project\RIDE\obj\stm32f10x_gpio.o

.debug_info     0x00000000     0x1ed5
 *(.debug_info .gnu.linkonce.wi.*)
 .debug_info    0x00000000       0xa5 D:\WkPjt\MStory2.0\Mango-Z1.Firmware\Z1.Src001.HelloWorld\project\RIDE\obj\main.o
 .debug_info    0x000000a5      0x398 D:\WkPjt\MStory2.0\Mango-Z1.Firmware\Z1.Src001.HelloWorld\project\RIDE\obj\hw_config.o
 .debug_info    0x0000043d      0xa8a D:\WkPjt\MStory2.0\Mango-Z1.Firmware\Z1.Src001.HelloWorld\project\RIDE\obj\stm32f10x_rcc.o
 .debug_info    0x00000ec7      0x976 D:\WkPjt\MStory2.0\Mango-Z1.Firmware\Z1.Src001.HelloWorld\project\RIDE\obj\stm32f10x_usart.o
 .debug_info    0x0000183d      0x698 D:\WkPjt\MStory2.0\Mango-Z1.Firmware\Z1.Src001.HelloWorld\project\RIDE\obj\stm32f10x_gpio.o

.debug_abbrev   0x00000000      0x768
 *(.debug_abbrev)
 .debug_abbrev  0x00000000       0x60 D:\WkPjt\MStory2.0\Mango-Z1.Firmware\Z1.Src001.HelloWorld\project\RIDE\obj\main.o
 .debug_abbrev  0x00000060      0x11d D:\WkPjt\MStory2.0\Mango-Z1.Firmware\Z1.Src001.HelloWorld\project\RIDE\obj\hw_config.o
 .debug_abbrev  0x0000017d      0x1e4 D:\WkPjt\MStory2.0\Mango-Z1.Firmware\Z1.Src001.HelloWorld\project\RIDE\obj\stm32f10x_rcc.o
 .debug_abbrev  0x00000361      0x1f8 D:\WkPjt\MStory2.0\Mango-Z1.Firmware\Z1.Src001.HelloWorld\project\RIDE\obj\stm32f10x_usart.o
 .debug_abbrev  0x00000559      0x20f D:\WkPjt\MStory2.0\Mango-Z1.Firmware\Z1.Src001.HelloWorld\project\RIDE\obj\stm32f10x_gpio.o

.debug_line     0x00000000     0x1110
 *(.debug_line)
 .debug_line    0x00000000       0xf2 D:\WkPjt\MStory2.0\Mango-Z1.Firmware\Z1.Src001.HelloWorld\project\RIDE\obj\main.o
 .debug_line    0x000000f2      0x258 D:\WkPjt\MStory2.0\Mango-Z1.Firmware\Z1.Src001.HelloWorld\project\RIDE\obj\hw_config.o
 .debug_line    0x0000034a      0x560 D:\WkPjt\MStory2.0\Mango-Z1.Firmware\Z1.Src001.HelloWorld\project\RIDE\obj\stm32f10x_rcc.o
 .debug_line    0x000008aa      0x4a6 D:\WkPjt\MStory2.0\Mango-Z1.Firmware\Z1.Src001.HelloWorld\project\RIDE\obj\stm32f10x_usart.o
 .debug_line    0x00000d50      0x3c0 D:\WkPjt\MStory2.0\Mango-Z1.Firmware\Z1.Src001.HelloWorld\project\RIDE\obj\stm32f10x_gpio.o

.debug_frame    0x00000000      0x7fc
 *(.debug_frame)
 .debug_frame   0x00000000       0x28 D:\WkPjt\MStory2.0\Mango-Z1.Firmware\Z1.Src001.HelloWorld\project\RIDE\obj\main.o
 .debug_frame   0x00000028       0x68 D:\WkPjt\MStory2.0\Mango-Z1.Firmware\Z1.Src001.HelloWorld\project\RIDE\obj\hw_config.o
 .debug_frame   0x00000090      0x2b4 D:\WkPjt\MStory2.0\Mango-Z1.Firmware\Z1.Src001.HelloWorld\project\RIDE\obj\stm32f10x_rcc.o
 .debug_frame   0x00000344      0x1e4 D:\WkPjt\MStory2.0\Mango-Z1.Firmware\Z1.Src001.HelloWorld\project\RIDE\obj\stm32f10x_usart.o
 .debug_frame   0x00000528      0x170 D:\WkPjt\MStory2.0\Mango-Z1.Firmware\Z1.Src001.HelloWorld\project\RIDE\obj\stm32f10x_gpio.o
 .debug_frame   0x00000698       0x20 c:/program files/raisonance/ride/arm-gcc/bin/../lib/gcc/arm-none-eabi/4.3.2/../../../../arm-none-eabi/lib/thumb2\libc.a(lib_a-abort.o)
 .debug_frame   0x000006b8       0x20 c:/program files/raisonance/ride/arm-gcc/bin/../lib/gcc/arm-none-eabi/4.3.2/../../../../arm-none-eabi/lib/thumb2\libc.a(lib_a-errno.o)
 .debug_frame   0x000006d8       0xe0 c:/program files/raisonance/ride/arm-gcc/bin/../lib/gcc/arm-none-eabi/4.3.2/../../../../arm-none-eabi/lib/thumb2\libc.a(lib_a-signal.o)
 .debug_frame   0x000007b8       0x44 c:/program files/raisonance/ride/arm-gcc/bin/../lib/gcc/arm-none-eabi/4.3.2/../../../../arm-none-eabi/lib/thumb2\libc.a(lib_a-signalr.o)

.debug_str      0x00000000      0xf2c
 *(.debug_str)
 .debug_str     0x00000000       0xb5 D:\WkPjt\MStory2.0\Mango-Z1.Firmware\Z1.Src001.HelloWorld\project\RIDE\obj\main.o
                                 0xee (size before relaxing)
 .debug_str     0x000000b5      0x27d D:\WkPjt\MStory2.0\Mango-Z1.Firmware\Z1.Src001.HelloWorld\project\RIDE\obj\hw_config.o
                                0x327 (size before relaxing)
 .debug_str     0x00000332      0x5dd D:\WkPjt\MStory2.0\Mango-Z1.Firmware\Z1.Src001.HelloWorld\project\RIDE\obj\stm32f10x_rcc.o
                                0x6ba (size before relaxing)
 .debug_str     0x0000090f      0x3a7 D:\WkPjt\MStory2.0\Mango-Z1.Firmware\Z1.Src001.HelloWorld\project\RIDE\obj\stm32f10x_usart.o
                                0x5d0 (size before relaxing)
 .debug_str     0x00000cb6      0x276 D:\WkPjt\MStory2.0\Mango-Z1.Firmware\Z1.Src001.HelloWorld\project\RIDE\obj\stm32f10x_gpio.o
                                0x469 (size before relaxing)

.debug_loc      0x00000000      0x994
 *(.debug_loc)
 .debug_loc     0x00000000       0x1f D:\WkPjt\MStory2.0\Mango-Z1.Firmware\Z1.Src001.HelloWorld\project\RIDE\obj\main.o
 .debug_loc     0x0000001f       0x7b D:\WkPjt\MStory2.0\Mango-Z1.Firmware\Z1.Src001.HelloWorld\project\RIDE\obj\hw_config.o
 .debug_loc     0x0000009a      0x346 D:\WkPjt\MStory2.0\Mango-Z1.Firmware\Z1.Src001.HelloWorld\project\RIDE\obj\stm32f10x_rcc.o
 .debug_loc     0x000003e0      0x2d2 D:\WkPjt\MStory2.0\Mango-Z1.Firmware\Z1.Src001.HelloWorld\project\RIDE\obj\stm32f10x_usart.o
 .debug_loc     0x000006b2      0x2e2 D:\WkPjt\MStory2.0\Mango-Z1.Firmware\Z1.Src001.HelloWorld\project\RIDE\obj\stm32f10x_gpio.o

.debug_macinfo
 *(.debug_macinfo)

.debug_weaknames
 *(.debug_weaknames)

.debug_funcnames
 *(.debug_funcnames)

.debug_typenames
 *(.debug_typenames)

.debug_varnames
 *(.debug_varnames)
LOAD C:\Program Files\Raisonance\Ride\Lib\ARM\STM32x_io_putchar_thumb.a
START GROUP
LOAD c:/program files/raisonance/ride/arm-gcc/bin/../lib/gcc/arm-none-eabi/4.3.2/thumb2\libgcc.a
LOAD c:/program files/raisonance/ride/arm-gcc/bin/../lib/gcc/arm-none-eabi/4.3.2/../../../../arm-none-eabi/lib/thumb2\libc.a
END GROUP
OUTPUT(D:\WkPjt\MStory2.0\Mango-Z1.Firmware\Z1.Src001.HelloWorld\project\RIDE\MStroy2.0.elf elf32-littlearm)

.debug_ranges   0x00000000      0x320
 .debug_ranges  0x00000000       0x18 D:\WkPjt\MStory2.0\Mango-Z1.Firmware\Z1.Src001.HelloWorld\project\RIDE\obj\main.o
 .debug_ranges  0x00000018       0x28 D:\WkPjt\MStory2.0\Mango-Z1.Firmware\Z1.Src001.HelloWorld\project\RIDE\obj\hw_config.o
 .debug_ranges  0x00000040      0x158 D:\WkPjt\MStory2.0\Mango-Z1.Firmware\Z1.Src001.HelloWorld\project\RIDE\obj\stm32f10x_rcc.o
 .debug_ranges  0x00000198       0xe8 D:\WkPjt\MStory2.0\Mango-Z1.Firmware\Z1.Src001.HelloWorld\project\RIDE\obj\stm32f10x_usart.o
 .debug_ranges  0x00000280       0xa0 D:\WkPjt\MStory2.0\Mango-Z1.Firmware\Z1.Src001.HelloWorld\project\RIDE\obj\stm32f10x_gpio.o

.ARM.attributes
                0x00000000       0x31
 .ARM.attributes
                0x00000000       0x31 D:\WkPjt\MStory2.0\Mango-Z1.Firmware\Z1.Src001.HelloWorld\project\RIDE\obj\main.o
 .ARM.attributes
                0x00000031       0x31 D:\WkPjt\MStory2.0\Mango-Z1.Firmware\Z1.Src001.HelloWorld\project\RIDE\obj\hw_config.o
 .ARM.attributes
                0x00000062       0x31 D:\WkPjt\MStory2.0\Mango-Z1.Firmware\Z1.Src001.HelloWorld\project\RIDE\obj\stm32f10x_rcc.o
 .ARM.attributes
                0x00000093       0x31 D:\WkPjt\MStory2.0\Mango-Z1.Firmware\Z1.Src001.HelloWorld\project\RIDE\obj\stm32f10x_usart.o
 .ARM.attributes
                0x000000c4       0x31 D:\WkPjt\MStory2.0\Mango-Z1.Firmware\Z1.Src001.HelloWorld\project\RIDE\obj\stm32f10x_gpio.o
 .ARM.attributes
                0x000000f5       0x21 D:\WkPjt\MStory2.0\Mango-Z1.Firmware\Z1.Src001.HelloWorld\project\RIDE\obj\startup_stm32f10x_md.o
 .ARM.attributes
                0x00000116       0x31 C:\Program Files\Raisonance\Ride\Lib\ARM\STM32x_io_putchar_thumb.a(syscalls.o)
 .ARM.attributes
                0x00000147       0x27 c:/program files/raisonance/ride/arm-gcc/bin/../lib/gcc/arm-none-eabi/4.3.2/../../../../arm-none-eabi/lib/thumb2\libc.a(lib_a-abort.o)
 .ARM.attributes
                0x0000016e       0x27 c:/program files/raisonance/ride/arm-gcc/bin/../lib/gcc/arm-none-eabi/4.3.2/../../../../arm-none-eabi/lib/thumb2\libc.a(lib_a-errno.o)
 .ARM.attributes
                0x00000195       0x27 c:/program files/raisonance/ride/arm-gcc/bin/../lib/gcc/arm-none-eabi/4.3.2/../../../../arm-none-eabi/lib/thumb2\libc.a(lib_a-signal.o)
 .ARM.attributes
                0x000001bc       0x27 c:/program files/raisonance/ride/arm-gcc/bin/../lib/gcc/arm-none-eabi/4.3.2/../../../../arm-none-eabi/lib/thumb2\libc.a(lib_a-signalr.o)
