
D:\WkPjt\MStory2.0\Mango-M32.Firmware\M32.Src006.LedAllOnOff.New1\project\RIDE\obj\main.o:     file format elf32-littlearm
D:\WkPjt\MStory2.0\Mango-M32.Firmware\M32.Src006.LedAllOnOff.New1\project\RIDE\obj\main.o

Disassembly of section .text.delay_1_second:

00000000 <delay_1_second>:
delay_1_second():
D:\WkPjt\MStory2.0\Mango-M32.Firmware\M32.Src006.LedAllOnOff.New1\src/main.c:23
    for(; nTime > 0; nTime--);
}

void delay_1_second(void)
{
    delay_int_count(806596);
   0:	4b02      	ldr	r3, [pc, #8]	(c <delay_1_second+0xc>)
   2:	e000      	b.n	6 <delay_1_second+0x6>
delay_int_count():
D:\WkPjt\MStory2.0\Mango-M32.Firmware\M32.Src006.LedAllOnOff.New1\src/main.c:18

/* functions */

static void delay_int_count(volatile unsigned int nTime)
{
    for(; nTime > 0; nTime--);
   4:	3b01      	subs	r3, #1
   6:	2b00      	cmp	r3, #0
   8:	d1fc      	bne.n	4 <delay_1_second+0x4>
delay_1_second():
D:\WkPjt\MStory2.0\Mango-M32.Firmware\M32.Src006.LedAllOnOff.New1\src/main.c:24
}

void delay_1_second(void)
{
    delay_int_count(806596);
}
   a:	4770      	bx	lr
   c:	000c4ec4 	.word	0x000c4ec4
Disassembly of section .text.GPIO_B_Output_Init:

00000000 <GPIO_B_Output_Init>:
GPIO_B_Output_Init():
D:\WkPjt\MStory2.0\Mango-M32.Firmware\M32.Src006.LedAllOnOff.New1\src/main.c:29

void GPIO_B_Output_Init(uint16_t pinNum,
         GPIOSpeed_TypeDef speedValE, GPIOMode_Output_TypeDef modeE)
{
    uint32_t tmpVal = modeE << 2 | speedValE;
   0:	ea41 0c82 	orr.w	ip, r1, r2, lsl #2
D:\WkPjt\MStory2.0\Mango-M32.Firmware\M32.Src006.LedAllOnOff.New1\src/main.c:33
    uint32_t pinpos = 0x00;

    // pin #0 ~ #7
    if((pinNum & 0xFF) != 0)
   4:	f010 02ff 	ands.w	r2, r0, #255	; 0xff
   8:	d00a      	beq.n	20 <GPIO_B_Output_Init+0x20>
   a:	2200      	movs	r2, #0
D:\WkPjt\MStory2.0\Mango-M32.Firmware\M32.Src006.LedAllOnOff.New1\src/main.c:37
    {
        for (pinpos = 0x00; pinpos < 0x08; pinpos++)
        {
            if (pinNum == ((uint32_t)0x01) << pinpos)
   c:	2301      	movs	r3, #1
   e:	4093      	lsls	r3, r2
  10:	4298      	cmp	r0, r3
  12:	d101      	bne.n	18 <GPIO_B_Output_Init+0x18>
D:\WkPjt\MStory2.0\Mango-M32.Firmware\M32.Src006.LedAllOnOff.New1\src/main.c:40
            {
                pinpos = pinpos * 4;
                GPIOB_CRL &= ~(0xF << pinpos);
  14:	480e      	ldr	r0, [pc, #56]	(50 <GPIO_B_Output_Init+0x50>)
  16:	e009      	b.n	2c <GPIO_B_Output_Init+0x2c>
D:\WkPjt\MStory2.0\Mango-M32.Firmware\M32.Src006.LedAllOnOff.New1\src/main.c:35
    uint32_t pinpos = 0x00;

    // pin #0 ~ #7
    if((pinNum & 0xFF) != 0)
    {
        for (pinpos = 0x00; pinpos < 0x08; pinpos++)
  18:	3201      	adds	r2, #1
  1a:	2a08      	cmp	r2, #8
  1c:	d1f6      	bne.n	c <GPIO_B_Output_Init+0xc>
  1e:	e015      	b.n	4c <GPIO_B_Output_Init+0x4c>
D:\WkPjt\MStory2.0\Mango-M32.Firmware\M32.Src006.LedAllOnOff.New1\src/main.c:50
    }

    // pin #8 ~ #15
    else
    {
        pinNum = pinNum >> 8;
  20:	0a00      	lsrs	r0, r0, #8
D:\WkPjt\MStory2.0\Mango-M32.Firmware\M32.Src006.LedAllOnOff.New1\src/main.c:53
        for (pinpos = 0x00; pinpos < 0x08; pinpos++)
        {
            if (pinNum == ((uint32_t)0x01) << pinpos)
  22:	2301      	movs	r3, #1
  24:	4093      	lsls	r3, r2
  26:	4298      	cmp	r0, r3
  28:	d10d      	bne.n	46 <GPIO_B_Output_Init+0x46>
D:\WkPjt\MStory2.0\Mango-M32.Firmware\M32.Src006.LedAllOnOff.New1\src/main.c:56
            {
                pinpos = pinpos * 4;
                GPIOB_CRH &= ~(0xF << pinpos);
  2a:	480a      	ldr	r0, [pc, #40]	(54 <GPIO_B_Output_Init+0x54>)
  2c:	0092      	lsls	r2, r2, #2
  2e:	230f      	movs	r3, #15
  30:	4093      	lsls	r3, r2
D:\WkPjt\MStory2.0\Mango-M32.Firmware\M32.Src006.LedAllOnOff.New1\src/main.c:57
                GPIOB_CRH |= tmpVal << pinpos;
  32:	fa0c f202 	lsl.w	r2, ip, r2
D:\WkPjt\MStory2.0\Mango-M32.Firmware\M32.Src006.LedAllOnOff.New1\src/main.c:56
        for (pinpos = 0x00; pinpos < 0x08; pinpos++)
        {
            if (pinNum == ((uint32_t)0x01) << pinpos)
            {
                pinpos = pinpos * 4;
                GPIOB_CRH &= ~(0xF << pinpos);
  36:	6801      	ldr	r1, [r0, #0]
  38:	ea21 0103 	bic.w	r1, r1, r3
  3c:	6001      	str	r1, [r0, #0]
D:\WkPjt\MStory2.0\Mango-M32.Firmware\M32.Src006.LedAllOnOff.New1\src/main.c:57
                GPIOB_CRH |= tmpVal << pinpos;
  3e:	6803      	ldr	r3, [r0, #0]
  40:	431a      	orrs	r2, r3
  42:	6002      	str	r2, [r0, #0]
  44:	e002      	b.n	4c <GPIO_B_Output_Init+0x4c>
D:\WkPjt\MStory2.0\Mango-M32.Firmware\M32.Src006.LedAllOnOff.New1\src/main.c:51

    // pin #8 ~ #15
    else
    {
        pinNum = pinNum >> 8;
        for (pinpos = 0x00; pinpos < 0x08; pinpos++)
  46:	3201      	adds	r2, #1
  48:	2a08      	cmp	r2, #8
  4a:	d1ea      	bne.n	22 <GPIO_B_Output_Init+0x22>
D:\WkPjt\MStory2.0\Mango-M32.Firmware\M32.Src006.LedAllOnOff.New1\src/main.c:62
                GPIOB_CRH |= tmpVal << pinpos;
                break;
            }
        }
    }
}
  4c:	4770      	bx	lr
  4e:	46c0      	nop			(mov r8, r8)
  50:	40010c00 	.word	0x40010c00
  54:	40010c04 	.word	0x40010c04
Disassembly of section .text.main:

00000000 <main>:
main():
D:\WkPjt\MStory2.0\Mango-M32.Firmware\M32.Src006.LedAllOnOff.New1\src/main.c:72
 * Output : None
 * Return : None
 */
int main(void)
{
    RCC_APB2ENR |= RCC_APB2Periph_GPIOB;
   0:	4a0c      	ldr	r2, [pc, #48]	(34 <main+0x34>)
D:\WkPjt\MStory2.0\Mango-M32.Firmware\M32.Src006.LedAllOnOff.New1\src/main.c:71
 * Input  : None
 * Output : None
 * Return : None
 */
int main(void)
{
   2:	b510      	push	{r4, lr}
D:\WkPjt\MStory2.0\Mango-M32.Firmware\M32.Src006.LedAllOnOff.New1\src/main.c:72
    RCC_APB2ENR |= RCC_APB2Periph_GPIOB;
   4:	6813      	ldr	r3, [r2, #0]
D:\WkPjt\MStory2.0\Mango-M32.Firmware\M32.Src006.LedAllOnOff.New1\src/main.c:74

    GPIO_B_Output_Init(GPIO_LED1_PIN, GPIO_Speed_10MHz, GPIO_Mode_Out_PP);
   6:	f44f 7000 	mov.w	r0, #512	; 0x200
D:\WkPjt\MStory2.0\Mango-M32.Firmware\M32.Src006.LedAllOnOff.New1\src/main.c:72
 * Output : None
 * Return : None
 */
int main(void)
{
    RCC_APB2ENR |= RCC_APB2Periph_GPIOB;
   a:	f043 0308 	orr.w	r3, r3, #8	; 0x8
   e:	6013      	str	r3, [r2, #0]
D:\WkPjt\MStory2.0\Mango-M32.Firmware\M32.Src006.LedAllOnOff.New1\src/main.c:74

    GPIO_B_Output_Init(GPIO_LED1_PIN, GPIO_Speed_10MHz, GPIO_Mode_Out_PP);
  10:	2101      	movs	r1, #1
  12:	2200      	movs	r2, #0
  14:	f7ff fffe 	bl	0 <main>
D:\WkPjt\MStory2.0\Mango-M32.Firmware\M32.Src006.LedAllOnOff.New1\src/main.c:75
    GPIO_B_Output_Init(GPIO_LED2_PIN, GPIO_Speed_10MHz, GPIO_Mode_Out_PP);
  18:	2020      	movs	r0, #32
  1a:	2101      	movs	r1, #1
  1c:	2200      	movs	r2, #0
  1e:	f7ff fffe 	bl	0 <main>
D:\WkPjt\MStory2.0\Mango-M32.Firmware\M32.Src006.LedAllOnOff.New1\src/main.c:76
    GPIO_B_Output_Init(GPIO_LED3_PIN, GPIO_Speed_10MHz, GPIO_Mode_Out_PP);
  22:	f44f 7080 	mov.w	r0, #256	; 0x100
  26:	2101      	movs	r1, #1
  28:	2200      	movs	r2, #0
  2a:	f7ff fffe 	bl	0 <main>
D:\WkPjt\MStory2.0\Mango-M32.Firmware\M32.Src006.LedAllOnOff.New1\src/main.c:78

    LED_Test();
  2e:	f7ff fffe 	bl	0 <LED_Test>
  32:	e7fe      	b.n	32 <LED_Test+0x32>
  34:	40021018 	.word	0x40021018
