
D:\WkPjt\MStory2.0\Mango-Z1.Firmware\Z1.Src006.SPI.CC2520.ID\project\RIDE\obj\led.o:     file format elf32-littlearm
D:\WkPjt\MStory2.0\Mango-Z1.Firmware\Z1.Src006.SPI.CC2520.ID\project\RIDE\obj\led.o

Disassembly of section .text.LED_Off_Blue:

00000000 <LED_Off_Blue>:
LED_Off_Blue():
D:\WkPjt\MStory2.0\Mango-Z1.Firmware\Z1.Src006.SPI.CC2520.ID\src/led.c:48
{
    GPIO_ResetBits(GPIO_LED, GPIO_LED3_PIN);
}

void LED_Off_Blue (void)
{
   0:	b510      	push	{r4, lr}
D:\WkPjt\MStory2.0\Mango-Z1.Firmware\Z1.Src006.SPI.CC2520.ID\src/led.c:49
    GPIO_SetBits(GPIO_LED, GPIO_LED3_PIN);
   2:	4803      	ldr	r0, [pc, #12]	(10 <LED_Off_Blue+0x10>)
   4:	f44f 7180 	mov.w	r1, #256	; 0x100
   8:	f7ff fffe 	bl	0 <GPIO_SetBits>
D:\WkPjt\MStory2.0\Mango-Z1.Firmware\Z1.Src006.SPI.CC2520.ID\src/led.c:50
}
   c:	bd10      	pop	{r4, pc}
   e:	46c0      	nop			(mov r8, r8)
  10:	40010c00 	.word	0x40010c00
Disassembly of section .text.LED_Off_Yellow:

00000000 <LED_Off_Yellow>:
LED_Off_Yellow():
D:\WkPjt\MStory2.0\Mango-Z1.Firmware\Z1.Src006.SPI.CC2520.ID\src/led.c:38
{
    GPIO_ResetBits(GPIO_LED, GPIO_LED2_PIN);
}

void LED_Off_Yellow (void)
{
   0:	b510      	push	{r4, lr}
D:\WkPjt\MStory2.0\Mango-Z1.Firmware\Z1.Src006.SPI.CC2520.ID\src/led.c:39
    GPIO_SetBits(GPIO_LED, GPIO_LED2_PIN);
   2:	4802      	ldr	r0, [pc, #8]	(c <LED_Off_Yellow+0xc>)
   4:	2120      	movs	r1, #32
   6:	f7ff fffe 	bl	0 <GPIO_SetBits>
D:\WkPjt\MStory2.0\Mango-Z1.Firmware\Z1.Src006.SPI.CC2520.ID\src/led.c:40
}
   a:	bd10      	pop	{r4, pc}
   c:	40010c00 	.word	0x40010c00
Disassembly of section .text.LED_Off_Red:

00000000 <LED_Off_Red>:
LED_Off_Red():
D:\WkPjt\MStory2.0\Mango-Z1.Firmware\Z1.Src006.SPI.CC2520.ID\src/led.c:28
{
    GPIO_ResetBits(GPIO_LED, GPIO_LED1_PIN);
}

void LED_Off_Red (void)
{
   0:	b510      	push	{r4, lr}
D:\WkPjt\MStory2.0\Mango-Z1.Firmware\Z1.Src006.SPI.CC2520.ID\src/led.c:29
    GPIO_SetBits(GPIO_LED, GPIO_LED1_PIN);
   2:	4803      	ldr	r0, [pc, #12]	(10 <LED_Off_Red+0x10>)
   4:	f44f 7100 	mov.w	r1, #512	; 0x200
   8:	f7ff fffe 	bl	0 <GPIO_SetBits>
D:\WkPjt\MStory2.0\Mango-Z1.Firmware\Z1.Src006.SPI.CC2520.ID\src/led.c:30
}
   c:	bd10      	pop	{r4, pc}
   e:	46c0      	nop			(mov r8, r8)
  10:	40010c00 	.word	0x40010c00
Disassembly of section .text.LED_Off_All:

00000000 <LED_Off_All>:
LED_Off_All():
D:\WkPjt\MStory2.0\Mango-Z1.Firmware\Z1.Src006.SPI.CC2520.ID\src/led.c:60
    LED_On_Yellow();
    LED_On_Blue();
}

void LED_Off_All (void)
{
   0:	b510      	push	{r4, lr}
D:\WkPjt\MStory2.0\Mango-Z1.Firmware\Z1.Src006.SPI.CC2520.ID\src/led.c:61
    LED_Off_Red();
   2:	f7ff fffe 	bl	0 <LED_Off_All>
D:\WkPjt\MStory2.0\Mango-Z1.Firmware\Z1.Src006.SPI.CC2520.ID\src/led.c:62
    LED_Off_Yellow();
   6:	f7ff fffe 	bl	0 <LED_Off_All>
D:\WkPjt\MStory2.0\Mango-Z1.Firmware\Z1.Src006.SPI.CC2520.ID\src/led.c:63
    LED_Off_Blue();
   a:	f7ff fffe 	bl	0 <LED_Off_All>
D:\WkPjt\MStory2.0\Mango-Z1.Firmware\Z1.Src006.SPI.CC2520.ID\src/led.c:64
}
   e:	bd10      	pop	{r4, pc}
Disassembly of section .text.LED_On_Blue:

00000000 <LED_On_Blue>:
LED_On_Blue():
D:\WkPjt\MStory2.0\Mango-Z1.Firmware\Z1.Src006.SPI.CC2520.ID\src/led.c:43
{
    GPIO_SetBits(GPIO_LED, GPIO_LED2_PIN);
}

void LED_On_Blue (void)
{
   0:	b510      	push	{r4, lr}
D:\WkPjt\MStory2.0\Mango-Z1.Firmware\Z1.Src006.SPI.CC2520.ID\src/led.c:44
    GPIO_ResetBits(GPIO_LED, GPIO_LED3_PIN);
   2:	4803      	ldr	r0, [pc, #12]	(10 <LED_On_Blue+0x10>)
   4:	f44f 7180 	mov.w	r1, #256	; 0x100
   8:	f7ff fffe 	bl	0 <GPIO_ResetBits>
D:\WkPjt\MStory2.0\Mango-Z1.Firmware\Z1.Src006.SPI.CC2520.ID\src/led.c:45
}
   c:	bd10      	pop	{r4, pc}
   e:	46c0      	nop			(mov r8, r8)
  10:	40010c00 	.word	0x40010c00
Disassembly of section .text.LED_On_Yellow:

00000000 <LED_On_Yellow>:
LED_On_Yellow():
D:\WkPjt\MStory2.0\Mango-Z1.Firmware\Z1.Src006.SPI.CC2520.ID\src/led.c:33
{
    GPIO_SetBits(GPIO_LED, GPIO_LED1_PIN);
}

void LED_On_Yellow (void)
{
   0:	b510      	push	{r4, lr}
D:\WkPjt\MStory2.0\Mango-Z1.Firmware\Z1.Src006.SPI.CC2520.ID\src/led.c:34
    GPIO_ResetBits(GPIO_LED, GPIO_LED2_PIN);
   2:	4802      	ldr	r0, [pc, #8]	(c <LED_On_Yellow+0xc>)
   4:	2120      	movs	r1, #32
   6:	f7ff fffe 	bl	0 <GPIO_ResetBits>
D:\WkPjt\MStory2.0\Mango-Z1.Firmware\Z1.Src006.SPI.CC2520.ID\src/led.c:35
}
   a:	bd10      	pop	{r4, pc}
   c:	40010c00 	.word	0x40010c00
Disassembly of section .text.LED_On_Red:

00000000 <LED_On_Red>:
LED_On_Red():
D:\WkPjt\MStory2.0\Mango-Z1.Firmware\Z1.Src006.SPI.CC2520.ID\src/led.c:23
 * GPIO_LED2_PIN  // YELLOW
 * GPIO_LED3_PIN  // BLUE
 */

void LED_On_Red (void)
{
   0:	b510      	push	{r4, lr}
D:\WkPjt\MStory2.0\Mango-Z1.Firmware\Z1.Src006.SPI.CC2520.ID\src/led.c:24
    GPIO_ResetBits(GPIO_LED, GPIO_LED1_PIN);
   2:	4803      	ldr	r0, [pc, #12]	(10 <LED_On_Red+0x10>)
   4:	f44f 7100 	mov.w	r1, #512	; 0x200
   8:	f7ff fffe 	bl	0 <GPIO_ResetBits>
D:\WkPjt\MStory2.0\Mango-Z1.Firmware\Z1.Src006.SPI.CC2520.ID\src/led.c:25
}
   c:	bd10      	pop	{r4, pc}
   e:	46c0      	nop			(mov r8, r8)
  10:	40010c00 	.word	0x40010c00
Disassembly of section .text.LED_OnOffAll_Mult:

00000000 <LED_OnOffAll_Mult>:
LED_OnOffAll_Mult():
D:\WkPjt\MStory2.0\Mango-Z1.Firmware\Z1.Src006.SPI.CC2520.ID\src/led.c:67
    LED_Off_Yellow();
    LED_Off_Blue();
}

void LED_OnOffAll_Mult(uint32_t count)
{
   0:	b510      	push	{r4, lr}
   2:	4604      	mov	r4, r0
   4:	e018      	b.n	38 <LED_OnOffAll_Mult+0x38>
D:\WkPjt\MStory2.0\Mango-Z1.Firmware\Z1.Src006.SPI.CC2520.ID\src/led.c:70
    for(; count > 0; count --)
    {
        LED_Off_Red();
   6:	f7ff fffe 	bl	0 <LED_OnOffAll_Mult>
D:\WkPjt\MStory2.0\Mango-Z1.Firmware\Z1.Src006.SPI.CC2520.ID\src/led.c:71
        LED_On_Yellow();
   a:	f7ff fffe 	bl	0 <LED_OnOffAll_Mult>
D:\WkPjt\MStory2.0\Mango-Z1.Firmware\Z1.Src006.SPI.CC2520.ID\src/led.c:72
        LED_On_Blue();
   e:	f7ff fffe 	bl	0 <LED_OnOffAll_Mult>
D:\WkPjt\MStory2.0\Mango-Z1.Firmware\Z1.Src006.SPI.CC2520.ID\src/led.c:73
        delay_1_second();
  12:	f7ff fffe 	bl	0 <delay_1_second>
D:\WkPjt\MStory2.0\Mango-Z1.Firmware\Z1.Src006.SPI.CC2520.ID\src/led.c:75

        LED_On_Red();
  16:	f7ff fffe 	bl	0 <LED_OnOffAll_Mult>
D:\WkPjt\MStory2.0\Mango-Z1.Firmware\Z1.Src006.SPI.CC2520.ID\src/led.c:76
        LED_Off_Yellow();
  1a:	f7ff fffe 	bl	0 <LED_OnOffAll_Mult>
D:\WkPjt\MStory2.0\Mango-Z1.Firmware\Z1.Src006.SPI.CC2520.ID\src/led.c:77
        LED_On_Blue();
  1e:	f7ff fffe 	bl	0 <LED_OnOffAll_Mult>
D:\WkPjt\MStory2.0\Mango-Z1.Firmware\Z1.Src006.SPI.CC2520.ID\src/led.c:78
        delay_1_second();
  22:	f7ff fffe 	bl	0 <delay_1_second>
D:\WkPjt\MStory2.0\Mango-Z1.Firmware\Z1.Src006.SPI.CC2520.ID\src/led.c:80

        LED_On_Red();
  26:	f7ff fffe 	bl	0 <LED_OnOffAll_Mult>
D:\WkPjt\MStory2.0\Mango-Z1.Firmware\Z1.Src006.SPI.CC2520.ID\src/led.c:81
        LED_On_Yellow();
  2a:	f7ff fffe 	bl	0 <LED_OnOffAll_Mult>
D:\WkPjt\MStory2.0\Mango-Z1.Firmware\Z1.Src006.SPI.CC2520.ID\src/led.c:82
        LED_Off_Blue();
  2e:	f7ff fffe 	bl	0 <LED_OnOffAll_Mult>
D:\WkPjt\MStory2.0\Mango-Z1.Firmware\Z1.Src006.SPI.CC2520.ID\src/led.c:83
        delay_1_second();
  32:	f7ff fffe 	bl	0 <delay_1_second>
D:\WkPjt\MStory2.0\Mango-Z1.Firmware\Z1.Src006.SPI.CC2520.ID\src/led.c:68
    LED_Off_Blue();
}

void LED_OnOffAll_Mult(uint32_t count)
{
    for(; count > 0; count --)
  36:	3c01      	subs	r4, #1
  38:	2c00      	cmp	r4, #0
  3a:	d1e4      	bne.n	6 <delay_1_second+0x6>
D:\WkPjt\MStory2.0\Mango-Z1.Firmware\Z1.Src006.SPI.CC2520.ID\src/led.c:85
        LED_On_Red();
        LED_On_Yellow();
        LED_Off_Blue();
        delay_1_second();
    }
}
  3c:	bd10      	pop	{r4, pc}
  3e:	46c0      	nop			(mov r8, r8)
Disassembly of section .text.LED_On_All:

00000000 <LED_On_All>:
LED_On_All():
D:\WkPjt\MStory2.0\Mango-Z1.Firmware\Z1.Src006.SPI.CC2520.ID\src/led.c:53
{
    GPIO_SetBits(GPIO_LED, GPIO_LED3_PIN);
}

void LED_On_All (void)
{
   0:	b510      	push	{r4, lr}
D:\WkPjt\MStory2.0\Mango-Z1.Firmware\Z1.Src006.SPI.CC2520.ID\src/led.c:54
    LED_On_Red();
   2:	f7ff fffe 	bl	0 <LED_On_All>
D:\WkPjt\MStory2.0\Mango-Z1.Firmware\Z1.Src006.SPI.CC2520.ID\src/led.c:55
    LED_On_Yellow();
   6:	f7ff fffe 	bl	0 <LED_On_All>
D:\WkPjt\MStory2.0\Mango-Z1.Firmware\Z1.Src006.SPI.CC2520.ID\src/led.c:56
    LED_On_Blue();
   a:	f7ff fffe 	bl	0 <LED_On_All>
D:\WkPjt\MStory2.0\Mango-Z1.Firmware\Z1.Src006.SPI.CC2520.ID\src/led.c:57
}
   e:	bd10      	pop	{r4, pc}
Disassembly of section .text.LED_Test:

00000000 <LED_Test>:
LED_Test():
D:\WkPjt\MStory2.0\Mango-Z1.Firmware\Z1.Src006.SPI.CC2520.ID\src/led.c:88
        delay_1_second();
    }
}

void LED_Test(void)
{
   0:	b510      	push	{r4, lr}
D:\WkPjt\MStory2.0\Mango-Z1.Firmware\Z1.Src006.SPI.CC2520.ID\src/led.c:89
    LED_On_All();
   2:	f7ff fffe 	bl	0 <LED_Test>
D:\WkPjt\MStory2.0\Mango-Z1.Firmware\Z1.Src006.SPI.CC2520.ID\src/led.c:90
    delay_1_second();
   6:	f7ff fffe 	bl	0 <delay_1_second>
D:\WkPjt\MStory2.0\Mango-Z1.Firmware\Z1.Src006.SPI.CC2520.ID\src/led.c:91
    LED_Off_All();
   a:	f7ff fffe 	bl	0 <LED_Test>
D:\WkPjt\MStory2.0\Mango-Z1.Firmware\Z1.Src006.SPI.CC2520.ID\src/led.c:92
    delay_1_second();
   e:	f7ff fffe 	bl	0 <delay_1_second>
D:\WkPjt\MStory2.0\Mango-Z1.Firmware\Z1.Src006.SPI.CC2520.ID\src/led.c:94

    LED_OnOffAll_Mult(3);
  12:	2003      	movs	r0, #3
  14:	f7ff fffe 	bl	0 <LED_Test>
D:\WkPjt\MStory2.0\Mango-Z1.Firmware\Z1.Src006.SPI.CC2520.ID\src/led.c:95
}
  18:	bd10      	pop	{r4, pc}
  1a:	46c0      	nop			(mov r8, r8)
