Archive member included because of file (symbol)

c:/program files/raisonance/ride/arm-gcc/bin/../lib/gcc/arm-none-eabi/4.3.2/../../../../arm-none-eabi/lib/thumb2\libc.a(lib_a-memcpy.o)
                              D:\WkPjt\MStory2.0\Mango-Z1.Firmware\Z1.Src006.SPI.CC2520.ID\project\RIDE\obj\basic_rf.o (memcpy)
c:/program files/raisonance/ride/arm-gcc/bin/../lib/gcc/arm-none-eabi/4.3.2/../../../../arm-none-eabi/lib/thumb2\libc.a(lib_a-printf.o)
                              D:\WkPjt\MStory2.0\Mango-Z1.Firmware\Z1.Src006.SPI.CC2520.ID\project\RIDE\obj\main.o (printf)
c:/program files/raisonance/ride/arm-gcc/bin/../lib/gcc/arm-none-eabi/4.3.2/../../../../arm-none-eabi/lib/thumb2\libc.a(lib_a-puts.o)
                              D:\WkPjt\MStory2.0\Mango-Z1.Firmware\Z1.Src006.SPI.CC2520.ID\project\RIDE\obj\main.o (puts)
c:/program files/raisonance/ride/arm-gcc/bin/../lib/gcc/arm-none-eabi/4.3.2/../../../../arm-none-eabi/lib/thumb2\libc.a(lib_a-strlen.o)
                              c:/program files/raisonance/ride/arm-gcc/bin/../lib/gcc/arm-none-eabi/4.3.2/../../../../arm-none-eabi/lib/thumb2\libc.a(lib_a-puts.o) (strlen)
c:/program files/raisonance/ride/arm-gcc/bin/../lib/gcc/arm-none-eabi/4.3.2/../../../../arm-none-eabi/lib/thumb2\libc.a(lib_a-vfprintf.o)
                              c:/program files/raisonance/ride/arm-gcc/bin/../lib/gcc/arm-none-eabi/4.3.2/../../../../arm-none-eabi/lib/thumb2\libc.a(lib_a-printf.o) (_vfprintf_r)
c:/program files/raisonance/ride/arm-gcc/bin/../lib/gcc/arm-none-eabi/4.3.2/../../../../arm-none-eabi/lib/thumb2\libc.a(lib_a-wsetup.o)
                              c:/program files/raisonance/ride/arm-gcc/bin/../lib/gcc/arm-none-eabi/4.3.2/../../../../arm-none-eabi/lib/thumb2\libc.a(lib_a-vfprintf.o) (__swsetup_r)
c:/program files/raisonance/ride/arm-gcc/bin/../lib/gcc/arm-none-eabi/4.3.2/../../../../arm-none-eabi/lib/thumb2\libc.a(lib_a-dtoa.o)
                              c:/program files/raisonance/ride/arm-gcc/bin/../lib/gcc/arm-none-eabi/4.3.2/../../../../arm-none-eabi/lib/thumb2\libc.a(lib_a-vfprintf.o) (_dtoa_r)
c:/program files/raisonance/ride/arm-gcc/bin/../lib/gcc/arm-none-eabi/4.3.2/../../../../arm-none-eabi/lib/thumb2\libc.a(lib_a-fflush.o)
                              c:/program files/raisonance/ride/arm-gcc/bin/../lib/gcc/arm-none-eabi/4.3.2/../../../../arm-none-eabi/lib/thumb2\libc.a(lib_a-vfprintf.o) (_fflush_r)
c:/program files/raisonance/ride/arm-gcc/bin/../lib/gcc/arm-none-eabi/4.3.2/../../../../arm-none-eabi/lib/thumb2\libc.a(lib_a-findfp.o)
                              c:/program files/raisonance/ride/arm-gcc/bin/../lib/gcc/arm-none-eabi/4.3.2/../../../../arm-none-eabi/lib/thumb2\libc.a(lib_a-printf.o) (__sinit)
c:/program files/raisonance/ride/arm-gcc/bin/../lib/gcc/arm-none-eabi/4.3.2/../../../../arm-none-eabi/lib/thumb2\libc.a(lib_a-freer.o)
                              c:/program files/raisonance/ride/arm-gcc/bin/../lib/gcc/arm-none-eabi/4.3.2/../../../../arm-none-eabi/lib/thumb2\libc.a(lib_a-wsetup.o) (_free_r)
c:/program files/raisonance/ride/arm-gcc/bin/../lib/gcc/arm-none-eabi/4.3.2/../../../../arm-none-eabi/lib/thumb2\libc.a(lib_a-fvwrite.o)
                              c:/program files/raisonance/ride/arm-gcc/bin/../lib/gcc/arm-none-eabi/4.3.2/../../../../arm-none-eabi/lib/thumb2\libc.a(lib_a-puts.o) (__sfvwrite_r)
c:/program files/raisonance/ride/arm-gcc/bin/../lib/gcc/arm-none-eabi/4.3.2/../../../../arm-none-eabi/lib/thumb2\libc.a(lib_a-fwalk.o)
                              c:/program files/raisonance/ride/arm-gcc/bin/../lib/gcc/arm-none-eabi/4.3.2/../../../../arm-none-eabi/lib/thumb2\libc.a(lib_a-fflush.o) (_fwalk_reent)
c:/program files/raisonance/ride/arm-gcc/bin/../lib/gcc/arm-none-eabi/4.3.2/../../../../arm-none-eabi/lib/thumb2\libc.a(lib_a-impure.o)
                              c:/program files/raisonance/ride/arm-gcc/bin/../lib/gcc/arm-none-eabi/4.3.2/../../../../arm-none-eabi/lib/thumb2\libc.a(lib_a-printf.o) (_impure_ptr)
c:/program files/raisonance/ride/arm-gcc/bin/../lib/gcc/arm-none-eabi/4.3.2/../../../../arm-none-eabi/lib/thumb2\libc.a(lib_a-locale.o)
                              c:/program files/raisonance/ride/arm-gcc/bin/../lib/gcc/arm-none-eabi/4.3.2/../../../../arm-none-eabi/lib/thumb2\libc.a(lib_a-vfprintf.o) (_localeconv_r)
c:/program files/raisonance/ride/arm-gcc/bin/../lib/gcc/arm-none-eabi/4.3.2/../../../../arm-none-eabi/lib/thumb2\libc.a(lib_a-makebuf.o)
                              c:/program files/raisonance/ride/arm-gcc/bin/../lib/gcc/arm-none-eabi/4.3.2/../../../../arm-none-eabi/lib/thumb2\libc.a(lib_a-wsetup.o) (__smakebuf_r)
c:/program files/raisonance/ride/arm-gcc/bin/../lib/gcc/arm-none-eabi/4.3.2/../../../../arm-none-eabi/lib/thumb2\libc.a(lib_a-malloc.o)
                              c:/program files/raisonance/ride/arm-gcc/bin/../lib/gcc/arm-none-eabi/4.3.2/../../../../arm-none-eabi/lib/thumb2\libc.a(lib_a-dtoa.o) (malloc)
[...]
Memory Configuration

Name             Origin             Length             Attributes
RAM              0x20000000         0x00005000         xrw
FLASH            0x08000000         0x00020000         xr
FLASHPATCH       0x00000000         0x00000000         r
ENDFLASH         0x00000000         0x00000000         xr
FLASHB1          0x00000000         0x00000000         xr
EXTMEMB0         0x00000000         0x00000000         xr
EXTMEMB1         0x00000000         0x00000000         xr
EXTMEMB2         0x00000000         0x00000000         xr
EXTMEMB3         0x00000000         0x00000000         xr
*default*        0x00000000         0xffffffff

Linker script and memory map

LOAD D:\WkPjt\MStory2.0\Mango-Z1.Firmware\Z1.Src006.SPI.CC2520.ID\project\RIDE\obj\main.o
LOAD D:\WkPjt\MStory2.0\Mango-Z1.Firmware\Z1.Src006.SPI.CC2520.ID\project\RIDE\obj\hw_config.o
LOAD D:\WkPjt\MStory2.0\Mango-Z1.Firmware\Z1.Src006.SPI.CC2520.ID\project\RIDE\obj\led.o
LOAD D:\WkPjt\MStory2.0\Mango-Z1.Firmware\Z1.Src006.SPI.CC2520.ID\project\RIDE\obj\debug.o
LOAD D:\WkPjt\MStory2.0\Mango-Z1.Firmware\Z1.Src006.SPI.CC2520.ID\project\RIDE\obj\key.o
LOAD D:\WkPjt\MStory2.0\Mango-Z1.Firmware\Z1.Src006.SPI.CC2520.ID\project\RIDE\obj\stm32f10x_it.o
LOAD D:\WkPjt\MStory2.0\Mango-Z1.Firmware\Z1.Src006.SPI.CC2520.ID\project\RIDE\obj\zigbee_test.o
LOAD D:\WkPjt\MStory2.0\Mango-Z1.Firmware\Z1.Src006.SPI.CC2520.ID\project\RIDE\obj\stm32f10x_usart.o
LOAD D:\WkPjt\MStory2.0\Mango-Z1.Firmware\Z1.Src006.SPI.CC2520.ID\project\RIDE\obj\stm32f10x_gpio.o
LOAD D:\WkPjt\MStory2.0\Mango-Z1.Firmware\Z1.Src006.SPI.CC2520.ID\project\RIDE\obj\stm32f10x_rcc.o
LOAD D:\WkPjt\MStory2.0\Mango-Z1.Firmware\Z1.Src006.SPI.CC2520.ID\project\RIDE\obj\misc.o
LOAD D:\WkPjt\MStory2.0\Mango-Z1.Firmware\Z1.Src006.SPI.CC2520.ID\project\RIDE\obj\stm32f10x_exti.o
LOAD D:\WkPjt\MStory2.0\Mango-Z1.Firmware\Z1.Src006.SPI.CC2520.ID\project\RIDE\obj\stm32f10x_spi.o
LOAD D:\WkPjt\MStory2.0\Mango-Z1.Firmware\Z1.Src006.SPI.CC2520.ID\project\RIDE\obj\startup_stm32f10x_md.o
LOAD D:\WkPjt\MStory2.0\Mango-Z1.Firmware\Z1.Src006.SPI.CC2520.ID\project\RIDE\obj\system_stm32f10x.o
LOAD D:\WkPjt\MStory2.0\Mango-Z1.Firmware\Z1.Src006.SPI.CC2520.ID\project\RIDE\obj\util.o
LOAD D:\WkPjt\MStory2.0\Mango-Z1.Firmware\Z1.Src006.SPI.CC2520.ID\project\RIDE\obj\basic_rf.o
LOAD D:\WkPjt\MStory2.0\Mango-Z1.Firmware\Z1.Src006.SPI.CC2520.ID\project\RIDE\obj\basic_rf_security.o
LOAD D:\WkPjt\MStory2.0\Mango-Z1.Firmware\Z1.Src006.SPI.CC2520.ID\project\RIDE\obj\cc2520_mango_porting.o
LOAD D:\WkPjt\MStory2.0\Mango-Z1.Firmware\Z1.Src006.SPI.CC2520.ID\project\RIDE\obj\hal_cc2520.o
LOAD D:\WkPjt\MStory2.0\Mango-Z1.Firmware\Z1.Src006.SPI.CC2520.ID\project\RIDE\obj\hal_int.o
LOAD D:\WkPjt\MStory2.0\Mango-Z1.Firmware\Z1.Src006.SPI.CC2520.ID\project\RIDE\obj\hal_rf.o
LOAD D:\WkPjt\MStory2.0\Mango-Z1.Firmware\Z1.Src006.SPI.CC2520.ID\project\RIDE\obj\hal_rf_security.o
                0x00000400                __Stack_Size = 0x400
                0x00000400                PROVIDE (_Stack_Size, __Stack_Size)
                0x20004c00                __Stack_Init = (_estack - __Stack_Size)
                0x20004c00                PROVIDE (_Stack_Init, __Stack_Init)
                0x00000100                _Minimum_Stack_Size = 0x100
                0x00000000                PROVIDE (Undefined_Handler, 0x0)
                0x00000000                PROVIDE (SWI_Handler, 0x0)
                0x00000000                PROVIDE (IRQ_Handler, 0x0)
                0x00000000                PROVIDE (Prefetch_Handler, 0x0)
                0x00000000                PROVIDE (Abort_Handler, 0x0)
                0x00000000                PROVIDE (FIQ_Handler, 0x0)
                0x00000000                PROVIDE (NMIException, 0x0)
                0x00000000                PROVIDE (NMI_Handler, 0x0)
                0x00000000                PROVIDE (HardFaultException, 0x0)
                0x00000000                PROVIDE (HardFault_Handler, 0x0)
                0x00000000                PROVIDE (MemManageException, 0x0)
                0x00000000                PROVIDE (MemManage_Handler, 0x0)
                0x00000000                PROVIDE (BusFaultException, 0x0)
                0x00000000                PROVIDE (BusFault_Handler, 0x0)
                0x00000000                PROVIDE (UsageFaultException, 0x0)
                0x00000000                PROVIDE (UsageFault_Handler, 0x0)
                0x00000000                PROVIDE (SVCHandler, 0x0)
                0x00000000                PROVIDE (SVC_Handler, 0x0)
                0x00000000                PROVIDE (DebugMonitor, 0x0)
                0x00000000                PROVIDE (DebugMon_Handler, 0x0)
                0x00000000                PROVIDE (PendSVC, 0x0)
                0x00000000                PROVIDE (PendSV_Handler, 0x0)
                0x00000000                PROVIDE (SysTickHandler, 0x0)
                0x00000000                PROVIDE (SysTick_Handler, 0x0)
                0x00000000                PROVIDE (WWDG_IRQHandler, 0x0)
                0x00000000                PROVIDE (PVD_IRQHandler, 0x0)
                0x00000000                PROVIDE (TAMPER_IRQHandler, 0x0)
                0x00000000                PROVIDE (RTC_IRQHandler, 0x0)
                0x00000000                PROVIDE (FLASH_IRQHandler, 0x0)
                0x00000000                PROVIDE (RCC_IRQHandler, 0x0)
                0x00000000                PROVIDE (EXTI0_IRQHandler, 0x0)
                0x00000000                PROVIDE (EXTI1_IRQHandler, 0x0)
                0x00000000                PROVIDE (EXTI2_IRQHandler, 0x0)
                0x00000000                PROVIDE (EXTI3_IRQHandler, 0x0)
                0x00000000                PROVIDE (EXTI4_IRQHandler, 0x0)
                0x00000000                PROVIDE (DMAChannel1_IRQHandler, 0x0)
                0x00000000                PROVIDE (DMAChannel2_IRQHandler, 0x0)
                0x00000000                PROVIDE (DMAChannel3_IRQHandler, 0x0)
                0x00000000                PROVIDE (DMAChannel4_IRQHandler, 0x0)
                0x00000000                PROVIDE (DMAChannel5_IRQHandler, 0x0)
                0x00000000                PROVIDE (DMAChannel6_IRQHandler, 0x0)
                0x00000000                PROVIDE (DMAChannel7_IRQHandler, 0x0)
                0x00000000                PROVIDE (DMA1_Channel1_IRQHandler, 0x0)
                0x00000000                PROVIDE (DMA1_Channel2_IRQHandler, 0x0)
                0x00000000                PROVIDE (DMA1_Channel3_IRQHandler, 0x0)
                0x00000000                PROVIDE (DMA1_Channel4_IRQHandler, 0x0)
                0x00000000                PROVIDE (DMA1_Channel5_IRQHandler, 0x0)
                0x00000000                PROVIDE (DMA1_Channel6_IRQHandler, 0x0)
                0x00000000                PROVIDE (DMA1_Channel7_IRQHandler, 0x0)
                0x00000000                PROVIDE (ADC_IRQHandler, 0x0)
                0x00000000                PROVIDE (ADC1_2_IRQHandler, 0x0)
                0x00000000                PROVIDE (USB_HP_CAN_TX_IRQHandler, 0x0)
                0x00000000                PROVIDE (USB_HP_CAN1_TX_IRQHandler, 0x0)
                0x00000000                PROVIDE (USB_LP_CAN_RX0_IRQHandler, 0x0)
                0x00000000                PROVIDE (USB_LP_CAN1_RX0_IRQHandler, 0x0)
                0x00000000                PROVIDE (CAN_RX1_IRQHandler, 0x0)
                0x00000000                PROVIDE (CAN1_RX1_IRQHandler, 0x0)
                0x00000000                PROVIDE (CAN_SCE_IRQHandler, 0x0)
                0x00000000                PROVIDE (CAN1_SCE_IRQHandler, 0x0)
                0x00000000                PROVIDE (EXTI9_5_IRQHandler, 0x0)
                0x00000000                PROVIDE (TIM1_BRK_IRQHandler, 0x0)
                0x00000000                PROVIDE (TIM1_UP_IRQHandler, 0x0)
                0x00000000                PROVIDE (TIM1_TRG_COM_IRQHandler, 0x0)
                0x00000000                PROVIDE (TIM1_CC_IRQHandler, 0x0)
                0x00000000                PROVIDE (TIM2_IRQHandler, 0x0)
                0x00000000                PROVIDE (TIM3_IRQHandler, 0x0)
                0x00000000                PROVIDE (TIM4_IRQHandler, 0x0)
                0x00000000                PROVIDE (I2C1_EV_IRQHandler, 0x0)
                0x00000000                PROVIDE (I2C1_ER_IRQHandler, 0x0)
                0x00000000                PROVIDE (I2C2_EV_IRQHandler, 0x0)
                0x00000000                PROVIDE (I2C2_ER_IRQHandler, 0x0)
                0x00000000                PROVIDE (SPI1_IRQHandler, 0x0)
                0x00000000                PROVIDE (SPI2_IRQHandler, 0x0)
                0x00000000                PROVIDE (USART1_IRQHandler, 0x0)
                0x00000000                PROVIDE (USART2_IRQHandler, 0x0)
                0x00000000                PROVIDE (USART3_IRQHandler, 0x0)
                0x00000000                PROVIDE (EXTI15_10_IRQHandler, 0x0)
                0x00000000                PROVIDE (RTCAlarm_IRQHandler, 0x0)
                0x00000000                PROVIDE (USBWakeUp_IRQHandler, 0x0)
                0x00000000                PROVIDE (TIM8_BRK_IRQHandler, 0x0)
                0x00000000                PROVIDE (TIM8_UP_IRQHandler, 0x0)
                0x00000000                PROVIDE (TIM8_TRG_COM_IRQHandler, 0x0)
                0x00000000                PROVIDE (TIM8_CC_IRQHandler, 0x0)
                0x00000000                PROVIDE (ADC3_IRQHandler, 0x0)
                0x00000000                PROVIDE (FSMC_IRQHandler, 0x0)
                0x00000000                PROVIDE (SDIO_IRQHandler, 0x0)
                0x00000000                PROVIDE (TIM5_IRQHandler, 0x0)
                0x00000000                PROVIDE (SPI3_IRQHandler, 0x0)
                0x00000000                PROVIDE (UART4_IRQHandler, 0x0)
                0x00000000                PROVIDE (UART5_IRQHandler, 0x0)
                0x00000000                PROVIDE (TIM6_IRQHandler, 0x0)
                0x00000000                PROVIDE (TIM7_IRQHandler, 0x0)
                0x00000000                PROVIDE (DMA2_Channel1_IRQHandler, 0x0)
                0x00000000                PROVIDE (DMA2_Channel2_IRQHandler, 0x0)
                0x00000000                PROVIDE (DMA2_Channel3_IRQHandler, 0x0)
                0x00000000                PROVIDE (DMA2_Channel4_5_IRQHandler, 0x0)
                0x42000000                PERIPH_BB_BASE = 0x42000000
                0x22000000                SRAM_BB_BASE = 0x22000000
                0x20000000                SRAM_BASE = 0x20000000
                0x40000000                PERIPH_BASE = 0x40000000
                0x40022000                PROVIDE (FLASH_BASE, 0x40022000)
                0x1ffff800                PROVIDE (OB_BASE, 0x1ffff800)
                0x40000000                APB1PERIPH_BASE = PERIPH_BASE
                0x40010000                APB2PERIPH_BASE = (PERIPH_BASE + 0x10000)
                0x40020000                AHBPERIPH_BASE = (PERIPH_BASE + 0x20000)
                0x40000000                PROVIDE (TIM2, (APB1PERIPH_BASE + 0x0))
                0x40000400                PROVIDE (TIM3, (APB1PERIPH_BASE + 0x400))
                0x40000800                PROVIDE (TIM4, (APB1PERIPH_BASE + 0x800))
                0x40002800                PROVIDE (RTC, (APB1PERIPH_BASE + 0x2800))
                0x40002c00                PROVIDE (WWDG, (APB1PERIPH_BASE + 0x2c00))
                0x40003000                PROVIDE (IWDG, (APB1PERIPH_BASE + 0x3000))
                0x40003800                PROVIDE (SPI2, (APB1PERIPH_BASE + 0x3800))
                0x40004400                PROVIDE (USART2, (APB1PERIPH_BASE + 0x4400))
                0x40004800                PROVIDE (USART3, (APB1PERIPH_BASE + 0x4800))
                0x40005400                PROVIDE (I2C1, (APB1PERIPH_BASE + 0x5400))
                0x40005800                PROVIDE (I2C2, (APB1PERIPH_BASE + 0x5800))
                0x40006400                PROVIDE (CAN, (APB1PERIPH_BASE + 0x6400))
                0x40006c00                PROVIDE (BKP, (APB1PERIPH_BASE + 0x6c00))
                0x40007000                PROVIDE (PWR, (APB1PERIPH_BASE + 0x7000))
                0x40010000                PROVIDE (AFIO, (APB2PERIPH_BASE + 0x0))
                0x40010400                PROVIDE (EXTI, (APB2PERIPH_BASE + 0x400))
                0x40010800                PROVIDE (GPIOA, (APB2PERIPH_BASE + 0x800))
                0x40010c00                PROVIDE (GPIOB, (APB2PERIPH_BASE + 0xc00))
                0x40011000                PROVIDE (GPIOC, (APB2PERIPH_BASE + 0x1000))
                0x40011400                PROVIDE (GPIOD, (APB2PERIPH_BASE + 0x1400))
                0x40011800                PROVIDE (GPIOE, (APB2PERIPH_BASE + 0x1800))
                0x40012400                PROVIDE (ADC1, (APB2PERIPH_BASE + 0x2400))
                0x40012800                PROVIDE (ADC2, (APB2PERIPH_BASE + 0x2800))
                0x40012c00                PROVIDE (TIM1, (APB2PERIPH_BASE + 0x2c00))
                0x40013000                PROVIDE (SPI1, (APB2PERIPH_BASE + 0x3000))
                0x40013800                PROVIDE (USART1, (APB2PERIPH_BASE + 0x3800))
                0x40020000                PROVIDE (DMA, (AHBPERIPH_BASE + 0x0))
                0x40020008                PROVIDE (DMA_Channel1, (AHBPERIPH_BASE + 0x8))
                0x4002001c                PROVIDE (DMA_Channel2, (AHBPERIPH_BASE + 0x1c))
                0x40020030                PROVIDE (DMA_Channel3, (AHBPERIPH_BASE + 0x30))
                0x40020044                PROVIDE (DMA_Channel4, (AHBPERIPH_BASE + 0x44))
                0x40020058                PROVIDE (DMA_Channel5, (AHBPERIPH_BASE + 0x58))
                0x4002006c                PROVIDE (DMA_Channel6, (AHBPERIPH_BASE + 0x6c))
                0x40020080                PROVIDE (DMA_Channel7, (AHBPERIPH_BASE + 0x80))
                0x40021000                PROVIDE (RCC, (AHBPERIPH_BASE + 0x1000))
                0xe000e000                SCS_BASE = 0xe000e000
                0xe000e010                PROVIDE (SysTick, (SCS_BASE + 0x10))
                0xe000e100                PROVIDE (NVIC, (SCS_BASE + 0x100))
                0xe000ed00                PROVIDE (SCB, (SCS_BASE + 0xd00))
                0x20005000                _estack = 0x20005000

.isr_vector     0x08000000      0x10c
                0x08000000                . = ALIGN (0x4)
 *(.isr_vector)
 .isr_vector    0x08000000      0x10c D:\WkPjt\MStory2.0\Mango-Z1.Firmware\Z1.Src006.SPI.CC2520.ID\project\RIDE\obj\startup_stm32f10x_md.o
                0x08000000                g_pfnVectors
                0x0800010c                . = ALIGN (0x4)

.flashtext      0x0800010c        0x0
                0x0800010c                . = ALIGN (0x4)
 *(.flashtext)
                0x0800010c                . = ALIGN (0x4)

.text           0x08000110     0x7d38
                0x08000110                . = ALIGN (0x4)
 *(.text)
 .text          0x08000110       0x98 c:/program files/raisonance/ride/arm-gcc/bin/../lib/gcc/arm-none-eabi/4.3.2/../../../../arm-none-eabi/lib/thumb2\libc.a(lib_a-memcpy.o)
                0x08000110                memcpy
 .text          0x080001a8       0x60 c:/program files/raisonance/ride/arm-gcc/bin/../lib/gcc/arm-none-eabi/4.3.2/../../../../arm-none-eabi/lib/thumb2\libc.a(lib_a-printf.o)
                0x080001a8                printf
                0x080001dc                _printf_r
 .text          0x08000208       0x68 c:/program files/raisonance/ride/arm-gcc/bin/../lib/gcc/arm-none-eabi/4.3.2/../../../../arm-none-eabi/lib/thumb2\libc.a(lib_a-puts.o)
                0x08000208                _puts_r
                0x0800025c                puts
 .text          0x08000270       0x34 c:/program files/raisonance/ride/arm-gcc/bin/../lib/gcc/arm-none-eabi/4.3.2/../../../../arm-none-eabi/lib/thumb2\libc.a(lib_a-strlen.o)
                0x08000270                strlen
 .text          0x080002a4     0x16fc c:/program files/raisonance/ride/arm-gcc/bin/../lib/gcc/arm-none-eabi/4.3.2/../../../../arm-none-eabi/lib/thumb2\libc.a(lib_a-vfprintf.o)
                0x080002c0                _vfprintf_r
                0x08001984                vfprintf
 .text          0x080019a0      0x104 c:/program files/raisonance/ride/arm-gcc/bin/../lib/gcc/arm-none-eabi/4.3.2/../../../../arm-none-eabi/lib/thumb2\libc.a(lib_a-wsetup.o)
                0x080019a0                __swsetup_r
 *fill*         0x08001aa4        0x4 00
 .text          0x08001aa8      0xfa8 c:/program files/raisonance/ride/arm-gcc/bin/../lib/gcc/arm-none-eabi/4.3.2/../../../../arm-none-eabi/lib/thumb2\libc.a(lib_a-dtoa.o)
                0x08001bf0                _dtoa_r
 .text          0x08002a50      0x15c c:/program files/raisonance/ride/arm-gcc/bin/../lib/gcc/arm-none-eabi/4.3.2/../../../../arm-none-eabi/lib/thumb2\libc.a(lib_a-fflush.o)
                0x08002b7c                fflush
                0x08002a50                _fflush_r
 .text          0x08002bac      0x200 c:/program files/raisonance/ride/arm-gcc/bin/../lib/gcc/arm-none-eabi/4.3.2/../../../../arm-none-eabi/lib/thumb2\libc.a(lib_a-findfp.o)
                0x08002cd4                __sinit
                0x08002c28                __sfmoreglue
                0x08002c0c                _cleanup
                0x08002bfc                _cleanup_r
                0x08002be0                __fp_lock_all
                0x08002bac                __sfp_lock_acquire
                0x08002c58                __sfp
                0x08002bb8                __sinit_lock_release
                0x08002bc4                __fp_unlock_all
                0x08002bb0                __sfp_lock_release
                0x08002bb4                __sinit_lock_acquire
 .text          0x08002dac      0x238 c:/program files/raisonance/ride/arm-gcc/bin/../lib/gcc/arm-none-eabi/4.3.2/../../../../arm-none-eabi/lib/thumb2\libc.a(lib_a-freer.o)
                0x08002e58                _free_r
                0x08002dac                _malloc_trim_r
 .text          0x08002fe4      0x2e8 c:/program files/raisonance/ride/arm-gcc/bin/../lib/gcc/arm-none-eabi/4.3.2/../../../../arm-none-eabi/lib/thumb2\libc.a(lib_a-fvwrite.o)
                0x08002fe4                __sfvwrite_r
 .text          0x080032cc       0xb0 c:/program files/raisonance/ride/arm-gcc/bin/../lib/gcc/arm-none-eabi/4.3.2/../../../../arm-none-eabi/lib/thumb2\libc.a(lib_a-fwalk.o)
                0x08003324                _fwalk
                0x080032cc                _fwalk_reent
 .text          0x0800337c       0x74 c:/program files/raisonance/ride/arm-gcc/bin/../lib/gcc/arm-none-eabi/4.3.2/../../../../arm-none-eabi/lib/thumb2\libc.a(lib_a-locale.o)
                0x08003398                _setlocale_r
                0x0800337c                __locale_charset
                0x08003388                _localeconv_r
                0x080033d8                setlocale
                0x08003390                localeconv
 .text          0x080033f0       0xe0 c:/program files/raisonance/ride/arm-gcc/bin/../lib/gcc/arm-none-eabi/4.3.2/../../../../arm-none-eabi/lib/thumb2\libc.a(lib_a-makebuf.o)
                0x080033f0                __smakebuf_r
 .text          0x080034d0       0x28 c:/program files/raisonance/ride/arm-gcc/bin/../lib/gcc/arm-none-eabi/4.3.2/../../../../arm-none-eabi/lib/thumb2\libc.a(lib_a-malloc.o)
                0x080034e4                malloc
                0x080034d0                free
 .text          0x080034f8      0x538 c:/program files/raisonance/ride/arm-gcc/bin/../lib/gcc/arm-none-eabi/4.3.2/../../../../arm-none-eabi/lib/thumb2\libc.a(lib_a-mallocr.o)
                0x080034f8                _malloc_r
 .text          0x08003a30       0x80 c:/program files/raisonance/ride/arm-gcc/bin/../lib/gcc/arm-none-eabi/4.3.2/../../../../arm-none-eabi/lib/thumb2\libc.a(lib_a-memchr.o)
                0x08003a30                memchr
 .text          0x08003ab0       0xc0 c:/program files/raisonance/ride/arm-gcc/bin/../lib/gcc/arm-none-eabi/4.3.2/../../../../arm-none-eabi/lib/thumb2\libc.a(lib_a-memmove.o)
                0x08003ab0                memmove
 .text          0x08003b70       0x88 c:/program files/raisonance/ride/arm-gcc/bin/../lib/gcc/arm-none-eabi/4.3.2/../../../../arm-none-eabi/lib/thumb2\libc.a(lib_a-memset.o)
                0x08003b70                memset
 .text          0x08003bf8        0x8 c:/program files/raisonance/ride/arm-gcc/bin/../lib/gcc/arm-none-eabi/4.3.2/../../../../arm-none-eabi/lib/thumb2\libc.a(lib_a-mlock.o)
                0x08003bfc                __malloc_unlock
                0x08003bf8                __malloc_lock
 .text          0x08003c00      0x944 c:/program files/raisonance/ride/arm-gcc/bin/../lib/gcc/arm-none-eabi/4.3.2/../../../../arm-none-eabi/lib/thumb2\libc.a(lib_a-mprec.o)
                0x08003e30                _mprec_log10
                0x08003ebc                __any_on
                0x08003f54                _Balloc
                0x08003ddc                __ratio
                0x08004368                __i2b
                0x08003d30                __b2d
                0x080044b0                __s2b
                0x08003ca8                __mcmp
                0x08003c00                __hi0bits
                0x080043fc                __pow5mult
                0x08004178                __lshift
                0x0800422c                __multiply
                0x08003fc4                __d2b
                0x08003e6c                __copybits
                0x08003ce8                __ulp
                0x0800407c                __mdiff
                0x08003c40                __lo0bits
                0x0800437c                __multadd
                0x08003f24                _Bfree
 .text          0x08004544      0x388 c:/program files/raisonance/ride/arm-gcc/bin/../lib/gcc/arm-none-eabi/4.3.2/../../../../arm-none-eabi/lib/thumb2\libc.a(lib_a-reallocr.o)
                0x08004544                _realloc_r
 .text          0x080048cc       0x24 c:/program files/raisonance/ride/arm-gcc/bin/../lib/gcc/arm-none-eabi/4.3.2/../../../../arm-none-eabi/lib/thumb2\libc.a(lib_a-s_isinfd.o)
                0x080048cc                __isinfd
 .text          0x080048f0       0x20 c:/program files/raisonance/ride/arm-gcc/bin/../lib/gcc/arm-none-eabi/4.3.2/../../../../arm-none-eabi/lib/thumb2\libc.a(lib_a-s_isnand.o)
                0x080048f0                __isnand
 .text          0x08004910       0x28 c:/program files/raisonance/ride/arm-gcc/bin/../lib/gcc/arm-none-eabi/4.3.2/../../../../arm-none-eabi/lib/thumb2\libc.a(lib_a-sbrkr.o)
                0x08004910                _sbrk_r
 .text          0x08004938       0x94 c:/program files/raisonance/ride/arm-gcc/bin/../lib/gcc/arm-none-eabi/4.3.2/../../../../arm-none-eabi/lib/thumb2\libc.a(lib_a-stdio.o)
                0x08004944                __sseek
                0x080049a8                __sread
                0x08004938                __sclose
                0x0800496c                __swrite
 .text          0x080049cc       0x50 c:/program files/raisonance/ride/arm-gcc/bin/../lib/gcc/arm-none-eabi/4.3.2/../../../../arm-none-eabi/lib/thumb2\libc.a(lib_a-strcmp.o)
                0x080049cc                strcmp
 .text          0x08004a1c       0x2c c:/program files/raisonance/ride/arm-gcc/bin/../lib/gcc/arm-none-eabi/4.3.2/../../../../arm-none-eabi/lib/thumb2\libc.a(lib_a-writer.o)
                0x08004a1c                _write_r
 .text          0x08004a48       0x5c c:/program files/raisonance/ride/arm-gcc/bin/../lib/gcc/arm-none-eabi/4.3.2/../../../../arm-none-eabi/lib/thumb2\libc.a(lib_a-callocr.o)
                0x08004a48                _calloc_r
 .text          0x08004aa4       0x28 c:/program files/raisonance/ride/arm-gcc/bin/../lib/gcc/arm-none-eabi/4.3.2/../../../../arm-none-eabi/lib/thumb2\libc.a(lib_a-closer.o)
                0x08004aa4                _close_r
 .text          0x08004acc       0xcc c:/program files/raisonance/ride/arm-gcc/bin/../lib/gcc/arm-none-eabi/4.3.2/../../../../arm-none-eabi/lib/thumb2\libc.a(lib_a-fclose.o)
                0x08004acc                _fclose_r
                0x08004b84                fclose
 .text          0x08004b98       0x2c c:/program files/raisonance/ride/arm-gcc/bin/../lib/gcc/arm-none-eabi/4.3.2/../../../../arm-none-eabi/lib/thumb2\libc.a(lib_a-fstatr.o)
                0x08004b98                _fstat_r
 .text          0x08004bc4       0x28 c:/program files/raisonance/ride/arm-gcc/bin/../lib/gcc/arm-none-eabi/4.3.2/../../../../arm-none-eabi/lib/thumb2\libc.a(lib_a-isattyr.o)
                0x08004bc4                _isatty_r
 .text          0x08004bec       0x2c c:/program files/raisonance/ride/arm-gcc/bin/../lib/gcc/arm-none-eabi/4.3.2/../../../../arm-none-eabi/lib/thumb2\libc.a(lib_a-lseekr.o)
                0x08004bec                _lseek_r
 .text          0x08004c18       0x2c c:/program files/raisonance/ride/arm-gcc/bin/../lib/gcc/arm-none-eabi/4.3.2/../../../../arm-none-eabi/lib/thumb2\libc.a(lib_a-readr.o)
                0x08004c18                _read_r
 .text          0x08004c44       0x8c c:/program files/raisonance/ride/arm-gcc/bin/../lib/gcc/arm-none-eabi/4.3.2/thumb2\libgcc.a(_udivsi3.o)
                0x08004c44                __udivsi3
                0x08004c44                __aeabi_uidiv
                0x08004cbc                __aeabi_uidivmod
 .text          0x08004cd0        0x4 c:/program files/raisonance/ride/arm-gcc/bin/../lib/gcc/arm-none-eabi/4.3.2/thumb2\libgcc.a(_dvmd_tls.o)
                0x08004cd0                __aeabi_ldiv0
                0x08004cd0                __aeabi_idiv0
 .text          0x08004cd4      0x370 c:/program files/raisonance/ride/arm-gcc/bin/../lib/gcc/arm-none-eabi/4.3.2/thumb2\libgcc.a(_arm_addsubdf3.o)
                0x08004fe8                __floatdidf
                0x08004f78                __floatsidf
                0x08004f58                __aeabi_ui2d
                0x08004cd4                __aeabi_drsub
                0x08004f9c                __extendsfdf2
                0x08004ce0                __adddf3
                0x08004f58                __floatunsidf
                0x08004ce0                __aeabi_dadd
                0x08004fd8                __aeabi_ul2d
                0x08004cdc                __aeabi_dsub
                0x08004fd8                __floatundidf
                0x08004f78                __aeabi_i2d
                0x08004fe8                __aeabi_l2d
                0x08004f9c                __aeabi_f2d
                0x08004cdc                __subdf3
 .text          0x08005044      0x424 c:/program files/raisonance/ride/arm-gcc/bin/../lib/gcc/arm-none-eabi/4.3.2/thumb2\libgcc.a(_arm_muldivdf3.o)
                0x08005298                __aeabi_ddiv
                0x08005044                __aeabi_dmul
                0x08005298                __divdf3
                0x08005044                __muldf3
 .text          0x08005468      0x10c c:/program files/raisonance/ride/arm-gcc/bin/../lib/gcc/arm-none-eabi/4.3.2/thumb2\libgcc.a(_arm_cmpdf2.o)
                0x08005538                __aeabi_dcmple
                0x08005478                __cmpdf2
                0x08005478                __eqdf2
                0x08005468                __gtdf2
                0x08005500                __aeabi_cdcmple
                0x080054f0                __aeabi_cdrcmple
                0x08005470                __ltdf2
                0x08005524                __aeabi_dcmplt
                0x08005470                __ledf2
                0x08005560                __aeabi_dcmpgt
                0x0800554c                __aeabi_dcmpge
                0x08005478                __nedf2
                0x08005510                __aeabi_dcmpeq
                0x08005500                __aeabi_cdcmpeq
                0x08005468                __gedf2
 .text          0x08005574       0x50 c:/program files/raisonance/ride/arm-gcc/bin/../lib/gcc/arm-none-eabi/4.3.2/thumb2\libgcc.a(_arm_fixdfsi.o)
                0x08005574                __fixdfsi
                0x08005574                __aeabi_d2iz
 .text          0x080055c4       0x2c c:/program files/raisonance/ride/arm-gcc/bin/../lib/gcc/arm-none-eabi/4.3.2/thumb2\libgcc.a(_aeabi_uldivmod.o)
                0x080055c4                __aeabi_uldivmod
 .text          0x080055f0       0x60 c:/program files/raisonance/ride/arm-gcc/bin/../lib/gcc/arm-none-eabi/4.3.2/thumb2\libgcc.a(bpabi.o)
                0x080055f0                __gnu_uldivmod_helper
                0x08005620                __gnu_ldivmod_helper
 .text          0x08005650      0x424 c:/program files/raisonance/ride/arm-gcc/bin/../lib/gcc/arm-none-eabi/4.3.2/thumb2\libgcc.a(_divdi3.o)
                0x08005650                __divdi3
 .text          0x08005a74      0x3e4 c:/program files/raisonance/ride/arm-gcc/bin/../lib/gcc/arm-none-eabi/4.3.2/thumb2\libgcc.a(_udivdi3.o)
                0x08005a74                __udivdi3
 .text          0x08005e58        0xc c:/program files/raisonance/ride/arm-gcc/bin/../lib/gcc/arm-none-eabi/4.3.2/../../../../arm-none-eabi/lib/thumb2\libc.a(lib_a-abort.o)
                0x08005e58                abort
 .text          0x08005e64      0x150 c:/program files/raisonance/ride/arm-gcc/bin/../lib/gcc/arm-none-eabi/4.3.2/../../../../arm-none-eabi/lib/thumb2\libc.a(lib_a-signal.o)
                0x08005f68                _signal_r
                0x08005e64                _raise_r
                0x08005f08                __sigtramp_r
                0x08005f9c                signal
                0x08005ef4                _init_signal
                0x08005ecc                _init_signal_r
                0x08005f54                __sigtramp
                0x08005eb8                raise
 .text          0x08005fb4       0x34 c:/program files/raisonance/ride/arm-gcc/bin/../lib/gcc/arm-none-eabi/4.3.2/../../../../arm-none-eabi/lib/thumb2\libc.a(lib_a-signalr.o)
                0x08005fbc                _kill_r
                0x08005fb4                _getpid_r
 *(.text.*)
 .text.System_Information
                0x08005fe8       0x50 D:\WkPjt\MStory2.0\Mango-Z1.Firmware\Z1.Src006.SPI.CC2520.ID\project\RIDE\obj\main.o
                0x08005fe8                System_Information
 .text.main     0x08006038       0xfc D:\WkPjt\MStory2.0\Mango-Z1.Firmware\Z1.Src006.SPI.CC2520.ID\project\RIDE\obj\main.o
                0x08006038                main
 .text.Delay    0x08006134       0x1c D:\WkPjt\MStory2.0\Mango-Z1.Firmware\Z1.Src006.SPI.CC2520.ID\project\RIDE\obj\hw_config.o
                0x08006134                Delay
 .text.delay_100_milli_second
                0x08006150        0xc D:\WkPjt\MStory2.0\Mango-Z1.Firmware\Z1.Src006.SPI.CC2520.ID\project\RIDE\obj\hw_config.o
                0x08006150                delay_100_milli_second
 .text.delay_1_second
                0x0800615c        0xc D:\WkPjt\MStory2.0\Mango-Z1.Firmware\Z1.Src006.SPI.CC2520.ID\project\RIDE\obj\hw_config.o
                0x0800615c                delay_1_second
 .text.TimingDelay_Decrement
                0x08006168       0x14 D:\WkPjt\MStory2.0\Mango-Z1.Firmware\Z1.Src006.SPI.CC2520.ID\project\RIDE\obj\hw_config.o
                0x08006168                TimingDelay_Decrement
 .text.USART_GetCharacter
                0x0800617c       0x38 D:\WkPjt\MStory2.0\Mango-Z1.Firmware\Z1.Src006.SPI.CC2520.ID\project\RIDE\obj\hw_config.o
                0x0800617c                USART_GetCharacter
 .text.__io_putchar
                0x080061b4       0x40 D:\WkPjt\MStory2.0\Mango-Z1.Firmware\Z1.Src006.SPI.CC2520.ID\project\RIDE\obj\hw_config.o
                0x080061b4                __io_putchar
 .text.GPIO_Configuration
                0x080061f4       0xa8 D:\WkPjt\MStory2.0\Mango-Z1.Firmware\Z1.Src006.SPI.CC2520.ID\project\RIDE\obj\hw_config.o
                0x080061f4                GPIO_Configuration
 .text.SPIx_Init
                0x0800629c       0xe0 D:\WkPjt\MStory2.0\Mango-Z1.Firmware\Z1.Src006.SPI.CC2520.ID\project\RIDE\obj\hw_config.o
                0x0800629c                SPIx_Init
 .text.EXTI_Configuration
                0x0800637c       0x4c D:\WkPjt\MStory2.0\Mango-Z1.Firmware\Z1.Src006.SPI.CC2520.ID\project\RIDE\obj\hw_config.o
                0x0800637c                EXTI_Configuration
 .text.NVIC_Configuration
                0x080063c8       0x4c D:\WkPjt\MStory2.0\Mango-Z1.Firmware\Z1.Src006.SPI.CC2520.ID\project\RIDE\obj\hw_config.o
                0x080063c8                NVIC_Configuration
 .text.RCC_Configuration
                0x08006414       0x34 D:\WkPjt\MStory2.0\Mango-Z1.Firmware\Z1.Src006.SPI.CC2520.ID\project\RIDE\obj\hw_config.o
                0x08006414                RCC_Configuration
 .text.USART1_Init
                0x08006448       0x3c D:\WkPjt\MStory2.0\Mango-Z1.Firmware\Z1.Src006.SPI.CC2520.ID\project\RIDE\obj\hw_config.o
                0x08006448                USART1_Init
 .text.LED_Off_Blue
                0x08006484       0x14 D:\WkPjt\MStory2.0\Mango-Z1.Firmware\Z1.Src006.SPI.CC2520.ID\project\RIDE\obj\led.o
                0x08006484                LED_Off_Blue
 .text.LED_Off_Yellow
                0x08006498       0x10 D:\WkPjt\MStory2.0\Mango-Z1.Firmware\Z1.Src006.SPI.CC2520.ID\project\RIDE\obj\led.o
                0x08006498                LED_Off_Yellow
 .text.LED_Off_Red
                0x080064a8       0x14 D:\WkPjt\MStory2.0\Mango-Z1.Firmware\Z1.Src006.SPI.CC2520.ID\project\RIDE\obj\led.o
                0x080064a8                LED_Off_Red
 .text.LED_Off_All
                0x080064bc       0x10 D:\WkPjt\MStory2.0\Mango-Z1.Firmware\Z1.Src006.SPI.CC2520.ID\project\RIDE\obj\led.o
                0x080064bc                LED_Off_All
 .text.LED_On_Blue
                0x080064cc       0x14 D:\WkPjt\MStory2.0\Mango-Z1.Firmware\Z1.Src006.SPI.CC2520.ID\project\RIDE\obj\led.o
                0x080064cc                LED_On_Blue
 .text.LED_On_Yellow
                0x080064e0       0x10 D:\WkPjt\MStory2.0\Mango-Z1.Firmware\Z1.Src006.SPI.CC2520.ID\project\RIDE\obj\led.o
                0x080064e0                LED_On_Yellow
 .text.LED_On_Red
                0x080064f0       0x14 D:\WkPjt\MStory2.0\Mango-Z1.Firmware\Z1.Src006.SPI.CC2520.ID\project\RIDE\obj\led.o
                0x080064f0                LED_On_Red
 .text.LED_OnOffAll_Mult
                0x08006504       0x40 D:\WkPjt\MStory2.0\Mango-Z1.Firmware\Z1.Src006.SPI.CC2520.ID\project\RIDE\obj\led.o
                0x08006504                LED_OnOffAll_Mult
 .text.LED_On_All
                0x08006544       0x10 D:\WkPjt\MStory2.0\Mango-Z1.Firmware\Z1.Src006.SPI.CC2520.ID\project\RIDE\obj\led.o
                0x08006544                LED_On_All
 .text.LED_Test
                0x08006554       0x1c D:\WkPjt\MStory2.0\Mango-Z1.Firmware\Z1.Src006.SPI.CC2520.ID\project\RIDE\obj\led.o
                0x08006554                LED_Test
 .text.assert_failed
                0x08006570       0x14 D:\WkPjt\MStory2.0\Mango-Z1.Firmware\Z1.Src006.SPI.CC2520.ID\project\RIDE\obj\debug.o
                0x08006570                assert_failed
 .text.DebugMsg_FunctionStart
                0x08006584       0x10 D:\WkPjt\MStory2.0\Mango-Z1.Firmware\Z1.Src006.SPI.CC2520.ID\project\RIDE\obj\debug.o
                0x08006584                DebugMsg_FunctionStart
 .text.KEY_Test
                0x08006594       0x50 D:\WkPjt\MStory2.0\Mango-Z1.Firmware\Z1.Src006.SPI.CC2520.ID\project\RIDE\obj\key.o
                0x08006594                KEY_Test
 .text.NMI_Handler
                0x080065e4        0x4 D:\WkPjt\MStory2.0\Mango-Z1.Firmware\Z1.Src006.SPI.CC2520.ID\project\RIDE\obj\stm32f10x_it.o
                0x080065e4                NMI_Handler
 .text.HardFault_Handler
                0x080065e8        0x4 D:\WkPjt\MStory2.0\Mango-Z1.Firmware\Z1.Src006.SPI.CC2520.ID\project\RIDE\obj\stm32f10x_it.o
                0x080065e8                HardFault_Handler
 .text.MemManage_Handler
                0x080065ec        0x4 D:\WkPjt\MStory2.0\Mango-Z1.Firmware\Z1.Src006.SPI.CC2520.ID\project\RIDE\obj\stm32f10x_it.o
                0x080065ec                MemManage_Handler
 .text.BusFault_Handler
                0x080065f0        0x4 D:\WkPjt\MStory2.0\Mango-Z1.Firmware\Z1.Src006.SPI.CC2520.ID\project\RIDE\obj\stm32f10x_it.o
                0x080065f0                BusFault_Handler
 .text.UsageFault_Handler
                0x080065f4        0x4 D:\WkPjt\MStory2.0\Mango-Z1.Firmware\Z1.Src006.SPI.CC2520.ID\project\RIDE\obj\stm32f10x_it.o
                0x080065f4                UsageFault_Handler
 .text.SVC_Handler
                0x080065f8        0x4 D:\WkPjt\MStory2.0\Mango-Z1.Firmware\Z1.Src006.SPI.CC2520.ID\project\RIDE\obj\stm32f10x_it.o
                0x080065f8                SVC_Handler
 .text.DebugMon_Handler
                0x080065fc        0x4 D:\WkPjt\MStory2.0\Mango-Z1.Firmware\Z1.Src006.SPI.CC2520.ID\project\RIDE\obj\stm32f10x_it.o
                0x080065fc                DebugMon_Handler
 .text.PendSV_Handler
                0x08006600        0x4 D:\WkPjt\MStory2.0\Mango-Z1.Firmware\Z1.Src006.SPI.CC2520.ID\project\RIDE\obj\stm32f10x_it.o
                0x08006600                PendSV_Handler
 .text.WWDG_IRQHandler
                0x08006604        0x4 D:\WkPjt\MStory2.0\Mango-Z1.Firmware\Z1.Src006.SPI.CC2520.ID\project\RIDE\obj\stm32f10x_it.o
                0x08006604                WWDG_IRQHandler
 .text.PVD_IRQHandler
                0x08006608        0x4 D:\WkPjt\MStory2.0\Mango-Z1.Firmware\Z1.Src006.SPI.CC2520.ID\project\RIDE\obj\stm32f10x_it.o
                0x08006608                PVD_IRQHandler
 .text.TAMPER_IRQHandler
                0x0800660c        0x4 D:\WkPjt\MStory2.0\Mango-Z1.Firmware\Z1.Src006.SPI.CC2520.ID\project\RIDE\obj\stm32f10x_it.o
                0x0800660c                TAMPER_IRQHandler
 .text.RTC_IRQHandler
                0x08006610        0x4 D:\WkPjt\MStory2.0\Mango-Z1.Firmware\Z1.Src006.SPI.CC2520.ID\project\RIDE\obj\stm32f10x_it.o
                0x08006610                RTC_IRQHandler
 .text.FLASH_IRQHandler
                0x08006614        0x4 D:\WkPjt\MStory2.0\Mango-Z1.Firmware\Z1.Src006.SPI.CC2520.ID\project\RIDE\obj\stm32f10x_it.o
                0x08006614                FLASH_IRQHandler
 .text.RCC_IRQHandler
                0x08006618        0x4 D:\WkPjt\MStory2.0\Mango-Z1.Firmware\Z1.Src006.SPI.CC2520.ID\project\RIDE\obj\stm32f10x_it.o
                0x08006618                RCC_IRQHandler
 .text.EXTI2_IRQHandler
                0x0800661c        0x4 D:\WkPjt\MStory2.0\Mango-Z1.Firmware\Z1.Src006.SPI.CC2520.ID\project\RIDE\obj\stm32f10x_it.o
                0x0800661c                EXTI2_IRQHandler
 .text.EXTI3_IRQHandler
                0x08006620        0x4 D:\WkPjt\MStory2.0\Mango-Z1.Firmware\Z1.Src006.SPI.CC2520.ID\project\RIDE\obj\stm32f10x_it.o
                0x08006620                EXTI3_IRQHandler
 .text.EXTI4_IRQHandler
                0x08006624        0x4 D:\WkPjt\MStory2.0\Mango-Z1.Firmware\Z1.Src006.SPI.CC2520.ID\project\RIDE\obj\stm32f10x_it.o
                0x08006624                EXTI4_IRQHandler
 .text.DMA1_Channel1_IRQHandler
                0x08006628        0x4 D:\WkPjt\MStory2.0\Mango-Z1.Firmware\Z1.Src006.SPI.CC2520.ID\project\RIDE\obj\stm32f10x_it.o
                0x08006628                DMA1_Channel1_IRQHandler
 .text.DMA1_Channel2_IRQHandler
                0x0800662c        0x4 D:\WkPjt\MStory2.0\Mango-Z1.Firmware\Z1.Src006.SPI.CC2520.ID\project\RIDE\obj\stm32f10x_it.o
                0x0800662c                DMA1_Channel2_IRQHandler
 .text.DMA1_Channel3_IRQHandler
                0x08006630        0x4 D:\WkPjt\MStory2.0\Mango-Z1.Firmware\Z1.Src006.SPI.CC2520.ID\project\RIDE\obj\stm32f10x_it.o
                0x08006630                DMA1_Channel3_IRQHandler
 .text.DMA1_Channel4_IRQHandler
                0x08006634        0x4 D:\WkPjt\MStory2.0\Mango-Z1.Firmware\Z1.Src006.SPI.CC2520.ID\project\RIDE\obj\stm32f10x_it.o
                0x08006634                DMA1_Channel4_IRQHandler
 .text.DMA1_Channel5_IRQHandler
                0x08006638        0x4 D:\WkPjt\MStory2.0\Mango-Z1.Firmware\Z1.Src006.SPI.CC2520.ID\project\RIDE\obj\stm32f10x_it.o
                0x08006638                DMA1_Channel5_IRQHandler
 .text.DMA1_Channel6_IRQHandler
                0x0800663c        0x4 D:\WkPjt\MStory2.0\Mango-Z1.Firmware\Z1.Src006.SPI.CC2520.ID\project\RIDE\obj\stm32f10x_it.o
                0x0800663c                DMA1_Channel6_IRQHandler
 .text.DMA1_Channel7_IRQHandler
                0x08006640        0x4 D:\WkPjt\MStory2.0\Mango-Z1.Firmware\Z1.Src006.SPI.CC2520.ID\project\RIDE\obj\stm32f10x_it.o
                0x08006640                DMA1_Channel7_IRQHandler
 .text.ADC1_2_IRQHandler
                0x08006644        0x4 D:\WkPjt\MStory2.0\Mango-Z1.Firmware\Z1.Src006.SPI.CC2520.ID\project\RIDE\obj\stm32f10x_it.o
                0x08006644                ADC1_2_IRQHandler
 .text.USB_HP_CAN1_TX_IRQHandler
                0x08006648        0x4 D:\WkPjt\MStory2.0\Mango-Z1.Firmware\Z1.Src006.SPI.CC2520.ID\project\RIDE\obj\stm32f10x_it.o
                0x08006648                USB_HP_CAN1_TX_IRQHandler
 .text.USB_LP_CAN1_RX0_IRQHandler
                0x0800664c        0x4 D:\WkPjt\MStory2.0\Mango-Z1.Firmware\Z1.Src006.SPI.CC2520.ID\project\RIDE\obj\stm32f10x_it.o
                0x0800664c                USB_LP_CAN1_RX0_IRQHandler
 .text.CAN1_RX1_IRQHandler
                0x08006650        0x4 D:\WkPjt\MStory2.0\Mango-Z1.Firmware\Z1.Src006.SPI.CC2520.ID\project\RIDE\obj\stm32f10x_it.o
                0x08006650                CAN1_RX1_IRQHandler
 .text.CAN1_SCE_IRQHandler
                0x08006654        0x4 D:\WkPjt\MStory2.0\Mango-Z1.Firmware\Z1.Src006.SPI.CC2520.ID\project\RIDE\obj\stm32f10x_it.o
                0x08006654                CAN1_SCE_IRQHandler
 .text.EXTI9_5_IRQHandler
                0x08006658        0x4 D:\WkPjt\MStory2.0\Mango-Z1.Firmware\Z1.Src006.SPI.CC2520.ID\project\RIDE\obj\stm32f10x_it.o
                0x08006658                EXTI9_5_IRQHandler
 .text.TIM1_BRK_IRQHandler
                0x0800665c        0x4 D:\WkPjt\MStory2.0\Mango-Z1.Firmware\Z1.Src006.SPI.CC2520.ID\project\RIDE\obj\stm32f10x_it.o
                0x0800665c                TIM1_BRK_IRQHandler
 .text.TIM1_UP_IRQHandler
                0x08006660        0x4 D:\WkPjt\MStory2.0\Mango-Z1.Firmware\Z1.Src006.SPI.CC2520.ID\project\RIDE\obj\stm32f10x_it.o
                0x08006660                TIM1_UP_IRQHandler
 .text.TIM1_TRG_COM_IRQHandler
                0x08006664        0x4 D:\WkPjt\MStory2.0\Mango-Z1.Firmware\Z1.Src006.SPI.CC2520.ID\project\RIDE\obj\stm32f10x_it.o
                0x08006664                TIM1_TRG_COM_IRQHandler
 .text.TIM1_CC_IRQHandler
                0x08006668        0x4 D:\WkPjt\MStory2.0\Mango-Z1.Firmware\Z1.Src006.SPI.CC2520.ID\project\RIDE\obj\stm32f10x_it.o
                0x08006668                TIM1_CC_IRQHandler
 .text.TIM2_IRQHandler
                0x0800666c        0x4 D:\WkPjt\MStory2.0\Mango-Z1.Firmware\Z1.Src006.SPI.CC2520.ID\project\RIDE\obj\stm32f10x_it.o
                0x0800666c                TIM2_IRQHandler
 .text.TIM3_IRQHandler
                0x08006670        0x4 D:\WkPjt\MStory2.0\Mango-Z1.Firmware\Z1.Src006.SPI.CC2520.ID\project\RIDE\obj\stm32f10x_it.o
                0x08006670                TIM3_IRQHandler
 .text.TIM4_IRQHandler
                0x08006674        0x4 D:\WkPjt\MStory2.0\Mango-Z1.Firmware\Z1.Src006.SPI.CC2520.ID\project\RIDE\obj\stm32f10x_it.o
                0x08006674                TIM4_IRQHandler
 .text.I2C1_EV_IRQHandler
                0x08006678        0x4 D:\WkPjt\MStory2.0\Mango-Z1.Firmware\Z1.Src006.SPI.CC2520.ID\project\RIDE\obj\stm32f10x_it.o
                0x08006678                I2C1_EV_IRQHandler
 .text.I2C1_ER_IRQHandler
                0x0800667c        0x4 D:\WkPjt\MStory2.0\Mango-Z1.Firmware\Z1.Src006.SPI.CC2520.ID\project\RIDE\obj\stm32f10x_it.o
                0x0800667c                I2C1_ER_IRQHandler
 .text.I2C2_EV_IRQHandler
                0x08006680        0x4 D:\WkPjt\MStory2.0\Mango-Z1.Firmware\Z1.Src006.SPI.CC2520.ID\project\RIDE\obj\stm32f10x_it.o
                0x08006680                I2C2_EV_IRQHandler
 .text.I2C2_ER_IRQHandler
                0x08006684        0x4 D:\WkPjt\MStory2.0\Mango-Z1.Firmware\Z1.Src006.SPI.CC2520.ID\project\RIDE\obj\stm32f10x_it.o
                0x08006684                I2C2_ER_IRQHandler
 .text.SPI1_IRQHandler
                0x08006688        0x4 D:\WkPjt\MStory2.0\Mango-Z1.Firmware\Z1.Src006.SPI.CC2520.ID\project\RIDE\obj\stm32f10x_it.o
                0x08006688                SPI1_IRQHandler
 .text.SPI2_IRQHandler
                0x0800668c        0x4 D:\WkPjt\MStory2.0\Mango-Z1.Firmware\Z1.Src006.SPI.CC2520.ID\project\RIDE\obj\stm32f10x_it.o
                0x0800668c                SPI2_IRQHandler
 .text.USART1_IRQHandler
                0x08006690        0x4 D:\WkPjt\MStory2.0\Mango-Z1.Firmware\Z1.Src006.SPI.CC2520.ID\project\RIDE\obj\stm32f10x_it.o
                0x08006690                USART1_IRQHandler
 .text.USART2_IRQHandler
                0x08006694        0x4 D:\WkPjt\MStory2.0\Mango-Z1.Firmware\Z1.Src006.SPI.CC2520.ID\project\RIDE\obj\stm32f10x_it.o
                0x08006694                USART2_IRQHandler
 .text.USART3_IRQHandler
                0x08006698        0x4 D:\WkPjt\MStory2.0\Mango-Z1.Firmware\Z1.Src006.SPI.CC2520.ID\project\RIDE\obj\stm32f10x_it.o
                0x08006698                USART3_IRQHandler
 .text.EXTI15_10_IRQHandler
                0x0800669c        0x4 D:\WkPjt\MStory2.0\Mango-Z1.Firmware\Z1.Src006.SPI.CC2520.ID\project\RIDE\obj\stm32f10x_it.o
                0x0800669c                EXTI15_10_IRQHandler
 .text.RTCAlarm_IRQHandler
                0x080066a0        0x4 D:\WkPjt\MStory2.0\Mango-Z1.Firmware\Z1.Src006.SPI.CC2520.ID\project\RIDE\obj\stm32f10x_it.o
                0x080066a0                RTCAlarm_IRQHandler
 .text.USBWakeUp_IRQHandler
                0x080066a4        0x4 D:\WkPjt\MStory2.0\Mango-Z1.Firmware\Z1.Src006.SPI.CC2520.ID\project\RIDE\obj\stm32f10x_it.o
                0x080066a4                USBWakeUp_IRQHandler
 .text.EXTI1_IRQHandler
                0x080066a8       0x1c D:\WkPjt\MStory2.0\Mango-Z1.Firmware\Z1.Src006.SPI.CC2520.ID\project\RIDE\obj\stm32f10x_it.o
                0x080066a8                EXTI1_IRQHandler
 .text.EXTI0_IRQHandler
                0x080066c4       0x1c D:\WkPjt\MStory2.0\Mango-Z1.Firmware\Z1.Src006.SPI.CC2520.ID\project\RIDE\obj\stm32f10x_it.o
                0x080066c4                EXTI0_IRQHandler
 .text.SysTick_Handler
                0x080066e0        0x8 D:\WkPjt\MStory2.0\Mango-Z1.Firmware\Z1.Src006.SPI.CC2520.ID\project\RIDE\obj\stm32f10x_it.o
                0x080066e0                SysTick_Handler
 .text.ZigBee_Test
                0x080066e8       0x38 D:\WkPjt\MStory2.0\Mango-Z1.Firmware\Z1.Src006.SPI.CC2520.ID\project\RIDE\obj\zigbee_test.o
                0x080066e8                ZigBee_Test
 .text.USART_GetFlagStatus
                0x08006720       0xa4 D:\WkPjt\MStory2.0\Mango-Z1.Firmware\Z1.Src006.SPI.CC2520.ID\project\RIDE\obj\stm32f10x_usart.o
                0x08006720                USART_GetFlagStatus
 .text.USART_ReceiveData
                0x080067c4       0x44 D:\WkPjt\MStory2.0\Mango-Z1.Firmware\Z1.Src006.SPI.CC2520.ID\project\RIDE\obj\stm32f10x_usart.o
                0x080067c4                USART_ReceiveData
 .text.USART_SendData
                0x08006808       0x58 D:\WkPjt\MStory2.0\Mango-Z1.Firmware\Z1.Src006.SPI.CC2520.ID\project\RIDE\obj\stm32f10x_usart.o
                0x08006808                USART_SendData
 .text.USART_Cmd
                0x08006860       0x68 D:\WkPjt\MStory2.0\Mango-Z1.Firmware\Z1.Src006.SPI.CC2520.ID\project\RIDE\obj\stm32f10x_usart.o
                0x08006860                USART_Cmd
 .text.USART_Init
                0x080068c8      0x170 D:\WkPjt\MStory2.0\Mango-Z1.Firmware\Z1.Src006.SPI.CC2520.ID\project\RIDE\obj\stm32f10x_usart.o
                0x080068c8                USART_Init
 .text.GPIO_EXTILineConfig
                0x08006a38       0x58 D:\WkPjt\MStory2.0\Mango-Z1.Firmware\Z1.Src006.SPI.CC2520.ID\project\RIDE\obj\stm32f10x_gpio.o
                0x08006a38                GPIO_EXTILineConfig
 .text.GPIO_ResetBits
                0x08006a90       0x60 D:\WkPjt\MStory2.0\Mango-Z1.Firmware\Z1.Src006.SPI.CC2520.ID\project\RIDE\obj\stm32f10x_gpio.o
                0x08006a90                GPIO_ResetBits
 .text.GPIO_SetBits
                0x08006af0       0x60 D:\WkPjt\MStory2.0\Mango-Z1.Firmware\Z1.Src006.SPI.CC2520.ID\project\RIDE\obj\stm32f10x_gpio.o
                0x08006af0                GPIO_SetBits
 .text.GPIO_ReadInputDataBit
                0x08006b50       0xb4 D:\WkPjt\MStory2.0\Mango-Z1.Firmware\Z1.Src006.SPI.CC2520.ID\project\RIDE\obj\stm32f10x_gpio.o
                0x08006b50                GPIO_ReadInputDataBit
 .text.GPIO_Init
                0x08006c04      0x130 D:\WkPjt\MStory2.0\Mango-Z1.Firmware\Z1.Src006.SPI.CC2520.ID\project\RIDE\obj\stm32f10x_gpio.o
                0x08006c04                GPIO_Init
 .text.RCC_GetClocksFreq
                0x08006d34       0x98 D:\WkPjt\MStory2.0\Mango-Z1.Firmware\Z1.Src006.SPI.CC2520.ID\project\RIDE\obj\stm32f10x_rcc.o
                0x08006d34                RCC_GetClocksFreq
 .text.RCC_APB2PeriphClockCmd
                0x08006dcc       0x4c D:\WkPjt\MStory2.0\Mango-Z1.Firmware\Z1.Src006.SPI.CC2520.ID\project\RIDE\obj\stm32f10x_rcc.o
                0x08006dcc                RCC_APB2PeriphClockCmd
 .text.NVIC_SetVectorTable
                0x08006e18       0x44 D:\WkPjt\MStory2.0\Mango-Z1.Firmware\Z1.Src006.SPI.CC2520.ID\project\RIDE\obj\misc.o
                0x08006e18                NVIC_SetVectorTable
 .text.NVIC_Init
                0x08006e5c       0x90 D:\WkPjt\MStory2.0\Mango-Z1.Firmware\Z1.Src006.SPI.CC2520.ID\project\RIDE\obj\misc.o
                0x08006e5c                NVIC_Init
 .text.NVIC_PriorityGroupConfig
                0x08006eec       0x40 D:\WkPjt\MStory2.0\Mango-Z1.Firmware\Z1.Src006.SPI.CC2520.ID\project\RIDE\obj\misc.o
                0x08006eec                NVIC_PriorityGroupConfig
 .text.EXTI_ClearITPendingBit
                0x08006f2c       0x24 D:\WkPjt\MStory2.0\Mango-Z1.Firmware\Z1.Src006.SPI.CC2520.ID\project\RIDE\obj\stm32f10x_exti.o
                0x08006f2c                EXTI_ClearITPendingBit
 .text.EXTI_GetITStatus
                0x08006f50       0x90 D:\WkPjt\MStory2.0\Mango-Z1.Firmware\Z1.Src006.SPI.CC2520.ID\project\RIDE\obj\stm32f10x_exti.o
                0x08006f50                EXTI_GetITStatus
 .text.EXTI_Init
                0x08006fe0       0xc0 D:\WkPjt\MStory2.0\Mango-Z1.Firmware\Z1.Src006.SPI.CC2520.ID\project\RIDE\obj\stm32f10x_exti.o
                0x08006fe0                EXTI_Init
 .text.SPI_I2S_GetFlagStatus
                0x080070a0       0x64 D:\WkPjt\MStory2.0\Mango-Z1.Firmware\Z1.Src006.SPI.CC2520.ID\project\RIDE\obj\stm32f10x_spi.o
                0x080070a0                SPI_I2S_GetFlagStatus
 .text.SPI_I2S_ReceiveData
                0x08007104       0x34 D:\WkPjt\MStory2.0\Mango-Z1.Firmware\Z1.Src006.SPI.CC2520.ID\project\RIDE\obj\stm32f10x_spi.o
                0x08007104                SPI_I2S_ReceiveData
 .text.SPI_I2S_SendData
                0x08007138       0x34 D:\WkPjt\MStory2.0\Mango-Z1.Firmware\Z1.Src006.SPI.CC2520.ID\project\RIDE\obj\stm32f10x_spi.o
                0x08007138                SPI_I2S_SendData
 .text.SPI_Cmd  0x0800716c       0x58 D:\WkPjt\MStory2.0\Mango-Z1.Firmware\Z1.Src006.SPI.CC2520.ID\project\RIDE\obj\stm32f10x_spi.o
                0x0800716c                SPI_Cmd
 .text.SPI_Init
                0x080071c4      0x120 D:\WkPjt\MStory2.0\Mango-Z1.Firmware\Z1.Src006.SPI.CC2520.ID\project\RIDE\obj\stm32f10x_spi.o
                0x080071c4                SPI_Init
 .text.Reset_Handler
                0x080072e4       0x40 D:\WkPjt\MStory2.0\Mango-Z1.Firmware\Z1.Src006.SPI.CC2520.ID\project\RIDE\obj\startup_stm32f10x_md.o
                0x080072e4                Reset_Handler
 .text.SystemInit
                0x08007324       0xf8 D:\WkPjt\MStory2.0\Mango-Z1.Firmware\Z1.Src006.SPI.CC2520.ID\project\RIDE\obj\system_stm32f10x.o
                0x08007324                SystemInit
 .text.CC2520_SPI_WAIT_RXRDY
                0x0800741c       0x14 D:\WkPjt\MStory2.0\Mango-Z1.Firmware\Z1.Src006.SPI.CC2520.ID\project\RIDE\obj\cc2520_mango_porting.o
                0x0800741c                CC2520_SPI_WAIT_RXRDY
 .text.CC2520_SPI_RX
                0x08007430       0x10 D:\WkPjt\MStory2.0\Mango-Z1.Firmware\Z1.Src006.SPI.CC2520.ID\project\RIDE\obj\cc2520_mango_porting.o
                0x08007430                CC2520_SPI_RX
 .text.CC2520_SPI_TX
                0x08007440       0x20 D:\WkPjt\MStory2.0\Mango-Z1.Firmware\Z1.Src006.SPI.CC2520.ID\project\RIDE\obj\cc2520_mango_porting.o
                0x08007440                CC2520_SPI_TX
 .text.CC2520_VREG_EN_OPIN
                0x08007460       0x1c D:\WkPjt\MStory2.0\Mango-Z1.Firmware\Z1.Src006.SPI.CC2520.ID\project\RIDE\obj\cc2520_mango_porting.o
                0x08007460                CC2520_VREG_EN_OPIN
 .text.CC2520_RESET_OPIN
                0x0800747c       0x1c D:\WkPjt\MStory2.0\Mango-Z1.Firmware\Z1.Src006.SPI.CC2520.ID\project\RIDE\obj\cc2520_mango_porting.o
                0x0800747c                CC2520_RESET_OPIN
 .text.CC2520_GPIO_0_Interrupt_Setting
                0x08007498       0x58 D:\WkPjt\MStory2.0\Mango-Z1.Firmware\Z1.Src006.SPI.CC2520.ID\project\RIDE\obj\cc2520_mango_porting.o
                0x08007498                CC2520_GPIO_0_Interrupt_Setting
 .text.CC2520_SPI_TXRX
                0x080074f0       0x10 D:\WkPjt\MStory2.0\Mango-Z1.Firmware\Z1.Src006.SPI.CC2520.ID\project\RIDE\obj\hal_cc2520.o
 .text.CC2520_MEMWR8
                0x08007500       0x3c D:\WkPjt\MStory2.0\Mango-Z1.Firmware\Z1.Src006.SPI.CC2520.ID\project\RIDE\obj\hal_cc2520.o
                0x08007500                CC2520_MEMWR8
 .text.CC2520_MEMRD8
                0x0800753c       0x38 D:\WkPjt\MStory2.0\Mango-Z1.Firmware\Z1.Src006.SPI.CC2520.ID\project\RIDE\obj\hal_cc2520.o
                0x0800753c                CC2520_MEMRD8
 .text.halRfGetChipVer
                0x08007574        0xc D:\WkPjt\MStory2.0\Mango-Z1.Firmware\Z1.Src006.SPI.CC2520.ID\project\RIDE\obj\hal_rf.o
                0x08007574                halRfGetChipVer
 .text.halRfGetChipId
                0x08007580        0xc D:\WkPjt\MStory2.0\Mango-Z1.Firmware\Z1.Src006.SPI.CC2520.ID\project\RIDE\obj\hal_rf.o
                0x08007580                halRfGetChipId
 .text.halRfInit
                0x0800758c       0x64 D:\WkPjt\MStory2.0\Mango-Z1.Firmware\Z1.Src006.SPI.CC2520.ID\project\RIDE\obj\hal_rf.o
                0x0800758c                halRfInit
 .text._read    0x080075f0        0x8 C:\Program Files\Raisonance\Ride\Lib\ARM\STM32x_io_putchar_thumb.a(syscalls.o)
                0x080075f0                _read
 .text._lseek   0x080075f8        0x8 C:\Program Files\Raisonance\Ride\Lib\ARM\STM32x_io_putchar_thumb.a(syscalls.o)
                0x080075f8                _lseek
 .text._close   0x08007600        0x8 C:\Program Files\Raisonance\Ride\Lib\ARM\STM32x_io_putchar_thumb.a(syscalls.o)
                0x08007600                _close
 .text._exit    0x08007608        0x4 C:\Program Files\Raisonance\Ride\Lib\ARM\STM32x_io_putchar_thumb.a(syscalls.o)
                0x08007608                _exit
 .text._kill    0x0800760c        0x8 C:\Program Files\Raisonance\Ride\Lib\ARM\STM32x_io_putchar_thumb.a(syscalls.o)
                0x0800760c                _kill
 .text._fstat   0x08007614        0xc C:\Program Files\Raisonance\Ride\Lib\ARM\STM32x_io_putchar_thumb.a(syscalls.o)
                0x08007614                _fstat
 .text._getpid  0x08007620        0x8 C:\Program Files\Raisonance\Ride\Lib\ARM\STM32x_io_putchar_thumb.a(syscalls.o)
                0x08007620                _getpid
 .text._isatty  0x08007628        0x8 C:\Program Files\Raisonance\Ride\Lib\ARM\STM32x_io_putchar_thumb.a(syscalls.o)
                0x08007628                _isatty
 .text._write   0x08007630       0x20 C:\Program Files\Raisonance\Ride\Lib\ARM\STM32x_io_putchar_thumb.a(syscalls.o)
                0x08007630                _write
 .text._sbrk    0x08007650       0x50 C:\Program Files\Raisonance\Ride\Lib\ARM\STM32x_io_putchar_thumb.a(syscalls.o)
                0x08007650                _sbrk
 *(.rodata)
 .rodata        0x080076a0       0x13 D:\WkPjt\MStory2.0\Mango-Z1.Firmware\Z1.Src006.SPI.CC2520.ID\project\RIDE\obj\main.o
 .rodata        0x080076b3        0xa D:\WkPjt\MStory2.0\Mango-Z1.Firmware\Z1.Src006.SPI.CC2520.ID\project\RIDE\obj\hw_config.o
 .rodata        0x080076bd        0xc D:\WkPjt\MStory2.0\Mango-Z1.Firmware\Z1.Src006.SPI.CC2520.ID\project\RIDE\obj\zigbee_test.o
 .rodata        0x080076c9       0x18 D:\WkPjt\MStory2.0\Mango-Z1.Firmware\Z1.Src006.SPI.CC2520.ID\project\RIDE\obj\hal_rf.o
 .rodata        0x080076e1       0x20 c:/program files/raisonance/ride/arm-gcc/bin/../lib/gcc/arm-none-eabi/4.3.2/../../../../arm-none-eabi/lib/thumb2\libc.a(lib_a-vfprintf.o)
 *fill*         0x08007701        0x3 00
 .rodata        0x08007704       0x60 c:/program files/raisonance/ride/arm-gcc/bin/../lib/gcc/arm-none-eabi/4.3.2/../../../../arm-none-eabi/lib/thumb2\libc.a(lib_a-findfp.o)
                0x08007744                __sf_fake_stderr
                0x08007704                __sf_fake_stdin
                0x08007724                __sf_fake_stdout
 .rodata        0x08007764        0x4 c:/program files/raisonance/ride/arm-gcc/bin/../lib/gcc/arm-none-eabi/4.3.2/../../../../arm-none-eabi/lib/thumb2\libc.a(lib_a-impure.o)
                0x08007764                _global_impure_ptr
 .rodata        0x08007768       0x34 c:/program files/raisonance/ride/arm-gcc/bin/../lib/gcc/arm-none-eabi/4.3.2/../../../../arm-none-eabi/lib/thumb2\libc.a(lib_a-locale.o)
 *fill*         0x0800779c        0x4 00
 .rodata        0x080077a0      0x128 c:/program files/raisonance/ride/arm-gcc/bin/../lib/gcc/arm-none-eabi/4.3.2/../../../../arm-none-eabi/lib/thumb2\libc.a(lib_a-mprec.o)
                0x080078a0                __mprec_tinytens
                0x080077a0                __mprec_tens
                0x08007878                __mprec_bigtens
 .rodata        0x080078c8      0x100 c:/program files/raisonance/ride/arm-gcc/bin/../lib/gcc/arm-none-eabi/4.3.2/thumb2\libgcc.a(_clz.o)
                0x080078c8                __clz_tab
 *(.rodata*)
 .rodata.str1.1
                0x080079c8      0x101 D:\WkPjt\MStory2.0\Mango-Z1.Firmware\Z1.Src006.SPI.CC2520.ID\project\RIDE\obj\main.o
                                0x117 (size before relaxing)
 .rodata.str1.1
                0x08007ac9       0x6d D:\WkPjt\MStory2.0\Mango-Z1.Firmware\Z1.Src006.SPI.CC2520.ID\project\RIDE\obj\debug.o
                                 0x76 (size before relaxing)
 .rodata.str1.1
                0x08007b36       0x2f D:\WkPjt\MStory2.0\Mango-Z1.Firmware\Z1.Src006.SPI.CC2520.ID\project\RIDE\obj\stm32f10x_it.o
 .rodata.str1.1
                0x08007b65       0x1f D:\WkPjt\MStory2.0\Mango-Z1.Firmware\Z1.Src006.SPI.CC2520.ID\project\RIDE\obj\zigbee_test.o
 .rodata.str1.1
                0x08007b84       0x60 D:\WkPjt\MStory2.0\Mango-Z1.Firmware\Z1.Src006.SPI.CC2520.ID\project\RIDE\obj\stm32f10x_usart.o
 .rodata.str1.1
                0x08007be4       0x5f D:\WkPjt\MStory2.0\Mango-Z1.Firmware\Z1.Src006.SPI.CC2520.ID\project\RIDE\obj\stm32f10x_gpio.o
 .rodata.str1.1
                0x08007c43       0x5e D:\WkPjt\MStory2.0\Mango-Z1.Firmware\Z1.Src006.SPI.CC2520.ID\project\RIDE\obj\stm32f10x_rcc.o
 .rodata.str1.1
                0x08007ca1       0x55 D:\WkPjt\MStory2.0\Mango-Z1.Firmware\Z1.Src006.SPI.CC2520.ID\project\RIDE\obj\misc.o
 .rodata.str1.1
                0x08007cf6       0x5f D:\WkPjt\MStory2.0\Mango-Z1.Firmware\Z1.Src006.SPI.CC2520.ID\project\RIDE\obj\stm32f10x_exti.o
 .rodata.str1.1
                0x08007d55       0x5e D:\WkPjt\MStory2.0\Mango-Z1.Firmware\Z1.Src006.SPI.CC2520.ID\project\RIDE\obj\stm32f10x_spi.o
 *fill*         0x08007db3        0x1 00
 .rodata.str1.4
                0x08007db4        0x2 c:/program files/raisonance/ride/arm-gcc/bin/../lib/gcc/arm-none-eabi/4.3.2/../../../../arm-none-eabi/lib/thumb2\libc.a(lib_a-puts.o)
                                  0x4 (size before relaxing)
 *fill*         0x08007db6        0x2 00
 .rodata.str1.4
                0x08007db8       0x5e c:/program files/raisonance/ride/arm-gcc/bin/../lib/gcc/arm-none-eabi/4.3.2/../../../../arm-none-eabi/lib/thumb2\libc.a(lib_a-vfprintf.o)
                                 0x60 (size before relaxing)
 *fill*         0x08007e16        0x2 00
 .rodata.str1.4
                0x08007e18       0x10 c:/program files/raisonance/ride/arm-gcc/bin/../lib/gcc/arm-none-eabi/4.3.2/../../../../arm-none-eabi/lib/thumb2\libc.a(lib_a-dtoa.o)
                                 0x14 (size before relaxing)
 .rodata.str1.4
                0x08007e28        0x2 c:/program files/raisonance/ride/arm-gcc/bin/../lib/gcc/arm-none-eabi/4.3.2/../../../../arm-none-eabi/lib/thumb2\libc.a(lib_a-impure.o)
                                  0x4 (size before relaxing)
 *fill*         0x08007e2a        0x2 00
 .rodata.str1.4
                0x08007e2c        0xf c:/program files/raisonance/ride/arm-gcc/bin/../lib/gcc/arm-none-eabi/4.3.2/../../../../arm-none-eabi/lib/thumb2\libc.a(lib_a-locale.o)
                                 0x18 (size before relaxing)
 *fill*         0x08007e3b        0x1 00
 .rodata.str1.4
                0x08007e3c        0xc C:\Program Files\Raisonance\Ride\Lib\ARM\STM32x_io_putchar_thumb.a(syscalls.o)
 *(.glue_7)
 .glue_7        0x08007e48        0x0 D:\WkPjt\MStory2.0\Mango-Z1.Firmware\Z1.Src006.SPI.CC2520.ID\project\RIDE\obj\main.o
 .glue_7        0x08007e48        0x0 D:\WkPjt\MStory2.0\Mango-Z1.Firmware\Z1.Src006.SPI.CC2520.ID\project\RIDE\obj\hw_config.o
 .glue_7        0x08007e48        0x0 D:\WkPjt\MStory2.0\Mango-Z1.Firmware\Z1.Src006.SPI.CC2520.ID\project\RIDE\obj\led.o
 .glue_7        0x08007e48        0x0 D:\WkPjt\MStory2.0\Mango-Z1.Firmware\Z1.Src006.SPI.CC2520.ID\project\RIDE\obj\debug.o
 .glue_7        0x08007e48        0x0 D:\WkPjt\MStory2.0\Mango-Z1.Firmware\Z1.Src006.SPI.CC2520.ID\project\RIDE\obj\key.o
 .glue_7        0x08007e48        0x0 D:\WkPjt\MStory2.0\Mango-Z1.Firmware\Z1.Src006.SPI.CC2520.ID\project\RIDE\obj\stm32f10x_it.o
 .glue_7        0x08007e48        0x0 D:\WkPjt\MStory2.0\Mango-Z1.Firmware\Z1.Src006.SPI.CC2520.ID\project\RIDE\obj\zigbee_test.o
 .glue_7        0x08007e48        0x0 D:\WkPjt\MStory2.0\Mango-Z1.Firmware\Z1.Src006.SPI.CC2520.ID\project\RIDE\obj\stm32f10x_usart.o
 .glue_7        0x08007e48        0x0 D:\WkPjt\MStory2.0\Mango-Z1.Firmware\Z1.Src006.SPI.CC2520.ID\project\RIDE\obj\stm32f10x_gpio.o
 .glue_7        0x08007e48        0x0 D:\WkPjt\MStory2.0\Mango-Z1.Firmware\Z1.Src006.SPI.CC2520.ID\project\RIDE\obj\stm32f10x_rcc.o
 .glue_7        0x08007e48        0x0 D:\WkPjt\MStory2.0\Mango-Z1.Firmware\Z1.Src006.SPI.CC2520.ID\project\RIDE\obj\misc.o
 .glue_7        0x08007e48        0x0 D:\WkPjt\MStory2.0\Mango-Z1.Firmware\Z1.Src006.SPI.CC2520.ID\project\RIDE\obj\stm32f10x_exti.o
 .glue_7        0x08007e48        0x0 D:\WkPjt\MStory2.0\Mango-Z1.Firmware\Z1.Src006.SPI.CC2520.ID\project\RIDE\obj\stm32f10x_spi.o
 .glue_7        0x08007e48        0x0 D:\WkPjt\MStory2.0\Mango-Z1.Firmware\Z1.Src006.SPI.CC2520.ID\project\RIDE\obj\startup_stm32f10x_md.o
 .glue_7        0x08007e48        0x0 D:\WkPjt\MStory2.0\Mango-Z1.Firmware\Z1.Src006.SPI.CC2520.ID\project\RIDE\obj\system_stm32f10x.o
 .glue_7        0x08007e48        0x0 D:\WkPjt\MStory2.0\Mango-Z1.Firmware\Z1.Src006.SPI.CC2520.ID\project\RIDE\obj\util.o
 .glue_7        0x08007e48        0x0 D:\WkPjt\MStory2.0\Mango-Z1.Firmware\Z1.Src006.SPI.CC2520.ID\project\RIDE\obj\basic_rf.o
 .glue_7        0x08007e48        0x0 D:\WkPjt\MStory2.0\Mango-Z1.Firmware\Z1.Src006.SPI.CC2520.ID\project\RIDE\obj\basic_rf_security.o
 .glue_7        0x08007e48        0x0 D:\WkPjt\MStory2.0\Mango-Z1.Firmware\Z1.Src006.SPI.CC2520.ID\project\RIDE\obj\cc2520_mango_porting.o
 .glue_7        0x08007e48        0x0 D:\WkPjt\MStory2.0\Mango-Z1.Firmware\Z1.Src006.SPI.CC2520.ID\project\RIDE\obj\hal_cc2520.o
 .glue_7        0x08007e48        0x0 D:\WkPjt\MStory2.0\Mango-Z1.Firmware\Z1.Src006.SPI.CC2520.ID\project\RIDE\obj\hal_int.o
 .glue_7        0x08007e48        0x0 D:\WkPjt\MStory2.0\Mango-Z1.Firmware\Z1.Src006.SPI.CC2520.ID\project\RIDE\obj\hal_rf.o
 .glue_7        0x08007e48        0x0 D:\WkPjt\MStory2.0\Mango-Z1.Firmware\Z1.Src006.SPI.CC2520.ID\project\RIDE\obj\hal_rf_security.o
 .glue_7        0x08007e48        0x0 c:/program files/raisonance/ride/arm-gcc/bin/../lib/gcc/arm-none-eabi/4.3.2/../../../../arm-none-eabi/lib/thumb2\libc.a(lib_a-memcpy.o)
 .glue_7        0x08007e48        0x0 c:/program files/raisonance/ride/arm-gcc/bin/../lib/gcc/arm-none-eabi/4.3.2/../../../../arm-none-eabi/lib/thumb2\libc.a(lib_a-printf.o)
 .glue_7        0x08007e48        0x0 c:/program files/raisonance/ride/arm-gcc/bin/../lib/gcc/arm-none-eabi/4.3.2/../../../../arm-none-eabi/lib/thumb2\libc.a(lib_a-puts.o)
 .glue_7        0x08007e48        0x0 c:/program files/raisonance/ride/arm-gcc/bin/../lib/gcc/arm-none-eabi/4.3.2/../../../../arm-none-eabi/lib/thumb2\libc.a(lib_a-strlen.o)
 .glue_7        0x08007e48        0x0 c:/program files/raisonance/ride/arm-gcc/bin/../lib/gcc/arm-none-eabi/4.3.2/../../../../arm-none-eabi/lib/thumb2\libc.a(lib_a-vfprintf.o)
 .glue_7        0x08007e48        0x0 c:/program files/raisonance/ride/arm-gcc/bin/../lib/gcc/arm-none-eabi/4.3.2/../../../../arm-none-eabi/lib/thumb2\libc.a(lib_a-wsetup.o)
 .glue_7        0x08007e48        0x0 c:/program files/raisonance/ride/arm-gcc/bin/../lib/gcc/arm-none-eabi/4.3.2/../../../../arm-none-eabi/lib/thumb2\libc.a(lib_a-dtoa.o)
 .glue_7        0x08007e48        0x0 c:/program files/raisonance/ride/arm-gcc/bin/../lib/gcc/arm-none-eabi/4.3.2/../../../../arm-none-eabi/lib/thumb2\libc.a(lib_a-fflush.o)
 .glue_7        0x08007e48        0x0 c:/program files/raisonance/ride/arm-gcc/bin/../lib/gcc/arm-none-eabi/4.3.2/../../../../arm-none-eabi/lib/thumb2\libc.a(lib_a-findfp.o)
 .glue_7        0x08007e48        0x0 c:/program files/raisonance/ride/arm-gcc/bin/../lib/gcc/arm-none-eabi/4.3.2/../../../../arm-none-eabi/lib/thumb2\libc.a(lib_a-freer.o)
 .glue_7        0x08007e48        0x0 c:/program files/raisonance/ride/arm-gcc/bin/../lib/gcc/arm-none-eabi/4.3.2/../../../../arm-none-eabi/lib/thumb2\libc.a(lib_a-fvwrite.o)
 .glue_7        0x08007e48        0x0 c:/program files/raisonance/ride/arm-gcc/bin/../lib/gcc/arm-none-eabi/4.3.2/../../../../arm-none-eabi/lib/thumb2\libc.a(lib_a-fwalk.o)
 .glue_7        0x08007e48        0x0 c:/program files/raisonance/ride/arm-gcc/bin/../lib/gcc/arm-none-eabi/4.3.2/../../../../arm-none-eabi/lib/thumb2\libc.a(lib_a-impure.o)
 .glue_7        0x08007e48        0x0 c:/program files/raisonance/ride/arm-gcc/bin/../lib/gcc/arm-none-eabi/4.3.2/../../../../arm-none-eabi/lib/thumb2\libc.a(lib_a-locale.o)
 .glue_7        0x08007e48        0x0 c:/program files/raisonance/ride/arm-gcc/bin/../lib/gcc/arm-none-eabi/4.3.2/../../../../arm-none-eabi/lib/thumb2\libc.a(lib_a-makebuf.o)
 .glue_7        0x08007e48        0x0 c:/program files/raisonance/ride/arm-gcc/bin/../lib/gcc/arm-none-eabi/4.3.2/../../../../arm-none-eabi/lib/thumb2\libc.a(lib_a-malloc.o)
 .glue_7        0x08007e48        0x0 c:/program files/raisonance/ride/arm-gcc/bin/../lib/gcc/arm-none-eabi/4.3.2/../../../../arm-none-eabi/lib/thumb2\libc.a(lib_a-mallocr.o)
 .glue_7        0x08007e48        0x0 c:/program files/raisonance/ride/arm-gcc/bin/../lib/gcc/arm-none-eabi/4.3.2/../../../../arm-none-eabi/lib/thumb2\libc.a(lib_a-memchr.o)
 .glue_7        0x08007e48        0x0 c:/program files/raisonance/ride/arm-gcc/bin/../lib/gcc/arm-none-eabi/4.3.2/../../../../arm-none-eabi/lib/thumb2\libc.a(lib_a-memmove.o)
 .glue_7        0x08007e48        0x0 c:/program files/raisonance/ride/arm-gcc/bin/../lib/gcc/arm-none-eabi/4.3.2/../../../../arm-none-eabi/lib/thumb2\libc.a(lib_a-memset.o)
 .glue_7        0x08007e48        0x0 c:/program files/raisonance/ride/arm-gcc/bin/../lib/gcc/arm-none-eabi/4.3.2/../../../../arm-none-eabi/lib/thumb2\libc.a(lib_a-mlock.o)
 .glue_7        0x08007e48        0x0 c:/program files/raisonance/ride/arm-gcc/bin/../lib/gcc/arm-none-eabi/4.3.2/../../../../arm-none-eabi/lib/thumb2\libc.a(lib_a-mprec.o)
 .glue_7        0x08007e48        0x0 c:/program files/raisonance/ride/arm-gcc/bin/../lib/gcc/arm-none-eabi/4.3.2/../../../../arm-none-eabi/lib/thumb2\libc.a(lib_a-reallocr.o)
 .glue_7        0x08007e48        0x0 c:/program files/raisonance/ride/arm-gcc/bin/../lib/gcc/arm-none-eabi/4.3.2/../../../../arm-none-eabi/lib/thumb2\libc.a(lib_a-s_isinfd.o)
 .glue_7        0x08007e48        0x0 c:/program files/raisonance/ride/arm-gcc/bin/../lib/gcc/arm-none-eabi/4.3.2/../../../../arm-none-eabi/lib/thumb2\libc.a(lib_a-s_isnand.o)
 .glue_7        0x08007e48        0x0 c:/program files/raisonance/ride/arm-gcc/bin/../lib/gcc/arm-none-eabi/4.3.2/../../../../arm-none-eabi/lib/thumb2\libc.a(lib_a-sbrkr.o)
 .glue_7        0x08007e48        0x0 c:/program files/raisonance/ride/arm-gcc/bin/../lib/gcc/arm-none-eabi/4.3.2/../../../../arm-none-eabi/lib/thumb2\libc.a(lib_a-stdio.o)
 .glue_7        0x08007e48        0x0 c:/program files/raisonance/ride/arm-gcc/bin/../lib/gcc/arm-none-eabi/4.3.2/../../../../arm-none-eabi/lib/thumb2\libc.a(lib_a-strcmp.o)
 .glue_7        0x08007e48        0x0 c:/program files/raisonance/ride/arm-gcc/bin/../lib/gcc/arm-none-eabi/4.3.2/../../../../arm-none-eabi/lib/thumb2\libc.a(lib_a-writer.o)
 .glue_7        0x08007e48        0x0 c:/program files/raisonance/ride/arm-gcc/bin/../lib/gcc/arm-none-eabi/4.3.2/../../../../arm-none-eabi/lib/thumb2\libc.a(lib_a-callocr.o)
 .glue_7        0x08007e48        0x0 c:/program files/raisonance/ride/arm-gcc/bin/../lib/gcc/arm-none-eabi/4.3.2/../../../../arm-none-eabi/lib/thumb2\libc.a(lib_a-closer.o)
 .glue_7        0x08007e48        0x0 c:/program files/raisonance/ride/arm-gcc/bin/../lib/gcc/arm-none-eabi/4.3.2/../../../../arm-none-eabi/lib/thumb2\libc.a(lib_a-fclose.o)
 .glue_7        0x08007e48        0x0 c:/program files/raisonance/ride/arm-gcc/bin/../lib/gcc/arm-none-eabi/4.3.2/../../../../arm-none-eabi/lib/thumb2\libc.a(lib_a-fstatr.o)
 .glue_7        0x08007e48        0x0 c:/program files/raisonance/ride/arm-gcc/bin/../lib/gcc/arm-none-eabi/4.3.2/../../../../arm-none-eabi/lib/thumb2\libc.a(lib_a-isattyr.o)
 .glue_7        0x08007e48        0x0 c:/program files/raisonance/ride/arm-gcc/bin/../lib/gcc/arm-none-eabi/4.3.2/../../../../arm-none-eabi/lib/thumb2\libc.a(lib_a-lseekr.o)
 .glue_7        0x08007e48        0x0 c:/program files/raisonance/ride/arm-gcc/bin/../lib/gcc/arm-none-eabi/4.3.2/../../../../arm-none-eabi/lib/thumb2\libc.a(lib_a-readr.o)
 .glue_7        0x08007e48        0x0 c:/program files/raisonance/ride/arm-gcc/bin/../lib/gcc/arm-none-eabi/4.3.2/../../../../arm-none-eabi/lib/thumb2\libc.a(lib_a-reent.o)
 .glue_7        0x08007e48        0x0 c:/program files/raisonance/ride/arm-gcc/bin/../lib/gcc/arm-none-eabi/4.3.2/thumb2\libgcc.a(_udivsi3.o)
 .glue_7        0x08007e48        0x0 c:/program files/raisonance/ride/arm-gcc/bin/../lib/gcc/arm-none-eabi/4.3.2/thumb2\libgcc.a(_dvmd_tls.o)
 .glue_7        0x08007e48        0x0 c:/program files/raisonance/ride/arm-gcc/bin/../lib/gcc/arm-none-eabi/4.3.2/thumb2\libgcc.a(_arm_addsubdf3.o)
 .glue_7        0x08007e48        0x0 c:/program files/raisonance/ride/arm-gcc/bin/../lib/gcc/arm-none-eabi/4.3.2/thumb2\libgcc.a(_arm_muldivdf3.o)
 .glue_7        0x08007e48        0x0 c:/program files/raisonance/ride/arm-gcc/bin/../lib/gcc/arm-none-eabi/4.3.2/thumb2\libgcc.a(_arm_cmpdf2.o)
 .glue_7        0x08007e48        0x0 c:/program files/raisonance/ride/arm-gcc/bin/../lib/gcc/arm-none-eabi/4.3.2/thumb2\libgcc.a(_arm_fixdfsi.o)
 .glue_7        0x08007e48        0x0 c:/program files/raisonance/ride/arm-gcc/bin/../lib/gcc/arm-none-eabi/4.3.2/thumb2\libgcc.a(_aeabi_uldivmod.o)
 .glue_7        0x08007e48        0x0 c:/program files/raisonance/ride/arm-gcc/bin/../lib/gcc/arm-none-eabi/4.3.2/thumb2\libgcc.a(bpabi.o)
 .glue_7        0x08007e48        0x0 c:/program files/raisonance/ride/arm-gcc/bin/../lib/gcc/arm-none-eabi/4.3.2/thumb2\libgcc.a(_divdi3.o)
 .glue_7        0x08007e48        0x0 c:/program files/raisonance/ride/arm-gcc/bin/../lib/gcc/arm-none-eabi/4.3.2/thumb2\libgcc.a(_udivdi3.o)
 .glue_7        0x08007e48        0x0 c:/program files/raisonance/ride/arm-gcc/bin/../lib/gcc/arm-none-eabi/4.3.2/thumb2\libgcc.a(_clz.o)
 .glue_7        0x08007e48        0x0 C:\Program Files\Raisonance\Ride\Lib\ARM\STM32x_io_putchar_thumb.a(syscalls.o)
 .glue_7        0x08007e48        0x0 c:/program files/raisonance/ride/arm-gcc/bin/../lib/gcc/arm-none-eabi/4.3.2/../../../../arm-none-eabi/lib/thumb2\libc.a(lib_a-abort.o)
 .glue_7        0x08007e48        0x0 c:/program files/raisonance/ride/arm-gcc/bin/../lib/gcc/arm-none-eabi/4.3.2/../../../../arm-none-eabi/lib/thumb2\libc.a(lib_a-errno.o)
 .glue_7        0x08007e48        0x0 c:/program files/raisonance/ride/arm-gcc/bin/../lib/gcc/arm-none-eabi/4.3.2/../../../../arm-none-eabi/lib/thumb2\libc.a(lib_a-signal.o)
 .glue_7        0x08007e48        0x0 c:/program files/raisonance/ride/arm-gcc/bin/../lib/gcc/arm-none-eabi/4.3.2/../../../../arm-none-eabi/lib/thumb2\libc.a(lib_a-signalr.o)
 *(.glue_7t)
 .glue_7t       0x08007e48        0x0 D:\WkPjt\MStory2.0\Mango-Z1.Firmware\Z1.Src006.SPI.CC2520.ID\project\RIDE\obj\main.o
 .glue_7t       0x08007e48        0x0 D:\WkPjt\MStory2.0\Mango-Z1.Firmware\Z1.Src006.SPI.CC2520.ID\project\RIDE\obj\hw_config.o
 .glue_7t       0x08007e48        0x0 D:\WkPjt\MStory2.0\Mango-Z1.Firmware\Z1.Src006.SPI.CC2520.ID\project\RIDE\obj\led.o
 .glue_7t       0x08007e48        0x0 D:\WkPjt\MStory2.0\Mango-Z1.Firmware\Z1.Src006.SPI.CC2520.ID\project\RIDE\obj\debug.o
 .glue_7t       0x08007e48        0x0 D:\WkPjt\MStory2.0\Mango-Z1.Firmware\Z1.Src006.SPI.CC2520.ID\project\RIDE\obj\key.o
 .glue_7t       0x08007e48        0x0 D:\WkPjt\MStory2.0\Mango-Z1.Firmware\Z1.Src006.SPI.CC2520.ID\project\RIDE\obj\stm32f10x_it.o
 .glue_7t       0x08007e48        0x0 D:\WkPjt\MStory2.0\Mango-Z1.Firmware\Z1.Src006.SPI.CC2520.ID\project\RIDE\obj\zigbee_test.o
 .glue_7t       0x08007e48        0x0 D:\WkPjt\MStory2.0\Mango-Z1.Firmware\Z1.Src006.SPI.CC2520.ID\project\RIDE\obj\stm32f10x_usart.o
 .glue_7t       0x08007e48        0x0 D:\WkPjt\MStory2.0\Mango-Z1.Firmware\Z1.Src006.SPI.CC2520.ID\project\RIDE\obj\stm32f10x_gpio.o
 .glue_7t       0x08007e48        0x0 D:\WkPjt\MStory2.0\Mango-Z1.Firmware\Z1.Src006.SPI.CC2520.ID\project\RIDE\obj\stm32f10x_rcc.o
 .glue_7t       0x08007e48        0x0 D:\WkPjt\MStory2.0\Mango-Z1.Firmware\Z1.Src006.SPI.CC2520.ID\project\RIDE\obj\misc.o
 .glue_7t       0x08007e48        0x0 D:\WkPjt\MStory2.0\Mango-Z1.Firmware\Z1.Src006.SPI.CC2520.ID\project\RIDE\obj\stm32f10x_exti.o
 .glue_7t       0x08007e48        0x0 D:\WkPjt\MStory2.0\Mango-Z1.Firmware\Z1.Src006.SPI.CC2520.ID\project\RIDE\obj\stm32f10x_spi.o
 .glue_7t       0x08007e48        0x0 D:\WkPjt\MStory2.0\Mango-Z1.Firmware\Z1.Src006.SPI.CC2520.ID\project\RIDE\obj\startup_stm32f10x_md.o
 .glue_7t       0x08007e48        0x0 D:\WkPjt\MStory2.0\Mango-Z1.Firmware\Z1.Src006.SPI.CC2520.ID\project\RIDE\obj\system_stm32f10x.o
 .glue_7t       0x08007e48        0x0 D:\WkPjt\MStory2.0\Mango-Z1.Firmware\Z1.Src006.SPI.CC2520.ID\project\RIDE\obj\util.o
 .glue_7t       0x08007e48        0x0 D:\WkPjt\MStory2.0\Mango-Z1.Firmware\Z1.Src006.SPI.CC2520.ID\project\RIDE\obj\basic_rf.o
 .glue_7t       0x08007e48        0x0 D:\WkPjt\MStory2.0\Mango-Z1.Firmware\Z1.Src006.SPI.CC2520.ID\project\RIDE\obj\basic_rf_security.o
 .glue_7t       0x08007e48        0x0 D:\WkPjt\MStory2.0\Mango-Z1.Firmware\Z1.Src006.SPI.CC2520.ID\project\RIDE\obj\cc2520_mango_porting.o
 .glue_7t       0x08007e48        0x0 D:\WkPjt\MStory2.0\Mango-Z1.Firmware\Z1.Src006.SPI.CC2520.ID\project\RIDE\obj\hal_cc2520.o
 .glue_7t       0x08007e48        0x0 D:\WkPjt\MStory2.0\Mango-Z1.Firmware\Z1.Src006.SPI.CC2520.ID\project\RIDE\obj\hal_int.o
 .glue_7t       0x08007e48        0x0 D:\WkPjt\MStory2.0\Mango-Z1.Firmware\Z1.Src006.SPI.CC2520.ID\project\RIDE\obj\hal_rf.o
 .glue_7t       0x08007e48        0x0 D:\WkPjt\MStory2.0\Mango-Z1.Firmware\Z1.Src006.SPI.CC2520.ID\project\RIDE\obj\hal_rf_security.o
 .glue_7t       0x08007e48        0x0 c:/program files/raisonance/ride/arm-gcc/bin/../lib/gcc/arm-none-eabi/4.3.2/../../../../arm-none-eabi/lib/thumb2\libc.a(lib_a-memcpy.o)
 .glue_7t       0x08007e48        0x0 c:/program files/raisonance/ride/arm-gcc/bin/../lib/gcc/arm-none-eabi/4.3.2/../../../../arm-none-eabi/lib/thumb2\libc.a(lib_a-printf.o)
 .glue_7t       0x08007e48        0x0 c:/program files/raisonance/ride/arm-gcc/bin/../lib/gcc/arm-none-eabi/4.3.2/../../../../arm-none-eabi/lib/thumb2\libc.a(lib_a-puts.o)
 .glue_7t       0x08007e48        0x0 c:/program files/raisonance/ride/arm-gcc/bin/../lib/gcc/arm-none-eabi/4.3.2/../../../../arm-none-eabi/lib/thumb2\libc.a(lib_a-strlen.o)
 .glue_7t       0x08007e48        0x0 c:/program files/raisonance/ride/arm-gcc/bin/../lib/gcc/arm-none-eabi/4.3.2/../../../../arm-none-eabi/lib/thumb2\libc.a(lib_a-vfprintf.o)
 .glue_7t       0x08007e48        0x0 c:/program files/raisonance/ride/arm-gcc/bin/../lib/gcc/arm-none-eabi/4.3.2/../../../../arm-none-eabi/lib/thumb2\libc.a(lib_a-wsetup.o)
 .glue_7t       0x08007e48        0x0 c:/program files/raisonance/ride/arm-gcc/bin/../lib/gcc/arm-none-eabi/4.3.2/../../../../arm-none-eabi/lib/thumb2\libc.a(lib_a-dtoa.o)
 .glue_7t       0x08007e48        0x0 c:/program files/raisonance/ride/arm-gcc/bin/../lib/gcc/arm-none-eabi/4.3.2/../../../../arm-none-eabi/lib/thumb2\libc.a(lib_a-fflush.o)
 .glue_7t       0x08007e48        0x0 c:/program files/raisonance/ride/arm-gcc/bin/../lib/gcc/arm-none-eabi/4.3.2/../../../../arm-none-eabi/lib/thumb2\libc.a(lib_a-findfp.o)
 .glue_7t       0x08007e48        0x0 c:/program files/raisonance/ride/arm-gcc/bin/../lib/gcc/arm-none-eabi/4.3.2/../../../../arm-none-eabi/lib/thumb2\libc.a(lib_a-freer.o)
 .glue_7t       0x08007e48        0x0 c:/program files/raisonance/ride/arm-gcc/bin/../lib/gcc/arm-none-eabi/4.3.2/../../../../arm-none-eabi/lib/thumb2\libc.a(lib_a-fvwrite.o)
 .glue_7t       0x08007e48        0x0 c:/program files/raisonance/ride/arm-gcc/bin/../lib/gcc/arm-none-eabi/4.3.2/../../../../arm-none-eabi/lib/thumb2\libc.a(lib_a-fwalk.o)
 .glue_7t       0x08007e48        0x0 c:/program files/raisonance/ride/arm-gcc/bin/../lib/gcc/arm-none-eabi/4.3.2/../../../../arm-none-eabi/lib/thumb2\libc.a(lib_a-impure.o)
 .glue_7t       0x08007e48        0x0 c:/program files/raisonance/ride/arm-gcc/bin/../lib/gcc/arm-none-eabi/4.3.2/../../../../arm-none-eabi/lib/thumb2\libc.a(lib_a-locale.o)
 .glue_7t       0x08007e48        0x0 c:/program files/raisonance/ride/arm-gcc/bin/../lib/gcc/arm-none-eabi/4.3.2/../../../../arm-none-eabi/lib/thumb2\libc.a(lib_a-makebuf.o)
 .glue_7t       0x08007e48        0x0 c:/program files/raisonance/ride/arm-gcc/bin/../lib/gcc/arm-none-eabi/4.3.2/../../../../arm-none-eabi/lib/thumb2\libc.a(lib_a-malloc.o)
 .glue_7t       0x08007e48        0x0 c:/program files/raisonance/ride/arm-gcc/bin/../lib/gcc/arm-none-eabi/4.3.2/../../../../arm-none-eabi/lib/thumb2\libc.a(lib_a-mallocr.o)
 .glue_7t       0x08007e48        0x0 c:/program files/raisonance/ride/arm-gcc/bin/../lib/gcc/arm-none-eabi/4.3.2/../../../../arm-none-eabi/lib/thumb2\libc.a(lib_a-memchr.o)
 .glue_7t       0x08007e48        0x0 c:/program files/raisonance/ride/arm-gcc/bin/../lib/gcc/arm-none-eabi/4.3.2/../../../../arm-none-eabi/lib/thumb2\libc.a(lib_a-memmove.o)
 .glue_7t       0x08007e48        0x0 c:/program files/raisonance/ride/arm-gcc/bin/../lib/gcc/arm-none-eabi/4.3.2/../../../../arm-none-eabi/lib/thumb2\libc.a(lib_a-memset.o)
 .glue_7t       0x08007e48        0x0 c:/program files/raisonance/ride/arm-gcc/bin/../lib/gcc/arm-none-eabi/4.3.2/../../../../arm-none-eabi/lib/thumb2\libc.a(lib_a-mlock.o)
 .glue_7t       0x08007e48        0x0 c:/program files/raisonance/ride/arm-gcc/bin/../lib/gcc/arm-none-eabi/4.3.2/../../../../arm-none-eabi/lib/thumb2\libc.a(lib_a-mprec.o)
 .glue_7t       0x08007e48        0x0 c:/program files/raisonance/ride/arm-gcc/bin/../lib/gcc/arm-none-eabi/4.3.2/../../../../arm-none-eabi/lib/thumb2\libc.a(lib_a-reallocr.o)
 .glue_7t       0x08007e48        0x0 c:/program files/raisonance/ride/arm-gcc/bin/../lib/gcc/arm-none-eabi/4.3.2/../../../../arm-none-eabi/lib/thumb2\libc.a(lib_a-s_isinfd.o)
 .glue_7t       0x08007e48        0x0 c:/program files/raisonance/ride/arm-gcc/bin/../lib/gcc/arm-none-eabi/4.3.2/../../../../arm-none-eabi/lib/thumb2\libc.a(lib_a-s_isnand.o)
 .glue_7t       0x08007e48        0x0 c:/program files/raisonance/ride/arm-gcc/bin/../lib/gcc/arm-none-eabi/4.3.2/../../../../arm-none-eabi/lib/thumb2\libc.a(lib_a-sbrkr.o)
 .glue_7t       0x08007e48        0x0 c:/program files/raisonance/ride/arm-gcc/bin/../lib/gcc/arm-none-eabi/4.3.2/../../../../arm-none-eabi/lib/thumb2\libc.a(lib_a-stdio.o)
 .glue_7t       0x08007e48        0x0 c:/program files/raisonance/ride/arm-gcc/bin/../lib/gcc/arm-none-eabi/4.3.2/../../../../arm-none-eabi/lib/thumb2\libc.a(lib_a-strcmp.o)
 .glue_7t       0x08007e48        0x0 c:/program files/raisonance/ride/arm-gcc/bin/../lib/gcc/arm-none-eabi/4.3.2/../../../../arm-none-eabi/lib/thumb2\libc.a(lib_a-writer.o)
 .glue_7t       0x08007e48        0x0 c:/program files/raisonance/ride/arm-gcc/bin/../lib/gcc/arm-none-eabi/4.3.2/../../../../arm-none-eabi/lib/thumb2\libc.a(lib_a-callocr.o)
 .glue_7t       0x08007e48        0x0 c:/program files/raisonance/ride/arm-gcc/bin/../lib/gcc/arm-none-eabi/4.3.2/../../../../arm-none-eabi/lib/thumb2\libc.a(lib_a-closer.o)
 .glue_7t       0x08007e48        0x0 c:/program files/raisonance/ride/arm-gcc/bin/../lib/gcc/arm-none-eabi/4.3.2/../../../../arm-none-eabi/lib/thumb2\libc.a(lib_a-fclose.o)
 .glue_7t       0x08007e48        0x0 c:/program files/raisonance/ride/arm-gcc/bin/../lib/gcc/arm-none-eabi/4.3.2/../../../../arm-none-eabi/lib/thumb2\libc.a(lib_a-fstatr.o)
 .glue_7t       0x08007e48        0x0 c:/program files/raisonance/ride/arm-gcc/bin/../lib/gcc/arm-none-eabi/4.3.2/../../../../arm-none-eabi/lib/thumb2\libc.a(lib_a-isattyr.o)
 .glue_7t       0x08007e48        0x0 c:/program files/raisonance/ride/arm-gcc/bin/../lib/gcc/arm-none-eabi/4.3.2/../../../../arm-none-eabi/lib/thumb2\libc.a(lib_a-lseekr.o)
 .glue_7t       0x08007e48        0x0 c:/program files/raisonance/ride/arm-gcc/bin/../lib/gcc/arm-none-eabi/4.3.2/../../../../arm-none-eabi/lib/thumb2\libc.a(lib_a-readr.o)
 .glue_7t       0x08007e48        0x0 c:/program files/raisonance/ride/arm-gcc/bin/../lib/gcc/arm-none-eabi/4.3.2/../../../../arm-none-eabi/lib/thumb2\libc.a(lib_a-reent.o)
 .glue_7t       0x08007e48        0x0 c:/program files/raisonance/ride/arm-gcc/bin/../lib/gcc/arm-none-eabi/4.3.2/thumb2\libgcc.a(_udivsi3.o)
 .glue_7t       0x08007e48        0x0 c:/program files/raisonance/ride/arm-gcc/bin/../lib/gcc/arm-none-eabi/4.3.2/thumb2\libgcc.a(_dvmd_tls.o)
 .glue_7t       0x08007e48        0x0 c:/program files/raisonance/ride/arm-gcc/bin/../lib/gcc/arm-none-eabi/4.3.2/thumb2\libgcc.a(_arm_addsubdf3.o)
 .glue_7t       0x08007e48        0x0 c:/program files/raisonance/ride/arm-gcc/bin/../lib/gcc/arm-none-eabi/4.3.2/thumb2\libgcc.a(_arm_muldivdf3.o)
 .glue_7t       0x08007e48        0x0 c:/program files/raisonance/ride/arm-gcc/bin/../lib/gcc/arm-none-eabi/4.3.2/thumb2\libgcc.a(_arm_cmpdf2.o)
 .glue_7t       0x08007e48        0x0 c:/program files/raisonance/ride/arm-gcc/bin/../lib/gcc/arm-none-eabi/4.3.2/thumb2\libgcc.a(_arm_fixdfsi.o)
 .glue_7t       0x08007e48        0x0 c:/program files/raisonance/ride/arm-gcc/bin/../lib/gcc/arm-none-eabi/4.3.2/thumb2\libgcc.a(_aeabi_uldivmod.o)
 .glue_7t       0x08007e48        0x0 c:/program files/raisonance/ride/arm-gcc/bin/../lib/gcc/arm-none-eabi/4.3.2/thumb2\libgcc.a(bpabi.o)
 .glue_7t       0x08007e48        0x0 c:/program files/raisonance/ride/arm-gcc/bin/../lib/gcc/arm-none-eabi/4.3.2/thumb2\libgcc.a(_divdi3.o)
 .glue_7t       0x08007e48        0x0 c:/program files/raisonance/ride/arm-gcc/bin/../lib/gcc/arm-none-eabi/4.3.2/thumb2\libgcc.a(_udivdi3.o)
 .glue_7t       0x08007e48        0x0 c:/program files/raisonance/ride/arm-gcc/bin/../lib/gcc/arm-none-eabi/4.3.2/thumb2\libgcc.a(_clz.o)
 .glue_7t       0x08007e48        0x0 C:\Program Files\Raisonance\Ride\Lib\ARM\STM32x_io_putchar_thumb.a(syscalls.o)
 .glue_7t       0x08007e48        0x0 c:/program files/raisonance/ride/arm-gcc/bin/../lib/gcc/arm-none-eabi/4.3.2/../../../../arm-none-eabi/lib/thumb2\libc.a(lib_a-abort.o)
 .glue_7t       0x08007e48        0x0 c:/program files/raisonance/ride/arm-gcc/bin/../lib/gcc/arm-none-eabi/4.3.2/../../../../arm-none-eabi/lib/thumb2\libc.a(lib_a-errno.o)
 .glue_7t       0x08007e48        0x0 c:/program files/raisonance/ride/arm-gcc/bin/../lib/gcc/arm-none-eabi/4.3.2/../../../../arm-none-eabi/lib/thumb2\libc.a(lib_a-signal.o)
 .glue_7t       0x08007e48        0x0 c:/program files/raisonance/ride/arm-gcc/bin/../lib/gcc/arm-none-eabi/4.3.2/../../../../arm-none-eabi/lib/thumb2\libc.a(lib_a-signalr.o)
                0x08007e48                . = ALIGN (0x4)
                0x08007e48                _etext = .
                0x08007e48                _sidata = _etext

.vfp11_veneer   0x20000000        0x0
 .vfp11_veneer  0x20000000        0x0 D:\WkPjt\MStory2.0\Mango-Z1.Firmware\Z1.Src006.SPI.CC2520.ID\project\RIDE\obj\main.o
 .vfp11_veneer  0x20000000        0x0 D:\WkPjt\MStory2.0\Mango-Z1.Firmware\Z1.Src006.SPI.CC2520.ID\project\RIDE\obj\hw_config.o
 .vfp11_veneer  0x20000000        0x0 D:\WkPjt\MStory2.0\Mango-Z1.Firmware\Z1.Src006.SPI.CC2520.ID\project\RIDE\obj\led.o
 .vfp11_veneer  0x20000000        0x0 D:\WkPjt\MStory2.0\Mango-Z1.Firmware\Z1.Src006.SPI.CC2520.ID\project\RIDE\obj\debug.o
 .vfp11_veneer  0x20000000        0x0 D:\WkPjt\MStory2.0\Mango-Z1.Firmware\Z1.Src006.SPI.CC2520.ID\project\RIDE\obj\key.o
 .vfp11_veneer  0x20000000        0x0 D:\WkPjt\MStory2.0\Mango-Z1.Firmware\Z1.Src006.SPI.CC2520.ID\project\RIDE\obj\stm32f10x_it.o
 .vfp11_veneer  0x20000000        0x0 D:\WkPjt\MStory2.0\Mango-Z1.Firmware\Z1.Src006.SPI.CC2520.ID\project\RIDE\obj\zigbee_test.o
 .vfp11_veneer  0x20000000        0x0 D:\WkPjt\MStory2.0\Mango-Z1.Firmware\Z1.Src006.SPI.CC2520.ID\project\RIDE\obj\stm32f10x_usart.o
 .vfp11_veneer  0x20000000        0x0 D:\WkPjt\MStory2.0\Mango-Z1.Firmware\Z1.Src006.SPI.CC2520.ID\project\RIDE\obj\stm32f10x_gpio.o
 .vfp11_veneer  0x20000000        0x0 D:\WkPjt\MStory2.0\Mango-Z1.Firmware\Z1.Src006.SPI.CC2520.ID\project\RIDE\obj\stm32f10x_rcc.o
 .vfp11_veneer  0x20000000        0x0 D:\WkPjt\MStory2.0\Mango-Z1.Firmware\Z1.Src006.SPI.CC2520.ID\project\RIDE\obj\misc.o
 .vfp11_veneer  0x20000000        0x0 D:\WkPjt\MStory2.0\Mango-Z1.Firmware\Z1.Src006.SPI.CC2520.ID\project\RIDE\obj\stm32f10x_exti.o
 .vfp11_veneer  0x20000000        0x0 D:\WkPjt\MStory2.0\Mango-Z1.Firmware\Z1.Src006.SPI.CC2520.ID\project\RIDE\obj\stm32f10x_spi.o
 .vfp11_veneer  0x20000000        0x0 D:\WkPjt\MStory2.0\Mango-Z1.Firmware\Z1.Src006.SPI.CC2520.ID\project\RIDE\obj\startup_stm32f10x_md.o
 .vfp11_veneer  0x20000000        0x0 D:\WkPjt\MStory2.0\Mango-Z1.Firmware\Z1.Src006.SPI.CC2520.ID\project\RIDE\obj\system_stm32f10x.o
 .vfp11_veneer  0x20000000        0x0 D:\WkPjt\MStory2.0\Mango-Z1.Firmware\Z1.Src006.SPI.CC2520.ID\project\RIDE\obj\util.o
 .vfp11_veneer  0x20000000        0x0 D:\WkPjt\MStory2.0\Mango-Z1.Firmware\Z1.Src006.SPI.CC2520.ID\project\RIDE\obj\basic_rf.o
 .vfp11_veneer  0x20000000        0x0 D:\WkPjt\MStory2.0\Mango-Z1.Firmware\Z1.Src006.SPI.CC2520.ID\project\RIDE\obj\basic_rf_security.o
 .vfp11_veneer  0x20000000        0x0 D:\WkPjt\MStory2.0\Mango-Z1.Firmware\Z1.Src006.SPI.CC2520.ID\project\RIDE\obj\cc2520_mango_porting.o
 .vfp11_veneer  0x20000000        0x0 D:\WkPjt\MStory2.0\Mango-Z1.Firmware\Z1.Src006.SPI.CC2520.ID\project\RIDE\obj\hal_cc2520.o
 .vfp11_veneer  0x20000000        0x0 D:\WkPjt\MStory2.0\Mango-Z1.Firmware\Z1.Src006.SPI.CC2520.ID\project\RIDE\obj\hal_int.o
 .vfp11_veneer  0x20000000        0x0 D:\WkPjt\MStory2.0\Mango-Z1.Firmware\Z1.Src006.SPI.CC2520.ID\project\RIDE\obj\hal_rf.o
 .vfp11_veneer  0x20000000        0x0 D:\WkPjt\MStory2.0\Mango-Z1.Firmware\Z1.Src006.SPI.CC2520.ID\project\RIDE\obj\hal_rf_security.o
 .vfp11_veneer  0x20000000        0x0 C:\Program Files\Raisonance\Ride\Lib\ARM\STM32x_io_putchar_thumb.a(syscalls.o)
 .vfp11_veneer  0x20000000        0x0 c:/program files/raisonance/ride/arm-gcc/bin/../lib/gcc/arm-none-eabi/4.3.2/../../../../arm-none-eabi/lib/thumb2\libc.a(lib_a-abort.o)
 .vfp11_veneer  0x20000000        0x0 c:/program files/raisonance/ride/arm-gcc/bin/../lib/gcc/arm-none-eabi/4.3.2/../../../../arm-none-eabi/lib/thumb2\libc.a(lib_a-errno.o)
 .vfp11_veneer  0x20000000        0x0 c:/program files/raisonance/ride/arm-gcc/bin/../lib/gcc/arm-none-eabi/4.3.2/../../../../arm-none-eabi/lib/thumb2\libc.a(lib_a-signal.o)
 .vfp11_veneer  0x20000000        0x0 c:/program files/raisonance/ride/arm-gcc/bin/../lib/gcc/arm-none-eabi/4.3.2/../../../../arm-none-eabi/lib/thumb2\libc.a(lib_a-signalr.o)

.janus_2cc_veneer
                0x20000000        0x0
 .janus_2cc_veneer
                0x20000000        0x0 D:\WkPjt\MStory2.0\Mango-Z1.Firmware\Z1.Src006.SPI.CC2520.ID\project\RIDE\obj\main.o
 .janus_2cc_veneer
                0x20000000        0x0 D:\WkPjt\MStory2.0\Mango-Z1.Firmware\Z1.Src006.SPI.CC2520.ID\project\RIDE\obj\hw_config.o
 .janus_2cc_veneer
                0x20000000        0x0 D:\WkPjt\MStory2.0\Mango-Z1.Firmware\Z1.Src006.SPI.CC2520.ID\project\RIDE\obj\led.o
 .janus_2cc_veneer
                0x20000000        0x0 D:\WkPjt\MStory2.0\Mango-Z1.Firmware\Z1.Src006.SPI.CC2520.ID\project\RIDE\obj\debug.o
 .janus_2cc_veneer
                0x20000000        0x0 D:\WkPjt\MStory2.0\Mango-Z1.Firmware\Z1.Src006.SPI.CC2520.ID\project\RIDE\obj\key.o
 .janus_2cc_veneer
                0x20000000        0x0 D:\WkPjt\MStory2.0\Mango-Z1.Firmware\Z1.Src006.SPI.CC2520.ID\project\RIDE\obj\stm32f10x_it.o
 .janus_2cc_veneer
                0x20000000        0x0 D:\WkPjt\MStory2.0\Mango-Z1.Firmware\Z1.Src006.SPI.CC2520.ID\project\RIDE\obj\zigbee_test.o
 .janus_2cc_veneer
                0x20000000        0x0 D:\WkPjt\MStory2.0\Mango-Z1.Firmware\Z1.Src006.SPI.CC2520.ID\project\RIDE\obj\stm32f10x_usart.o
 .janus_2cc_veneer
                0x20000000        0x0 D:\WkPjt\MStory2.0\Mango-Z1.Firmware\Z1.Src006.SPI.CC2520.ID\project\RIDE\obj\stm32f10x_gpio.o
 .janus_2cc_veneer
                0x20000000        0x0 D:\WkPjt\MStory2.0\Mango-Z1.Firmware\Z1.Src006.SPI.CC2520.ID\project\RIDE\obj\stm32f10x_rcc.o
 .janus_2cc_veneer
                0x20000000        0x0 D:\WkPjt\MStory2.0\Mango-Z1.Firmware\Z1.Src006.SPI.CC2520.ID\project\RIDE\obj\misc.o
 .janus_2cc_veneer
                0x20000000        0x0 D:\WkPjt\MStory2.0\Mango-Z1.Firmware\Z1.Src006.SPI.CC2520.ID\project\RIDE\obj\stm32f10x_exti.o
 .janus_2cc_veneer
                0x20000000        0x0 D:\WkPjt\MStory2.0\Mango-Z1.Firmware\Z1.Src006.SPI.CC2520.ID\project\RIDE\obj\stm32f10x_spi.o
 .janus_2cc_veneer
                0x20000000        0x0 D:\WkPjt\MStory2.0\Mango-Z1.Firmware\Z1.Src006.SPI.CC2520.ID\project\RIDE\obj\startup_stm32f10x_md.o
 .janus_2cc_veneer
                0x20000000        0x0 D:\WkPjt\MStory2.0\Mango-Z1.Firmware\Z1.Src006.SPI.CC2520.ID\project\RIDE\obj\system_stm32f10x.o
 .janus_2cc_veneer
                0x20000000        0x0 D:\WkPjt\MStory2.0\Mango-Z1.Firmware\Z1.Src006.SPI.CC2520.ID\project\RIDE\obj\util.o
 .janus_2cc_veneer
                0x20000000        0x0 D:\WkPjt\MStory2.0\Mango-Z1.Firmware\Z1.Src006.SPI.CC2520.ID\project\RIDE\obj\basic_rf.o
 .janus_2cc_veneer
                0x20000000        0x0 D:\WkPjt\MStory2.0\Mango-Z1.Firmware\Z1.Src006.SPI.CC2520.ID\project\RIDE\obj\basic_rf_security.o
 .janus_2cc_veneer
                0x20000000        0x0 D:\WkPjt\MStory2.0\Mango-Z1.Firmware\Z1.Src006.SPI.CC2520.ID\project\RIDE\obj\cc2520_mango_porting.o
 .janus_2cc_veneer
                0x20000000        0x0 D:\WkPjt\MStory2.0\Mango-Z1.Firmware\Z1.Src006.SPI.CC2520.ID\project\RIDE\obj\hal_cc2520.o
 .janus_2cc_veneer
                0x20000000        0x0 D:\WkPjt\MStory2.0\Mango-Z1.Firmware\Z1.Src006.SPI.CC2520.ID\project\RIDE\obj\hal_int.o
 .janus_2cc_veneer
                0x20000000        0x0 D:\WkPjt\MStory2.0\Mango-Z1.Firmware\Z1.Src006.SPI.CC2520.ID\project\RIDE\obj\hal_rf.o
 .janus_2cc_veneer
                0x20000000        0x0 D:\WkPjt\MStory2.0\Mango-Z1.Firmware\Z1.Src006.SPI.CC2520.ID\project\RIDE\obj\hal_rf_security.o
 .janus_2cc_veneer
                0x20000000        0x0 C:\Program Files\Raisonance\Ride\Lib\ARM\STM32x_io_putchar_thumb.a(syscalls.o)
 .janus_2cc_veneer
                0x20000000        0x0 c:/program files/raisonance/ride/arm-gcc/bin/../lib/gcc/arm-none-eabi/4.3.2/../../../../arm-none-eabi/lib/thumb2\libc.a(lib_a-abort.o)
 .janus_2cc_veneer
                0x20000000        0x0 c:/program files/raisonance/ride/arm-gcc/bin/../lib/gcc/arm-none-eabi/4.3.2/../../../../arm-none-eabi/lib/thumb2\libc.a(lib_a-errno.o)
 .janus_2cc_veneer
                0x20000000        0x0 c:/program files/raisonance/ride/arm-gcc/bin/../lib/gcc/arm-none-eabi/4.3.2/../../../../arm-none-eabi/lib/thumb2\libc.a(lib_a-signal.o)
 .janus_2cc_veneer
                0x20000000        0x0 c:/program files/raisonance/ride/arm-gcc/bin/../lib/gcc/arm-none-eabi/4.3.2/../../../../arm-none-eabi/lib/thumb2\libc.a(lib_a-signalr.o)

.v4_bx          0x20000000        0x0
 .v4_bx         0x20000000        0x0 D:\WkPjt\MStory2.0\Mango-Z1.Firmware\Z1.Src006.SPI.CC2520.ID\project\RIDE\obj\main.o
 .v4_bx         0x20000000        0x0 D:\WkPjt\MStory2.0\Mango-Z1.Firmware\Z1.Src006.SPI.CC2520.ID\project\RIDE\obj\hw_config.o
 .v4_bx         0x20000000        0x0 D:\WkPjt\MStory2.0\Mango-Z1.Firmware\Z1.Src006.SPI.CC2520.ID\project\RIDE\obj\led.o
 .v4_bx         0x20000000        0x0 D:\WkPjt\MStory2.0\Mango-Z1.Firmware\Z1.Src006.SPI.CC2520.ID\project\RIDE\obj\debug.o
 .v4_bx         0x20000000        0x0 D:\WkPjt\MStory2.0\Mango-Z1.Firmware\Z1.Src006.SPI.CC2520.ID\project\RIDE\obj\key.o