
D:\WkPjt\MStory2.0\Mango-M32.Firmware\M32.Src001.LedOn\project\RIDE\obj\main.o:     file format elf32-littlearm
D:\WkPjt\MStory2.0\Mango-M32.Firmware\M32.Src001.LedOn\project\RIDE\obj\main.o

Disassembly of section .text.main:

00000000 <main>:
main():
D:\WkPjt\MStory2.0\Mango-M32.Firmware\M32.Src001.LedOn\src/main.c:18
 * Output : None
 * Return : None
 */
int main(void)
{
    (*(volatile unsigned *)0x40021018) |= 0x8;
   0:	4a07      	ldr	r2, [pc, #28]	(20 <main+0x20>)
   2:	6813      	ldr	r3, [r2, #0]
   4:	f043 0308 	orr.w	r3, r3, #8	; 0x8
   8:	6013      	str	r3, [r2, #0]
D:\WkPjt\MStory2.0\Mango-M32.Firmware\M32.Src001.LedOn\src/main.c:23

#if 0
    (*(volatile unsigned *)0x40010C04) |= 0x10;
#else
    (*(volatile unsigned *)0x40010C04) &= 0xFFFFFF0F;
   a:	4a06      	ldr	r2, [pc, #24]	(24 <main+0x24>)
   c:	6813      	ldr	r3, [r2, #0]
   e:	f023 03f0 	bic.w	r3, r3, #240	; 0xf0
  12:	6013      	str	r3, [r2, #0]
D:\WkPjt\MStory2.0\Mango-M32.Firmware\M32.Src001.LedOn\src/main.c:28

//    (*(volatile unsigned *)0x40010C04) |= 0x10;
//    (*(volatile unsigned *)0x40010C04) |= 0x50;
//    (*(volatile unsigned *)0x40010C04) |= 0x90;
    (*(volatile unsigned *)0x40010C04) |= 0xD0;
  14:	6813      	ldr	r3, [r2, #0]
  16:	f043 03d0 	orr.w	r3, r3, #208	; 0xd0
  1a:	6013      	str	r3, [r2, #0]
  1c:	e7fe      	b.n	1c <main+0x1c>
  1e:	46c0      	nop			(mov r8, r8)
  20:	40021018 	.word	0x40021018
  24:	40010c04 	.word	0x40010c04
