
D:\WkPjt\MStory2.0\Mango-Z1.Firmware\Z1.Src003.ClockControl\project\RIDE\obj\hw_config.o:     file format elf32-littlearm
D:\WkPjt\MStory2.0\Mango-Z1.Firmware\Z1.Src003.ClockControl\project\RIDE\obj\hw_config.o

Disassembly of section .text.USART_GetCharacter:

00000000 <USART_GetCharacter>:
USART_GetCharacter():
D:\WkPjt\MStory2.0\Mango-Z1.Firmware\Z1.Src003.ClockControl\src/hw_config.c:143

    return ch;
}

uint8_t USART_GetCharacter(USART_TypeDef *  usart_p)
{
   0:	b570      	push	{r4, r5, r6, lr}
   2:	4605      	mov	r5, r0
D:\WkPjt\MStory2.0\Mango-Z1.Firmware\Z1.Src003.ClockControl\src/hw_config.c:147
    uint8_t data;

    /* Loop until the end of transmission */
    while(USART_GetFlagStatus(usart_p, USART_FLAG_RXNE) == RESET);
   4:	4628      	mov	r0, r5
   6:	2120      	movs	r1, #32
   8:	f7ff fffe 	bl	0 <USART_GetFlagStatus>
   c:	2800      	cmp	r0, #0
   e:	d0f9      	beq.n	4 <USART_GetCharacter+0x4>
D:\WkPjt\MStory2.0\Mango-Z1.Firmware\Z1.Src003.ClockControl\src/hw_config.c:150

    /* Write a character to the USART */
    data = USART_ReceiveData(usart_p);
  10:	4628      	mov	r0, r5
  12:	f7ff fffe 	bl	0 <USART_ReceiveData>
  16:	b2c4      	uxtb	r4, r0
D:\WkPjt\MStory2.0\Mango-Z1.Firmware\Z1.Src003.ClockControl\src/hw_config.c:152

    USART_SendData(usart_p, data);
  18:	4621      	mov	r1, r4
  1a:	4628      	mov	r0, r5
  1c:	f7ff fffe 	bl	0 <USART_SendData>
D:\WkPjt\MStory2.0\Mango-Z1.Firmware\Z1.Src003.ClockControl\src/hw_config.c:153
    while(USART_GetFlagStatus(usart_p, USART_FLAG_TXE) == RESET);
  20:	4628      	mov	r0, r5
  22:	2180      	movs	r1, #128
  24:	f7ff fffe 	bl	0 <USART_GetFlagStatus>
  28:	2800      	cmp	r0, #0
  2a:	d0f9      	beq.n	20 <USART_GetFlagStatus+0x20>
D:\WkPjt\MStory2.0\Mango-Z1.Firmware\Z1.Src003.ClockControl\src/hw_config.c:157

    if( data == '\r' )  return (int)('\n');
    else                return(data);
}
  2c:	2c0d      	cmp	r4, #13
  2e:	bf14      	ite	ne
  30:	4620      	movne	r0, r4
  32:	200a      	moveq	r0, #10
  34:	bd70      	pop	{r4, r5, r6, pc}
  36:	46c0      	nop			(mov r8, r8)
Disassembly of section .text.__io_putchar:

00000000 <__io_putchar>:
__io_putchar():
D:\WkPjt\MStory2.0\Mango-Z1.Firmware\Z1.Src003.ClockControl\src/hw_config.c:128
 * Return : None
 */
PUTCHAR_PROTOTYPE
{
    /* Write a character to the USART */  
    if( ch == '\n') {
   0:	280a      	cmp	r0, #10
D:\WkPjt\MStory2.0\Mango-Z1.Firmware\Z1.Src003.ClockControl\src/hw_config.c:126
 * Input  : None
 * Output : None
 * Return : None
 */
PUTCHAR_PROTOTYPE
{
   2:	b510      	push	{r4, lr}
   4:	4604      	mov	r4, r0
D:\WkPjt\MStory2.0\Mango-Z1.Firmware\Z1.Src003.ClockControl\src/hw_config.c:128
    /* Write a character to the USART */  
    if( ch == '\n') {
   6:	d10c      	bne.n	22 <__io_putchar+0x22>
D:\WkPjt\MStory2.0\Mango-Z1.Firmware\Z1.Src003.ClockControl\src/hw_config.c:129
        USART_SendData(USART1, '\r');
   8:	480c      	ldr	r0, [pc, #48]	(3c <__io_putchar+0x3c>)
   a:	210d      	movs	r1, #13
   c:	f7ff fffe 	bl	0 <USART_SendData>
D:\WkPjt\MStory2.0\Mango-Z1.Firmware\Z1.Src003.ClockControl\src/hw_config.c:130
        while(USART_GetFlagStatus(USART1, USART_FLAG_TXE) == RESET);
  10:	480a      	ldr	r0, [pc, #40]	(3c <__io_putchar+0x3c>)
  12:	2180      	movs	r1, #128
  14:	f7ff fffe 	bl	0 <USART_GetFlagStatus>
  18:	2800      	cmp	r0, #0
  1a:	d0f9      	beq.n	10 <__io_putchar+0x10>
D:\WkPjt\MStory2.0\Mango-Z1.Firmware\Z1.Src003.ClockControl\src/hw_config.c:131
        USART_SendData(USART1, '\n');
  1c:	4807      	ldr	r0, [pc, #28]	(3c <__io_putchar+0x3c>)
  1e:	210a      	movs	r1, #10
  20:	e001      	b.n	26 <__io_putchar+0x26>
D:\WkPjt\MStory2.0\Mango-Z1.Firmware\Z1.Src003.ClockControl\src/hw_config.c:133
    }else {
        USART_SendData(USART1, (u8) ch);
  22:	4806      	ldr	r0, [pc, #24]	(3c <__io_putchar+0x3c>)
  24:	b2e1      	uxtb	r1, r4
  26:	f7ff fffe 	bl	0 <USART_SendData>
D:\WkPjt\MStory2.0\Mango-Z1.Firmware\Z1.Src003.ClockControl\src/hw_config.c:137
    }

    /* Loop until the end of transmission */
    while(USART_GetFlagStatus(USART1, USART_FLAG_TXE) == RESET);
  2a:	4804      	ldr	r0, [pc, #16]	(3c <__io_putchar+0x3c>)
  2c:	2180      	movs	r1, #128
  2e:	f7ff fffe 	bl	0 <USART_GetFlagStatus>
  32:	2800      	cmp	r0, #0
  34:	d0f9      	beq.n	2a <USART_GetFlagStatus+0x2a>
D:\WkPjt\MStory2.0\Mango-Z1.Firmware\Z1.Src003.ClockControl\src/hw_config.c:140

    return ch;
}
  36:	4620      	mov	r0, r4
  38:	bd10      	pop	{r4, pc}
  3a:	46c0      	nop			(mov r8, r8)
  3c:	40013800 	.word	0x40013800
Disassembly of section .text.GPIO_Configuration:

00000000 <GPIO_Configuration>:
GPIO_Configuration():
D:\WkPjt\MStory2.0\Mango-Z1.Firmware\Z1.Src003.ClockControl\src/hw_config.c:87
 * Input  : None
 * Output : None
 * Return : None
 */
void GPIO_Configuration(void)
{
   0:	e92d 4177 	stmdb	sp!, {r0, r1, r2, r4, r5, r6, r8, lr}
D:\WkPjt\MStory2.0\Mango-Z1.Firmware\Z1.Src003.ClockControl\src/hw_config.c:96

    /* Configure USARTx_Tx as alternate function push-pull */
    GPIO_InitStructure.GPIO_Pin   = GPIO_USART_Tx_Pin;
    GPIO_InitStructure.GPIO_Speed = GPIO_Speed_50MHz;
    GPIO_InitStructure.GPIO_Mode  = GPIO_Mode_AF_PP;
    GPIO_Init(GPIO_USART, &GPIO_InitStructure);
   4:	4c19      	ldr	r4, [pc, #100]	(6c <GPIO_Configuration+0x6c>)
   6:	ad01      	add	r5, sp, #4
D:\WkPjt\MStory2.0\Mango-Z1.Firmware\Z1.Src003.ClockControl\src/hw_config.c:93
    GPIO_InitTypeDef GPIO_InitStructure;

    // UART configuration ...

    /* Configure USARTx_Tx as alternate function push-pull */
    GPIO_InitStructure.GPIO_Pin   = GPIO_USART_Tx_Pin;
   8:	f44f 7300 	mov.w	r3, #512	; 0x200
D:\WkPjt\MStory2.0\Mango-Z1.Firmware\Z1.Src003.ClockControl\src/hw_config.c:94
    GPIO_InitStructure.GPIO_Speed = GPIO_Speed_50MHz;
   c:	f04f 0803 	mov.w	r8, #3	; 0x3
D:\WkPjt\MStory2.0\Mango-Z1.Firmware\Z1.Src003.ClockControl\src/hw_config.c:93
    GPIO_InitTypeDef GPIO_InitStructure;

    // UART configuration ...

    /* Configure USARTx_Tx as alternate function push-pull */
    GPIO_InitStructure.GPIO_Pin   = GPIO_USART_Tx_Pin;
  10:	f8ad 3004 	strh.w	r3, [sp, #4]
D:\WkPjt\MStory2.0\Mango-Z1.Firmware\Z1.Src003.ClockControl\src/hw_config.c:96
    GPIO_InitStructure.GPIO_Speed = GPIO_Speed_50MHz;
    GPIO_InitStructure.GPIO_Mode  = GPIO_Mode_AF_PP;
    GPIO_Init(GPIO_USART, &GPIO_InitStructure);
  14:	4620      	mov	r0, r4
D:\WkPjt\MStory2.0\Mango-Z1.Firmware\Z1.Src003.ClockControl\src/hw_config.c:95
    // UART configuration ...

    /* Configure USARTx_Tx as alternate function push-pull */
    GPIO_InitStructure.GPIO_Pin   = GPIO_USART_Tx_Pin;
    GPIO_InitStructure.GPIO_Speed = GPIO_Speed_50MHz;
    GPIO_InitStructure.GPIO_Mode  = GPIO_Mode_AF_PP;
  16:	2318      	movs	r3, #24
D:\WkPjt\MStory2.0\Mango-Z1.Firmware\Z1.Src003.ClockControl\src/hw_config.c:96
    GPIO_Init(GPIO_USART, &GPIO_InitStructure);
  18:	4629      	mov	r1, r5
D:\WkPjt\MStory2.0\Mango-Z1.Firmware\Z1.Src003.ClockControl\src/hw_config.c:95
    // UART configuration ...

    /* Configure USARTx_Tx as alternate function push-pull */
    GPIO_InitStructure.GPIO_Pin   = GPIO_USART_Tx_Pin;
    GPIO_InitStructure.GPIO_Speed = GPIO_Speed_50MHz;
    GPIO_InitStructure.GPIO_Mode  = GPIO_Mode_AF_PP;
  1a:	f88d 3007 	strb.w	r3, [sp, #7]
D:\WkPjt\MStory2.0\Mango-Z1.Firmware\Z1.Src003.ClockControl\src/hw_config.c:100
    GPIO_Init(GPIO_USART, &GPIO_InitStructure);

    /* Configure USARTx_Rx as input floating */
    GPIO_InitStructure.GPIO_Pin  = GPIO_USART_Rx_Pin;
    GPIO_InitStructure.GPIO_Mode = GPIO_Mode_IN_FLOATING;
  1e:	2604      	movs	r6, #4
D:\WkPjt\MStory2.0\Mango-Z1.Firmware\Z1.Src003.ClockControl\src/hw_config.c:94

    // UART configuration ...

    /* Configure USARTx_Tx as alternate function push-pull */
    GPIO_InitStructure.GPIO_Pin   = GPIO_USART_Tx_Pin;
    GPIO_InitStructure.GPIO_Speed = GPIO_Speed_50MHz;
  20:	f88d 8006 	strb.w	r8, [sp, #6]
D:\WkPjt\MStory2.0\Mango-Z1.Firmware\Z1.Src003.ClockControl\src/hw_config.c:96
    GPIO_InitStructure.GPIO_Mode  = GPIO_Mode_AF_PP;
    GPIO_Init(GPIO_USART, &GPIO_InitStructure);
  24:	f7ff fffe 	bl	0 <GPIO_Init>
D:\WkPjt\MStory2.0\Mango-Z1.Firmware\Z1.Src003.ClockControl\src/hw_config.c:99

    /* Configure USARTx_Rx as input floating */
    GPIO_InitStructure.GPIO_Pin  = GPIO_USART_Rx_Pin;
  28:	f44f 6380 	mov.w	r3, #1024	; 0x400
D:\WkPjt\MStory2.0\Mango-Z1.Firmware\Z1.Src003.ClockControl\src/hw_config.c:101
    GPIO_InitStructure.GPIO_Mode = GPIO_Mode_IN_FLOATING;
    GPIO_Init(GPIO_USART, &GPIO_InitStructure);
  2c:	4620      	mov	r0, r4
  2e:	4629      	mov	r1, r5
D:\WkPjt\MStory2.0\Mango-Z1.Firmware\Z1.Src003.ClockControl\src/hw_config.c:99
    GPIO_InitStructure.GPIO_Speed = GPIO_Speed_50MHz;
    GPIO_InitStructure.GPIO_Mode  = GPIO_Mode_AF_PP;
    GPIO_Init(GPIO_USART, &GPIO_InitStructure);

    /* Configure USARTx_Rx as input floating */
    GPIO_InitStructure.GPIO_Pin  = GPIO_USART_Rx_Pin;
  30:	f8ad 3004 	strh.w	r3, [sp, #4]
D:\WkPjt\MStory2.0\Mango-Z1.Firmware\Z1.Src003.ClockControl\src/hw_config.c:100
    GPIO_InitStructure.GPIO_Mode = GPIO_Mode_IN_FLOATING;
  34:	f88d 6007 	strb.w	r6, [sp, #7]
D:\WkPjt\MStory2.0\Mango-Z1.Firmware\Z1.Src003.ClockControl\src/hw_config.c:101
    GPIO_Init(GPIO_USART, &GPIO_InitStructure);
  38:	f7ff fffe 	bl	0 <GPIO_Init>
D:\WkPjt\MStory2.0\Mango-Z1.Firmware\Z1.Src003.ClockControl\src/hw_config.c:108
    // Key configuration ...

    /* Configure gpio as input : Button WKUP & USER */
    GPIO_InitStructure.GPIO_Pin = GPIO_KEY1_PIN | GPIO_KEY2_PIN;
    GPIO_InitStructure.GPIO_Mode = GPIO_Mode_IN_FLOATING;
    GPIO_Init(GPIO_KEY, &GPIO_InitStructure);
  3c:	4620      	mov	r0, r4
  3e:	4629      	mov	r1, r5
D:\WkPjt\MStory2.0\Mango-Z1.Firmware\Z1.Src003.ClockControl\src/hw_config.c:106
    GPIO_Init(GPIO_USART, &GPIO_InitStructure);

    // Key configuration ...

    /* Configure gpio as input : Button WKUP & USER */
    GPIO_InitStructure.GPIO_Pin = GPIO_KEY1_PIN | GPIO_KEY2_PIN;
  40:	f8ad 8004 	strh.w	r8, [sp, #4]
D:\WkPjt\MStory2.0\Mango-Z1.Firmware\Z1.Src003.ClockControl\src/hw_config.c:107
    GPIO_InitStructure.GPIO_Mode = GPIO_Mode_IN_FLOATING;
  44:	f88d 6007 	strb.w	r6, [sp, #7]
D:\WkPjt\MStory2.0\Mango-Z1.Firmware\Z1.Src003.ClockControl\src/hw_config.c:108
    GPIO_Init(GPIO_KEY, &GPIO_InitStructure);
  48:	f7ff fffe 	bl	0 <GPIO_Init>
D:\WkPjt\MStory2.0\Mango-Z1.Firmware\Z1.Src003.ClockControl\src/hw_config.c:113

    // LED configuration ...

    /* Configure gpio as output : LED1, LED2, LED3 */
    GPIO_InitStructure.GPIO_Pin = GPIO_LED1_PIN | GPIO_LED2_PIN | GPIO_LED3_PIN ;
  4c:	f44f 7348 	mov.w	r3, #800	; 0x320
  50:	f8ad 3004 	strh.w	r3, [sp, #4]
D:\WkPjt\MStory2.0\Mango-Z1.Firmware\Z1.Src003.ClockControl\src/hw_config.c:116
    GPIO_InitStructure.GPIO_Speed = GPIO_Speed_50MHz;
    GPIO_InitStructure.GPIO_Mode = GPIO_Mode_Out_PP;
    GPIO_Init(GPIO_LED, &GPIO_InitStructure);
  54:	4806      	ldr	r0, [pc, #24]	(70 <GPIO_Configuration+0x70>)
D:\WkPjt\MStory2.0\Mango-Z1.Firmware\Z1.Src003.ClockControl\src/hw_config.c:115
    // LED configuration ...

    /* Configure gpio as output : LED1, LED2, LED3 */
    GPIO_InitStructure.GPIO_Pin = GPIO_LED1_PIN | GPIO_LED2_PIN | GPIO_LED3_PIN ;
    GPIO_InitStructure.GPIO_Speed = GPIO_Speed_50MHz;
    GPIO_InitStructure.GPIO_Mode = GPIO_Mode_Out_PP;
  56:	2310      	movs	r3, #16
D:\WkPjt\MStory2.0\Mango-Z1.Firmware\Z1.Src003.ClockControl\src/hw_config.c:116
    GPIO_Init(GPIO_LED, &GPIO_InitStructure);
  58:	4629      	mov	r1, r5
D:\WkPjt\MStory2.0\Mango-Z1.Firmware\Z1.Src003.ClockControl\src/hw_config.c:114

    // LED configuration ...

    /* Configure gpio as output : LED1, LED2, LED3 */
    GPIO_InitStructure.GPIO_Pin = GPIO_LED1_PIN | GPIO_LED2_PIN | GPIO_LED3_PIN ;
    GPIO_InitStructure.GPIO_Speed = GPIO_Speed_50MHz;
  5a:	f88d 8006 	strb.w	r8, [sp, #6]
D:\WkPjt\MStory2.0\Mango-Z1.Firmware\Z1.Src003.ClockControl\src/hw_config.c:115
    GPIO_InitStructure.GPIO_Mode = GPIO_Mode_Out_PP;
  5e:	f88d 3007 	strb.w	r3, [sp, #7]
D:\WkPjt\MStory2.0\Mango-Z1.Firmware\Z1.Src003.ClockControl\src/hw_config.c:116
    GPIO_Init(GPIO_LED, &GPIO_InitStructure);
  62:	f7ff fffe 	bl	0 <GPIO_Init>
D:\WkPjt\MStory2.0\Mango-Z1.Firmware\Z1.Src003.ClockControl\src/hw_config.c:117
}
  66:	e8bd 817e 	ldmia.w	sp!, {r1, r2, r3, r4, r5, r6, r8, pc}
  6a:	46c0      	nop			(mov r8, r8)
  6c:	40010800 	.word	0x40010800
  70:	40010c00 	.word	0x40010c00
Disassembly of section .text.RCC_Configuration:

00000000 <RCC_Configuration>:
RCC_Configuration():
D:\WkPjt\MStory2.0\Mango-Z1.Firmware\Z1.Src003.ClockControl\src/hw_config.c:67
 * Input  : None
 * Output : None
 * Return : None
 */
void RCC_Configuration(void)
{
   0:	b510      	push	{r4, lr}
D:\WkPjt\MStory2.0\Mango-Z1.Firmware\Z1.Src003.ClockControl\src/hw_config.c:68
    SystemInit();
   2:	f7ff fffe 	bl	0 <SystemInit>
D:\WkPjt\MStory2.0\Mango-Z1.Firmware\Z1.Src003.ClockControl\src/hw_config.c:71

    /* Enable GPIOA clock */
    RCC_APB2PeriphClockCmd(RCC_APB2Periph_GPIO_USART, ENABLE);
   6:	2004      	movs	r0, #4
   8:	2101      	movs	r1, #1
   a:	f7ff fffe 	bl	0 <RCC_APB2PeriphClockCmd>
D:\WkPjt\MStory2.0\Mango-Z1.Firmware\Z1.Src003.ClockControl\src/hw_config.c:74

    /* Enable GPIOB clock */
    RCC_APB2PeriphClockCmd(RCC_APB2Periph_GPIO_LED, ENABLE);
   e:	2008      	movs	r0, #8
  10:	2101      	movs	r1, #1
  12:	f7ff fffe 	bl	0 <RCC_APB2PeriphClockCmd>
D:\WkPjt\MStory2.0\Mango-Z1.Firmware\Z1.Src003.ClockControl\src/hw_config.c:77

    /* Enable USART1 clocks */
    RCC_APB2PeriphClockCmd(RCC_APB2Periph_USART1, ENABLE);
  16:	f44f 4080 	mov.w	r0, #16384	; 0x4000
  1a:	2101      	movs	r1, #1
  1c:	f7ff fffe 	bl	0 <RCC_APB2PeriphClockCmd>
D:\WkPjt\MStory2.0\Mango-Z1.Firmware\Z1.Src003.ClockControl\src/hw_config.c:78
}
  20:	bd10      	pop	{r4, pc}
  22:	46c0      	nop			(mov r8, r8)
Disassembly of section .text.USART1_Init:

00000000 <USART1_Init>:
USART1_Init():
D:\WkPjt\MStory2.0\Mango-Z1.Firmware\Z1.Src003.ClockControl\src/hw_config.c:33
 * Input  : None
 * Output : None
 * Return : None
 */
void USART1_Init(void)
{
   0:	b51f      	push	{r0, r1, r2, r3, r4, lr}
D:\WkPjt\MStory2.0\Mango-Z1.Firmware\Z1.Src003.ClockControl\src/hw_config.c:54
    USART_InitStructure.USART_HardwareFlowControl
                                         = USART_HardwareFlowControl_None;
    USART_InitStructure.USART_Mode       = USART_Mode_Rx | USART_Mode_Tx;

    /* Configure the USARTx */ 
    USART_Init(USART1, &USART_InitStructure);
   2:	4c0d      	ldr	r4, [pc, #52]	(38 <USART1_Init+0x38>)
D:\WkPjt\MStory2.0\Mango-Z1.Firmware\Z1.Src003.ClockControl\src/hw_config.c:45
     - One Stop Bit
     - No parity
     - Hardware flow control disabled (RTS and CTS signals)
     - Receive and transmit enabled
     */
    USART_InitStructure.USART_BaudRate   = 115200;
   4:	f44f 33e1 	mov.w	r3, #115200	; 0x1c200
   8:	9300      	str	r3, [sp, #0]
D:\WkPjt\MStory2.0\Mango-Z1.Firmware\Z1.Src003.ClockControl\src/hw_config.c:46
    USART_InitStructure.USART_WordLength = USART_WordLength_8b;
   a:	f5a3 33e1 	sub.w	r3, r3, #115200	; 0x1c200
   e:	f8ad 3004 	strh.w	r3, [sp, #4]
D:\WkPjt\MStory2.0\Mango-Z1.Firmware\Z1.Src003.ClockControl\src/hw_config.c:47
    USART_InitStructure.USART_StopBits   = USART_StopBits_1;
  12:	f8ad 3006 	strh.w	r3, [sp, #6]
D:\WkPjt\MStory2.0\Mango-Z1.Firmware\Z1.Src003.ClockControl\src/hw_config.c:48
    USART_InitStructure.USART_Parity     = USART_Parity_No ;
  16:	f8ad 3008 	strh.w	r3, [sp, #8]
D:\WkPjt\MStory2.0\Mango-Z1.Firmware\Z1.Src003.ClockControl\src/hw_config.c:49
    USART_InitStructure.USART_HardwareFlowControl
  1a:	f8ad 300c 	strh.w	r3, [sp, #12]
D:\WkPjt\MStory2.0\Mango-Z1.Firmware\Z1.Src003.ClockControl\src/hw_config.c:54
                                         = USART_HardwareFlowControl_None;
    USART_InitStructure.USART_Mode       = USART_Mode_Rx | USART_Mode_Tx;

    /* Configure the USARTx */ 
    USART_Init(USART1, &USART_InitStructure);
  1e:	4620      	mov	r0, r4
D:\WkPjt\MStory2.0\Mango-Z1.Firmware\Z1.Src003.ClockControl\src/hw_config.c:51
    USART_InitStructure.USART_WordLength = USART_WordLength_8b;
    USART_InitStructure.USART_StopBits   = USART_StopBits_1;
    USART_InitStructure.USART_Parity     = USART_Parity_No ;
    USART_InitStructure.USART_HardwareFlowControl
                                         = USART_HardwareFlowControl_None;
    USART_InitStructure.USART_Mode       = USART_Mode_Rx | USART_Mode_Tx;
  20:	f04f 030c 	mov.w	r3, #12	; 0xc
D:\WkPjt\MStory2.0\Mango-Z1.Firmware\Z1.Src003.ClockControl\src/hw_config.c:54

    /* Configure the USARTx */ 
    USART_Init(USART1, &USART_InitStructure);
  24:	4669      	mov	r1, sp
D:\WkPjt\MStory2.0\Mango-Z1.Firmware\Z1.Src003.ClockControl\src/hw_config.c:51
    USART_InitStructure.USART_WordLength = USART_WordLength_8b;
    USART_InitStructure.USART_StopBits   = USART_StopBits_1;
    USART_InitStructure.USART_Parity     = USART_Parity_No ;
    USART_InitStructure.USART_HardwareFlowControl
                                         = USART_HardwareFlowControl_None;
    USART_InitStructure.USART_Mode       = USART_Mode_Rx | USART_Mode_Tx;
  26:	f8ad 300a 	strh.w	r3, [sp, #10]
D:\WkPjt\MStory2.0\Mango-Z1.Firmware\Z1.Src003.ClockControl\src/hw_config.c:54

    /* Configure the USARTx */ 
    USART_Init(USART1, &USART_InitStructure);
  2a:	f7ff fffe 	bl	0 <USART_Init>
D:\WkPjt\MStory2.0\Mango-Z1.Firmware\Z1.Src003.ClockControl\src/hw_config.c:57

    /* Enable the USART1 */
    USART_Cmd(USART1, ENABLE);
  2e:	4620      	mov	r0, r4
  30:	2101      	movs	r1, #1
  32:	f7ff fffe 	bl	0 <USART_Cmd>
D:\WkPjt\MStory2.0\Mango-Z1.Firmware\Z1.Src003.ClockControl\src/hw_config.c:58
}
  36:	bd1f      	pop	{r0, r1, r2, r3, r4, pc}
  38:	40013800 	.word	0x40013800
