
D:\WkPjt\MStory2.0\Mango-Z1.Firmware\Z1.Src007.1ByteTxRx\project\RIDE\obj\stm32f10x_it.o:     file format elf32-littlearm
D:\WkPjt\MStory2.0\Mango-Z1.Firmware\Z1.Src007.1ByteTxRx\project\RIDE\obj\stm32f10x_it.o

Disassembly of section .text.NMI_Handler:

00000000 <NMI_Handler>:
NMI_Handler():
D:\WkPjt\MStory2.0\Mango-Z1.Firmware\Z1.Src007.1ByteTxRx\src/stm32f10x_it.c:48
  * @param  None
  * @retval None
  */
void NMI_Handler(void)
{
}
   0:	4770      	bx	lr
   2:	46c0      	nop			(mov r8, r8)
Disassembly of section .text.HardFault_Handler:

00000000 <HardFault_Handler>:
HardFault_Handler():
D:\WkPjt\MStory2.0\Mango-Z1.Firmware\Z1.Src007.1ByteTxRx\src/stm32f10x_it.c:56
  * @brief  This function handles Hard Fault exception.
  * @param  None
  * @retval None
  */
void HardFault_Handler(void)
{
   0:	e7fe      	b.n	0 <HardFault_Handler>
   2:	46c0      	nop			(mov r8, r8)
Disassembly of section .text.MemManage_Handler:

00000000 <MemManage_Handler>:
MemManage_Handler():
D:\WkPjt\MStory2.0\Mango-Z1.Firmware\Z1.Src007.1ByteTxRx\src/stm32f10x_it.c:69
  * @brief  This function handles Memory Manage exception.
  * @param  None
  * @retval None
  */
void MemManage_Handler(void)
{
   0:	e7fe      	b.n	0 <MemManage_Handler>
   2:	46c0      	nop			(mov r8, r8)
Disassembly of section .text.BusFault_Handler:

00000000 <BusFault_Handler>:
BusFault_Handler():
D:\WkPjt\MStory2.0\Mango-Z1.Firmware\Z1.Src007.1ByteTxRx\src/stm32f10x_it.c:82
  * @brief  This function handles Bus Fault exception.
  * @param  None
  * @retval None
  */
void BusFault_Handler(void)
{
   0:	e7fe      	b.n	0 <BusFault_Handler>
EXTI1_IRQHandler():
D:\WkPjt\MStory2.0\Mango-Z1.Firmware\Z1.Src007.1ByteTxRx\src/stm32f10x_it.c:237
* Return         : None
*******************************************************************************/
void EXTI1_IRQHandler(void)
{
    if(EXTI_GetITStatus(GPIO_EXTI_Line_KEY2) != RESET) {
        printf("Right-USER Button Press\n");
   2:	46c0      	nop			(mov r8, r8)
Disassembly of section .text.UsageFault_Handler:

00000000 <UsageFault_Handler>:
UsageFault_Handler():
D:\WkPjt\MStory2.0\Mango-Z1.Firmware\Z1.Src007.1ByteTxRx\src/stm32f10x_it.c:95
  * @brief  This function handles Usage Fault exception.
  * @param  None
  * @retval None
  */
void UsageFault_Handler(void)
{
   0:	e7fe      	b.n	0 <UsageFault_Handler>
   2:	46c0      	nop			(mov r8, r8)
Disassembly of section .text.SVC_Handler:

00000000 <SVC_Handler>:
SVC_Handler():
D:\WkPjt\MStory2.0\Mango-Z1.Firmware\Z1.Src007.1ByteTxRx\src/stm32f10x_it.c:109
  * @param  None
  * @retval None
  */
void SVC_Handler(void)
{
}
   0:	4770      	bx	lr
   2:	46c0      	nop			(mov r8, r8)
Disassembly of section .text.DebugMon_Handler:

00000000 <DebugMon_Handler>:
DebugMon_Handler():
D:\WkPjt\MStory2.0\Mango-Z1.Firmware\Z1.Src007.1ByteTxRx\src/stm32f10x_it.c:118
  * @param  None
  * @retval None
  */
void DebugMon_Handler(void)
{
}
   0:	4770      	bx	lr
   2:	46c0      	nop			(mov r8, r8)
Disassembly of section .text.PendSV_Handler:

00000000 <PendSV_Handler>:
PendSV_Handler():
D:\WkPjt\MStory2.0\Mango-Z1.Firmware\Z1.Src007.1ByteTxRx\src/stm32f10x_it.c:127
  * @param  None
  * @retval None
  */
void PendSV_Handler(void)
{
}
   0:	4770      	bx	lr
   2:	46c0      	nop			(mov r8, r8)
Disassembly of section .text.WWDG_IRQHandler:

00000000 <WWDG_IRQHandler>:
WWDG_IRQHandler():
D:\WkPjt\MStory2.0\Mango-Z1.Firmware\Z1.Src007.1ByteTxRx\src/stm32f10x_it.c:155
* Output         : None
* Return         : None
*******************************************************************************/
void WWDG_IRQHandler(void)
{
}
   0:	4770      	bx	lr
   2:	46c0      	nop			(mov r8, r8)
Disassembly of section .text.PVD_IRQHandler:

00000000 <PVD_IRQHandler>:
PVD_IRQHandler():
D:\WkPjt\MStory2.0\Mango-Z1.Firmware\Z1.Src007.1ByteTxRx\src/stm32f10x_it.c:166
* Output         : None
* Return         : None
*******************************************************************************/
void PVD_IRQHandler(void)
{
}
   0:	4770      	bx	lr
   2:	46c0      	nop			(mov r8, r8)
Disassembly of section .text.TAMPER_IRQHandler:

00000000 <TAMPER_IRQHandler>:
TAMPER_IRQHandler():
D:\WkPjt\MStory2.0\Mango-Z1.Firmware\Z1.Src007.1ByteTxRx\src/stm32f10x_it.c:177
* Output         : None
* Return         : None
*******************************************************************************/
void TAMPER_IRQHandler(void)
{
}
   0:	4770      	bx	lr
   2:	46c0      	nop			(mov r8, r8)
Disassembly of section .text.RTC_IRQHandler:

00000000 <RTC_IRQHandler>:
RTC_IRQHandler():
D:\WkPjt\MStory2.0\Mango-Z1.Firmware\Z1.Src007.1ByteTxRx\src/stm32f10x_it.c:188
* Output         : None
* Return         : None
*******************************************************************************/
void RTC_IRQHandler(void)
{
}
   0:	4770      	bx	lr
   2:	46c0      	nop			(mov r8, r8)
Disassembly of section .text.FLASH_IRQHandler:

00000000 <FLASH_IRQHandler>:
FLASH_IRQHandler():
D:\WkPjt\MStory2.0\Mango-Z1.Firmware\Z1.Src007.1ByteTxRx\src/stm32f10x_it.c:199
* Output         : None
* Return         : None
*******************************************************************************/
void FLASH_IRQHandler(void)
{
}
   0:	4770      	bx	lr
   2:	46c0      	nop			(mov r8, r8)
Disassembly of section .text.RCC_IRQHandler:

00000000 <RCC_IRQHandler>:
RCC_IRQHandler():
D:\WkPjt\MStory2.0\Mango-Z1.Firmware\Z1.Src007.1ByteTxRx\src/stm32f10x_it.c:210
* Output         : None
* Return         : None
*******************************************************************************/
void RCC_IRQHandler(void)
{
}
   0:	4770      	bx	lr
   2:	46c0      	nop			(mov r8, r8)
Disassembly of section .text.EXTI2_IRQHandler:

00000000 <EXTI2_IRQHandler>:
EXTI2_IRQHandler():
D:\WkPjt\MStory2.0\Mango-Z1.Firmware\Z1.Src007.1ByteTxRx\src/stm32f10x_it.c:251
* Output         : None
* Return         : None
*******************************************************************************/
void EXTI2_IRQHandler(void)
{
}
   0:	4770      	bx	lr
   2:	46c0      	nop			(mov r8, r8)
Disassembly of section .text.EXTI3_IRQHandler:

00000000 <EXTI3_IRQHandler>:
EXTI3_IRQHandler():
D:\WkPjt\MStory2.0\Mango-Z1.Firmware\Z1.Src007.1ByteTxRx\src/stm32f10x_it.c:262
* Output         : None
* Return         : None
*******************************************************************************/
void EXTI3_IRQHandler(void)
{
}
   0:	4770      	bx	lr
   2:	46c0      	nop			(mov r8, r8)
Disassembly of section .text.EXTI4_IRQHandler:

00000000 <EXTI4_IRQHandler>:
EXTI4_IRQHandler():
D:\WkPjt\MStory2.0\Mango-Z1.Firmware\Z1.Src007.1ByteTxRx\src/stm32f10x_it.c:273
* Output         : None
* Return         : None
*******************************************************************************/
void EXTI4_IRQHandler(void)
{
}
   0:	4770      	bx	lr
   2:	46c0      	nop			(mov r8, r8)
Disassembly of section .text.DMA1_Channel1_IRQHandler:

00000000 <DMA1_Channel1_IRQHandler>:
DMA1_Channel1_IRQHandler():
D:\WkPjt\MStory2.0\Mango-Z1.Firmware\Z1.Src007.1ByteTxRx\src/stm32f10x_it.c:284
* Output         : None
* Return         : None
*******************************************************************************/
void DMA1_Channel1_IRQHandler(void)
{
}
   0:	4770      	bx	lr
   2:	46c0      	nop			(mov r8, r8)
Disassembly of section .text.DMA1_Channel2_IRQHandler:

00000000 <DMA1_Channel2_IRQHandler>:
DMA1_Channel2_IRQHandler():
D:\WkPjt\MStory2.0\Mango-Z1.Firmware\Z1.Src007.1ByteTxRx\src/stm32f10x_it.c:295
* Output         : None
* Return         : None
*******************************************************************************/
void DMA1_Channel2_IRQHandler(void)
{
}
   0:	4770      	bx	lr
   2:	46c0      	nop			(mov r8, r8)
Disassembly of section .text.DMA1_Channel3_IRQHandler:

00000000 <DMA1_Channel3_IRQHandler>:
DMA1_Channel3_IRQHandler():
D:\WkPjt\MStory2.0\Mango-Z1.Firmware\Z1.Src007.1ByteTxRx\src/stm32f10x_it.c:306
* Output         : None
* Return         : None
*******************************************************************************/
void DMA1_Channel3_IRQHandler(void)
{
}
   0:	4770      	bx	lr
   2:	46c0      	nop			(mov r8, r8)
Disassembly of section .text.DMA1_Channel4_IRQHandler:

00000000 <DMA1_Channel4_IRQHandler>:
DMA1_Channel4_IRQHandler():
D:\WkPjt\MStory2.0\Mango-Z1.Firmware\Z1.Src007.1ByteTxRx\src/stm32f10x_it.c:317
* Output         : None
* Return         : None
*******************************************************************************/
void DMA1_Channel4_IRQHandler(void)
{
}
   0:	4770      	bx	lr
   2:	46c0      	nop			(mov r8, r8)
Disassembly of section .text.DMA1_Channel5_IRQHandler:

00000000 <DMA1_Channel5_IRQHandler>:
DMA1_Channel5_IRQHandler():
D:\WkPjt\MStory2.0\Mango-Z1.Firmware\Z1.Src007.1ByteTxRx\src/stm32f10x_it.c:328
* Output         : None
* Return         : None
*******************************************************************************/
void DMA1_Channel5_IRQHandler(void)
{
}
   0:	4770      	bx	lr
   2:	46c0      	nop			(mov r8, r8)
Disassembly of section .text.DMA1_Channel6_IRQHandler:

00000000 <DMA1_Channel6_IRQHandler>:
DMA1_Channel6_IRQHandler():
D:\WkPjt\MStory2.0\Mango-Z1.Firmware\Z1.Src007.1ByteTxRx\src/stm32f10x_it.c:339
* Output         : None
* Return         : None
*******************************************************************************/
void DMA1_Channel6_IRQHandler(void)
{
}
   0:	4770      	bx	lr
   2:	46c0      	nop			(mov r8, r8)
Disassembly of section .text.DMA1_Channel7_IRQHandler:

00000000 <DMA1_Channel7_IRQHandler>:
DMA1_Channel7_IRQHandler():
D:\WkPjt\MStory2.0\Mango-Z1.Firmware\Z1.Src007.1ByteTxRx\src/stm32f10x_it.c:350
* Output         : None
* Return         : None
*******************************************************************************/
void DMA1_Channel7_IRQHandler(void)
{
}
   0:	4770      	bx	lr
   2:	46c0      	nop			(mov r8, r8)
Disassembly of section .text.ADC1_2_IRQHandler:

00000000 <ADC1_2_IRQHandler>:
ADC1_2_IRQHandler():
D:\WkPjt\MStory2.0\Mango-Z1.Firmware\Z1.Src007.1ByteTxRx\src/stm32f10x_it.c:361
* Output         : None
* Return         : None
*******************************************************************************/
void ADC1_2_IRQHandler(void)
{
}
   0:	4770      	bx	lr
   2:	46c0      	nop			(mov r8, r8)
Disassembly of section .text.USB_HP_CAN1_TX_IRQHandler:

00000000 <USB_HP_CAN1_TX_IRQHandler>:
USB_HP_CAN1_TX_IRQHandler():
D:\WkPjt\MStory2.0\Mango-Z1.Firmware\Z1.Src007.1ByteTxRx\src/stm32f10x_it.c:373
* Output         : None
* Return         : None
*******************************************************************************/
void USB_HP_CAN1_TX_IRQHandler(void)
{
}
   0:	4770      	bx	lr
   2:	46c0      	nop			(mov r8, r8)
Disassembly of section .text.USB_LP_CAN1_RX0_IRQHandler:

00000000 <USB_LP_CAN1_RX0_IRQHandler>:
USB_LP_CAN1_RX0_IRQHandler():
D:\WkPjt\MStory2.0\Mango-Z1.Firmware\Z1.Src007.1ByteTxRx\src/stm32f10x_it.c:385
* Output         : None
* Return         : None
*******************************************************************************/
void USB_LP_CAN1_RX0_IRQHandler(void)
{
}
   0:	4770      	bx	lr
   2:	46c0      	nop			(mov r8, r8)
Disassembly of section .text.CAN1_RX1_IRQHandler:

00000000 <CAN1_RX1_IRQHandler>:
CAN1_RX1_IRQHandler():
D:\WkPjt\MStory2.0\Mango-Z1.Firmware\Z1.Src007.1ByteTxRx\src/stm32f10x_it.c:396
* Output         : None
* Return         : None
*******************************************************************************/
void CAN1_RX1_IRQHandler(void)
{
}
   0:	4770      	bx	lr
   2:	46c0      	nop			(mov r8, r8)
Disassembly of section .text.CAN1_SCE_IRQHandler:

00000000 <CAN1_SCE_IRQHandler>:
CAN1_SCE_IRQHandler():
D:\WkPjt\MStory2.0\Mango-Z1.Firmware\Z1.Src007.1ByteTxRx\src/stm32f10x_it.c:407
* Output         : None
* Return         : None
*******************************************************************************/
void CAN1_SCE_IRQHandler(void)
{
}
   0:	4770      	bx	lr
   2:	46c0      	nop			(mov r8, r8)
Disassembly of section .text.TIM1_BRK_IRQHandler:

00000000 <TIM1_BRK_IRQHandler>:
TIM1_BRK_IRQHandler():
D:\WkPjt\MStory2.0\Mango-Z1.Firmware\Z1.Src007.1ByteTxRx\src/stm32f10x_it.c:434
* Output         : None
* Return         : None
*******************************************************************************/
void TIM1_BRK_IRQHandler(void)
{
}
   0:	4770      	bx	lr
   2:	46c0      	nop			(mov r8, r8)
Disassembly of section .text.TIM1_UP_IRQHandler:

00000000 <TIM1_UP_IRQHandler>:
USBWakeUp_IRQHandler():
D:\WkPjt\MStory2.0\Mango-Z1.Firmware\Z1.Src007.1ByteTxRx\src/stm32f10x_it.c:446
* Output         : None
* Return         : None
*******************************************************************************/
void TIM1_UP_IRQHandler(void)
{
}
   0:	4770      	bx	lr
TIM1_UP_IRQHandler():
   2:	46c0      	nop			(mov r8, r8)
Disassembly of section .text.TIM1_TRG_COM_IRQHandler:

00000000 <TIM1_TRG_COM_IRQHandler>:
USBWakeUp_IRQHandler():
   0:	4770      	bx	lr
TIM1_TRG_COM_IRQHandler():
   2:	46c0      	nop			(mov r8, r8)
Disassembly of section .text.TIM1_CC_IRQHandler:

00000000 <TIM1_CC_IRQHandler>:
USBWakeUp_IRQHandler():
   0:	4770      	bx	lr
TIM1_CC_IRQHandler():
   2:	46c0      	nop			(mov r8, r8)
Disassembly of section .text.TIM2_IRQHandler:

00000000 <TIM2_IRQHandler>:
USBWakeUp_IRQHandler():
   0:	4770      	bx	lr
TIM2_IRQHandler():
   2:	46c0      	nop			(mov r8, r8)
Disassembly of section .text.TIM3_IRQHandler:

00000000 <TIM3_IRQHandler>:
USBWakeUp_IRQHandler():
   0:	4770      	bx	lr
TIM3_IRQHandler():
   2:	46c0      	nop			(mov r8, r8)
Disassembly of section .text.TIM4_IRQHandler:

00000000 <TIM4_IRQHandler>:
USBWakeUp_IRQHandler():
   0:	4770      	bx	lr
TIM4_IRQHandler():
   2:	46c0      	nop			(mov r8, r8)
Disassembly of section .text.I2C1_EV_IRQHandler:

00000000 <I2C1_EV_IRQHandler>:
USBWakeUp_IRQHandler():
   0:	4770      	bx	lr
I2C1_EV_IRQHandler():
   2:	46c0      	nop			(mov r8, r8)
Disassembly of section .text.I2C1_ER_IRQHandler:

00000000 <I2C1_ER_IRQHandler>:
USBWakeUp_IRQHandler():
   0:	4770      	bx	lr
I2C1_ER_IRQHandler():
   2:	46c0      	nop			(mov r8, r8)
Disassembly of section .text.I2C2_EV_IRQHandler:

00000000 <I2C2_EV_IRQHandler>:
USBWakeUp_IRQHandler():
   0:	4770      	bx	lr
I2C2_EV_IRQHandler():
   2:	46c0      	nop			(mov r8, r8)
Disassembly of section .text.I2C2_ER_IRQHandler:

00000000 <I2C2_ER_IRQHandler>:
USBWakeUp_IRQHandler():
   0:	4770      	bx	lr
I2C2_ER_IRQHandler():
   2:	46c0      	nop			(mov r8, r8)
Disassembly of section .text.SPI1_IRQHandler:

00000000 <SPI1_IRQHandler>:
USBWakeUp_IRQHandler():
   0:	4770      	bx	lr
SPI1_IRQHandler():
   2:	46c0      	nop			(mov r8, r8)
Disassembly of section .text.SPI2_IRQHandler:

00000000 <SPI2_IRQHandler>:
USBWakeUp_IRQHandler():
   0:	4770      	bx	lr
SPI2_IRQHandler():
   2:	46c0      	nop			(mov r8, r8)
Disassembly of section .text.USART1_IRQHandler:

00000000 <USART1_IRQHandler>:
USBWakeUp_IRQHandler():
   0:	4770      	bx	lr
USART1_IRQHandler():
   2:	46c0      	nop			(mov r8, r8)
Disassembly of section .text.USART2_IRQHandler:

00000000 <USART2_IRQHandler>:
USBWakeUp_IRQHandler():
   0:	4770      	bx	lr
USART2_IRQHandler():
   2:	46c0      	nop			(mov r8, r8)
Disassembly of section .text.USART3_IRQHandler:

00000000 <USART3_IRQHandler>:
USBWakeUp_IRQHandler():
   0:	4770      	bx	lr
USART3_IRQHandler():
   2:	46c0      	nop			(mov r8, r8)
Disassembly of section .text.EXTI15_10_IRQHandler:

00000000 <EXTI15_10_IRQHandler>:
USBWakeUp_IRQHandler():
   0:	4770      	bx	lr
EXTI15_10_IRQHandler():
   2:	46c0      	nop			(mov r8, r8)
Disassembly of section .text.RTCAlarm_IRQHandler:

00000000 <RTCAlarm_IRQHandler>:
USBWakeUp_IRQHandler():
   0:	4770      	bx	lr
RTCAlarm_IRQHandler():
   2:	46c0      	nop			(mov r8, r8)
Disassembly of section .text.USBWakeUp_IRQHandler:

00000000 <USBWakeUp_IRQHandler>:
USBWakeUp_IRQHandler():
   0:	4770      	bx	lr
   2:	46c0      	nop			(mov r8, r8)
Disassembly of section .text.EXTI9_5_IRQHandler:

00000000 <EXTI9_5_IRQHandler>:
   0:	b510      	push	{r4, lr}
EXTI9_5_IRQHandler():
   2:	f44f 7080 	mov.w	r0, #256	; 0x100
   6:	f7ff fffe 	bl	0 <EXTI_GetITStatus>
   a:	b128      	cbz	r0, e <basicRfRxFrmDoneIsr+0xe>
D:\WkPjt\MStory2.0\Mango-Z1.Firmware\Z1.Src007.1ByteTxRx\src/stm32f10x_it.c:420
*******************************************************************************/
void EXTI9_5_IRQHandler(void)
{
    if(EXTI_GetITStatus(GPIO_EXTI_Line_RF_GPIO0) != RESET)
    {
        basicRfRxFrmDoneIsr();
   c:	f7ff fffe 	bl	0 <basicRfRxFrmDoneIsr>
MemManage_Handler():
D:\WkPjt\MStory2.0\Mango-Z1.Firmware\Z1.Src007.1ByteTxRx\src/stm32f10x_it.c:69
  * @brief  This function handles Memory Manage exception.
  * @param  None
  * @retval None
  */
void MemManage_Handler(void)
{
  10:	f44f 7080 	mov.w	r0, #256	; 0x100
EXTI9_5_IRQHandler():
  14:	f7ff fffe 	bl	0 <EXTI_ClearITPendingBit>
EXTI1_IRQHandler():
D:\WkPjt\MStory2.0\Mango-Z1.Firmware\Z1.Src007.1ByteTxRx\src/stm32f10x_it.c:423
    if(EXTI_GetITStatus(GPIO_EXTI_Line_RF_GPIO0) != RESET)
    {
        basicRfRxFrmDoneIsr();
        EXTI_ClearITPendingBit(GPIO_EXTI_Line_RF_GPIO0);
    }
}
  18:	bd10      	pop	{r4, pc}
D:\WkPjt\MStory2.0\Mango-Z1.Firmware\Z1.Src007.1ByteTxRx\src/stm32f10x_it.c:236
* Output         : None
* Return         : None
*******************************************************************************/
void EXTI1_IRQHandler(void)
{
    if(EXTI_GetITStatus(GPIO_EXTI_Line_KEY2) != RESET) {
  1a:	46c0      	nop			(mov r8, r8)
Disassembly of section .text.EXTI1_IRQHandler:

00000000 <EXTI1_IRQHandler>:
D:\WkPjt\MStory2.0\Mango-Z1.Firmware\Z1.Src007.1ByteTxRx\src/stm32f10x_it.c:423
    if(EXTI_GetITStatus(GPIO_EXTI_Line_RF_GPIO0) != RESET)
    {
        basicRfRxFrmDoneIsr();
        EXTI_ClearITPendingBit(GPIO_EXTI_Line_RF_GPIO0);
    }
}
   0:	b510      	push	{r4, lr}
D:\WkPjt\MStory2.0\Mango-Z1.Firmware\Z1.Src007.1ByteTxRx\src/stm32f10x_it.c:236
* Output         : None
* Return         : None
*******************************************************************************/
void EXTI1_IRQHandler(void)
{
    if(EXTI_GetITStatus(GPIO_EXTI_Line_KEY2) != RESET) {
   2:	2002      	movs	r0, #2
   4:	f7ff fffe 	bl	0 <EXTI_GetITStatus>
BusFault_Handler():
D:\WkPjt\MStory2.0\Mango-Z1.Firmware\Z1.Src007.1ByteTxRx\src/stm32f10x_it.c:82
  * @brief  This function handles Bus Fault exception.
  * @param  None
  * @retval None
  */
void BusFault_Handler(void)
{
   8:	b128      	cbz	r0, 16 <EXTI1_IRQHandler+0x16>
EXTI1_IRQHandler():
D:\WkPjt\MStory2.0\Mango-Z1.Firmware\Z1.Src007.1ByteTxRx\src/stm32f10x_it.c:237
* Return         : None
*******************************************************************************/
void EXTI1_IRQHandler(void)
{
    if(EXTI_GetITStatus(GPIO_EXTI_Line_KEY2) != RESET) {
        printf("Right-USER Button Press\n");
   a:	4803      	ldr	r0, [pc, #12]	(18 <EXTI1_IRQHandler+0x18>)
   c:	f7ff fffe 	bl	0 <puts>
D:\WkPjt\MStory2.0\Mango-Z1.Firmware\Z1.Src007.1ByteTxRx\src/stm32f10x_it.c:238
        EXTI_ClearITPendingBit(GPIO_EXTI_Line_KEY2);
  10:	2002      	movs	r0, #2
  12:	f7ff fffe 	bl	0 <EXTI_ClearITPendingBit>
D:\WkPjt\MStory2.0\Mango-Z1.Firmware\Z1.Src007.1ByteTxRx\src/stm32f10x_it.c:240
    }
}
  16:	bd10      	pop	{r4, pc}
  18:	00000000 	.word	0x00000000
Disassembly of section .text.EXTI0_IRQHandler:

00000000 <EXTI0_IRQHandler>:
EXTI0_IRQHandler():
D:\WkPjt\MStory2.0\Mango-Z1.Firmware\Z1.Src007.1ByteTxRx\src/stm32f10x_it.c:220
* Input          : None
* Output         : None
* Return         : None
*******************************************************************************/
void EXTI0_IRQHandler(void)
{
   0:	b510      	push	{r4, lr}
D:\WkPjt\MStory2.0\Mango-Z1.Firmware\Z1.Src007.1ByteTxRx\src/stm32f10x_it.c:221
    if(EXTI_GetITStatus(GPIO_EXTI_Line_KEY1) != RESET) {
   2:	2001      	movs	r0, #1
   4:	f7ff fffe 	bl	0 <EXTI_GetITStatus>
   8:	b128      	cbz	r0, 16 <EXTI0_IRQHandler+0x16>
D:\WkPjt\MStory2.0\Mango-Z1.Firmware\Z1.Src007.1ByteTxRx\src/stm32f10x_it.c:222
        printf("Left-WKUP Button Press\n");
   a:	4803      	ldr	r0, [pc, #12]	(18 <EXTI0_IRQHandler+0x18>)
   c:	f7ff fffe 	bl	0 <puts>
D:\WkPjt\MStory2.0\Mango-Z1.Firmware\Z1.Src007.1ByteTxRx\src/stm32f10x_it.c:223
        EXTI_ClearITPendingBit(GPIO_EXTI_Line_KEY1);
  10:	2001      	movs	r0, #1
  12:	f7ff fffe 	bl	0 <EXTI_ClearITPendingBit>
D:\WkPjt\MStory2.0\Mango-Z1.Firmware\Z1.Src007.1ByteTxRx\src/stm32f10x_it.c:225
    }
}
  16:	bd10      	pop	{r4, pc}
  18:	00000018 	.word	0x00000018
Disassembly of section .text.SysTick_Handler:

00000000 <SysTick_Handler>:
SysTick_Handler():
D:\WkPjt\MStory2.0\Mango-Z1.Firmware\Z1.Src007.1ByteTxRx\src/stm32f10x_it.c:135
  * @brief  This function handles SysTick Handler.
  * @param  None
  * @retval None
  */
void SysTick_Handler(void)
{
   0:	b510      	push	{r4, lr}
D:\WkPjt\MStory2.0\Mango-Z1.Firmware\Z1.Src007.1ByteTxRx\src/stm32f10x_it.c:136
    TimingDelay_Decrement();
   2:	f7ff fffe 	bl	0 <TimingDelay_Decrement>
D:\WkPjt\MStory2.0\Mango-Z1.Firmware\Z1.Src007.1ByteTxRx\src/stm32f10x_it.c:137
}
   6:	bd10      	pop	{r4, pc}
