
D:\WkPjt\MStory2.0\Mango-Z1.Firmware\Z1.Src005.AN2557.IAP.binary_template\project\RIDE\obj\stm32f10x_it.o:     file format elf32-littlearm
D:\WkPjt\MStory2.0\Mango-Z1.Firmware\Z1.Src005.AN2557.IAP.binary_template\project\RIDE\obj\stm32f10x_it.o

Disassembly of section .text.NMI_Handler:

00000000 <NMI_Handler>:
NMI_Handler():
D:\WkPjt\MStory2.0\Mango-Z1.Firmware\Z1.Src005.AN2557.IAP.binary_template\src/stm32f10x_it.c:53
  * @param  None
  * @retval : None
  */
void NMI_Handler(void)
{
}
   0:	4770      	bx	lr
   2:	46c0      	nop			(mov r8, r8)
Disassembly of section .text.HardFault_Handler:

00000000 <HardFault_Handler>:
HardFault_Handler():
D:\WkPjt\MStory2.0\Mango-Z1.Firmware\Z1.Src005.AN2557.IAP.binary_template\src/stm32f10x_it.c:61
  * @brief  This function handles Hard Fault exception.
  * @param  None
  * @retval : None
  */
void HardFault_Handler(void)
{
   0:	e7fe      	b.n	0 <HardFault_Handler>
   2:	46c0      	nop			(mov r8, r8)
Disassembly of section .text.MemManage_Handler:

00000000 <MemManage_Handler>:
MemManage_Handler():
D:\WkPjt\MStory2.0\Mango-Z1.Firmware\Z1.Src005.AN2557.IAP.binary_template\src/stm32f10x_it.c:74
  * @brief  This function handles Memory Manage exception.
  * @param  None
  * @retval : None
  */
void MemManage_Handler(void)
{
   0:	e7fe      	b.n	0 <MemManage_Handler>
   2:	46c0      	nop			(mov r8, r8)
Disassembly of section .text.BusFault_Handler:

00000000 <BusFault_Handler>:
BusFault_Handler():
D:\WkPjt\MStory2.0\Mango-Z1.Firmware\Z1.Src005.AN2557.IAP.binary_template\src/stm32f10x_it.c:87
  * @brief  This function handles Bus Fault exception.
  * @param  None
  * @retval : None
  */
void BusFault_Handler(void)
{
   0:	e7fe      	b.n	0 <BusFault_Handler>
   2:	46c0      	nop			(mov r8, r8)
Disassembly of section .text.UsageFault_Handler:

00000000 <UsageFault_Handler>:
UsageFault_Handler():
D:\WkPjt\MStory2.0\Mango-Z1.Firmware\Z1.Src005.AN2557.IAP.binary_template\src/stm32f10x_it.c:100
  * @brief  This function handles Usage Fault exception.
  * @param  None
  * @retval : None
  */
void UsageFault_Handler(void)
{
   0:	e7fe      	b.n	0 <UsageFault_Handler>
   2:	46c0      	nop			(mov r8, r8)
Disassembly of section .text.SVC_Handler:

00000000 <SVC_Handler>:
SVC_Handler():
D:\WkPjt\MStory2.0\Mango-Z1.Firmware\Z1.Src005.AN2557.IAP.binary_template\src/stm32f10x_it.c:114
  * @param  None
  * @retval : None
  */
void SVC_Handler(void)
{
}
   0:	4770      	bx	lr
   2:	46c0      	nop			(mov r8, r8)
Disassembly of section .text.DebugMon_Handler:

00000000 <DebugMon_Handler>:
DebugMon_Handler():
D:\WkPjt\MStory2.0\Mango-Z1.Firmware\Z1.Src005.AN2557.IAP.binary_template\src/stm32f10x_it.c:123
  * @param  None
  * @retval : None
  */
void DebugMon_Handler(void)
{
}
   0:	4770      	bx	lr
   2:	46c0      	nop			(mov r8, r8)
Disassembly of section .text.PendSV_Handler:

00000000 <PendSV_Handler>:
PendSV_Handler():
D:\WkPjt\MStory2.0\Mango-Z1.Firmware\Z1.Src005.AN2557.IAP.binary_template\src/stm32f10x_it.c:132
  * @param  None
  * @retval : None
  */
void PendSV_Handler(void)
{
}
   0:	4770      	bx	lr
   2:	46c0      	nop			(mov r8, r8)
Disassembly of section .text.SysTick_Handler:

00000000 <SysTick_Handler>:
SysTick_Handler():
D:\WkPjt\MStory2.0\Mango-Z1.Firmware\Z1.Src005.AN2557.IAP.binary_template\src/stm32f10x_it.c:140
  * @brief  This function handles SysTick Handler.
  * @param  None
  * @retval : None
  */
void SysTick_Handler(void)
{
   0:	b510      	push	{r4, lr}
D:\WkPjt\MStory2.0\Mango-Z1.Firmware\Z1.Src005.AN2557.IAP.binary_template\src/stm32f10x_it.c:141
  TimingDelay_Decrement();
   2:	f7ff fffe 	bl	0 <TimingDelay_Decrement>
D:\WkPjt\MStory2.0\Mango-Z1.Firmware\Z1.Src005.AN2557.IAP.binary_template\src/stm32f10x_it.c:142
}
   6:	bd10      	pop	{r4, pc}
