
D:\WkPjt\MStory2.0\Mango-Z1.Firmware\Z1.Src002.LedKeyControl\project\RIDE\obj\main.o:     file format elf32-littlearm
D:\WkPjt\MStory2.0\Mango-Z1.Firmware\Z1.Src002.LedKeyControl\project\RIDE\obj\main.o

Disassembly of section .text.delay_int_count:

00000000 <delay_int_count>:
delay_int_count():
D:\WkPjt\MStory2.0\Mango-Z1.Firmware\Z1.Src002.LedKeyControl\src/main.c:19
#include "platform_config.h"

/* functions */

static void delay_int_count(volatile unsigned int nTime)
{
   0:	b082      	sub	sp, #8
   2:	9001      	str	r0, [sp, #4]
   4:	e002      	b.n	c <delay_int_count+0xc>
D:\WkPjt\MStory2.0\Mango-Z1.Firmware\Z1.Src002.LedKeyControl\src/main.c:20
    for(; nTime > 0; nTime--);
   6:	9b01      	ldr	r3, [sp, #4]
   8:	3b01      	subs	r3, #1
   a:	9301      	str	r3, [sp, #4]
   c:	9b01      	ldr	r3, [sp, #4]
   e:	2b00      	cmp	r3, #0
  10:	d1f9      	bne.n	6 <delay_int_count+0x6>
D:\WkPjt\MStory2.0\Mango-Z1.Firmware\Z1.Src002.LedKeyControl\src/main.c:21
}
  12:	b002      	add	sp, #8
  14:	4770      	bx	lr
  16:	46c0      	nop			(mov r8, r8)
Disassembly of section .text.delay_1_second:

00000000 <delay_1_second>:
delay_1_second():
D:\WkPjt\MStory2.0\Mango-Z1.Firmware\Z1.Src002.LedKeyControl\src/main.c:24

void delay_1_second(void)
{
   0:	b510      	push	{r4, lr}
D:\WkPjt\MStory2.0\Mango-Z1.Firmware\Z1.Src002.LedKeyControl\src/main.c:25
    delay_int_count(806596);
   2:	4802      	ldr	r0, [pc, #8]	(c <delay_1_second+0xc>)
   4:	f7ff fffe 	bl	0 <delay_1_second>
D:\WkPjt\MStory2.0\Mango-Z1.Firmware\Z1.Src002.LedKeyControl\src/main.c:26
}
   8:	bd10      	pop	{r4, pc}
   a:	46c0      	nop			(mov r8, r8)
   c:	000c4ec4 	.word	0x000c4ec4
Disassembly of section .text.delay_100_milli_second:

00000000 <delay_100_milli_second>:
delay_100_milli_second():
D:\WkPjt\MStory2.0\Mango-Z1.Firmware\Z1.Src002.LedKeyControl\src/main.c:29

void delay_100_milli_second(void)
{
   0:	b510      	push	{r4, lr}
D:\WkPjt\MStory2.0\Mango-Z1.Firmware\Z1.Src002.LedKeyControl\src/main.c:30
    delay_int_count(80660);
   2:	4802      	ldr	r0, [pc, #8]	(c <delay_100_milli_second+0xc>)
   4:	f7ff fffe 	bl	0 <delay_100_milli_second>
D:\WkPjt\MStory2.0\Mango-Z1.Firmware\Z1.Src002.LedKeyControl\src/main.c:31
}
   8:	bd10      	pop	{r4, pc}
   a:	46c0      	nop			(mov r8, r8)
   c:	00013b14 	.word	0x00013b14
Disassembly of section .text.System_Information:

00000000 <System_Information>:
System_Information():
D:\WkPjt\MStory2.0\Mango-Z1.Firmware\Z1.Src002.LedKeyControl\src/main.c:34

void System_Information()
{
   0:	b57f      	push	{r0, r1, r2, r3, r4, r5, r6, lr}
D:\WkPjt\MStory2.0\Mango-Z1.Firmware\Z1.Src002.LedKeyControl\src/main.c:37
    RCC_ClocksTypeDef  rcc_clocks;

    RCC_GetClocksFreq(&rcc_clocks);
   2:	a801      	add	r0, sp, #4
   4:	f7ff fffe 	bl	0 <RCC_GetClocksFreq>
D:\WkPjt\MStory2.0\Mango-Z1.Firmware\Z1.Src002.LedKeyControl\src/main.c:38
    printf("SYSCLK_Frequency = %d\n",rcc_clocks.SYSCLK_Frequency );
   8:	9901      	ldr	r1, [sp, #4]
   a:	480a      	ldr	r0, [pc, #40]	(34 <System_Information+0x34>)
   c:	f7ff fffe 	bl	0 <printf>
D:\WkPjt\MStory2.0\Mango-Z1.Firmware\Z1.Src002.LedKeyControl\src/main.c:39
    printf("HCLK_Frequency = %d\n",rcc_clocks.HCLK_Frequency );
  10:	9902      	ldr	r1, [sp, #8]
  12:	4809      	ldr	r0, [pc, #36]	(38 <System_Information+0x38>)
  14:	f7ff fffe 	bl	0 <printf>
D:\WkPjt\MStory2.0\Mango-Z1.Firmware\Z1.Src002.LedKeyControl\src/main.c:40
    printf("PCLK1_Frequency = %d\n",rcc_clocks.PCLK1_Frequency );
  18:	9903      	ldr	r1, [sp, #12]
  1a:	4808      	ldr	r0, [pc, #32]	(3c <System_Information+0x3c>)
  1c:	f7ff fffe 	bl	0 <printf>
D:\WkPjt\MStory2.0\Mango-Z1.Firmware\Z1.Src002.LedKeyControl\src/main.c:41
    printf("PCLK2_Frequency = %d\n",rcc_clocks.PCLK2_Frequency );
  20:	9904      	ldr	r1, [sp, #16]
  22:	4807      	ldr	r0, [pc, #28]	(40 <System_Information+0x40>)
  24:	f7ff fffe 	bl	0 <printf>
D:\WkPjt\MStory2.0\Mango-Z1.Firmware\Z1.Src002.LedKeyControl\src/main.c:42
    printf("ADCCLK_Frequency = %d\n",rcc_clocks.ADCCLK_Frequency );
  28:	9905      	ldr	r1, [sp, #20]
  2a:	4806      	ldr	r0, [pc, #24]	(44 <System_Information+0x44>)
  2c:	f7ff fffe 	bl	0 <printf>
D:\WkPjt\MStory2.0\Mango-Z1.Firmware\Z1.Src002.LedKeyControl\src/main.c:43
}
  30:	b007      	add	sp, #28
  32:	bd00      	pop	{pc}
  34:	00000000 	.word	0x00000000
  38:	00000017 	.word	0x00000017
  3c:	0000002c 	.word	0x0000002c
  40:	00000042 	.word	0x00000042
  44:	00000058 	.word	0x00000058
Disassembly of section .text.main:

00000000 <main>:
main():
D:\WkPjt\MStory2.0\Mango-Z1.Firmware\Z1.Src002.LedKeyControl\src/main.c:52
 * Input  : None
 * Output : None
 * Return : None
 */
int main(void)
{
   0:	b510      	push	{r4, lr}
D:\WkPjt\MStory2.0\Mango-Z1.Firmware\Z1.Src002.LedKeyControl\src/main.c:56
    uint8_t ch;

    /* Enable GPIOA clock */
    RCC_APB2PeriphClockCmd(RCC_APB2Periph_GPIO_USART, ENABLE);
   2:	2004      	movs	r0, #4
   4:	2101      	movs	r1, #1
   6:	f7ff fffe 	bl	0 <RCC_APB2PeriphClockCmd>
D:\WkPjt\MStory2.0\Mango-Z1.Firmware\Z1.Src002.LedKeyControl\src/main.c:59

    /* Enable GPIOB clock */
    RCC_APB2PeriphClockCmd(RCC_APB2Periph_GPIO_LED, ENABLE);
   a:	2008      	movs	r0, #8
   c:	2101      	movs	r1, #1
   e:	f7ff fffe 	bl	0 <RCC_APB2PeriphClockCmd>
D:\WkPjt\MStory2.0\Mango-Z1.Firmware\Z1.Src002.LedKeyControl\src/main.c:62

    /* Enable USART1 clocks */
    RCC_APB2PeriphClockCmd(RCC_APB2Periph_USART1, ENABLE);
  12:	f44f 4080 	mov.w	r0, #16384	; 0x4000
  16:	2101      	movs	r1, #1
  18:	f7ff fffe 	bl	0 <RCC_APB2PeriphClockCmd>
D:\WkPjt\MStory2.0\Mango-Z1.Firmware\Z1.Src002.LedKeyControl\src/main.c:65

    /* Configure the GPIO ports */
    GPIO_Configuration();
  1c:	f7ff fffe 	bl	0 <GPIO_Configuration>
D:\WkPjt\MStory2.0\Mango-Z1.Firmware\Z1.Src002.LedKeyControl\src/main.c:68

    /* UART initialization */
    USART1_Init();
  20:	f7ff fffe 	bl	0 <USART1_Init>
D:\WkPjt\MStory2.0\Mango-Z1.Firmware\Z1.Src002.LedKeyControl\src/main.c:70

    delay_1_second();
  24:	f7ff fffe 	bl	0 <main>
D:\WkPjt\MStory2.0\Mango-Z1.Firmware\Z1.Src002.LedKeyControl\src/main.c:72

    printf("Mango Z1 test start...\n\n");
  28:	481b      	ldr	r0, [pc, #108]	(70 <puts+0x70>)
  2a:	f7ff fffe 	bl	0 <puts>
D:\WkPjt\MStory2.0\Mango-Z1.Firmware\Z1.Src002.LedKeyControl\src/main.c:76

    while(1)
    {
        printf("\n---------------------\n");
  2e:	481b      	ldr	r0, [pc, #108]	(70 <puts+0x70>)
  30:	f7ff fffe 	bl	0 <puts>
D:\WkPjt\MStory2.0\Mango-Z1.Firmware\Z1.Src002.LedKeyControl\src/main.c:77
        printf("Press menu key\n");
  34:	481a      	ldr	r0, [pc, #104]	(6c <puts+0x6c>)
  36:	f7ff fffe 	bl	0 <puts>
D:\WkPjt\MStory2.0\Mango-Z1.Firmware\Z1.Src002.LedKeyControl\src/main.c:78
        printf("---------------------\n");
  3a:	481a      	ldr	r0, [pc, #104]	(6c <puts+0x6c>)
  3c:	f7ff fffe 	bl	0 <puts>
D:\WkPjt\MStory2.0\Mango-Z1.Firmware\Z1.Src002.LedKeyControl\src/main.c:79
        printf("0> System Information\n");
  40:	4819      	ldr	r0, [pc, #100]	(68 <puts+0x68>)
  42:	f7ff fffe 	bl	0 <puts>
D:\WkPjt\MStory2.0\Mango-Z1.Firmware\Z1.Src002.LedKeyControl\src/main.c:80
        printf("---------------------\n");
  46:	4817      	ldr	r0, [pc, #92]	(60 <puts+0x60>)
  48:	f7ff fffe 	bl	0 <puts>
D:\WkPjt\MStory2.0\Mango-Z1.Firmware\Z1.Src002.LedKeyControl\src/main.c:81
        printf("1> LED Test\n");
  4c:	4817      	ldr	r0, [pc, #92]	(60 <puts+0x60>)
  4e:	f7ff fffe 	bl	0 <puts>
D:\WkPjt\MStory2.0\Mango-Z1.Firmware\Z1.Src002.LedKeyControl\src/main.c:82
        printf("2> KEY Test\n");
  52:	4817      	ldr	r0, [pc, #92]	(60 <puts+0x60>)
  54:	f7ff fffe 	bl	0 <puts>
D:\WkPjt\MStory2.0\Mango-Z1.Firmware\Z1.Src002.LedKeyControl\src/main.c:83
        printf("---------------------\n");
  58:	4812      	ldr	r0, [pc, #72]	(4c <puts+0x4c>)
  5a:	f7ff fffe 	bl	0 <puts>
D:\WkPjt\MStory2.0\Mango-Z1.Firmware\Z1.Src002.LedKeyControl\src/main.c:84
        printf("x> quit\n\n");
  5e:	4815      	ldr	r0, [pc, #84]	(58 <puts+0x58>)
  60:	f7ff fffe 	bl	0 <puts>
D:\WkPjt\MStory2.0\Mango-Z1.Firmware\Z1.Src002.LedKeyControl\src/main.c:86

        ch = USART_GetCharacter(USART1);
  64:	4814      	ldr	r0, [pc, #80]	(54 <USART_GetCharacter+0x54>)
  66:	f7ff fffe 	bl	0 <USART_GetCharacter>
  6a:	4604      	mov	r4, r0
D:\WkPjt\MStory2.0\Mango-Z1.Firmware\Z1.Src002.LedKeyControl\src/main.c:87
        printf(" is selected\n\n");
  6c:	4813      	ldr	r0, [pc, #76]	(bc <main+0xbc>)
  6e:	f7ff fffe 	bl	0 <puts>
D:\WkPjt\MStory2.0\Mango-Z1.Firmware\Z1.Src002.LedKeyControl\src/main.c:89

        switch((char)ch)
  72:	b263      	sxtb	r3, r4
  74:	2b31      	cmp	r3, #49
  76:	d006      	beq.n	86 <main+0x86>
  78:	2b32      	cmp	r3, #50
  7a:	d007      	beq.n	8c <main+0x8c>
  7c:	2b30      	cmp	r3, #48
  7e:	d107      	bne.n	90 <main+0x90>
D:\WkPjt\MStory2.0\Mango-Z1.Firmware\Z1.Src002.LedKeyControl\src/main.c:92
        {
        case '0':
            System_Information();
  80:	f7ff fffe 	bl	0 <main>
  84:	e004      	b.n	c <LED_Test+0xc>
D:\WkPjt\MStory2.0\Mango-Z1.Firmware\Z1.Src002.LedKeyControl\src/main.c:96
            break;

        case '1':
            LED_Test();
  86:	f7ff fffe 	bl	0 <LED_Test>
  8a:	e001      	b.n	6 <KEY_Test+0x6>
D:\WkPjt\MStory2.0\Mango-Z1.Firmware\Z1.Src002.LedKeyControl\src/main.c:100
            break;

        case '2':
            KEY_Test();
  8c:	f7ff fffe 	bl	0 <KEY_Test>
D:\WkPjt\MStory2.0\Mango-Z1.Firmware\Z1.Src002.LedKeyControl\src/main.c:104
            break;
        }

        if('x' == (char)ch)
  90:	2c78      	cmp	r4, #120
  92:	d1cc      	bne.n	2e <main+0x2e>
D:\WkPjt\MStory2.0\Mango-Z1.Firmware\Z1.Src002.LedKeyControl\src/main.c:111
            break;
        }
    }

    return 0;
}
  94:	2000      	movs	r0, #0
  96:	bd10      	pop	{r4, pc}
  98:	0000006f 	.word	0x0000006f
  9c:	00000087 	.word	0x00000087
  a0:	0000009e 	.word	0x0000009e
  a4:	000000ad 	.word	0x000000ad
  a8:	000000c3 	.word	0x000000c3
  ac:	000000d9 	.word	0x000000d9
  b0:	000000e5 	.word	0x000000e5
  b4:	000000f1 	.word	0x000000f1
  b8:	40013800 	.word	0x40013800
  bc:	000000fa 	.word	0x000000fa
