Archive member included because of file (symbol)

c:/program files/raisonance/ride/arm-gcc/bin/../lib/gcc/arm-none-eabi/4.3.2/../../../../arm-none-eabi/lib/thumb2\libc.a(lib_a-printf.o)
                              D:\WkPjt\MStory2.0\Mango-Z1.Firmware\Z1.Src005.KeyInterrupt_for_AN2557.IAP\project\RIDE\obj\main.o (printf)
c:/program files/raisonance/ride/arm-gcc/bin/../lib/gcc/arm-none-eabi/4.3.2/../../../../arm-none-eabi/lib/thumb2\libc.a(lib_a-puts.o)
                              D:\WkPjt\MStory2.0\Mango-Z1.Firmware\Z1.Src005.KeyInterrupt_for_AN2557.IAP\project\RIDE\obj\main.o (puts)
c:/program files/raisonance/ride/arm-gcc/bin/../lib/gcc/arm-none-eabi/4.3.2/../../../../arm-none-eabi/lib/thumb2\libc.a(lib_a-strlen.o)
                              c:/program files/raisonance/ride/arm-gcc/bin/../lib/gcc/arm-none-eabi/4.3.2/../../../../arm-none-eabi/lib/thumb2\libc.a(lib_a-puts.o) (strlen)
c:/program files/raisonance/ride/arm-gcc/bin/../lib/gcc/arm-none-eabi/4.3.2/../../../../arm-none-eabi/lib/thumb2\libc.a(lib_a-vfprintf.o)
                              c:/program files/raisonance/ride/arm-gcc/bin/../lib/gcc/arm-none-eabi/4.3.2/../../../../arm-none-eabi/lib/thumb2\libc.a(lib_a-printf.o) (_vfprintf_r)
c:/program files/raisonance/ride/arm-gcc/bin/../lib/gcc/arm-none-eabi/4.3.2/../../../../arm-none-eabi/lib/thumb2\libc.a(lib_a-wsetup.o)
                              c:/program files/raisonance/ride/arm-gcc/bin/../lib/gcc/arm-none-eabi/4.3.2/../../../../arm-none-eabi/lib/thumb2\libc.a(lib_a-vfprintf.o) (__swsetup_r)
c:/program files/raisonance/ride/arm-gcc/bin/../lib/gcc/arm-none-eabi/4.3.2/../../../../arm-none-eabi/lib/thumb2\libc.a(lib_a-dtoa.o)
                              c:/program files/raisonance/ride/arm-gcc/bin/../lib/gcc/arm-none-eabi/4.3.2/../../../../arm-none-eabi/lib/thumb2\libc.a(lib_a-vfprintf.o) (_dtoa_r)
c:/program files/raisonance/ride/arm-gcc/bin/../lib/gcc/arm-none-eabi/4.3.2/../../../../arm-none-eabi/lib/thumb2\libc.a(lib_a-fflush.o)
                              c:/program files/raisonance/ride/arm-gcc/bin/../lib/gcc/arm-none-eabi/4.3.2/../../../../arm-none-eabi/lib/thumb2\libc.a(lib_a-vfprintf.o) (_fflush_r)
c:/program files/raisonance/ride/arm-gcc/bin/../lib/gcc/arm-none-eabi/4.3.2/../../../../arm-none-eabi/lib/thumb2\libc.a(lib_a-findfp.o)
                              c:/program files/raisonance/ride/arm-gcc/bin/../lib/gcc/arm-none-eabi/4.3.2/../../../../arm-none-eabi/lib/thumb2\libc.a(lib_a-printf.o) (__sinit)
c:/program files/raisonance/ride/arm-gcc/bin/../lib/gcc/arm-none-eabi/4.3.2/../../../../arm-none-eabi/lib/thumb2\libc.a(lib_a-freer.o)
                              c:/program files/raisonance/ride/arm-gcc/bin/../lib/gcc/arm-none-eabi/4.3.2/../../../../arm-none-eabi/lib/thumb2\libc.a(lib_a-wsetup.o) (_free_r)
c:/program files/raisonance/ride/arm-gcc/bin/../lib/gcc/arm-none-eabi/4.3.2/../../../../arm-none-eabi/lib/thumb2\libc.a(lib_a-fvwrite.o)
                              c:/program files/raisonance/ride/arm-gcc/bin/../lib/gcc/arm-none-eabi/4.3.2/../../../../arm-none-eabi/lib/thumb2\libc.a(lib_a-puts.o) (__sfvwrite_r)
c:/program files/raisonance/ride/arm-gcc/bin/../lib/gcc/arm-none-eabi/4.3.2/../../../../arm-none-eabi/lib/thumb2\libc.a(lib_a-fwalk.o)
                              c:/program files/raisonance/ride/arm-gcc/bin/../lib/gcc/arm-none-eabi/4.3.2/../../../../arm-none-eabi/lib/thumb2\libc.a(lib_a-fflush.o) (_fwalk_reent)
c:/program files/raisonance/ride/arm-gcc/bin/../lib/gcc/arm-none-eabi/4.3.2/../../../../arm-none-eabi/lib/thumb2\libc.a(lib_a-impure.o)
                              c:/program files/raisonance/ride/arm-gcc/bin/../lib/gcc/arm-none-eabi/4.3.2/../../../../arm-none-eabi/lib/thumb2\libc.a(lib_a-printf.o) (_impure_ptr)
c:/program files/raisonance/ride/arm-gcc/bin/../lib/gcc/arm-none-eabi/4.3.2/../../../../arm-none-eabi/lib/thumb2\libc.a(lib_a-locale.o)
                              c:/program files/raisonance/ride/arm-gcc/bin/../lib/gcc/arm-none-eabi/4.3.2/../../../../arm-none-eabi/lib/thumb2\libc.a(lib_a-vfprintf.o) (_localeconv_r)
c:/program files/raisonance/ride/arm-gcc/bin/../lib/gcc/arm-none-eabi/4.3.2/../../../../arm-none-eabi/lib/thumb2\libc.a(lib_a-makebuf.o)
                              c:/program files/raisonance/ride/arm-gcc/bin/../lib/gcc/arm-none-eabi/4.3.2/../../../../arm-none-eabi/lib/thumb2\libc.a(lib_a-wsetup.o) (__smakebuf_r)
c:/program files/raisonance/ride/arm-gcc/bin/../lib/gcc/arm-none-eabi/4.3.2/../../../../arm-none-eabi/lib/thumb2\libc.a(lib_a-malloc.o)
                              c:/program files/raisonance/ride/arm-gcc/bin/../lib/gcc/arm-none-eabi/4.3.2/../../../../arm-none-eabi/lib/thumb2\libc.a(lib_a-dtoa.o) (malloc)
c:/program files/raisonance/ride/arm-gcc/bin/../lib/gcc/arm-none-eabi/4.3.2/../../../../arm-none-eabi/lib/thumb2\libc.a(lib_a-mallocr.o)
                              c:/program files/raisonance/ride/arm-gcc/bin/../lib/gcc/arm-none-eabi/4.3.2/../../../../arm-none-eabi/lib/thumb2\libc.a(lib_a-findfp.o) (_malloc_r)
[...]
Memory Configuration

Name             Origin             Length             Attributes
RAM              0x20000000         0x00005000         xrw
FLASH            0x08002000         0x0001e000         xr
FLASHPATCH       0x00000000         0x00000000         r
ENDFLASH         0x00000000         0x00000000         xr
FLASHB1          0x00000000         0x00000000         xr
EXTMEMB0         0x00000000         0x00000000         xr
EXTMEMB1         0x00000000         0x00000000         xr
EXTMEMB2         0x00000000         0x00000000         xr
EXTMEMB3         0x00000000         0x00000000         xr
*default*        0x00000000         0xffffffff

Linker script and memory map

LOAD D:\WkPjt\MStory2.0\Mango-Z1.Firmware\Z1.Src005.KeyInterrupt_for_AN2557.IAP\project\RIDE\obj\main.o
LOAD D:\WkPjt\MStory2.0\Mango-Z1.Firmware\Z1.Src005.KeyInterrupt_for_AN2557.IAP\project\RIDE\obj\hw_config.o
LOAD D:\WkPjt\MStory2.0\Mango-Z1.Firmware\Z1.Src005.KeyInterrupt_for_AN2557.IAP\project\RIDE\obj\led.o
LOAD D:\WkPjt\MStory2.0\Mango-Z1.Firmware\Z1.Src005.KeyInterrupt_for_AN2557.IAP\project\RIDE\obj\debug.o
LOAD D:\WkPjt\MStory2.0\Mango-Z1.Firmware\Z1.Src005.KeyInterrupt_for_AN2557.IAP\project\RIDE\obj\key.o
LOAD D:\WkPjt\MStory2.0\Mango-Z1.Firmware\Z1.Src005.KeyInterrupt_for_AN2557.IAP\project\RIDE\obj\stm32f10x_it.o
LOAD D:\WkPjt\MStory2.0\Mango-Z1.Firmware\Z1.Src005.KeyInterrupt_for_AN2557.IAP\project\RIDE\obj\stm32f10x_usart.o
LOAD D:\WkPjt\MStory2.0\Mango-Z1.Firmware\Z1.Src005.KeyInterrupt_for_AN2557.IAP\project\RIDE\obj\stm32f10x_gpio.o
LOAD D:\WkPjt\MStory2.0\Mango-Z1.Firmware\Z1.Src005.KeyInterrupt_for_AN2557.IAP\project\RIDE\obj\stm32f10x_rcc.o
LOAD D:\WkPjt\MStory2.0\Mango-Z1.Firmware\Z1.Src005.KeyInterrupt_for_AN2557.IAP\project\RIDE\obj\misc.o
LOAD D:\WkPjt\MStory2.0\Mango-Z1.Firmware\Z1.Src005.KeyInterrupt_for_AN2557.IAP\project\RIDE\obj\stm32f10x_exti.o
LOAD D:\WkPjt\MStory2.0\Mango-Z1.Firmware\Z1.Src005.KeyInterrupt_for_AN2557.IAP\project\RIDE\obj\startup_stm32f10x_md.o
LOAD D:\WkPjt\MStory2.0\Mango-Z1.Firmware\Z1.Src005.KeyInterrupt_for_AN2557.IAP\project\RIDE\obj\system_stm32f10x.o
                0x00000400                __Stack_Size = 0x400
                0x00000400                PROVIDE (_Stack_Size, __Stack_Size)
                0x20004c00                __Stack_Init = (_estack - __Stack_Size)
                0x20004c00                PROVIDE (_Stack_Init, __Stack_Init)
                0x00000100                _Minimum_Stack_Size = 0x100
                0x00000000                PROVIDE (Undefined_Handler, 0x0)
                0x00000000                PROVIDE (SWI_Handler, 0x0)
                0x00000000                PROVIDE (IRQ_Handler, 0x0)
                0x00000000                PROVIDE (Prefetch_Handler, 0x0)
                0x00000000                PROVIDE (Abort_Handler, 0x0)
                0x00000000                PROVIDE (FIQ_Handler, 0x0)
                0x00000000                PROVIDE (NMIException, 0x0)
                0x00000000                PROVIDE (NMI_Handler, 0x0)
                0x00000000                PROVIDE (HardFaultException, 0x0)
                0x00000000                PROVIDE (HardFault_Handler, 0x0)
                0x00000000                PROVIDE (MemManageException, 0x0)
                0x00000000                PROVIDE (MemManage_Handler, 0x0)
                0x00000000                PROVIDE (BusFaultException, 0x0)
                0x00000000                PROVIDE (BusFault_Handler, 0x0)
                0x00000000                PROVIDE (UsageFaultException, 0x0)
                0x00000000                PROVIDE (UsageFault_Handler, 0x0)
                0x00000000                PROVIDE (SVCHandler, 0x0)
                0x00000000                PROVIDE (SVC_Handler, 0x0)
                0x00000000                PROVIDE (DebugMonitor, 0x0)
                0x00000000                PROVIDE (DebugMon_Handler, 0x0)
                0x00000000                PROVIDE (PendSVC, 0x0)
                0x00000000                PROVIDE (PendSV_Handler, 0x0)
                0x00000000                PROVIDE (SysTickHandler, 0x0)
                0x00000000                PROVIDE (SysTick_Handler, 0x0)
                0x00000000                PROVIDE (WWDG_IRQHandler, 0x0)
                0x00000000                PROVIDE (PVD_IRQHandler, 0x0)
                0x00000000                PROVIDE (TAMPER_IRQHandler, 0x0)
                0x00000000                PROVIDE (RTC_IRQHandler, 0x0)
                0x00000000                PROVIDE (FLASH_IRQHandler, 0x0)
                0x00000000                PROVIDE (RCC_IRQHandler, 0x0)
                0x00000000                PROVIDE (EXTI0_IRQHandler, 0x0)
                0x00000000                PROVIDE (EXTI1_IRQHandler, 0x0)
                0x00000000                PROVIDE (EXTI2_IRQHandler, 0x0)
                0x00000000                PROVIDE (EXTI3_IRQHandler, 0x0)
                0x00000000                PROVIDE (EXTI4_IRQHandler, 0x0)
                0x00000000                PROVIDE (DMAChannel1_IRQHandler, 0x0)
                0x00000000                PROVIDE (DMAChannel2_IRQHandler, 0x0)
                0x00000000                PROVIDE (DMAChannel3_IRQHandler, 0x0)
                0x00000000                PROVIDE (DMAChannel4_IRQHandler, 0x0)
                0x00000000                PROVIDE (DMAChannel5_IRQHandler, 0x0)
                0x00000000                PROVIDE (DMAChannel6_IRQHandler, 0x0)
                0x00000000                PROVIDE (DMAChannel7_IRQHandler, 0x0)
                0x00000000                PROVIDE (DMA1_Channel1_IRQHandler, 0x0)
                0x00000000                PROVIDE (DMA1_Channel2_IRQHandler, 0x0)
                0x00000000                PROVIDE (DMA1_Channel3_IRQHandler, 0x0)
                0x00000000                PROVIDE (DMA1_Channel4_IRQHandler, 0x0)
                0x00000000                PROVIDE (DMA1_Channel5_IRQHandler, 0x0)
                0x00000000                PROVIDE (DMA1_Channel6_IRQHandler, 0x0)
                0x00000000                PROVIDE (DMA1_Channel7_IRQHandler, 0x0)
                0x00000000                PROVIDE (ADC_IRQHandler, 0x0)
                0x00000000                PROVIDE (ADC1_2_IRQHandler, 0x0)
                0x00000000                PROVIDE (USB_HP_CAN_TX_IRQHandler, 0x0)
                0x00000000                PROVIDE (USB_HP_CAN1_TX_IRQHandler, 0x0)
                0x00000000                PROVIDE (USB_LP_CAN_RX0_IRQHandler, 0x0)
                0x00000000                PROVIDE (USB_LP_CAN1_RX0_IRQHandler, 0x0)
                0x00000000                PROVIDE (CAN_RX1_IRQHandler, 0x0)
                0x00000000                PROVIDE (CAN1_RX1_IRQHandler, 0x0)
                0x00000000                PROVIDE (CAN_SCE_IRQHandler, 0x0)
                0x00000000                PROVIDE (CAN1_SCE_IRQHandler, 0x0)
                0x00000000                PROVIDE (EXTI9_5_IRQHandler, 0x0)
                0x00000000                PROVIDE (TIM1_BRK_IRQHandler, 0x0)
                0x00000000                PROVIDE (TIM1_UP_IRQHandler, 0x0)
                0x00000000                PROVIDE (TIM1_TRG_COM_IRQHandler, 0x0)
                0x00000000                PROVIDE (TIM1_CC_IRQHandler, 0x0)
                0x00000000                PROVIDE (TIM2_IRQHandler, 0x0)
                0x00000000                PROVIDE (TIM3_IRQHandler, 0x0)
                0x00000000                PROVIDE (TIM4_IRQHandler, 0x0)
                0x00000000                PROVIDE (I2C1_EV_IRQHandler, 0x0)
                0x00000000                PROVIDE (I2C1_ER_IRQHandler, 0x0)
                0x00000000                PROVIDE (I2C2_EV_IRQHandler, 0x0)
                0x00000000                PROVIDE (I2C2_ER_IRQHandler, 0x0)
                0x00000000                PROVIDE (SPI1_IRQHandler, 0x0)
                0x00000000                PROVIDE (SPI2_IRQHandler, 0x0)
                0x00000000                PROVIDE (USART1_IRQHandler, 0x0)
                0x00000000                PROVIDE (USART2_IRQHandler, 0x0)
                0x00000000                PROVIDE (USART3_IRQHandler, 0x0)
                0x00000000                PROVIDE (EXTI15_10_IRQHandler, 0x0)
                0x00000000                PROVIDE (RTCAlarm_IRQHandler, 0x0)
                0x00000000                PROVIDE (USBWakeUp_IRQHandler, 0x0)
                0x00000000                PROVIDE (TIM8_BRK_IRQHandler, 0x0)
                0x00000000                PROVIDE (TIM8_UP_IRQHandler, 0x0)
                0x00000000                PROVIDE (TIM8_TRG_COM_IRQHandler, 0x0)
                0x00000000                PROVIDE (TIM8_CC_IRQHandler, 0x0)
                0x00000000                PROVIDE (ADC3_IRQHandler, 0x0)
                0x00000000                PROVIDE (FSMC_IRQHandler, 0x0)
                0x00000000                PROVIDE (SDIO_IRQHandler, 0x0)
                0x00000000                PROVIDE (TIM5_IRQHandler, 0x0)
                0x00000000                PROVIDE (SPI3_IRQHandler, 0x0)
                0x00000000                PROVIDE (UART4_IRQHandler, 0x0)
                0x00000000                PROVIDE (UART5_IRQHandler, 0x0)
                0x00000000                PROVIDE (TIM6_IRQHandler, 0x0)
                0x00000000                PROVIDE (TIM7_IRQHandler, 0x0)
                0x00000000                PROVIDE (DMA2_Channel1_IRQHandler, 0x0)
                0x00000000                PROVIDE (DMA2_Channel2_IRQHandler, 0x0)
                0x00000000                PROVIDE (DMA2_Channel3_IRQHandler, 0x0)
                0x00000000                PROVIDE (DMA2_Channel4_5_IRQHandler, 0x0)
                0x42000000                PERIPH_BB_BASE = 0x42000000
                0x22000000                SRAM_BB_BASE = 0x22000000
                0x20000000                SRAM_BASE = 0x20000000
                0x40000000                PERIPH_BASE = 0x40000000
                0x40022000                PROVIDE (FLASH_BASE, 0x40022000)
                0x1ffff800                PROVIDE (OB_BASE, 0x1ffff800)
                0x40000000                APB1PERIPH_BASE = PERIPH_BASE
                0x40010000                APB2PERIPH_BASE = (PERIPH_BASE + 0x10000)
                0x40020000                AHBPERIPH_BASE = (PERIPH_BASE + 0x20000)
                0x40000000                PROVIDE (TIM2, (APB1PERIPH_BASE + 0x0))
                0x40000400                PROVIDE (TIM3, (APB1PERIPH_BASE + 0x400))
                0x40000800                PROVIDE (TIM4, (APB1PERIPH_BASE + 0x800))
                0x40002800                PROVIDE (RTC, (APB1PERIPH_BASE + 0x2800))
                0x40002c00                PROVIDE (WWDG, (APB1PERIPH_BASE + 0x2c00))
                0x40003000                PROVIDE (IWDG, (APB1PERIPH_BASE + 0x3000))
                0x40003800                PROVIDE (SPI2, (APB1PERIPH_BASE + 0x3800))
                0x40004400                PROVIDE (USART2, (APB1PERIPH_BASE + 0x4400))
                0x40004800                PROVIDE (USART3, (APB1PERIPH_BASE + 0x4800))
                0x40005400                PROVIDE (I2C1, (APB1PERIPH_BASE + 0x5400))
                0x40005800                PROVIDE (I2C2, (APB1PERIPH_BASE + 0x5800))
                0x40006400                PROVIDE (CAN, (APB1PERIPH_BASE + 0x6400))
                0x40006c00                PROVIDE (BKP, (APB1PERIPH_BASE + 0x6c00))
                0x40007000                PROVIDE (PWR, (APB1PERIPH_BASE + 0x7000))
                0x40010000                PROVIDE (AFIO, (APB2PERIPH_BASE + 0x0))
                0x40010400                PROVIDE (EXTI, (APB2PERIPH_BASE + 0x400))
                0x40010800                PROVIDE (GPIOA, (APB2PERIPH_BASE + 0x800))
                0x40010c00                PROVIDE (GPIOB, (APB2PERIPH_BASE + 0xc00))
                0x40011000                PROVIDE (GPIOC, (APB2PERIPH_BASE + 0x1000))
                0x40011400                PROVIDE (GPIOD, (APB2PERIPH_BASE + 0x1400))
                0x40011800                PROVIDE (GPIOE, (APB2PERIPH_BASE + 0x1800))
                0x40012400                PROVIDE (ADC1, (APB2PERIPH_BASE + 0x2400))
                0x40012800                PROVIDE (ADC2, (APB2PERIPH_BASE + 0x2800))
                0x40012c00                PROVIDE (TIM1, (APB2PERIPH_BASE + 0x2c00))
                0x40013000                PROVIDE (SPI1, (APB2PERIPH_BASE + 0x3000))
                0x40013800                PROVIDE (USART1, (APB2PERIPH_BASE + 0x3800))
                0x40020000                PROVIDE (DMA, (AHBPERIPH_BASE + 0x0))
                0x40020008                PROVIDE (DMA_Channel1, (AHBPERIPH_BASE + 0x8))
                0x4002001c                PROVIDE (DMA_Channel2, (AHBPERIPH_BASE + 0x1c))
                0x40020030                PROVIDE (DMA_Channel3, (AHBPERIPH_BASE + 0x30))
                0x40020044                PROVIDE (DMA_Channel4, (AHBPERIPH_BASE + 0x44))
                0x40020058                PROVIDE (DMA_Channel5, (AHBPERIPH_BASE + 0x58))
                0x4002006c                PROVIDE (DMA_Channel6, (AHBPERIPH_BASE + 0x6c))
                0x40020080                PROVIDE (DMA_Channel7, (AHBPERIPH_BASE + 0x80))
                0x40021000                PROVIDE (RCC, (AHBPERIPH_BASE + 0x1000))
                0xe000e000                SCS_BASE = 0xe000e000
                0xe000e010                PROVIDE (SysTick, (SCS_BASE + 0x10))
                0xe000e100                PROVIDE (NVIC, (SCS_BASE + 0x100))
                0xe000ed00                PROVIDE (SCB, (SCS_BASE + 0xd00))
                0x20005000                _estack = 0x20005000

.isr_vector     0x08002000      0x10c
                0x08002000                . = ALIGN (0x4)
 *(.isr_vector)
 .isr_vector    0x08002000      0x10c D:\WkPjt\MStory2.0\Mango-Z1.Firmware\Z1.Src005.KeyInterrupt_for_AN2557.IAP\project\RIDE\obj\startup_stm32f10x_md.o
                0x08002000                g_pfnVectors
                0x0800210c                . = ALIGN (0x4)

.flashtext      0x0800210c        0x0
                0x0800210c                . = ALIGN (0x4)
 *(.flashtext)
                0x0800210c                . = ALIGN (0x4)

.text           0x08002110     0x76f4
                0x08002110                . = ALIGN (0x4)
 *(.text)
 .text          0x08002110       0x60 c:/program files/raisonance/ride/arm-gcc/bin/../lib/gcc/arm-none-eabi/4.3.2/../../../../arm-none-eabi/lib/thumb2\libc.a(lib_a-printf.o)
                0x08002110                printf
                0x08002144                _printf_r
 .text          0x08002170       0x68 c:/program files/raisonance/ride/arm-gcc/bin/../lib/gcc/arm-none-eabi/4.3.2/../../../../arm-none-eabi/lib/thumb2\libc.a(lib_a-puts.o)
                0x08002170                _puts_r
                0x080021c4                puts
 .text          0x080021d8       0x34 c:/program files/raisonance/ride/arm-gcc/bin/../lib/gcc/arm-none-eabi/4.3.2/../../../../arm-none-eabi/lib/thumb2\libc.a(lib_a-strlen.o)
                0x080021d8                strlen
 .text          0x0800220c     0x16fc c:/program files/raisonance/ride/arm-gcc/bin/../lib/gcc/arm-none-eabi/4.3.2/../../../../arm-none-eabi/lib/thumb2\libc.a(lib_a-vfprintf.o)
                0x08002228                _vfprintf_r
                0x080038ec                vfprintf
 .text          0x08003908      0x104 c:/program files/raisonance/ride/arm-gcc/bin/../lib/gcc/arm-none-eabi/4.3.2/../../../../arm-none-eabi/lib/thumb2\libc.a(lib_a-wsetup.o)
                0x08003908                __swsetup_r
 *fill*         0x08003a0c        0x4 00
 .text          0x08003a10      0xfa8 c:/program files/raisonance/ride/arm-gcc/bin/../lib/gcc/arm-none-eabi/4.3.2/../../../../arm-none-eabi/lib/thumb2\libc.a(lib_a-dtoa.o)
                0x08003b58                _dtoa_r
 .text          0x080049b8      0x15c c:/program files/raisonance/ride/arm-gcc/bin/../lib/gcc/arm-none-eabi/4.3.2/../../../../arm-none-eabi/lib/thumb2\libc.a(lib_a-fflush.o)
                0x08004ae4                fflush
                0x080049b8                _fflush_r
 .text          0x08004b14      0x200 c:/program files/raisonance/ride/arm-gcc/bin/../lib/gcc/arm-none-eabi/4.3.2/../../../../arm-none-eabi/lib/thumb2\libc.a(lib_a-findfp.o)
                0x08004c3c                __sinit
                0x08004b90                __sfmoreglue
                0x08004b74                _cleanup
                0x08004b64                _cleanup_r
                0x08004b48                __fp_lock_all
                0x08004b14                __sfp_lock_acquire
                0x08004bc0                __sfp
                0x08004b20                __sinit_lock_release
                0x08004b2c                __fp_unlock_all
                0x08004b18                __sfp_lock_release
                0x08004b1c                __sinit_lock_acquire
 .text          0x08004d14      0x238 c:/program files/raisonance/ride/arm-gcc/bin/../lib/gcc/arm-none-eabi/4.3.2/../../../../arm-none-eabi/lib/thumb2\libc.a(lib_a-freer.o)
                0x08004dc0                _free_r
                0x08004d14                _malloc_trim_r
 .text          0x08004f4c      0x2e8 c:/program files/raisonance/ride/arm-gcc/bin/../lib/gcc/arm-none-eabi/4.3.2/../../../../arm-none-eabi/lib/thumb2\libc.a(lib_a-fvwrite.o)
                0x08004f4c                __sfvwrite_r
 .text          0x08005234       0xb0 c:/program files/raisonance/ride/arm-gcc/bin/../lib/gcc/arm-none-eabi/4.3.2/../../../../arm-none-eabi/lib/thumb2\libc.a(lib_a-fwalk.o)
                0x0800528c                _fwalk
                0x08005234                _fwalk_reent
 .text          0x080052e4       0x74 c:/program files/raisonance/ride/arm-gcc/bin/../lib/gcc/arm-none-eabi/4.3.2/../../../../arm-none-eabi/lib/thumb2\libc.a(lib_a-locale.o)
                0x08005300                _setlocale_r
                0x080052e4                __locale_charset
                0x080052f0                _localeconv_r
                0x08005340                setlocale
                0x080052f8                localeconv
 .text          0x08005358       0xe0 c:/program files/raisonance/ride/arm-gcc/bin/../lib/gcc/arm-none-eabi/4.3.2/../../../../arm-none-eabi/lib/thumb2\libc.a(lib_a-makebuf.o)
                0x08005358                __smakebuf_r
 .text          0x08005438       0x28 c:/program files/raisonance/ride/arm-gcc/bin/../lib/gcc/arm-none-eabi/4.3.2/../../../../arm-none-eabi/lib/thumb2\libc.a(lib_a-malloc.o)
                0x0800544c                malloc
                0x08005438                free
 .text          0x08005460      0x538 c:/program files/raisonance/ride/arm-gcc/bin/../lib/gcc/arm-none-eabi/4.3.2/../../../../arm-none-eabi/lib/thumb2\libc.a(lib_a-mallocr.o)
                0x08005460                _malloc_r
 .text          0x08005998       0x80 c:/program files/raisonance/ride/arm-gcc/bin/../lib/gcc/arm-none-eabi/4.3.2/../../../../arm-none-eabi/lib/thumb2\libc.a(lib_a-memchr.o)
                0x08005998                memchr
 .text          0x08005a18       0x98 c:/program files/raisonance/ride/arm-gcc/bin/../lib/gcc/arm-none-eabi/4.3.2/../../../../arm-none-eabi/lib/thumb2\libc.a(lib_a-memcpy.o)
                0x08005a18                memcpy
 .text          0x08005ab0       0xc0 c:/program files/raisonance/ride/arm-gcc/bin/../lib/gcc/arm-none-eabi/4.3.2/../../../../arm-none-eabi/lib/thumb2\libc.a(lib_a-memmove.o)
                0x08005ab0                memmove
 .text          0x08005b70       0x88 c:/program files/raisonance/ride/arm-gcc/bin/../lib/gcc/arm-none-eabi/4.3.2/../../../../arm-none-eabi/lib/thumb2\libc.a(lib_a-memset.o)
                0x08005b70                memset
 .text          0x08005bf8        0x8 c:/program files/raisonance/ride/arm-gcc/bin/../lib/gcc/arm-none-eabi/4.3.2/../../../../arm-none-eabi/lib/thumb2\libc.a(lib_a-mlock.o)
                0x08005bfc                __malloc_unlock
                0x08005bf8                __malloc_lock
 .text          0x08005c00      0x944 c:/program files/raisonance/ride/arm-gcc/bin/../lib/gcc/arm-none-eabi/4.3.2/../../../../arm-none-eabi/lib/thumb2\libc.a(lib_a-mprec.o)
                0x08005e30                _mprec_log10
                0x08005ebc                __any_on
                0x08005f54                _Balloc
                0x08005ddc                __ratio
                0x08006368                __i2b
                0x08005d30                __b2d
                0x080064b0                __s2b
                0x08005ca8                __mcmp
                0x08005c00                __hi0bits
                0x080063fc                __pow5mult
                0x08006178                __lshift
                0x0800622c                __multiply
                0x08005fc4                __d2b
                0x08005e6c                __copybits
                0x08005ce8                __ulp
                0x0800607c                __mdiff
                0x08005c40                __lo0bits
                0x0800637c                __multadd
                0x08005f24                _Bfree
 .text          0x08006544      0x388 c:/program files/raisonance/ride/arm-gcc/bin/../lib/gcc/arm-none-eabi/4.3.2/../../../../arm-none-eabi/lib/thumb2\libc.a(lib_a-reallocr.o)
                0x08006544                _realloc_r
 .text          0x080068cc       0x24 c:/program files/raisonance/ride/arm-gcc/bin/../lib/gcc/arm-none-eabi/4.3.2/../../../../arm-none-eabi/lib/thumb2\libc.a(lib_a-s_isinfd.o)
                0x080068cc                __isinfd
 .text          0x080068f0       0x20 c:/program files/raisonance/ride/arm-gcc/bin/../lib/gcc/arm-none-eabi/4.3.2/../../../../arm-none-eabi/lib/thumb2\libc.a(lib_a-s_isnand.o)
                0x080068f0                __isnand
 .text          0x08006910       0x28 c:/program files/raisonance/ride/arm-gcc/bin/../lib/gcc/arm-none-eabi/4.3.2/../../../../arm-none-eabi/lib/thumb2\libc.a(lib_a-sbrkr.o)
                0x08006910                _sbrk_r
 .text          0x08006938       0x94 c:/program files/raisonance/ride/arm-gcc/bin/../lib/gcc/arm-none-eabi/4.3.2/../../../../arm-none-eabi/lib/thumb2\libc.a(lib_a-stdio.o)
                0x08006944                __sseek
                0x080069a8                __sread
                0x08006938                __sclose
                0x0800696c                __swrite
 .text          0x080069cc       0x50 c:/program files/raisonance/ride/arm-gcc/bin/../lib/gcc/arm-none-eabi/4.3.2/../../../../arm-none-eabi/lib/thumb2\libc.a(lib_a-strcmp.o)
                0x080069cc                strcmp
 .text          0x08006a1c       0x2c c:/program files/raisonance/ride/arm-gcc/bin/../lib/gcc/arm-none-eabi/4.3.2/../../../../arm-none-eabi/lib/thumb2\libc.a(lib_a-writer.o)
                0x08006a1c                _write_r
 .text          0x08006a48       0x5c c:/program files/raisonance/ride/arm-gcc/bin/../lib/gcc/arm-none-eabi/4.3.2/../../../../arm-none-eabi/lib/thumb2\libc.a(lib_a-callocr.o)
                0x08006a48                _calloc_r
 .text          0x08006aa4       0x28 c:/program files/raisonance/ride/arm-gcc/bin/../lib/gcc/arm-none-eabi/4.3.2/../../../../arm-none-eabi/lib/thumb2\libc.a(lib_a-closer.o)
                0x08006aa4                _close_r
 .text          0x08006acc       0xcc c:/program files/raisonance/ride/arm-gcc/bin/../lib/gcc/arm-none-eabi/4.3.2/../../../../arm-none-eabi/lib/thumb2\libc.a(lib_a-fclose.o)
                0x08006acc                _fclose_r
                0x08006b84                fclose
 .text          0x08006b98       0x2c c:/program files/raisonance/ride/arm-gcc/bin/../lib/gcc/arm-none-eabi/4.3.2/../../../../arm-none-eabi/lib/thumb2\libc.a(lib_a-fstatr.o)
                0x08006b98                _fstat_r
 .text          0x08006bc4       0x28 c:/program files/raisonance/ride/arm-gcc/bin/../lib/gcc/arm-none-eabi/4.3.2/../../../../arm-none-eabi/lib/thumb2\libc.a(lib_a-isattyr.o)
                0x08006bc4                _isatty_r
 .text          0x08006bec       0x2c c:/program files/raisonance/ride/arm-gcc/bin/../lib/gcc/arm-none-eabi/4.3.2/../../../../arm-none-eabi/lib/thumb2\libc.a(lib_a-lseekr.o)
                0x08006bec                _lseek_r
 .text          0x08006c18       0x2c c:/program files/raisonance/ride/arm-gcc/bin/../lib/gcc/arm-none-eabi/4.3.2/../../../../arm-none-eabi/lib/thumb2\libc.a(lib_a-readr.o)
                0x08006c18                _read_r
 .text          0x08006c44       0x8c c:/program files/raisonance/ride/arm-gcc/bin/../lib/gcc/arm-none-eabi/4.3.2/thumb2\libgcc.a(_udivsi3.o)
                0x08006c44                __udivsi3
                0x08006c44                __aeabi_uidiv
                0x08006cbc                __aeabi_uidivmod
 .text          0x08006cd0        0x4 c:/program files/raisonance/ride/arm-gcc/bin/../lib/gcc/arm-none-eabi/4.3.2/thumb2\libgcc.a(_dvmd_tls.o)
                0x08006cd0                __aeabi_ldiv0
                0x08006cd0                __aeabi_idiv0
 .text          0x08006cd4      0x370 c:/program files/raisonance/ride/arm-gcc/bin/../lib/gcc/arm-none-eabi/4.3.2/thumb2\libgcc.a(_arm_addsubdf3.o)
                0x08006fe8                __floatdidf
                0x08006f78                __floatsidf
                0x08006f58                __aeabi_ui2d
                0x08006cd4                __aeabi_drsub
                0x08006f9c                __extendsfdf2
                0x08006ce0                __adddf3
                0x08006f58                __floatunsidf
                0x08006ce0                __aeabi_dadd
                0x08006fd8                __aeabi_ul2d
                0x08006cdc                __aeabi_dsub
                0x08006fd8                __floatundidf
                0x08006f78                __aeabi_i2d
                0x08006fe8                __aeabi_l2d
                0x08006f9c                __aeabi_f2d
                0x08006cdc                __subdf3
 .text          0x08007044      0x424 c:/program files/raisonance/ride/arm-gcc/bin/../lib/gcc/arm-none-eabi/4.3.2/thumb2\libgcc.a(_arm_muldivdf3.o)
                0x08007298                __aeabi_ddiv
                0x08007044                __aeabi_dmul
                0x08007298                __divdf3
                0x08007044                __muldf3
 .text          0x08007468      0x10c c:/program files/raisonance/ride/arm-gcc/bin/../lib/gcc/arm-none-eabi/4.3.2/thumb2\libgcc.a(_arm_cmpdf2.o)
                0x08007538                __aeabi_dcmple
                0x08007478                __cmpdf2
                0x08007478                __eqdf2
                0x08007468                __gtdf2
                0x08007500                __aeabi_cdcmple
                0x080074f0                __aeabi_cdrcmple
                0x08007470                __ltdf2
                0x08007524                __aeabi_dcmplt
                0x08007470                __ledf2
                0x08007560                __aeabi_dcmpgt
                0x0800754c                __aeabi_dcmpge
                0x08007478                __nedf2
                0x08007510                __aeabi_dcmpeq
                0x08007500                __aeabi_cdcmpeq
                0x08007468                __gedf2
 .text          0x08007574       0x50 c:/program files/raisonance/ride/arm-gcc/bin/../lib/gcc/arm-none-eabi/4.3.2/thumb2\libgcc.a(_arm_fixdfsi.o)
                0x08007574                __fixdfsi
                0x08007574                __aeabi_d2iz
 .text          0x080075c4       0x2c c:/program files/raisonance/ride/arm-gcc/bin/../lib/gcc/arm-none-eabi/4.3.2/thumb2\libgcc.a(_aeabi_uldivmod.o)
                0x080075c4                __aeabi_uldivmod
 .text          0x080075f0       0x60 c:/program files/raisonance/ride/arm-gcc/bin/../lib/gcc/arm-none-eabi/4.3.2/thumb2\libgcc.a(bpabi.o)
                0x080075f0                __gnu_uldivmod_helper
                0x08007620                __gnu_ldivmod_helper
 .text          0x08007650      0x424 c:/program files/raisonance/ride/arm-gcc/bin/../lib/gcc/arm-none-eabi/4.3.2/thumb2\libgcc.a(_divdi3.o)
                0x08007650                __divdi3
 .text          0x08007a74      0x3e4 c:/program files/raisonance/ride/arm-gcc/bin/../lib/gcc/arm-none-eabi/4.3.2/thumb2\libgcc.a(_udivdi3.o)
                0x08007a74                __udivdi3
 .text          0x08007e58        0xc c:/program files/raisonance/ride/arm-gcc/bin/../lib/gcc/arm-none-eabi/4.3.2/../../../../arm-none-eabi/lib/thumb2\libc.a(lib_a-abort.o)
                0x08007e58                abort
 .text          0x08007e64      0x150 c:/program files/raisonance/ride/arm-gcc/bin/../lib/gcc/arm-none-eabi/4.3.2/../../../../arm-none-eabi/lib/thumb2\libc.a(lib_a-signal.o)
                0x08007f68                _signal_r
                0x08007e64                _raise_r
                0x08007f08                __sigtramp_r
                0x08007f9c                signal
                0x08007ef4                _init_signal
                0x08007ecc                _init_signal_r
                0x08007f54                __sigtramp
                0x08007eb8                raise
 .text          0x08007fb4       0x34 c:/program files/raisonance/ride/arm-gcc/bin/../lib/gcc/arm-none-eabi/4.3.2/../../../../arm-none-eabi/lib/thumb2\libc.a(lib_a-signalr.o)
                0x08007fbc                _kill_r
                0x08007fb4                _getpid_r
 *(.text.*)
 .text.System_Information
                0x08007fe8       0x50 D:\WkPjt\MStory2.0\Mango-Z1.Firmware\Z1.Src005.KeyInterrupt_for_AN2557.IAP\project\RIDE\obj\main.o
                0x08007fe8                System_Information
 .text.main     0x08008038       0xe8 D:\WkPjt\MStory2.0\Mango-Z1.Firmware\Z1.Src005.KeyInterrupt_for_AN2557.IAP\project\RIDE\obj\main.o
                0x08008038                main
 .text.Delay    0x08008120       0x1c D:\WkPjt\MStory2.0\Mango-Z1.Firmware\Z1.Src005.KeyInterrupt_for_AN2557.IAP\project\RIDE\obj\hw_config.o
                0x08008120                Delay
 .text.delay_100_milli_second
                0x0800813c        0xc D:\WkPjt\MStory2.0\Mango-Z1.Firmware\Z1.Src005.KeyInterrupt_for_AN2557.IAP\project\RIDE\obj\hw_config.o
                0x0800813c                delay_100_milli_second
 .text.delay_1_second
                0x08008148        0xc D:\WkPjt\MStory2.0\Mango-Z1.Firmware\Z1.Src005.KeyInterrupt_for_AN2557.IAP\project\RIDE\obj\hw_config.o
                0x08008148                delay_1_second
 .text.TimingDelay_Decrement
                0x08008154       0x14 D:\WkPjt\MStory2.0\Mango-Z1.Firmware\Z1.Src005.KeyInterrupt_for_AN2557.IAP\project\RIDE\obj\hw_config.o
                0x08008154                TimingDelay_Decrement
 .text.USART_GetCharacter
                0x08008168       0x38 D:\WkPjt\MStory2.0\Mango-Z1.Firmware\Z1.Src005.KeyInterrupt_for_AN2557.IAP\project\RIDE\obj\hw_config.o
                0x08008168                USART_GetCharacter
 .text.__io_putchar
                0x080081a0       0x40 D:\WkPjt\MStory2.0\Mango-Z1.Firmware\Z1.Src005.KeyInterrupt_for_AN2557.IAP\project\RIDE\obj\hw_config.o
                0x080081a0                __io_putchar
 .text.EXTI_Configuration
                0x080081e0       0x4c D:\WkPjt\MStory2.0\Mango-Z1.Firmware\Z1.Src005.KeyInterrupt_for_AN2557.IAP\project\RIDE\obj\hw_config.o
                0x080081e0                EXTI_Configuration
 .text.GPIO_Configuration
                0x0800822c       0x74 D:\WkPjt\MStory2.0\Mango-Z1.Firmware\Z1.Src005.KeyInterrupt_for_AN2557.IAP\project\RIDE\obj\hw_config.o
                0x0800822c                GPIO_Configuration
 .text.NVIC_Configuration
                0x080082a0       0x50 D:\WkPjt\MStory2.0\Mango-Z1.Firmware\Z1.Src005.KeyInterrupt_for_AN2557.IAP\project\RIDE\obj\hw_config.o
                0x080082a0                NVIC_Configuration
 .text.RCC_Configuration
                0x080082f0       0x24 D:\WkPjt\MStory2.0\Mango-Z1.Firmware\Z1.Src005.KeyInterrupt_for_AN2557.IAP\project\RIDE\obj\hw_config.o
                0x080082f0                RCC_Configuration
 .text.USART1_Init
                0x08008314       0x3c D:\WkPjt\MStory2.0\Mango-Z1.Firmware\Z1.Src005.KeyInterrupt_for_AN2557.IAP\project\RIDE\obj\hw_config.o
                0x08008314                USART1_Init
 .text.LED_Off_Blue
                0x08008350       0x14 D:\WkPjt\MStory2.0\Mango-Z1.Firmware\Z1.Src005.KeyInterrupt_for_AN2557.IAP\project\RIDE\obj\led.o
                0x08008350                LED_Off_Blue
 .text.LED_Off_Yellow
                0x08008364       0x10 D:\WkPjt\MStory2.0\Mango-Z1.Firmware\Z1.Src005.KeyInterrupt_for_AN2557.IAP\project\RIDE\obj\led.o
                0x08008364                LED_Off_Yellow
 .text.LED_Off_Red
                0x08008374       0x14 D:\WkPjt\MStory2.0\Mango-Z1.Firmware\Z1.Src005.KeyInterrupt_for_AN2557.IAP\project\RIDE\obj\led.o
                0x08008374                LED_Off_Red
 .text.LED_Off_All
                0x08008388       0x10 D:\WkPjt\MStory2.0\Mango-Z1.Firmware\Z1.Src005.KeyInterrupt_for_AN2557.IAP\project\RIDE\obj\led.o
                0x08008388                LED_Off_All
 .text.LED_On_Blue
                0x08008398       0x14 D:\WkPjt\MStory2.0\Mango-Z1.Firmware\Z1.Src005.KeyInterrupt_for_AN2557.IAP\project\RIDE\obj\led.o
                0x08008398                LED_On_Blue
 .text.LED_On_Yellow
                0x080083ac       0x10 D:\WkPjt\MStory2.0\Mango-Z1.Firmware\Z1.Src005.KeyInterrupt_for_AN2557.IAP\project\RIDE\obj\led.o
                0x080083ac                LED_On_Yellow
 .text.LED_On_Red
                0x080083bc       0x14 D:\WkPjt\MStory2.0\Mango-Z1.Firmware\Z1.Src005.KeyInterrupt_for_AN2557.IAP\project\RIDE\obj\led.o
                0x080083bc                LED_On_Red
 .text.LED_OnOffAll_Mult
                0x080083d0       0x40 D:\WkPjt\MStory2.0\Mango-Z1.Firmware\Z1.Src005.KeyInterrupt_for_AN2557.IAP\project\RIDE\obj\led.o
                0x080083d0                LED_OnOffAll_Mult
 .text.LED_On_All
                0x08008410       0x10 D:\WkPjt\MStory2.0\Mango-Z1.Firmware\Z1.Src005.KeyInterrupt_for_AN2557.IAP\project\RIDE\obj\led.o
                0x08008410                LED_On_All
 .text.LED_Test
                0x08008420       0x1c D:\WkPjt\MStory2.0\Mango-Z1.Firmware\Z1.Src005.KeyInterrupt_for_AN2557.IAP\project\RIDE\obj\led.o
                0x08008420                LED_Test
 .text.assert_failed
                0x0800843c       0x14 D:\WkPjt\MStory2.0\Mango-Z1.Firmware\Z1.Src005.KeyInterrupt_for_AN2557.IAP\project\RIDE\obj\debug.o
                0x0800843c                assert_failed
 .text.DebugMsg_FunctionStart
                0x08008450       0x10 D:\WkPjt\MStory2.0\Mango-Z1.Firmware\Z1.Src005.KeyInterrupt_for_AN2557.IAP\project\RIDE\obj\debug.o
                0x08008450                DebugMsg_FunctionStart
 .text.KEY_Test
                0x08008460       0x50 D:\WkPjt\MStory2.0\Mango-Z1.Firmware\Z1.Src005.KeyInterrupt_for_AN2557.IAP\project\RIDE\obj\key.o
                0x08008460                KEY_Test
 .text.NMI_Handler
                0x080084b0        0x4 D:\WkPjt\MStory2.0\Mango-Z1.Firmware\Z1.Src005.KeyInterrupt_for_AN2557.IAP\project\RIDE\obj\stm32f10x_it.o
                0x080084b0                NMI_Handler
 .text.HardFault_Handler
                0x080084b4        0x4 D:\WkPjt\MStory2.0\Mango-Z1.Firmware\Z1.Src005.KeyInterrupt_for_AN2557.IAP\project\RIDE\obj\stm32f10x_it.o
                0x080084b4                HardFault_Handler
 .text.MemManage_Handler
                0x080084b8        0x4 D:\WkPjt\MStory2.0\Mango-Z1.Firmware\Z1.Src005.KeyInterrupt_for_AN2557.IAP\project\RIDE\obj\stm32f10x_it.o
                0x080084b8                MemManage_Handler
 .text.BusFault_Handler
                0x080084bc        0x4 D:\WkPjt\MStory2.0\Mango-Z1.Firmware\Z1.Src005.KeyInterrupt_for_AN2557.IAP\project\RIDE\obj\stm32f10x_it.o
                0x080084bc                BusFault_Handler
 .text.UsageFault_Handler
                0x080084c0        0x4 D:\WkPjt\MStory2.0\Mango-Z1.Firmware\Z1.Src005.KeyInterrupt_for_AN2557.IAP\project\RIDE\obj\stm32f10x_it.o
                0x080084c0                UsageFault_Handler
 .text.SVC_Handler
                0x080084c4        0x4 D:\WkPjt\MStory2.0\Mango-Z1.Firmware\Z1.Src005.KeyInterrupt_for_AN2557.IAP\project\RIDE\obj\stm32f10x_it.o
                0x080084c4                SVC_Handler
 .text.DebugMon_Handler
                0x080084c8        0x4 D:\WkPjt\MStory2.0\Mango-Z1.Firmware\Z1.Src005.KeyInterrupt_for_AN2557.IAP\project\RIDE\obj\stm32f10x_it.o
                0x080084c8                DebugMon_Handler
 .text.PendSV_Handler
                0x080084cc        0x4 D:\WkPjt\MStory2.0\Mango-Z1.Firmware\Z1.Src005.KeyInterrupt_for_AN2557.IAP\project\RIDE\obj\stm32f10x_it.o
                0x080084cc                PendSV_Handler
 .text.WWDG_IRQHandler
                0x080084d0        0x4 D:\WkPjt\MStory2.0\Mango-Z1.Firmware\Z1.Src005.KeyInterrupt_for_AN2557.IAP\project\RIDE\obj\stm32f10x_it.o
                0x080084d0                WWDG_IRQHandler
 .text.PVD_IRQHandler
                0x080084d4        0x4 D:\WkPjt\MStory2.0\Mango-Z1.Firmware\Z1.Src005.KeyInterrupt_for_AN2557.IAP\project\RIDE\obj\stm32f10x_it.o
                0x080084d4                PVD_IRQHandler
 .text.TAMPER_IRQHandler
                0x080084d8        0x4 D:\WkPjt\MStory2.0\Mango-Z1.Firmware\Z1.Src005.KeyInterrupt_for_AN2557.IAP\project\RIDE\obj\stm32f10x_it.o
                0x080084d8                TAMPER_IRQHandler
 .text.RTC_IRQHandler
                0x080084dc        0x4 D:\WkPjt\MStory2.0\Mango-Z1.Firmware\Z1.Src005.KeyInterrupt_for_AN2557.IAP\project\RIDE\obj\stm32f10x_it.o
                0x080084dc                RTC_IRQHandler
 .text.FLASH_IRQHandler
                0x080084e0        0x4 D:\WkPjt\MStory2.0\Mango-Z1.Firmware\Z1.Src005.KeyInterrupt_for_AN2557.IAP\project\RIDE\obj\stm32f10x_it.o
                0x080084e0                FLASH_IRQHandler
 .text.RCC_IRQHandler
                0x080084e4        0x4 D:\WkPjt\MStory2.0\Mango-Z1.Firmware\Z1.Src005.KeyInterrupt_for_AN2557.IAP\project\RIDE\obj\stm32f10x_it.o
                0x080084e4                RCC_IRQHandler
 .text.EXTI2_IRQHandler
                0x080084e8        0x4 D:\WkPjt\MStory2.0\Mango-Z1.Firmware\Z1.Src005.KeyInterrupt_for_AN2557.IAP\project\RIDE\obj\stm32f10x_it.o
                0x080084e8                EXTI2_IRQHandler
 .text.EXTI3_IRQHandler
                0x080084ec        0x4 D:\WkPjt\MStory2.0\Mango-Z1.Firmware\Z1.Src005.KeyInterrupt_for_AN2557.IAP\project\RIDE\obj\stm32f10x_it.o
                0x080084ec                EXTI3_IRQHandler
 .text.EXTI4_IRQHandler
                0x080084f0        0x4 D:\WkPjt\MStory2.0\Mango-Z1.Firmware\Z1.Src005.KeyInterrupt_for_AN2557.IAP\project\RIDE\obj\stm32f10x_it.o
                0x080084f0                EXTI4_IRQHandler
 .text.DMA1_Channel1_IRQHandler
                0x080084f4        0x4 D:\WkPjt\MStory2.0\Mango-Z1.Firmware\Z1.Src005.KeyInterrupt_for_AN2557.IAP\project\RIDE\obj\stm32f10x_it.o
                0x080084f4                DMA1_Channel1_IRQHandler
 .text.DMA1_Channel2_IRQHandler
                0x080084f8        0x4 D:\WkPjt\MStory2.0\Mango-Z1.Firmware\Z1.Src005.KeyInterrupt_for_AN2557.IAP\project\RIDE\obj\stm32f10x_it.o
                0x080084f8                DMA1_Channel2_IRQHandler
 .text.DMA1_Channel3_IRQHandler
                0x080084fc        0x4 D:\WkPjt\MStory2.0\Mango-Z1.Firmware\Z1.Src005.KeyInterrupt_for_AN2557.IAP\project\RIDE\obj\stm32f10x_it.o
                0x080084fc                DMA1_Channel3_IRQHandler
 .text.DMA1_Channel4_IRQHandler
                0x08008500        0x4 D:\WkPjt\MStory2.0\Mango-Z1.Firmware\Z1.Src005.KeyInterrupt_for_AN2557.IAP\project\RIDE\obj\stm32f10x_it.o
                0x08008500                DMA1_Channel4_IRQHandler
 .text.DMA1_Channel5_IRQHandler
                0x08008504        0x4 D:\WkPjt\MStory2.0\Mango-Z1.Firmware\Z1.Src005.KeyInterrupt_for_AN2557.IAP\project\RIDE\obj\stm32f10x_it.o
                0x08008504                DMA1_Channel5_IRQHandler
 .text.DMA1_Channel6_IRQHandler
                0x08008508        0x4 D:\WkPjt\MStory2.0\Mango-Z1.Firmware\Z1.Src005.KeyInterrupt_for_AN2557.IAP\project\RIDE\obj\stm32f10x_it.o
                0x08008508                DMA1_Channel6_IRQHandler
 .text.DMA1_Channel7_IRQHandler
                0x0800850c        0x4 D:\WkPjt\MStory2.0\Mango-Z1.Firmware\Z1.Src005.KeyInterrupt_for_AN2557.IAP\project\RIDE\obj\stm32f10x_it.o
                0x0800850c                DMA1_Channel7_IRQHandler
 .text.ADC1_2_IRQHandler
                0x08008510        0x4 D:\WkPjt\MStory2.0\Mango-Z1.Firmware\Z1.Src005.KeyInterrupt_for_AN2557.IAP\project\RIDE\obj\stm32f10x_it.o
                0x08008510                ADC1_2_IRQHandler
 .text.USB_HP_CAN1_TX_IRQHandler
                0x08008514        0x4 D:\WkPjt\MStory2.0\Mango-Z1.Firmware\Z1.Src005.KeyInterrupt_for_AN2557.IAP\project\RIDE\obj\stm32f10x_it.o
                0x08008514                USB_HP_CAN1_TX_IRQHandler
 .text.USB_LP_CAN1_RX0_IRQHandler
                0x08008518        0x4 D:\WkPjt\MStory2.0\Mango-Z1.Firmware\Z1.Src005.KeyInterrupt_for_AN2557.IAP\project\RIDE\obj\stm32f10x_it.o
                0x08008518                USB_LP_CAN1_RX0_IRQHandler
 .text.CAN1_RX1_IRQHandler
                0x0800851c        0x4 D:\WkPjt\MStory2.0\Mango-Z1.Firmware\Z1.Src005.KeyInterrupt_for_AN2557.IAP\project\RIDE\obj\stm32f10x_it.o
                0x0800851c                CAN1_RX1_IRQHandler
 .text.CAN1_SCE_IRQHandler
                0x08008520        0x4 D:\WkPjt\MStory2.0\Mango-Z1.Firmware\Z1.Src005.KeyInterrupt_for_AN2557.IAP\project\RIDE\obj\stm32f10x_it.o
                0x08008520                CAN1_SCE_IRQHandler
 .text.EXTI9_5_IRQHandler
                0x08008524        0x4 D:\WkPjt\MStory2.0\Mango-Z1.Firmware\Z1.Src005.KeyInterrupt_for_AN2557.IAP\project\RIDE\obj\stm32f10x_it.o
                0x08008524                EXTI9_5_IRQHandler
 .text.TIM1_BRK_IRQHandler
                0x08008528        0x4 D:\WkPjt\MStory2.0\Mango-Z1.Firmware\Z1.Src005.KeyInterrupt_for_AN2557.IAP\project\RIDE\obj\stm32f10x_it.o
                0x08008528                TIM1_BRK_IRQHandler
 .text.TIM1_UP_IRQHandler
                0x0800852c        0x4 D:\WkPjt\MStory2.0\Mango-Z1.Firmware\Z1.Src005.KeyInterrupt_for_AN2557.IAP\project\RIDE\obj\stm32f10x_it.o
                0x0800852c                TIM1_UP_IRQHandler
 .text.TIM1_TRG_COM_IRQHandler
                0x08008530        0x4 D:\WkPjt\MStory2.0\Mango-Z1.Firmware\Z1.Src005.KeyInterrupt_for_AN2557.IAP\project\RIDE\obj\stm32f10x_it.o
                0x08008530                TIM1_TRG_COM_IRQHandler
 .text.TIM1_CC_IRQHandler
                0x08008534        0x4 D:\WkPjt\MStory2.0\Mango-Z1.Firmware\Z1.Src005.KeyInterrupt_for_AN2557.IAP\project\RIDE\obj\stm32f10x_it.o
                0x08008534                TIM1_CC_IRQHandler
 .text.TIM2_IRQHandler
                0x08008538        0x4 D:\WkPjt\MStory2.0\Mango-Z1.Firmware\Z1.Src005.KeyInterrupt_for_AN2557.IAP\project\RIDE\obj\stm32f10x_it.o
                0x08008538                TIM2_IRQHandler
 .text.TIM3_IRQHandler
                0x0800853c        0x4 D:\WkPjt\MStory2.0\Mango-Z1.Firmware\Z1.Src005.KeyInterrupt_for_AN2557.IAP\project\RIDE\obj\stm32f10x_it.o
                0x0800853c                TIM3_IRQHandler
 .text.TIM4_IRQHandler
                0x08008540        0x4 D:\WkPjt\MStory2.0\Mango-Z1.Firmware\Z1.Src005.KeyInterrupt_for_AN2557.IAP\project\RIDE\obj\stm32f10x_it.o
                0x08008540                TIM4_IRQHandler
 .text.I2C1_EV_IRQHandler
                0x08008544        0x4 D:\WkPjt\MStory2.0\Mango-Z1.Firmware\Z1.Src005.KeyInterrupt_for_AN2557.IAP\project\RIDE\obj\stm32f10x_it.o
                0x08008544                I2C1_EV_IRQHandler
 .text.I2C1_ER_IRQHandler
                0x08008548        0x4 D:\WkPjt\MStory2.0\Mango-Z1.Firmware\Z1.Src005.KeyInterrupt_for_AN2557.IAP\project\RIDE\obj\stm32f10x_it.o
                0x08008548                I2C1_ER_IRQHandler
 .text.I2C2_EV_IRQHandler
                0x0800854c        0x4 D:\WkPjt\MStory2.0\Mango-Z1.Firmware\Z1.Src005.KeyInterrupt_for_AN2557.IAP\project\RIDE\obj\stm32f10x_it.o
                0x0800854c                I2C2_EV_IRQHandler
 .text.I2C2_ER_IRQHandler
                0x08008550        0x4 D:\WkPjt\MStory2.0\Mango-Z1.Firmware\Z1.Src005.KeyInterrupt_for_AN2557.IAP\project\RIDE\obj\stm32f10x_it.o
                0x08008550                I2C2_ER_IRQHandler
 .text.SPI1_IRQHandler
                0x08008554        0x4 D:\WkPjt\MStory2.0\Mango-Z1.Firmware\Z1.Src005.KeyInterrupt_for_AN2557.IAP\project\RIDE\obj\stm32f10x_it.o
                0x08008554                SPI1_IRQHandler
 .text.SPI2_IRQHandler
                0x08008558        0x4 D:\WkPjt\MStory2.0\Mango-Z1.Firmware\Z1.Src005.KeyInterrupt_for_AN2557.IAP\project\RIDE\obj\stm32f10x_it.o
                0x08008558                SPI2_IRQHandler
 .text.USART1_IRQHandler
                0x0800855c        0x4 D:\WkPjt\MStory2.0\Mango-Z1.Firmware\Z1.Src005.KeyInterrupt_for_AN2557.IAP\project\RIDE\obj\stm32f10x_it.o
                0x0800855c                USART1_IRQHandler
 .text.USART2_IRQHandler
                0x08008560        0x4 D:\WkPjt\MStory2.0\Mango-Z1.Firmware\Z1.Src005.KeyInterrupt_for_AN2557.IAP\project\RIDE\obj\stm32f10x_it.o
                0x08008560                USART2_IRQHandler
 .text.USART3_IRQHandler
                0x08008564        0x4 D:\WkPjt\MStory2.0\Mango-Z1.Firmware\Z1.Src005.KeyInterrupt_for_AN2557.IAP\project\RIDE\obj\stm32f10x_it.o
                0x08008564                USART3_IRQHandler
 .text.EXTI15_10_IRQHandler
                0x08008568        0x4 D:\WkPjt\MStory2.0\Mango-Z1.Firmware\Z1.Src005.KeyInterrupt_for_AN2557.IAP\project\RIDE\obj\stm32f10x_it.o
                0x08008568                EXTI15_10_IRQHandler
 .text.RTCAlarm_IRQHandler
                0x0800856c        0x4 D:\WkPjt\MStory2.0\Mango-Z1.Firmware\Z1.Src005.KeyInterrupt_for_AN2557.IAP\project\RIDE\obj\stm32f10x_it.o
                0x0800856c                RTCAlarm_IRQHandler
 .text.USBWakeUp_IRQHandler
                0x08008570        0x4 D:\WkPjt\MStory2.0\Mango-Z1.Firmware\Z1.Src005.KeyInterrupt_for_AN2557.IAP\project\RIDE\obj\stm32f10x_it.o
                0x08008570                USBWakeUp_IRQHandler
 .text.EXTI1_IRQHandler
                0x08008574       0x1c D:\WkPjt\MStory2.0\Mango-Z1.Firmware\Z1.Src005.KeyInterrupt_for_AN2557.IAP\project\RIDE\obj\stm32f10x_it.o
                0x08008574                EXTI1_IRQHandler
 .text.EXTI0_IRQHandler
                0x08008590       0x1c D:\WkPjt\MStory2.0\Mango-Z1.Firmware\Z1.Src005.KeyInterrupt_for_AN2557.IAP\project\RIDE\obj\stm32f10x_it.o
                0x08008590                EXTI0_IRQHandler
 .text.SysTick_Handler
                0x080085ac        0x8 D:\WkPjt\MStory2.0\Mango-Z1.Firmware\Z1.Src005.KeyInterrupt_for_AN2557.IAP\project\RIDE\obj\stm32f10x_it.o
                0x080085ac                SysTick_Handler
 .text.USART_GetFlagStatus
                0x080085b4       0xa4 D:\WkPjt\MStory2.0\Mango-Z1.Firmware\Z1.Src005.KeyInterrupt_for_AN2557.IAP\project\RIDE\obj\stm32f10x_usart.o
                0x080085b4                USART_GetFlagStatus
 .text.USART_ReceiveData
                0x08008658       0x44 D:\WkPjt\MStory2.0\Mango-Z1.Firmware\Z1.Src005.KeyInterrupt_for_AN2557.IAP\project\RIDE\obj\stm32f10x_usart.o
                0x08008658                USART_ReceiveData
 .text.USART_SendData
                0x0800869c       0x58 D:\WkPjt\MStory2.0\Mango-Z1.Firmware\Z1.Src005.KeyInterrupt_for_AN2557.IAP\project\RIDE\obj\stm32f10x_usart.o
                0x0800869c                USART_SendData
 .text.USART_Cmd
                0x080086f4       0x68 D:\WkPjt\MStory2.0\Mango-Z1.Firmware\Z1.Src005.KeyInterrupt_for_AN2557.IAP\project\RIDE\obj\stm32f10x_usart.o
                0x080086f4                USART_Cmd
 .text.USART_Init
                0x0800875c      0x170 D:\WkPjt\MStory2.0\Mango-Z1.Firmware\Z1.Src005.KeyInterrupt_for_AN2557.IAP\project\RIDE\obj\stm32f10x_usart.o
                0x0800875c                USART_Init
 .text.GPIO_EXTILineConfig
                0x080088cc       0x58 D:\WkPjt\MStory2.0\Mango-Z1.Firmware\Z1.Src005.KeyInterrupt_for_AN2557.IAP\project\RIDE\obj\stm32f10x_gpio.o
                0x080088cc                GPIO_EXTILineConfig
 .text.GPIO_ResetBits
                0x08008924       0x60 D:\WkPjt\MStory2.0\Mango-Z1.Firmware\Z1.Src005.KeyInterrupt_for_AN2557.IAP\project\RIDE\obj\stm32f10x_gpio.o
                0x08008924                GPIO_ResetBits
 .text.GPIO_SetBits
                0x08008984       0x60 D:\WkPjt\MStory2.0\Mango-Z1.Firmware\Z1.Src005.KeyInterrupt_for_AN2557.IAP\project\RIDE\obj\stm32f10x_gpio.o
                0x08008984                GPIO_SetBits
 .text.GPIO_ReadInputDataBit
                0x080089e4       0xb4 D:\WkPjt\MStory2.0\Mango-Z1.Firmware\Z1.Src005.KeyInterrupt_for_AN2557.IAP\project\RIDE\obj\stm32f10x_gpio.o
                0x080089e4                GPIO_ReadInputDataBit
 .text.GPIO_Init
                0x08008a98      0x130 D:\WkPjt\MStory2.0\Mango-Z1.Firmware\Z1.Src005.KeyInterrupt_for_AN2557.IAP\project\RIDE\obj\stm32f10x_gpio.o
                0x08008a98                GPIO_Init
 .text.RCC_GetClocksFreq
                0x08008bc8       0x98 D:\WkPjt\MStory2.0\Mango-Z1.Firmware\Z1.Src005.KeyInterrupt_for_AN2557.IAP\project\RIDE\obj\stm32f10x_rcc.o
                0x08008bc8                RCC_GetClocksFreq
 .text.RCC_APB2PeriphClockCmd
                0x08008c60       0x4c D:\WkPjt\MStory2.0\Mango-Z1.Firmware\Z1.Src005.KeyInterrupt_for_AN2557.IAP\project\RIDE\obj\stm32f10x_rcc.o
                0x08008c60                RCC_APB2PeriphClockCmd
 .text.NVIC_SetVectorTable
                0x08008cac       0x44 D:\WkPjt\MStory2.0\Mango-Z1.Firmware\Z1.Src005.KeyInterrupt_for_AN2557.IAP\project\RIDE\obj\misc.o
                0x08008cac                NVIC_SetVectorTable
 .text.NVIC_Init
                0x08008cf0       0x90 D:\WkPjt\MStory2.0\Mango-Z1.Firmware\Z1.Src005.KeyInterrupt_for_AN2557.IAP\project\RIDE\obj\misc.o
                0x08008cf0                NVIC_Init
 .text.NVIC_PriorityGroupConfig
                0x08008d80       0x40 D:\WkPjt\MStory2.0\Mango-Z1.Firmware\Z1.Src005.KeyInterrupt_for_AN2557.IAP\project\RIDE\obj\misc.o
                0x08008d80                NVIC_PriorityGroupConfig
 .text.EXTI_ClearITPendingBit
                0x08008dc0       0x24 D:\WkPjt\MStory2.0\Mango-Z1.Firmware\Z1.Src005.KeyInterrupt_for_AN2557.IAP\project\RIDE\obj\stm32f10x_exti.o
                0x08008dc0                EXTI_ClearITPendingBit
 .text.EXTI_GetITStatus
                0x08008de4       0x90 D:\WkPjt\MStory2.0\Mango-Z1.Firmware\Z1.Src005.KeyInterrupt_for_AN2557.IAP\project\RIDE\obj\stm32f10x_exti.o
                0x08008de4                EXTI_GetITStatus
 .text.EXTI_Init
                0x08008e74       0xc0 D:\WkPjt\MStory2.0\Mango-Z1.Firmware\Z1.Src005.KeyInterrupt_for_AN2557.IAP\project\RIDE\obj\stm32f10x_exti.o
                0x08008e74                EXTI_Init
 .text.Reset_Handler
                0x08008f34       0x40 D:\WkPjt\MStory2.0\Mango-Z1.Firmware\Z1.Src005.KeyInterrupt_for_AN2557.IAP\project\RIDE\obj\startup_stm32f10x_md.o
                0x08008f34                Reset_Handler
 .text.SystemInit
                0x08008f74       0xf8 D:\WkPjt\MStory2.0\Mango-Z1.Firmware\Z1.Src005.KeyInterrupt_for_AN2557.IAP\project\RIDE\obj\system_stm32f10x.o
                0x08008f74                SystemInit
 .text._read    0x0800906c        0x8 C:\Program Files\Raisonance\Ride\Lib\ARM\STM32x_io_putchar_thumb.a(syscalls.o)
                0x0800906c                _read
 .text._lseek   0x08009074        0x8 C:\Program Files\Raisonance\Ride\Lib\ARM\STM32x_io_putchar_thumb.a(syscalls.o)
                0x08009074                _lseek
 .text._close   0x0800907c        0x8 C:\Program Files\Raisonance\Ride\Lib\ARM\STM32x_io_putchar_thumb.a(syscalls.o)
                0x0800907c                _close
 .text._exit    0x08009084        0x4 C:\Program Files\Raisonance\Ride\Lib\ARM\STM32x_io_putchar_thumb.a(syscalls.o)
                0x08009084                _exit
 .text._kill    0x08009088        0x8 C:\Program Files\Raisonance\Ride\Lib\ARM\STM32x_io_putchar_thumb.a(syscalls.o)
                0x08009088                _kill
 .text._fstat   0x08009090        0xc C:\Program Files\Raisonance\Ride\Lib\ARM\STM32x_io_putchar_thumb.a(syscalls.o)
                0x08009090                _fstat
 .text._getpid  0x0800909c        0x8 C:\Program Files\Raisonance\Ride\Lib\ARM\STM32x_io_putchar_thumb.a(syscalls.o)
                0x0800909c                _getpid
 .text._isatty  0x080090a4        0x8 C:\Program Files\Raisonance\Ride\Lib\ARM\STM32x_io_putchar_thumb.a(syscalls.o)
                0x080090a4                _isatty
 .text._write   0x080090ac       0x20 C:\Program Files\Raisonance\Ride\Lib\ARM\STM32x_io_putchar_thumb.a(syscalls.o)
                0x080090ac                _write
 .text._sbrk    0x080090cc       0x50 C:\Program Files\Raisonance\Ride\Lib\ARM\STM32x_io_putchar_thumb.a(syscalls.o)
                0x080090cc                _sbrk
 *(.rodata)
 .rodata        0x0800911c       0x13 D:\WkPjt\MStory2.0\Mango-Z1.Firmware\Z1.Src005.KeyInterrupt_for_AN2557.IAP\project\RIDE\obj\main.o
 .rodata        0x0800912f       0x20 c:/program files/raisonance/ride/arm-gcc/bin/../lib/gcc/arm-none-eabi/4.3.2/../../../../arm-none-eabi/lib/thumb2\libc.a(lib_a-vfprintf.o)
 *fill*         0x0800914f        0x1 00
 .rodata        0x08009150       0x60 c:/program files/raisonance/ride/arm-gcc/bin/../lib/gcc/arm-none-eabi/4.3.2/../../../../arm-none-eabi/lib/thumb2\libc.a(lib_a-findfp.o)
                0x08009190                __sf_fake_stderr
                0x08009150                __sf_fake_stdin
                0x08009170                __sf_fake_stdout
 .rodata        0x080091b0        0x4 c:/program files/raisonance/ride/arm-gcc/bin/../lib/gcc/arm-none-eabi/4.3.2/../../../../arm-none-eabi/lib/thumb2\libc.a(lib_a-impure.o)
                0x080091b0                _global_impure_ptr
 .rodata        0x080091b4       0x34 c:/program files/raisonance/ride/arm-gcc/bin/../lib/gcc/arm-none-eabi/4.3.2/../../../../arm-none-eabi/lib/thumb2\libc.a(lib_a-locale.o)
 .rodata        0x080091e8      0x128 c:/program files/raisonance/ride/arm-gcc/bin/../lib/gcc/arm-none-eabi/4.3.2/../../../../arm-none-eabi/lib/thumb2\libc.a(lib_a-mprec.o)
                0x080092e8                __mprec_tinytens
                0x080091e8                __mprec_tens
                0x080092c0                __mprec_bigtens
 .rodata        0x08009310      0x100 c:/program files/raisonance/ride/arm-gcc/bin/../lib/gcc/arm-none-eabi/4.3.2/thumb2\libgcc.a(_clz.o)
                0x08009310                __clz_tab
 *(.rodata*)
 .rodata.str1.1
                0x08009410       0xf2 D:\WkPjt\MStory2.0\Mango-Z1.Firmware\Z1.Src005.KeyInterrupt_for_AN2557.IAP\project\RIDE\obj\main.o
                                0x108 (size before relaxing)
 .rodata.str1.1
                0x08009502       0x6d D:\WkPjt\MStory2.0\Mango-Z1.Firmware\Z1.Src005.KeyInterrupt_for_AN2557.IAP\project\RIDE\obj\debug.o
                                 0x76 (size before relaxing)
 .rodata.str1.1
                0x0800956f       0x2f D:\WkPjt\MStory2.0\Mango-Z1.Firmware\Z1.Src005.KeyInterrupt_for_AN2557.IAP\project\RIDE\obj\stm32f10x_it.o
 .rodata.str1.1
                0x0800959e       0x60 D:\WkPjt\MStory2.0\Mango-Z1.Firmware\Z1.Src005.KeyInterrupt_for_AN2557.IAP\project\RIDE\obj\stm32f10x_usart.o
 .rodata.str1.1
                0x080095fe       0x5f D:\WkPjt\MStory2.0\Mango-Z1.Firmware\Z1.Src005.KeyInterrupt_for_AN2557.IAP\project\RIDE\obj\stm32f10x_gpio.o
 .rodata.str1.1
                0x0800965d       0x5e D:\WkPjt\MStory2.0\Mango-Z1.Firmware\Z1.Src005.KeyInterrupt_for_AN2557.IAP\project\RIDE\obj\stm32f10x_rcc.o
 .rodata.str1.1
                0x080096bb       0x55 D:\WkPjt\MStory2.0\Mango-Z1.Firmware\Z1.Src005.KeyInterrupt_for_AN2557.IAP\project\RIDE\obj\misc.o
 .rodata.str1.1
                0x08009710       0x5f D:\WkPjt\MStory2.0\Mango-Z1.Firmware\Z1.Src005.KeyInterrupt_for_AN2557.IAP\project\RIDE\obj\stm32f10x_exti.o
 *fill*         0x0800976f        0x1 00
 .rodata.str1.4
                0x08009770        0x2 c:/program files/raisonance/ride/arm-gcc/bin/../lib/gcc/arm-none-eabi/4.3.2/../../../../arm-none-eabi/lib/thumb2\libc.a(lib_a-puts.o)
                                  0x4 (size before relaxing)
 *fill*         0x08009772        0x2 00
 .rodata.str1.4
                0x08009774       0x5e c:/program files/raisonance/ride/arm-gcc/bin/../lib/gcc/arm-none-eabi/4.3.2/../../../../arm-none-eabi/lib/thumb2\libc.a(lib_a-vfprintf.o)
                                 0x60 (size before relaxing)
 *fill*         0x080097d2        0x2 00
 .rodata.str1.4
                0x080097d4       0x10 c:/program files/raisonance/ride/arm-gcc/bin/../lib/gcc/arm-none-eabi/4.3.2/../../../../arm-none-eabi/lib/thumb2\libc.a(lib_a-dtoa.o)
                                 0x14 (size before relaxing)
 .rodata.str1.4
                0x080097e4        0x2 c:/program files/raisonance/ride/arm-gcc/bin/../lib/gcc/arm-none-eabi/4.3.2/../../../../arm-none-eabi/lib/thumb2\libc.a(lib_a-impure.o)
                                  0x4 (size before relaxing)
 *fill*         0x080097e6        0x2 00
 .rodata.str1.4
                0x080097e8        0xf c:/program files/raisonance/ride/arm-gcc/bin/../lib/gcc/arm-none-eabi/4.3.2/../../../../arm-none-eabi/lib/thumb2\libc.a(lib_a-locale.o)
                                 0x18 (size before relaxing)
 *fill*         0x080097f7        0x1 00
 .rodata.str1.4
                0x080097f8        0xc C:\Program Files\Raisonance\Ride\Lib\ARM\STM32x_io_putchar_thumb.a(syscalls.o)
 *(.glue_7)
 .glue_7        0x08009804        0x0 D:\WkPjt\MStory2.0\Mango-Z1.Firmware\Z1.Src005.KeyInterrupt_for_AN2557.IAP\project\RIDE\obj\main.o
 .glue_7        0x08009804        0x0 D:\WkPjt\MStory2.0\Mango-Z1.Firmware\Z1.Src005.KeyInterrupt_for_AN2557.IAP\project\RIDE\obj\hw_config.o
 .glue_7        0x08009804        0x0 D:\WkPjt\MStory2.0\Mango-Z1.Firmware\Z1.Src005.KeyInterrupt_for_AN2557.IAP\project\RIDE\obj\led.o
 .glue_7        0x08009804        0x0 D:\WkPjt\MStory2.0\Mango-Z1.Firmware\Z1.Src005.KeyInterrupt_for_AN2557.IAP\project\RIDE\obj\debug.o
 .glue_7        0x08009804        0x0 D:\WkPjt\MStory2.0\Mango-Z1.Firmware\Z1.Src005.KeyInterrupt_for_AN2557.IAP\project\RIDE\obj\key.o
 .glue_7        0x08009804        0x0 D:\WkPjt\MStory2.0\Mango-Z1.Firmware\Z1.Src005.KeyInterrupt_for_AN2557.IAP\project\RIDE\obj\stm32f10x_it.o
 .glue_7        0x08009804        0x0 D:\WkPjt\MStory2.0\Mango-Z1.Firmware\Z1.Src005.KeyInterrupt_for_AN2557.IAP\project\RIDE\obj\stm32f10x_usart.o
 .glue_7        0x08009804        0x0 D:\WkPjt\MStory2.0\Mango-Z1.Firmware\Z1.Src005.KeyInterrupt_for_AN2557.IAP\project\RIDE\obj\stm32f10x_gpio.o
 .glue_7        0x08009804        0x0 D:\WkPjt\MStory2.0\Mango-Z1.Firmware\Z1.Src005.KeyInterrupt_for_AN2557.IAP\project\RIDE\obj\stm32f10x_rcc.o
 .glue_7        0x08009804        0x0 D:\WkPjt\MStory2.0\Mango-Z1.Firmware\Z1.Src005.KeyInterrupt_for_AN2557.IAP\project\RIDE\obj\misc.o
 .glue_7        0x08009804        0x0 D:\WkPjt\MStory2.0\Mango-Z1.Firmware\Z1.Src005.KeyInterrupt_for_AN2557.IAP\project\RIDE\obj\stm32f10x_exti.o
 .glue_7        0x08009804        0x0 D:\WkPjt\MStory2.0\Mango-Z1.Firmware\Z1.Src005.KeyInterrupt_for_AN2557.IAP\project\RIDE\obj\startup_stm32f10x_md.o
 .glue_7        0x08009804        0x0 D:\WkPjt\MStory2.0\Mango-Z1.Firmware\Z1.Src005.KeyInterrupt_for_AN2557.IAP\project\RIDE\obj\system_stm32f10x.o
 .glue_7        0x08009804        0x0 c:/program files/raisonance/ride/arm-gcc/bin/../lib/gcc/arm-none-eabi/4.3.2/../../../../arm-none-eabi/lib/thumb2\libc.a(lib_a-printf.o)
 .glue_7        0x08009804        0x0 c:/program files/raisonance/ride/arm-gcc/bin/../lib/gcc/arm-none-eabi/4.3.2/../../../../arm-none-eabi/lib/thumb2\libc.a(lib_a-puts.o)
 .glue_7        0x08009804        0x0 c:/program files/raisonance/ride/arm-gcc/bin/../lib/gcc/arm-none-eabi/4.3.2/../../../../arm-none-eabi/lib/thumb2\libc.a(lib_a-strlen.o)
 .glue_7        0x08009804        0x0 c:/program files/raisonance/ride/arm-gcc/bin/../lib/gcc/arm-none-eabi/4.3.2/../../../../arm-none-eabi/lib/thumb2\libc.a(lib_a-vfprintf.o)
 .glue_7        0x08009804        0x0 c:/program files/raisonance/ride/arm-gcc/bin/../lib/gcc/arm-none-eabi/4.3.2/../../../../arm-none-eabi/lib/thumb2\libc.a(lib_a-wsetup.o)
 .glue_7        0x08009804        0x0 c:/program files/raisonance/ride/arm-gcc/bin/../lib/gcc/arm-none-eabi/4.3.2/../../../../arm-none-eabi/lib/thumb2\libc.a(lib_a-dtoa.o)
 .glue_7        0x08009804        0x0 c:/program files/raisonance/ride/arm-gcc/bin/../lib/gcc/arm-none-eabi/4.3.2/../../../../arm-none-eabi/lib/thumb2\libc.a(lib_a-fflush.o)
 .glue_7        0x08009804        0x0 c:/program files/raisonance/ride/arm-gcc/bin/../lib/gcc/arm-none-eabi/4.3.2/../../../../arm-none-eabi/lib/thumb2\libc.a(lib_a-findfp.o)
 .glue_7        0x08009804        0x0 c:/program files/raisonance/ride/arm-gcc/bin/../lib/gcc/arm-none-eabi/4.3.2/../../../../arm-none-eabi/lib/thumb2\libc.a(lib_a-freer.o)
 .glue_7        0x08009804        0x0 c:/program files/raisonance/ride/arm-gcc/bin/../lib/gcc/arm-none-eabi/4.3.2/../../../../arm-none-eabi/lib/thumb2\libc.a(lib_a-fvwrite.o)
 .glue_7        0x08009804        0x0 c:/program files/raisonance/ride/arm-gcc/bin/../lib/gcc/arm-none-eabi/4.3.2/../../../../arm-none-eabi/lib/thumb2\libc.a(lib_a-fwalk.o)
 .glue_7        0x08009804        0x0 c:/program files/raisonance/ride/arm-gcc/bin/../lib/gcc/arm-none-eabi/4.3.2/../../../../arm-none-eabi/lib/thumb2\libc.a(lib_a-impure.o)
 .glue_7        0x08009804        0x0 c:/program files/raisonance/ride/arm-gcc/bin/../lib/gcc/arm-none-eabi/4.3.2/../../../../arm-none-eabi/lib/thumb2\libc.a(lib_a-locale.o)
 .glue_7        0x08009804        0x0 c:/program files/raisonance/ride/arm-gcc/bin/../lib/gcc/arm-none-eabi/4.3.2/../../../../arm-none-eabi/lib/thumb2\libc.a(lib_a-makebuf.o)
 .glue_7        0x08009804        0x0 c:/program files/raisonance/ride/arm-gcc/bin/../lib/gcc/arm-none-eabi/4.3.2/../../../../arm-none-eabi/lib/thumb2\libc.a(lib_a-malloc.o)
 .glue_7        0x08009804        0x0 c:/program files/raisonance/ride/arm-gcc/bin/../lib/gcc/arm-none-eabi/4.3.2/../../../../arm-none-eabi/lib/thumb2\libc.a(lib_a-mallocr.o)
 .glue_7        0x08009804        0x0 c:/program files/raisonance/ride/arm-gcc/bin/../lib/gcc/arm-none-eabi/4.3.2/../../../../arm-none-eabi/lib/thumb2\libc.a(lib_a-memchr.o)
 .glue_7        0x08009804        0x0 c:/program files/raisonance/ride/arm-gcc/bin/../lib/gcc/arm-none-eabi/4.3.2/../../../../arm-none-eabi/lib/thumb2\libc.a(lib_a-memcpy.o)
 .glue_7        0x08009804        0x0 c:/program files/raisonance/ride/arm-gcc/bin/../lib/gcc/arm-none-eabi/4.3.2/../../../../arm-none-eabi/lib/thumb2\libc.a(lib_a-memmove.o)
 .glue_7        0x08009804        0x0 c:/program files/raisonance/ride/arm-gcc/bin/../lib/gcc/arm-none-eabi/4.3.2/../../../../arm-none-eabi/lib/thumb2\libc.a(lib_a-memset.o)
 .glue_7        0x08009804        0x0 c:/program files/raisonance/ride/arm-gcc/bin/../lib/gcc/arm-none-eabi/4.3.2/../../../../arm-none-eabi/lib/thumb2\libc.a(lib_a-mlock.o)
 .glue_7        0x08009804        0x0 c:/program files/raisonance/ride/arm-gcc/bin/../lib/gcc/arm-none-eabi/4.3.2/../../../../arm-none-eabi/lib/thumb2\libc.a(lib_a-mprec.o)
 .glue_7        0x08009804        0x0 c:/program files/raisonance/ride/arm-gcc/bin/../lib/gcc/arm-none-eabi/4.3.2/../../../../arm-none-eabi/lib/thumb2\libc.a(lib_a-reallocr.o)
 .glue_7        0x08009804        0x0 c:/program files/raisonance/ride/arm-gcc/bin/../lib/gcc/arm-none-eabi/4.3.2/../../../../arm-none-eabi/lib/thumb2\libc.a(lib_a-s_isinfd.o)
 .glue_7        0x08009804        0x0 c:/program files/raisonance/ride/arm-gcc/bin/../lib/gcc/arm-none-eabi/4.3.2/../../../../arm-none-eabi/lib/thumb2\libc.a(lib_a-s_isnand.o)
 .glue_7        0x08009804        0x0 c:/program files/raisonance/ride/arm-gcc/bin/../lib/gcc/arm-none-eabi/4.3.2/../../../../arm-none-eabi/lib/thumb2\libc.a(lib_a-sbrkr.o)
 .glue_7        0x08009804        0x0 c:/program files/raisonance/ride/arm-gcc/bin/../lib/gcc/arm-none-eabi/4.3.2/../../../../arm-none-eabi/lib/thumb2\libc.a(lib_a-stdio.o)
 .glue_7        0x08009804        0x0 c:/program files/raisonance/ride/arm-gcc/bin/../lib/gcc/arm-none-eabi/4.3.2/../../../../arm-none-eabi/lib/thumb2\libc.a(lib_a-strcmp.o)
 .glue_7        0x08009804        0x0 c:/program files/raisonance/ride/arm-gcc/bin/../lib/gcc/arm-none-eabi/4.3.2/../../../../arm-none-eabi/lib/thumb2\libc.a(lib_a-writer.o)
 .glue_7        0x08009804        0x0 c:/program files/raisonance/ride/arm-gcc/bin/../lib/gcc/arm-none-eabi/4.3.2/../../../../arm-none-eabi/lib/thumb2\libc.a(lib_a-callocr.o)
 .glue_7        0x08009804        0x0 c:/program files/raisonance/ride/arm-gcc/bin/../lib/gcc/arm-none-eabi/4.3.2/../../../../arm-none-eabi/lib/thumb2\libc.a(lib_a-closer.o)
 .glue_7        0x08009804        0x0 c:/program files/raisonance/ride/arm-gcc/bin/../lib/gcc/arm-none-eabi/4.3.2/../../../../arm-none-eabi/lib/thumb2\libc.a(lib_a-fclose.o)
 .glue_7        0x08009804        0x0 c:/program files/raisonance/ride/arm-gcc/bin/../lib/gcc/arm-none-eabi/4.3.2/../../../../arm-none-eabi/lib/thumb2\libc.a(lib_a-fstatr.o)
 .glue_7        0x08009804        0x0 c:/program files/raisonance/ride/arm-gcc/bin/../lib/gcc/arm-none-eabi/4.3.2/../../../../arm-none-eabi/lib/thumb2\libc.a(lib_a-isattyr.o)
 .glue_7        0x08009804        0x0 c:/program files/raisonance/ride/arm-gcc/bin/../lib/gcc/arm-none-eabi/4.3.2/../../../../arm-none-eabi/lib/thumb2\libc.a(lib_a-lseekr.o)
 .glue_7        0x08009804        0x0 c:/program files/raisonance/ride/arm-gcc/bin/../lib/gcc/arm-none-eabi/4.3.2/../../../../arm-none-eabi/lib/thumb2\libc.a(lib_a-readr.o)
 .glue_7        0x08009804        0x0 c:/program files/raisonance/ride/arm-gcc/bin/../lib/gcc/arm-none-eabi/4.3.2/../../../../arm-none-eabi/lib/thumb2\libc.a(lib_a-reent.o)
 .glue_7        0x08009804        0x0 c:/program files/raisonance/ride/arm-gcc/bin/../lib/gcc/arm-none-eabi/4.3.2/thumb2\libgcc.a(_udivsi3.o)
 .glue_7        0x08009804        0x0 c:/program files/raisonance/ride/arm-gcc/bin/../lib/gcc/arm-none-eabi/4.3.2/thumb2\libgcc.a(_dvmd_tls.o)
 .glue_7        0x08009804        0x0 c:/program files/raisonance/ride/arm-gcc/bin/../lib/gcc/arm-none-eabi/4.3.2/thumb2\libgcc.a(_arm_addsubdf3.o)
 .glue_7        0x08009804        0x0 c:/program files/raisonance/ride/arm-gcc/bin/../lib/gcc/arm-none-eabi/4.3.2/thumb2\libgcc.a(_arm_muldivdf3.o)
 .glue_7        0x08009804        0x0 c:/program files/raisonance/ride/arm-gcc/bin/../lib/gcc/arm-none-eabi/4.3.2/thumb2\libgcc.a(_arm_cmpdf2.o)
 .glue_7        0x08009804        0x0 c:/program files/raisonance/ride/arm-gcc/bin/../lib/gcc/arm-none-eabi/4.3.2/thumb2\libgcc.a(_arm_fixdfsi.o)
 .glue_7        0x08009804        0x0 c:/program files/raisonance/ride/arm-gcc/bin/../lib/gcc/arm-none-eabi/4.3.2/thumb2\libgcc.a(_aeabi_uldivmod.o)
 .glue_7        0x08009804        0x0 c:/program files/raisonance/ride/arm-gcc/bin/../lib/gcc/arm-none-eabi/4.3.2/thumb2\libgcc.a(bpabi.o)
 .glue_7        0x08009804        0x0 c:/program files/raisonance/ride/arm-gcc/bin/../lib/gcc/arm-none-eabi/4.3.2/thumb2\libgcc.a(_divdi3.o)
 .glue_7        0x08009804        0x0 c:/program files/raisonance/ride/arm-gcc/bin/../lib/gcc/arm-none-eabi/4.3.2/thumb2\libgcc.a(_udivdi3.o)
 .glue_7        0x08009804        0x0 c:/program files/raisonance/ride/arm-gcc/bin/../lib/gcc/arm-none-eabi/4.3.2/thumb2\libgcc.a(_clz.o)
 .glue_7        0x08009804        0x0 C:\Program Files\Raisonance\Ride\Lib\ARM\STM32x_io_putchar_thumb.a(syscalls.o)
 .glue_7        0x08009804        0x0 c:/program files/raisonance/ride/arm-gcc/bin/../lib/gcc/arm-none-eabi/4.3.2/../../../../arm-none-eabi/lib/thumb2\libc.a(lib_a-abort.o)
 .glue_7        0x08009804        0x0 c:/program files/raisonance/ride/arm-gcc/bin/../lib/gcc/arm-none-eabi/4.3.2/../../../../arm-none-eabi/lib/thumb2\libc.a(lib_a-errno.o)
 .glue_7        0x08009804        0x0 c:/program files/raisonance/ride/arm-gcc/bin/../lib/gcc/arm-none-eabi/4.3.2/../../../../arm-none-eabi/lib/thumb2\libc.a(lib_a-signal.o)
 .glue_7        0x08009804        0x0 c:/program files/raisonance/ride/arm-gcc/bin/../lib/gcc/arm-none-eabi/4.3.2/../../../../arm-none-eabi/lib/thumb2\libc.a(lib_a-signalr.o)
 *(.glue_7t)
 .glue_7t       0x08009804        0x0 D:\WkPjt\MStory2.0\Mango-Z1.Firmware\Z1.Src005.KeyInterrupt_for_AN2557.IAP\project\RIDE\obj\main.o
 .glue_7t       0x08009804        0x0 D:\WkPjt\MStory2.0\Mango-Z1.Firmware\Z1.Src005.KeyInterrupt_for_AN2557.IAP\project\RIDE\obj\hw_config.o
 .glue_7t       0x08009804        0x0 D:\WkPjt\MStory2.0\Mango-Z1.Firmware\Z1.Src005.KeyInterrupt_for_AN2557.IAP\project\RIDE\obj\led.o
 .glue_7t       0x08009804        0x0 D:\WkPjt\MStory2.0\Mango-Z1.Firmware\Z1.Src005.KeyInterrupt_for_AN2557.IAP\project\RIDE\obj\debug.o
 .glue_7t       0x08009804        0x0 D:\WkPjt\MStory2.0\Mango-Z1.Firmware\Z1.Src005.KeyInterrupt_for_AN2557.IAP\project\RIDE\obj\key.o
 .glue_7t       0x08009804        0x0 D:\WkPjt\MStory2.0\Mango-Z1.Firmware\Z1.Src005.KeyInterrupt_for_AN2557.IAP\project\RIDE\obj\stm32f10x_it.o
 .glue_7t       0x08009804        0x0 D:\WkPjt\MStory2.0\Mango-Z1.Firmware\Z1.Src005.KeyInterrupt_for_AN2557.IAP\project\RIDE\obj\stm32f10x_usart.o
 .glue_7t       0x08009804        0x0 D:\WkPjt\MStory2.0\Mango-Z1.Firmware\Z1.Src005.KeyInterrupt_for_AN2557.IAP\project\RIDE\obj\stm32f10x_gpio.o
 .glue_7t       0x08009804        0x0 D:\WkPjt\MStory2.0\Mango-Z1.Firmware\Z1.Src005.KeyInterrupt_for_AN2557.IAP\project\RIDE\obj\stm32f10x_rcc.o
 .glue_7t       0x08009804        0x0 D:\WkPjt\MStory2.0\Mango-Z1.Firmware\Z1.Src005.KeyInterrupt_for_AN2557.IAP\project\RIDE\obj\misc.o
 .glue_7t       0x08009804        0x0 D:\WkPjt\MStory2.0\Mango-Z1.Firmware\Z1.Src005.KeyInterrupt_for_AN2557.IAP\project\RIDE\obj\stm32f10x_exti.o
 .glue_7t       0x08009804        0x0 D:\WkPjt\MStory2.0\Mango-Z1.Firmware\Z1.Src005.KeyInterrupt_for_AN2557.IAP\project\RIDE\obj\startup_stm32f10x_md.o
 .glue_7t       0x08009804        0x0 D:\WkPjt\MStory2.0\Mango-Z1.Firmware\Z1.Src005.KeyInterrupt_for_AN2557.IAP\project\RIDE\obj\system_stm32f10x.o
 .glue_7t       0x08009804        0x0 c:/program files/raisonance/ride/arm-gcc/bin/../lib/gcc/arm-none-eabi/4.3.2/../../../../arm-none-eabi/lib/thumb2\libc.a(lib_a-printf.o)
 .glue_7t       0x08009804        0x0 c:/program files/raisonance/ride/arm-gcc/bin/../lib/gcc/arm-none-eabi/4.3.2/../../../../arm-none-eabi/lib/thumb2\libc.a(lib_a-puts.o)
 .glue_7t       0x08009804        0x0 c:/program files/raisonance/ride/arm-gcc/bin/../lib/gcc/arm-none-eabi/4.3.2/../../../../arm-none-eabi/lib/thumb2\libc.a(lib_a-strlen.o)
 .glue_7t       0x08009804        0x0 c:/program files/raisonance/ride/arm-gcc/bin/../lib/gcc/arm-none-eabi/4.3.2/../../../../arm-none-eabi/lib/thumb2\libc.a(lib_a-vfprintf.o)
 .glue_7t       0x08009804        0x0 c:/program files/raisonance/ride/arm-gcc/bin/../lib/gcc/arm-none-eabi/4.3.2/../../../../arm-none-eabi/lib/thumb2\libc.a(lib_a-wsetup.o)
 .glue_7t       0x08009804        0x0 c:/program files/raisonance/ride/arm-gcc/bin/../lib/gcc/arm-none-eabi/4.3.2/../../../../arm-none-eabi/lib/thumb2\libc.a(lib_a-dtoa.o)
 .glue_7t       0x08009804        0x0 c:/program files/raisonance/ride/arm-gcc/bin/../lib/gcc/arm-none-eabi/4.3.2/../../../../arm-none-eabi/lib/thumb2\libc.a(lib_a-fflush.o)
 .glue_7t       0x08009804        0x0 c:/program files/raisonance/ride/arm-gcc/bin/../lib/gcc/arm-none-eabi/4.3.2/../../../../arm-none-eabi/lib/thumb2\libc.a(lib_a-findfp.o)
 .glue_7t       0x08009804        0x0 c:/program files/raisonance/ride/arm-gcc/bin/../lib/gcc/arm-none-eabi/4.3.2/../../../../arm-none-eabi/lib/thumb2\libc.a(lib_a-freer.o)
 .glue_7t       0x08009804        0x0 c:/program files/raisonance/ride/arm-gcc/bin/../lib/gcc/arm-none-eabi/4.3.2/../../../../arm-none-eabi/lib/thumb2\libc.a(lib_a-fvwrite.o)
 .glue_7t       0x08009804        0x0 c:/program files/raisonance/ride/arm-gcc/bin/../lib/gcc/arm-none-eabi/4.3.2/../../../../arm-none-eabi/lib/thumb2\libc.a(lib_a-fwalk.o)
 .glue_7t       0x08009804        0x0 c:/program files/raisonance/ride/arm-gcc/bin/../lib/gcc/arm-none-eabi/4.3.2/../../../../arm-none-eabi/lib/thumb2\libc.a(lib_a-impure.o)
 .glue_7t       0x08009804        0x0 c:/program files/raisonance/ride/arm-gcc/bin/../lib/gcc/arm-none-eabi/4.3.2/../../../../arm-none-eabi/lib/thumb2\libc.a(lib_a-locale.o)
 .glue_7t       0x08009804        0x0 c:/program files/raisonance/ride/arm-gcc/bin/../lib/gcc/arm-none-eabi/4.3.2/../../../../arm-none-eabi/lib/thumb2\libc.a(lib_a-makebuf.o)
 .glue_7t       0x08009804        0x0 c:/program files/raisonance/ride/arm-gcc/bin/../lib/gcc/arm-none-eabi/4.3.2/../../../../arm-none-eabi/lib/thumb2\libc.a(lib_a-malloc.o)
 .glue_7t       0x08009804        0x0 c:/program files/raisonance/ride/arm-gcc/bin/../lib/gcc/arm-none-eabi/4.3.2/../../../../arm-none-eabi/lib/thumb2\libc.a(lib_a-mallocr.o)
 .glue_7t       0x08009804        0x0 c:/program files/raisonance/ride/arm-gcc/bin/../lib/gcc/arm-none-eabi/4.3.2/../../../../arm-none-eabi/lib/thumb2\libc.a(lib_a-memchr.o)
 .glue_7t       0x08009804        0x0 c:/program files/raisonance/ride/arm-gcc/bin/../lib/gcc/arm-none-eabi/4.3.2/../../../../arm-none-eabi/lib/thumb2\libc.a(lib_a-memcpy.o)
 .glue_7t       0x08009804        0x0 c:/program files/raisonance/ride/arm-gcc/bin/../lib/gcc/arm-none-eabi/4.3.2/../../../../arm-none-eabi/lib/thumb2\libc.a(lib_a-memmove.o)
 .glue_7t       0x08009804        0x0 c:/program files/raisonance/ride/arm-gcc/bin/../lib/gcc/arm-none-eabi/4.3.2/../../../../arm-none-eabi/lib/thumb2\libc.a(lib_a-memset.o)
 .glue_7t       0x08009804        0x0 c:/program files/raisonance/ride/arm-gcc/bin/../lib/gcc/arm-none-eabi/4.3.2/../../../../arm-none-eabi/lib/thumb2\libc.a(lib_a-mlock.o)
 .glue_7t       0x08009804        0x0 c:/program files/raisonance/ride/arm-gcc/bin/../lib/gcc/arm-none-eabi/4.3.2/../../../../arm-none-eabi/lib/thumb2\libc.a(lib_a-mprec.o)
 .glue_7t       0x08009804        0x0 c:/program files/raisonance/ride/arm-gcc/bin/../lib/gcc/arm-none-eabi/4.3.2/../../../../arm-none-eabi/lib/thumb2\libc.a(lib_a-reallocr.o)
 .glue_7t       0x08009804        0x0 c:/program files/raisonance/ride/arm-gcc/bin/../lib/gcc/arm-none-eabi/4.3.2/../../../../arm-none-eabi/lib/thumb2\libc.a(lib_a-s_isinfd.o)
 .glue_7t       0x08009804        0x0 c:/program files/raisonance/ride/arm-gcc/bin/../lib/gcc/arm-none-eabi/4.3.2/../../../../arm-none-eabi/lib/thumb2\libc.a(lib_a-s_isnand.o)
 .glue_7t       0x08009804        0x0 c:/program files/raisonance/ride/arm-gcc/bin/../lib/gcc/arm-none-eabi/4.3.2/../../../../arm-none-eabi/lib/thumb2\libc.a(lib_a-sbrkr.o)
 .glue_7t       0x08009804        0x0 c:/program files/raisonance/ride/arm-gcc/bin/../lib/gcc/arm-none-eabi/4.3.2/../../../../arm-none-eabi/lib/thumb2\libc.a(lib_a-stdio.o)
 .glue_7t       0x08009804        0x0 c:/program files/raisonance/ride/arm-gcc/bin/../lib/gcc/arm-none-eabi/4.3.2/../../../../arm-none-eabi/lib/thumb2\libc.a(lib_a-strcmp.o)
 .glue_7t       0x08009804        0x0 c:/program files/raisonance/ride/arm-gcc/bin/../lib/gcc/arm-none-eabi/4.3.2/../../../../arm-none-eabi/lib/thumb2\libc.a(lib_a-writer.o)
 .glue_7t       0x08009804        0x0 c:/program files/raisonance/ride/arm-gcc/bin/../lib/gcc/arm-none-eabi/4.3.2/../../../../arm-none-eabi/lib/thumb2\libc.a(lib_a-callocr.o)
 .glue_7t       0x08009804        0x0 c:/program files/raisonance/ride/arm-gcc/bin/../lib/gcc/arm-none-eabi/4.3.2/../../../../arm-none-eabi/lib/thumb2\libc.a(lib_a-closer.o)
 .glue_7t       0x08009804        0x0 c:/program files/raisonance/ride/arm-gcc/bin/../lib/gcc/arm-none-eabi/4.3.2/../../../../arm-none-eabi/lib/thumb2\libc.a(lib_a-fclose.o)
 .glue_7t       0x08009804        0x0 c:/program files/raisonance/ride/arm-gcc/bin/../lib/gcc/arm-none-eabi/4.3.2/../../../../arm-none-eabi/lib/thumb2\libc.a(lib_a-fstatr.o)
 .glue_7t       0x08009804        0x0 c:/program files/raisonance/ride/arm-gcc/bin/../lib/gcc/arm-none-eabi/4.3.2/../../../../arm-none-eabi/lib/thumb2\libc.a(lib_a-isattyr.o)
 .glue_7t       0x08009804        0x0 c:/program files/raisonance/ride/arm-gcc/bin/../lib/gcc/arm-none-eabi/4.3.2/../../../../arm-none-eabi/lib/thumb2\libc.a(lib_a-lseekr.o)
 .glue_7t       0x08009804        0x0 c:/program files/raisonance/ride/arm-gcc/bin/../lib/gcc/arm-none-eabi/4.3.2/../../../../arm-none-eabi/lib/thumb2\libc.a(lib_a-readr.o)
 .glue_7t       0x08009804        0x0 c:/program files/raisonance/ride/arm-gcc/bin/../lib/gcc/arm-none-eabi/4.3.2/../../../../arm-none-eabi/lib/thumb2\libc.a(lib_a-reent.o)
 .glue_7t       0x08009804        0x0 c:/program files/raisonance/ride/arm-gcc/bin/../lib/gcc/arm-none-eabi/4.3.2/thumb2\libgcc.a(_udivsi3.o)
 .glue_7t       0x08009804        0x0 c:/program files/raisonance/ride/arm-gcc/bin/../lib/gcc/arm-none-eabi/4.3.2/thumb2\libgcc.a(_dvmd_tls.o)
 .glue_7t       0x08009804        0x0 c:/program files/raisonance/ride/arm-gcc/bin/../lib/gcc/arm-none-eabi/4.3.2/thumb2\libgcc.a(_arm_addsubdf3.o)
 .glue_7t       0x08009804        0x0 c:/program files/raisonance/ride/arm-gcc/bin/../lib/gcc/arm-none-eabi/4.3.2/thumb2\libgcc.a(_arm_muldivdf3.o)
 .glue_7t       0x08009804        0x0 c:/program files/raisonance/ride/arm-gcc/bin/../lib/gcc/arm-none-eabi/4.3.2/thumb2\libgcc.a(_arm_cmpdf2.o)
 .glue_7t       0x08009804        0x0 c:/program files/raisonance/ride/arm-gcc/bin/../lib/gcc/arm-none-eabi/4.3.2/thumb2\libgcc.a(_arm_fixdfsi.o)
 .glue_7t       0x08009804        0x0 c:/program files/raisonance/ride/arm-gcc/bin/../lib/gcc/arm-none-eabi/4.3.2/thumb2\libgcc.a(_aeabi_uldivmod.o)
 .glue_7t       0x08009804        0x0 c:/program files/raisonance/ride/arm-gcc/bin/../lib/gcc/arm-none-eabi/4.3.2/thumb2\libgcc.a(bpabi.o)
 .glue_7t       0x08009804        0x0 c:/program files/raisonance/ride/arm-gcc/bin/../lib/gcc/arm-none-eabi/4.3.2/thumb2\libgcc.a(_divdi3.o)
 .glue_7t       0x08009804        0x0 c:/program files/raisonance/ride/arm-gcc/bin/../lib/gcc/arm-none-eabi/4.3.2/thumb2\libgcc.a(_udivdi3.o)
 .glue_7t       0x08009804        0x0 c:/program files/raisonance/ride/arm-gcc/bin/../lib/gcc/arm-none-eabi/4.3.2/thumb2\libgcc.a(_clz.o)
 .glue_7t       0x08009804        0x0 C:\Program Files\Raisonance\Ride\Lib\ARM\STM32x_io_putchar_thumb.a(syscalls.o)
 .glue_7t       0x08009804        0x0 c:/program files/raisonance/ride/arm-gcc/bin/../lib/gcc/arm-none-eabi/4.3.2/../../../../arm-none-eabi/lib/thumb2\libc.a(lib_a-abort.o)
 .glue_7t       0x08009804        0x0 c:/program files/raisonance/ride/arm-gcc/bin/../lib/gcc/arm-none-eabi/4.3.2/../../../../arm-none-eabi/lib/thumb2\libc.a(lib_a-errno.o)
 .glue_7t       0x08009804        0x0 c:/program files/raisonance/ride/arm-gcc/bin/../lib/gcc/arm-none-eabi/4.3.2/../../../../arm-none-eabi/lib/thumb2\libc.a(lib_a-signal.o)
 .glue_7t       0x08009804        0x0 c:/program files/raisonance/ride/arm-gcc/bin/../lib/gcc/arm-none-eabi/4.3.2/../../../../arm-none-eabi/lib/thumb2\libc.a(lib_a-signalr.o)
                0x08009804                . = ALIGN (0x4)
                0x08009804                _etext = .
                0x08009804                _sidata = _etext

.vfp11_veneer   0x20000000        0x0
 .vfp11_veneer  0x20000000        0x0 D:\WkPjt\MStory2.0\Mango-Z1.Firmware\Z1.Src005.KeyInterrupt_for_AN2557.IAP\project\RIDE\obj\main.o
 .vfp11_veneer  0x20000000        0x0 D:\WkPjt\MStory2.0\Mango-Z1.Firmware\Z1.Src005.KeyInterrupt_for_AN2557.IAP\project\RIDE\obj\hw_config.o
 .vfp11_veneer  0x20000000        0x0 D:\WkPjt\MStory2.0\Mango-Z1.Firmware\Z1.Src005.KeyInterrupt_for_AN2557.IAP\project\RIDE\obj\led.o
 .vfp11_veneer  0x20000000        0x0 D:\WkPjt\MStory2.0\Mango-Z1.Firmware\Z1.Src005.KeyInterrupt_for_AN2557.IAP\project\RIDE\obj\debug.o
 .vfp11_veneer  0x20000000        0x0 D:\WkPjt\MStory2.0\Mango-Z1.Firmware\Z1.Src005.KeyInterrupt_for_AN2557.IAP\project\RIDE\obj\key.o
 .vfp11_veneer  0x20000000        0x0 D:\WkPjt\MStory2.0\Mango-Z1.Firmware\Z1.Src005.KeyInterrupt_for_AN2557.IAP\project\RIDE\obj\stm32f10x_it.o
 .vfp11_veneer  0x20000000        0x0 D:\WkPjt\MStory2.0\Mango-Z1.Firmware\Z1.Src005.KeyInterrupt_for_AN2557.IAP\project\RIDE\obj\stm32f10x_usart.o
 .vfp11_veneer  0x20000000        0x0 D:\WkPjt\MStory2.0\Mango-Z1.Firmware\Z1.Src005.KeyInterrupt_for_AN2557.IAP\project\RIDE\obj\stm32f10x_gpio.o
 .vfp11_veneer  0x20000000        0x0 D:\WkPjt\MStory2.0\Mango-Z1.Firmware\Z1.Src005.KeyInterrupt_for_AN2557.IAP\project\RIDE\obj\stm32f10x_rcc.o
 .vfp11_veneer  0x20000000        0x0 D:\WkPjt\MStory2.0\Mango-Z1.Firmware\Z1.Src005.KeyInterrupt_for_AN2557.IAP\project\RIDE\obj\misc.o
 .vfp11_veneer  0x20000000        0x0 D:\WkPjt\MStory2.0\Mango-Z1.Firmware\Z1.Src005.KeyInterrupt_for_AN2557.IAP\project\RIDE\obj\stm32f10x_exti.o
 .vfp11_veneer  0x20000000        0x0 D:\WkPjt\MStory2.0\Mango-Z1.Firmware\Z1.Src005.KeyInterrupt_for_AN2557.IAP\project\RIDE\obj\startup_stm32f10x_md.o
 .vfp11_veneer  0x20000000        0x0 D:\WkPjt\MStory2.0\Mango-Z1.Firmware\Z1.Src005.KeyInterrupt_for_AN2557.IAP\project\RIDE\obj\system_stm32f10x.o
 .vfp11_veneer  0x20000000        0x0 C:\Program Files\Raisonance\Ride\Lib\ARM\STM32x_io_putchar_thumb.a(syscalls.o)
 .vfp11_veneer  0x20000000        0x0 c:/program files/raisonance/ride/arm-gcc/bin/../lib/gcc/arm-none-eabi/4.3.2/../../../../arm-none-eabi/lib/thumb2\libc.a(lib_a-abort.o)
 .vfp11_veneer  0x20000000        0x0 c:/program files/raisonance/ride/arm-gcc/bin/../lib/gcc/arm-none-eabi/4.3.2/../../../../arm-none-eabi/lib/thumb2\libc.a(lib_a-errno.o)
 .vfp11_veneer  0x20000000        0x0 c:/program files/raisonance/ride/arm-gcc/bin/../lib/gcc/arm-none-eabi/4.3.2/../../../../arm-none-eabi/lib/thumb2\libc.a(lib_a-signal.o)
 .vfp11_veneer  0x20000000        0x0 c:/program files/raisonance/ride/arm-gcc/bin/../lib/gcc/arm-none-eabi/4.3.2/../../../../arm-none-eabi/lib/thumb2\libc.a(lib_a-signalr.o)

.janus_2cc_veneer
                0x20000000        0x0
 .janus_2cc_veneer
                0x20000000        0x0 D:\WkPjt\MStory2.0\Mango-Z1.Firmware\Z1.Src005.KeyInterrupt_for_AN2557.IAP\project\RIDE\obj\main.o
 .janus_2cc_veneer
                0x20000000        0x0 D:\WkPjt\MStory2.0\Mango-Z1.Firmware\Z1.Src005.KeyInterrupt_for_AN2557.IAP\project\RIDE\obj\hw_config.o
 .janus_2cc_veneer
                0x20000000        0x0 D:\WkPjt\MStory2.0\Mango-Z1.Firmware\Z1.Src005.KeyInterrupt_for_AN2557.IAP\project\RIDE\obj\led.o
 .janus_2cc_veneer
                0x20000000        0x0 D:\WkPjt\MStory2.0\Mango-Z1.Firmware\Z1.Src005.KeyInterrupt_for_AN2557.IAP\project\RIDE\obj\debug.o
 .janus_2cc_veneer
                0x20000000        0x0 D:\WkPjt\MStory2.0\Mango-Z1.Firmware\Z1.Src005.KeyInterrupt_for_AN2557.IAP\project\RIDE\obj\key.o
 .janus_2cc_veneer
                0x20000000        0x0 D:\WkPjt\MStory2.0\Mango-Z1.Firmware\Z1.Src005.KeyInterrupt_for_AN2557.IAP\project\RIDE\obj\stm32f10x_it.o
 .janus_2cc_veneer
                0x20000000        0x0 D:\WkPjt\MStory2.0\Mango-Z1.Firmware\Z1.Src005.KeyInterrupt_for_AN2557.IAP\project\RIDE\obj\stm32f10x_usart.o
 .janus_2cc_veneer
                0x20000000        0x0 D:\WkPjt\MStory2.0\Mango-Z1.Firmware\Z1.Src005.KeyInterrupt_for_AN2557.IAP\project\RIDE\obj\stm32f10x_gpio.o
 .janus_2cc_veneer
                0x20000000        0x0 D:\WkPjt\MStory2.0\Mango-Z1.Firmware\Z1.Src005.KeyInterrupt_for_AN2557.IAP\project\RIDE\obj\stm32f10x_rcc.o
 .janus_2cc_veneer
                0x20000000        0x0 D:\WkPjt\MStory2.0\Mango-Z1.Firmware\Z1.Src005.KeyInterrupt_for_AN2557.IAP\project\RIDE\obj\misc.o
 .janus_2cc_veneer
                0x20000000        0x0 D:\WkPjt\MStory2.0\Mango-Z1.Firmware\Z1.Src005.KeyInterrupt_for_AN2557.IAP\project\RIDE\obj\stm32f10x_exti.o
 .janus_2cc_veneer
                0x20000000        0x0 D:\WkPjt\MStory2.0\Mango-Z1.Firmware\Z1.Src005.KeyInterrupt_for_AN2557.IAP\project\RIDE\obj\startup_stm32f10x_md.o
 .janus_2cc_veneer
                0x20000000        0x0 D:\WkPjt\MStory2.0\Mango-Z1.Firmware\Z1.Src005.KeyInterrupt_for_AN2557.IAP\project\RIDE\obj\system_stm32f10x.o
 .janus_2cc_veneer
                0x20000000        0x0 C:\Program Files\Raisonance\Ride\Lib\ARM\STM32x_io_putchar_thumb.a(syscalls.o)
 .janus_2cc_veneer
                0x20000000        0x0 c:/program files/raisonance/ride/arm-gcc/bin/../lib/gcc/arm-none-eabi/4.3.2/../../../../arm-none-eabi/lib/thumb2\libc.a(lib_a-abort.o)
 .janus_2cc_veneer
                0x20000000        0x0 c:/program files/raisonance/ride/arm-gcc/bin/../lib/gcc/arm-none-eabi/4.3.2/../../../../arm-none-eabi/lib/thumb2\libc.a(lib_a-errno.o)
 .janus_2cc_veneer
                0x20000000        0x0 c:/program files/raisonance/ride/arm-gcc/bin/../lib/gcc/arm-none-eabi/4.3.2/../../../../arm-none-eabi/lib/thumb2\libc.a(lib_a-signal.o)
 .janus_2cc_veneer
                0x20000000        0x0 c:/program files/raisonance/ride/arm-gcc/bin/../lib/gcc/arm-none-eabi/4.3.2/../../../../arm-none-eabi/lib/thumb2\libc.a(lib_a-signalr.o)

.v4_bx          0x20000000        0x0
 .v4_bx         0x20000000        0x0 D:\WkPjt\MStory2.0\Mango-Z1.Firmware\Z1.Src005.KeyInterrupt_for_AN2557.IAP\project\RIDE\obj\main.o
 .v4_bx         0x20000000        0x0 D:\WkPjt\MStory2.0\Mango-Z1.Firmware\Z1.Src005.KeyInterrupt_for_AN2557.IAP\project\RIDE\obj\hw_config.o
 .v4_bx         0x20000000        0x0 D:\WkPjt\MStory2.0\Mango-Z1.Firmware\Z1.Src005.KeyInterrupt_for_AN2557.IAP\project\RIDE\obj\led.o
 .v4_bx         0x20000000        0x0 D:\WkPjt\MStory2.0\Mango-Z1.Firmware\Z1.Src005.KeyInterrupt_for_AN2557.IAP\project\RIDE\obj\debug.o
 .v4_bx         0x20000000        0x0 D:\WkPjt\MStory2.0\Mango-Z1.Firmware\Z1.Src005.KeyInterrupt_for_AN2557.IAP\project\RIDE\obj\key.o
 .v4_bx         0x20000000        0x0 D:\WkPjt\MStory2.0\Mango-Z1.Firmware\Z1.Src005.KeyInterrupt_for_AN2557.IAP\project\RIDE\obj\stm32f10x_it.o
 .v4_bx         0x20000000        0x0 D:\WkPjt\MStory2.0\Mango-Z1.Firmware\Z1.Src005.KeyInterrupt_for_AN2557.IAP\project\RIDE\obj\stm32f10x_usart.o
 .v4_bx         0x20000000        0x0 D:\WkPjt\MStory2.0\Mango-Z1.Firmware\Z1.Src005.KeyInterrupt_for_AN2557.IAP\project\RIDE\obj\stm32f10x_gpio.o
 .v4_bx         0x20000000        0x0 D:\WkPjt\MStory2.0\Mango-Z1.Firmware\Z1.Src005.KeyInterrupt_for_AN2557.IAP\project\RIDE\obj\stm32f10x_rcc.o
 .v4_bx         0x20000000        0x0 D:\WkPjt\MStory2.0\Mango-Z1.Firmware\Z1.Src005.KeyInterrupt_for_AN2557.IAP\project\RIDE\obj\misc.o
 .v4_bx         0x20000000        0x0 D:\WkPjt\MStory2.0\Mango-Z1.Firmware\Z1.Src005.KeyInterrupt_for_AN2557.IAP\project\RIDE\obj\stm32f10x_exti.o
 .v4_bx         0x20000000        0x0 D:\WkPjt\MStory2.0\Mango-Z1.Firmware\Z1.Src005.KeyInterrupt_for_AN2557.IAP\project\RIDE\obj\startup_stm32f10x_md.o
 .v4_bx         0x20000000        0x0 D:\WkPjt\MStory2.0\Mango-Z1.Firmware\Z1.Src005.KeyInterrupt_for_AN2557.IAP\project\RIDE\obj\system_stm32f10x.o
 .v4_bx         0x20000000        0x0 C:\Program Files\Raisonance\Ride\Lib\ARM\STM32x_io_putchar_thumb.a(syscalls.o)
 .v4_bx         0x20000000        0x0 c:/program files/raisonance/ride/arm-gcc/bin/../lib/gcc/arm-none-eabi/4.3.2/../../../../arm-none-eabi/lib/thumb2\libc.a(lib_a-abort.o)
 .v4_bx         0x20000000        0x0 c:/program files/raisonance/ride/arm-gcc/bin/../lib/gcc/arm-none-eabi/4.3.2/../../../../arm-none-eabi/lib/thumb2\libc.a(lib_a-errno.o)
 .v4_bx         0x20000000        0x0 c:/program files/raisonance/ride/arm-gcc/bin/../lib/gcc/arm-none-eabi/4.3.2/../../../../arm-none-eabi/lib/thumb2\libc.a(lib_a-signal.o)
 .v4_bx         0x20000000        0x0 c:/program files/raisonance/ride/arm-gcc/bin/../lib/gcc/arm-none-eabi/4.3.2/../../../../arm-none-eabi/lib/thumb2\libc.a(lib_a-signalr.o)

.flashpatch     0x00000000        0x0
                0x00000000                . = ALIGN (0x4)
 *(.flashpatch)
                0x00000000                . = ALIGN (0x4)

.endflash       0x00000000        0x0
                0x00000000                . = ALIGN (0x4)
 *(.endflash)
                0x00000000                . = ALIGN (0x4)

.data           0x20000000      0x518 load address 0x08009804
                0x20000000                . = ALIGN (0x4)
                0x20000000                _sdata = .
 *(.data)
 .data          0x20000000       0x14 D:\WkPjt\MStory2.0\Mango-Z1.Firmware\Z1.Src005.KeyInterrupt_for_AN2557.IAP\project\RIDE\obj\stm32f10x_rcc.o
 .data          0x20000014       0xf4 c:/program files/raisonance/ride/arm-gcc/bin/../lib/gcc/arm-none-eabi/4.3.2/../../../../arm-none-eabi/lib/thumb2\libc.a(lib_a-impure.o)
                0x20000014                _impure_ptr
 .data          0x20000108      0x410 c:/program files/raisonance/ride/arm-gcc/bin/../lib/gcc/arm-none-eabi/4.3.2/../../../../arm-none-eabi/lib/thumb2\libc.a(lib_a-mallocr.o)
                0x20000510                __malloc_sbrk_base
                0x20000108                __malloc_av_
                0x20000514                __malloc_trim_threshold
 *(.data.*)
 *(.RAMtext)
                0x20000518                . = ALIGN (0x4)
                0x20000518                _edata = .

.bss            0x20000518       0x54 load address 0x08009d1c
                0x20000518                . = ALIGN (0x4)
                0x20000518                _sbss = .
 *(.bss)
 .bss           0x20000518        0x4 D:\WkPjt\MStory2.0\Mango-Z1.Firmware\Z1.Src005.KeyInterrupt_for_AN2557.IAP\project\RIDE\obj\hw_config.o
 .bss           0x2000051c       0x34 c:/program files/raisonance/ride/arm-gcc/bin/../lib/gcc/arm-none-eabi/4.3.2/../../../../arm-none-eabi/lib/thumb2\libc.a(lib_a-mallocr.o)
                0x2000051c                __malloc_top_pad
                0x20000548                __malloc_max_sbrked_mem
                0x20000520                __malloc_current_mallinfo
                0x2000054c                __malloc_max_total_mem
 .bss           0x20000550        0x4 C:\Program Files\Raisonance\Ride\Lib\ARM\STM32x_io_putchar_thumb.a(syscalls.o)
 *(COMMON)
 COMMON         0x20000554       0x14 D:\WkPjt\MStory2.0\Mango-Z1.Firmware\Z1.Src005.KeyInterrupt_for_AN2557.IAP\project\RIDE\obj\main.o
                0x20000554                rcc_clocks
 COMMON         0x20000568        0x4 c:/program files/raisonance/ride/arm-gcc/bin/../lib/gcc/arm-none-eabi/4.3.2/../../../../arm-none-eabi/lib/thumb2\libc.a(lib_a-reent.o)
                0x20000568                errno
                0x2000056c                . = ALIGN (0x4)
                0x2000056c                _ebss = .
                0x2000056c                PROVIDE (end, _ebss)
                0x2000056c                PROVIDE (_end, _ebss)

._usrstack      0x2000056c      0x100 load address 0x08009d70
                0x2000056c                . = ALIGN (0x4)
                0x2000056c                _susrstack = .
                0x2000066c                . = (. + _Minimum_Stack_Size)
 *fill*         0x2000056c      0x100 00
                0x2000066c                . = ALIGN (0x4)
                0x2000066c                _eusrstack = .

.b1text
 *(.b1text)
 *(.b1rodata)
 *(.b1rodata*)

.eb0text
 *(.eb0text)
 *(.eb0rodata)
 *(.eb0rodata*)

.eb1text
 *(.eb1text)
 *(.eb1rodata)
 *(.eb1rodata*)

.eb2text
 *(.eb2text)
 *(.eb2rodata)
 *(.eb2rodata*)

.eb3text
 *(.eb3text)
 *(.eb3rodata)
 *(.eb3rodata*)
                0x2000066c                __exidx_start = .
                0x2000066c                __exidx_end = .

/DISCARD/
 libc.a(*)
 libm.a(*)
 libgcc.a(*)

.stab
 *(.stab)

.stabstr
 *(.stabstr)

.stab.excl
 *(.stab.excl)

.stab.exclstr
 *(.stab.exclstr)

.stab.index
 *(.stab.index)

.stab.indexstr
 *(.stab.indexstr)

.comment        0x00000000      0x223
 *(.comment)
 .comment       0x00000000       0x2a D:\WkPjt\MStory2.0\Mango-Z1.Firmware\Z1.Src005.KeyInterrupt_for_AN2557.IAP\project\RIDE\obj\main.o
 .comment       0x0000002a       0x2a D:\WkPjt\MStory2.0\Mango-Z1.Firmware\Z1.Src005.KeyInterrupt_for_AN2557.IAP\project\RIDE\obj\hw_config.o
 .comment       0x00000054       0x2a D:\WkPjt\MStory2.0\Mango-Z1.Firmware\Z1.Src005.KeyInterrupt_for_AN2557.IAP\project\RIDE\obj\led.o
 .comment       0x0000007e       0x2a D:\WkPjt\MStory2.0\Mango-Z1.Firmware\Z1.Src005.KeyInterrupt_for_AN2557.IAP\project\RIDE\obj\debug.o
 .comment       0x000000a8       0x2a D:\WkPjt\MStory2.0\Mango-Z1.Firmware\Z1.Src005.KeyInterrupt_for_AN2557.IAP\project\RIDE\obj\key.o
 .comment       0x000000d2       0x2a D:\WkPjt\MStory2.0\Mango-Z1.Firmware\Z1.Src005.KeyInterrupt_for_AN2557.IAP\project\RIDE\obj\stm32f10x_it.o
 .comment       0x000000fc       0x2a D:\WkPjt\MStory2.0\Mango-Z1.Firmware\Z1.Src005.KeyInterrupt_for_AN2557.IAP\project\RIDE\obj\stm32f10x_usart.o
 .comment       0x00000126       0x2a D:\WkPjt\MStory2.0\Mango-Z1.Firmware\Z1.Src005.KeyInterrupt_for_AN2557.IAP\project\RIDE\obj\stm32f10x_gpio.o
 .comment       0x00000150       0x2a D:\WkPjt\MStory2.0\Mango-Z1.Firmware\Z1.Src005.KeyInterrupt_for_AN2557.IAP\project\RIDE\obj\stm32f10x_rcc.o
 .comment       0x0000017a       0x2a D:\WkPjt\MStory2.0\Mango-Z1.Firmware\Z1.Src005.KeyInterrupt_for_AN2557.IAP\project\RIDE\obj\misc.o
 .comment       0x000001a4       0x2a D:\WkPjt\MStory2.0\Mango-Z1.Firmware\Z1.Src005.KeyInterrupt_for_AN2557.IAP\project\RIDE\obj\stm32f10x_exti.o
 .comment       0x000001ce       0x2a D:\WkPjt\MStory2.0\Mango-Z1.Firmware\Z1.Src005.KeyInterrupt_for_AN2557.IAP\project\RIDE\obj\system_stm32f10x.o
 .comment       0x000001f8       0x2b C:\Program Files\Raisonance\Ride\Lib\ARM\STM32x_io_putchar_thumb.a(syscalls.o)

.debug
 *(.debug)

.line
 *(.line)

.debug_srcinfo
 *(.debug_srcinfo)

.debug_sfnames
 *(.debug_sfnames)

.debug_aranges  0x00000000      0x688
 *(.debug_aranges)
 .debug_aranges
                0x00000000       0x28 D:\WkPjt\MStory2.0\Mango-Z1.Firmware\Z1.Src005.KeyInterrupt_for_AN2557.IAP\project\RIDE\obj\main.o
 .debug_aranges
                0x00000028       0x70 D:\WkPjt\MStory2.0\Mango-Z1.Firmware\Z1.Src005.KeyInterrupt_for_AN2557.IAP\project\RIDE\obj\hw_config.o
 .debug_aranges
                0x00000098       0x68 D:\WkPjt\MStory2.0\Mango-Z1.Firmware\Z1.Src005.KeyInterrupt_for_AN2557.IAP\project\RIDE\obj\led.o
 .debug_aranges
                0x00000100       0x48 D:\WkPjt\MStory2.0\Mango-Z1.Firmware\Z1.Src005.KeyInterrupt_for_AN2557.IAP\project\RIDE\obj\debug.o
 .debug_aranges